{"Alerts":[{"Assets":null,"Assignee":{"ID":"nobody","Name":"Not assigned","Type":""},"CreatedAt":"2025-10-10T00:53:14.548Z","DetectionTechnologies":null,"ExternalRef":"","Extra":null,"FirstEventTime":"2025-10-10T00:53:11.344Z","HistoryRecords":null,"ID":18891,"IncidentID":"","IncidentLinkType":"","InternalID":"3fc17e16-2363-497f-8188-6fc0b345a944","IsCII":false,"LastEventTime":"2025-10-10T00:53:14.174Z","MITRETactics":null,"MITRETechniques":null,"Name":"R445_03_Inbound connection from external host via SMB, RPC port","Observables":[{"Details":"","Type":"ip","Value":"45.236.122.83"},{"Details":"","Type":"hostname","Value":"windu"}],"OriginalEvents":[{"N":{"KL_CorrelationRulePriority":1},"ID":"3fc17e16-2363-497f-8188-6fc0b345a944","Name":"R445_03_Inbound connection from external host via SMB, RPC port","Type":3,"EndTime":1760057594173,"Message":"The external host 45.236.122.83 remotely connected to the internal node 192.168.1.222 on port 445 which is used in SMB, RPC protocols: Microsoft-DS (Directory Services) SMB file sharing","Priority":1,"Severity":"notice","TenantID":"3d6c4203-7328-4fb2-98fa-f37d385ffbde","GroupedBy":["Message","DeviceAddress","DeviceHostName","SourceAddress","SourceHostName","SourceUserName","DestinationAddress","DestinationHostName","DestinationUserName","ApplicationProtocol","TransportProtocol","BytesIn","BytesOut","DeviceAction","DeviceAssetID","DeviceCity","DeviceCountry","DeviceDirection","DeviceDnsDomain","DeviceEventCategory","DeviceEventClassID","DeviceExternalID","DeviceFacility","DeviceHostName","DeviceInboundInterface","DeviceLatitude","DeviceLongitude","DeviceMacAddress","DeviceNtDomain","DeviceOutboundInterface","DevicePayloadID","DeviceProcessID","DeviceProcessName","DeviceReceiptTime","DeviceRegion","DeviceTimeZone","DeviceTranslatedAddress","DeviceVersion","EventOutcome","Reason","Severity","SourceAccountID","SourceAssetID","SourceCity","SourceCountry","SourceDnsDomain","SourceLatitude","SourceLongitude","SourceMacAddress","SourceNtDomain","SourcePort","SourceProcessID","SourceProcessName","SourceRegion","SourceServiceName","SourceTranslatedAddress","SourceTranslatedPort","SourceUserID","SourceUserPrivileges","DestinationAccountID","DestinationAssetID","DestinationCity","DestinationCountry","DestinationDnsDomain","DestinationLatitude","DestinationLongitude","DestinationMacAddress","DestinationNtDomain","DestinationPort","DestinationProcessID","DestinationProcessName","DestinationRegion","DestinationServiceName","DestinationTranslatedAddress","DestinationTranslatedPort","DestinationUserID","DestinationUserPrivileges","RequestClientApplication","RequestContext","RequestCookies","RequestMethod","RequestUrl","FileCreateTime","FileHash","FileID","FileModificationTime","FileName","FilePath","FilePermission","FileSize","FileType","OldFileCreateTime","OldFileHash","OldFileID","OldFileModificationTime","OldFileName","OldFilePath","OldFilePermission","OldFileSize","OldFileType","DeviceCustomDate1","DeviceCustomDate2","DeviceCustomFloatingPoint1","DeviceCustomFloatingPoint2","DeviceCustomFloatingPoint2Label","DeviceCustomFloatingPoint3","DeviceCustomFloatingPoint3Label","DeviceCustomFloatingPoint4","DeviceCustomFloatingPoint4Label","DeviceCustomIPv6Address1","DeviceCustomIPv6Address1Label","DeviceCustomIPv6Address3","DeviceCustomIPv6Address3Label","DeviceCustomIPv6Address4","DeviceCustomIPv6Address4Label","DeviceCustomNumber2","DeviceCustomNumber2Label","DeviceCustomNumber3","DeviceCustomString1","DeviceCustomNumber3Label","DeviceCustomString1Label","DeviceCustomString2","DeviceCustomString2Label","DeviceCustomString3","DeviceCustomString3Label","DeviceCustomString4","DeviceCustomString4Label","DeviceCustomString5","DeviceCustomString5Label","DeviceCustomString6","DeviceCustomString6Label","FlexDate1","FlexDate1Label","FlexNumber1","FlexNumber1Label","FlexNumber2","FlexNumber2Label","FlexString1","FlexString1Label","FlexString2","timestamp_just_added","timestamp_profiling_finished"],"ServiceID":"7a75f41d-313b-4f68-a99d-6427546cc799","StartTime":1760057594173,"Timestamp":1760057594174,"BaseEvents":[{"N":{"KL_CorrelationRulePriority":1},"ID":"24c30193-0e4d-4fef-a46f-132d363afa25","Name":"Connection. Inbound connection from external host using SMB, RPC ports","Type":3,"EndTime":1760057591344,"Message":"Connection Failed","Priority":1,"Severity":"notice","TenantID":"3d6c4203-7328-4fb2-98fa-f37d385ffbde","GroupedBy":["Message","DeviceAddress","DeviceHostName","SourceAddress","SourceHostName","SourceUserName","DestinationAddress","DestinationHostName","DestinationUserName","ApplicationProtocol","TransportProtocol","BytesIn","BytesOut","DeviceAction","DeviceAssetID","DeviceCity","DeviceCountry","DeviceDirection","DeviceDnsDomain","DeviceEventCategory","DeviceEventClassID","DeviceExternalID","DeviceFacility","DeviceHostName","DeviceInboundInterface","DeviceLatitude","DeviceLongitude","DeviceMacAddress","DeviceNtDomain","DeviceOutboundInterface","DevicePayloadID","DeviceProcessID","DeviceProcessName","DeviceReceiptTime","DeviceRegion","DeviceTimeZone","DeviceTranslatedAddress","DeviceVersion","EventOutcome","Reason","Severity","SourceAccountID","SourceAssetID","SourceCity","SourceCountry","SourceDnsDomain","SourceLatitude","SourceLongitude","SourceMacAddress","SourceNtDomain","SourcePort","SourceProcessID","SourceProcessName","SourceRegion","SourceServiceName","SourceTranslatedAddress","SourceTranslatedPort","SourceUserID","SourceUserPrivileges","DestinationAccountID","DestinationAssetID","DestinationCity","DestinationCountry","DestinationDnsDomain","DestinationLatitude","DestinationLongitude","DestinationMacAddress","DestinationNtDomain","DestinationPort","DestinationProcessID","DestinationProcessName","DestinationRegion","DestinationServiceName","DestinationTranslatedAddress","DestinationTranslatedPort","DestinationUserID","DestinationUserPrivileges","RequestClientApplication","RequestContext","RequestCookies","RequestMethod","RequestUrl","FileCreateTime","FileHash","FileID","FileModificationTime","FileName","FilePath","FilePermission","FileSize","FileType","OldFileCreateTime","OldFileHash","OldFileID","OldFileModificationTime","OldFileName","OldFilePath","OldFilePermission","OldFileSize","OldFileType","DeviceCustomDate1","DeviceCustomDate2","DeviceCustomFloatingPoint1","DeviceCustomFloatingPoint2","DeviceCustomFloatingPoint2Label","DeviceCustomFloatingPoint3","DeviceCustomFloatingPoint3Label","DeviceCustomFloatingPoint4","DeviceCustomFloatingPoint4Label","DeviceCustomIPv6Address1","DeviceCustomIPv6Address1Label","DeviceCustomIPv6Address3","DeviceCustomIPv6Address3Label","DeviceCustomIPv6Address4","DeviceCustomIPv6Address4Label","DeviceCustomNumber2","DeviceCustomNumber2Label","DeviceCustomNumber3","DeviceCustomString1","DeviceCustomNumber3Label","DeviceCustomString1Label","DeviceCustomString2","DeviceCustomString2Label","DeviceCustomString3","DeviceCustomString3Label","DeviceCustomString4","DeviceCustomString4Label","DeviceCustomString5","DeviceCustomString5Label","DeviceCustomString6","DeviceCustomString6Label","FlexDate1","FlexDate1Label","FlexNumber1","FlexNumber1Label","FlexNumber2","FlexNumber2Label","FlexString1","FlexString1Label","FlexString2"],"ServiceID":"7a75f41d-313b-4f68-a99d-6427546cc799","StartTime":1760057591344,"Timestamp":1760057594173,"BaseEvents":[{"ID":"82e89652-c418-4312-a170-b291e6550370","Name":"traffic","Type":1,"EndTime":1759359191000,"Message":"Connection Failed","Priority":0,"Severity":"notice","TenantID":"3d6c4203-7328-4fb2-98fa-f37d385ffbde","ServiceID":"71d3be03-d996-4ec6-a03d-223288e5abc8","Timestamp":1760057591344,"ExternalID":"71746995","SourcePort":58728,"ServiceName":"Fortigate","DeviceAction":"deny","DeviceVendor":"Fortninet","DeviceAddress":"192.168.51.14","DeviceProduct":"Fortigate","SourceAddress":"45.236.122.83","DeviceHostName":"windu","DeviceTimeZone":"+02:00","DestinationPort":445,"DeviceExternalID":"FGT60FTK22032234","DeviceReceiptTime":1760057591344,"TransportProtocol":"6","DestinationAddress":"192.168.1.222","DeviceEventClassID":"local","ApplicationProtocol":"SMB","DeviceCustomString1":"local-in-policy","DeviceEventCategory":"traffic","DeviceInboundInterface":"wan2","DeviceOutboundInterface":"root","DeviceCustomNumber1Label":"duration","DeviceCustomNumber2Label":"policyid","DeviceCustomString1Label":"policytype"}],"SourcePort":58728,"ServiceName":"[OOTB] Correlator","DeviceAction":"deny","DeviceVendor":"Kaspersky","DeviceAddress":"192.168.51.14","DeviceProduct":"KUMA","SourceAddress":"45.236.122.83","BaseEventCount":1,"DeviceHostName":"windu","DeviceTimeZone":"+02:00","DestinationPort":445,"DeviceExternalID":"FGT60FTK22032234","CorrelationRuleID":"e2a20430-e50f-4f70-8970-8c799793a934","DeviceReceiptTime":1760057591344,"TransportProtocol":"6","DestinationAddress":"192.168.1.222","DeviceEventClassID":"local","ApplicationProtocol":"SMB","CorrelationRuleName":"Connection. Inbound connection from external host using SMB, RPC ports","DeviceCustomString1":"local-in-policy","DeviceEventCategory":"traffic","DeviceInboundInterface":"wan2","DeviceOutboundInterface":"root","DeviceCustomNumber2Label":"policyid","DeviceCustomString1Label":"policytype"}],"ExternalID":"R445_03","SourcePort":58728,"ServiceName":"[OOTB] Correlator","DeviceAction":"deny","DeviceVendor":"Kaspersky","DeviceAddress":"192.168.51.14","DeviceProduct":"KUMA","SourceAddress":"45.236.122.83","BaseEventCount":1,"DeviceHostName":"windu","DeviceTimeZone":"+02:00","DestinationPort":445,"DeviceExternalID":"FGT60FTK22032234","CorrelationRuleID":"49182bb8-1dd3-44cd-b561-101a5bd0e58d","DeviceReceiptTime":1760057591344,"TransportProtocol":"6","DestinationAddress":"192.168.1.222","DeviceEventClassID":"local","ApplicationProtocol":"SMB","CorrelationRuleName":"R445_03_Inbound connection from external host via SMB, RPC port","DeviceCustomString1":"local-in-policy","DeviceEventCategory":"traffic","DestinationServiceName":"Microsoft-DS (Directory Services) SMB file sharing","DeviceInboundInterface":"wan2","DeviceOutboundInterface":"root","DeviceCustomNumber2Label":"policyid","DeviceCustomString1Label":"policytype"}],"Rules":[{"Confidence":"medium","Custom":false,"ID":"49182bb8-1dd3-44cd-b561-101a5bd0e58d","Name":"R445_03_Inbound connection from external host via SMB, RPC port","Severity":"medium","Type":""}],"Severity":"low","SourceCreatedAt":"2025-10-10T00:53:14.174Z","SourceID":"3fc17e16-2363-497f-8188-6fc0b345a944","Status":"new","StatusChangedAt":"2025-10-10T00:53:14.548Z","StatusResolution":"","TenantID":"3d6c4203-7328-4fb2-98fa-f37d385ffbde","UpdatedAt":"2025-10-10T00:53:14.548Z"},{"Assets":null,"Assignee":{"ID":"nobody","Name":"Not assigned","Type":""},"CreatedAt":"2025-10-10T00:56:19.57Z","DetectionTechnologies":null,"ExternalRef":"","Extra":null,"FirstEventTime":"2025-10-10T00:56:16.855Z","HistoryRecords":null,"ID":18897,"IncidentID":"","IncidentLinkType":"","InternalID":"3e628731-ab60-4808-b340-b3828458f1b3","IsCII":false,"LastEventTime":"2025-10-10T00:56:19.198Z","MITRETactics":null,"MITRETechniques":null,"Name":"R445_04_Inbound connection from external host via WinRM port","Observables":[{"Details":"","Type":"ip","Value":"88.218.193.138"},{"Details":"","Type":"hostname","Value":"windu"}],"OriginalEvents":[{"N":{"KL_CorrelationRulePriority":1},"ID":"3e628731-ab60-4808-b340-b3828458f1b3","Name":"R445_04_Inbound connection from external host via WinRM port","Type":3,"EndTime":1760057779198,"Message":"The external host 88.218.193.138 remotely connected to the internal node 192.168.1.222 on port 5985 using the WinRM remote administration tool: Windows Remote Management Service (WinRM-HTTP)","Priority":1,"Severity":"notice","TenantID":"3d6c4203-7328-4fb2-98fa-f37d385ffbde","GroupedBy":["Message","DeviceAddress","DeviceHostName","SourceAddress","SourceHostName","SourceUserName","DestinationAddress","DestinationHostName","DestinationUserName","ApplicationProtocol","TransportProtocol","BytesIn","BytesOut","DeviceAction","DeviceAssetID","DeviceCity","DeviceCountry","DeviceDirection","DeviceDnsDomain","DeviceEventCategory","DeviceEventClassID","DeviceExternalID","DeviceFacility","DeviceHostName","DeviceInboundInterface","DeviceLatitude","DeviceLongitude","DeviceMacAddress","DeviceNtDomain","DeviceOutboundInterface","DevicePayloadID","DeviceProcessID","DeviceProcessName","DeviceReceiptTime","DeviceRegion","DeviceTimeZone","DeviceTranslatedAddress","DeviceVersion","EventOutcome","Reason","Severity","SourceAccountID","SourceAssetID","SourceCity","SourceCountry","SourceDnsDomain","SourceLatitude","SourceLongitude","SourceMacAddress","SourceNtDomain","SourcePort","SourceProcessID","SourceProcessName","SourceRegion","SourceServiceName","SourceTranslatedAddress","SourceTranslatedPort","SourceUserID","SourceUserPrivileges","DestinationAccountID","DestinationAssetID","DestinationCity","DestinationCountry","DestinationDnsDomain","DestinationLatitude","DestinationLongitude","DestinationMacAddress","DestinationNtDomain","DestinationPort","DestinationProcessID","DestinationProcessName","DestinationRegion","DestinationServiceName","DestinationTranslatedAddress","DestinationTranslatedPort","DestinationUserID","DestinationUserPrivileges","RequestClientApplication","RequestContext","RequestCookies","RequestMethod","RequestUrl","FileCreateTime","FileHash","FileID","FileModificationTime","FileName","FilePath","FilePermission","FileSize","FileType","OldFileCreateTime","OldFileHash","OldFileID","OldFileModificationTime","OldFileName","OldFilePath","OldFilePermission","OldFileSize","OldFileType","DeviceCustomDate1","DeviceCustomDate2","DeviceCustomFloatingPoint1","DeviceCustomFloatingPoint2","DeviceCustomFloatingPoint2Label","DeviceCustomFloatingPoint3","DeviceCustomFloatingPoint3Label","DeviceCustomFloatingPoint4","DeviceCustomFloatingPoint4Label","DeviceCustomIPv6Address1","DeviceCustomIPv6Address1Label","DeviceCustomIPv6Address3","DeviceCustomIPv6Address3Label","DeviceCustomIPv6Address4","DeviceCustomIPv6Address4Label","DeviceCustomNumber2","DeviceCustomNumber2Label","DeviceCustomNumber3","DeviceCustomString1","DeviceCustomNumber3Label","DeviceCustomString1Label","DeviceCustomString2","DeviceCustomString2Label","DeviceCustomString3","DeviceCustomString3Label","DeviceCustomString4","DeviceCustomString4Label","DeviceCustomString5","DeviceCustomString5Label","DeviceCustomString6","DeviceCustomString6Label","FlexDate1","FlexDate1Label","FlexNumber1","FlexNumber1Label","FlexNumber2","FlexNumber2Label","FlexString1","FlexString1Label","FlexString2","timestamp_just_added","timestamp_profiling_finished"],"ServiceID":"7a75f41d-313b-4f68-a99d-6427546cc799","StartTime":1760057779198,"Timestamp":1760057779199,"BaseEvents":[{"N":{"KL_CorrelationRulePriority":1},"ID":"0f44d0d7-4fcb-40ff-a7c5-ce2640402d1b","Name":"Connection. Inbound connection from external host using WinRM ports","Type":3,"EndTime":1760057776856,"Message":"Connection Failed","Priority":1,"Severity":"notice","TenantID":"3d6c4203-7328-4fb2-98fa-f37d385ffbde","GroupedBy":["Message","DeviceAddress","DeviceHostName","SourceAddress","SourceHostName","SourceUserName","DestinationAddress","DestinationHostName","DestinationUserName","ApplicationProtocol","TransportProtocol","BytesIn","BytesOut","DeviceAction","DeviceAssetID","DeviceCity","DeviceCountry","DeviceDirection","DeviceDnsDomain","DeviceEventCategory","DeviceEventClassID","DeviceExternalID","DeviceFacility","DeviceHostName","DeviceInboundInterface","DeviceLatitude","DeviceLongitude","DeviceMacAddress","DeviceNtDomain","DeviceOutboundInterface","DevicePayloadID","DeviceProcessID","DeviceProcessName","DeviceReceiptTime","DeviceRegion","DeviceTimeZone","DeviceTranslatedAddress","DeviceVersion","EventOutcome","Reason","Severity","SourceAccountID","SourceAssetID","SourceCity","SourceCountry","SourceDnsDomain","SourceLatitude","SourceLongitude","SourceMacAddress","SourceNtDomain","SourcePort","SourceProcessID","SourceProcessName","SourceRegion","SourceServiceName","SourceTranslatedAddress","SourceTranslatedPort","SourceUserID","SourceUserPrivileges","DestinationAccountID","DestinationAssetID","DestinationCity","DestinationCountry","DestinationDnsDomain","DestinationLatitude","DestinationLongitude","DestinationMacAddress","DestinationNtDomain","DestinationPort","DestinationProcessID","DestinationProcessName","DestinationRegion","DestinationServiceName","DestinationTranslatedAddress","DestinationTranslatedPort","DestinationUserID","DestinationUserPrivileges","RequestClientApplication","RequestContext","RequestCookies","RequestMethod","RequestUrl","FileCreateTime","FileHash","FileID","FileModificationTime","FileName","FilePath","FilePermission","FileSize","FileType","OldFileCreateTime","OldFileHash","OldFileID","OldFileModificationTime","OldFileName","OldFilePath","OldFilePermission","OldFileSize","OldFileType","DeviceCustomDate1","DeviceCustomDate2","DeviceCustomFloatingPoint1","DeviceCustomFloatingPoint2","DeviceCustomFloatingPoint2Label","DeviceCustomFloatingPoint3","DeviceCustomFloatingPoint3Label","DeviceCustomFloatingPoint4","DeviceCustomFloatingPoint4Label","DeviceCustomIPv6Address1","DeviceCustomIPv6Address1Label","DeviceCustomIPv6Address3","DeviceCustomIPv6Address3Label","DeviceCustomIPv6Address4","DeviceCustomIPv6Address4Label","DeviceCustomNumber2","DeviceCustomNumber2Label","DeviceCustomNumber3","DeviceCustomString1","DeviceCustomNumber3Label","DeviceCustomString1Label","DeviceCustomString2","DeviceCustomString2Label","DeviceCustomString3","DeviceCustomString3Label","DeviceCustomString4","DeviceCustomString4Label","DeviceCustomString5","DeviceCustomString5Label","DeviceCustomString6","DeviceCustomString6Label","FlexDate1","FlexDate1Label","FlexNumber1","FlexNumber1Label","FlexNumber2","FlexNumber2Label","FlexString1","FlexString1Label","FlexString2"],"ServiceID":"7a75f41d-313b-4f68-a99d-6427546cc799","StartTime":1760057776856,"Timestamp":1760057779198,"BaseEvents":[{"ID":"6b220432-d7b4-4397-8072-bf8195bfa43b","Name":"traffic","Type":1,"EndTime":1759359376000,"Message":"Connection Failed","Priority":0,"Severity":"notice","TenantID":"3d6c4203-7328-4fb2-98fa-f37d385ffbde","ServiceID":"71d3be03-d996-4ec6-a03d-223288e5abc8","Timestamp":1760057776856,"ExternalID":"71750802","SourcePort":35842,"ServiceName":"Fortigate","DeviceAction":"deny","DeviceVendor":"Fortninet","DeviceAddress":"192.168.51.14","DeviceProduct":"Fortigate","SourceAddress":"88.218.193.138","DeviceHostName":"windu","DeviceTimeZone":"+02:00","DestinationPort":5985,"DeviceExternalID":"FGT60FTK22032234","DeviceReceiptTime":1760057776856,"TransportProtocol":"6","DestinationAddress":"192.168.1.222","DeviceEventClassID":"local","ApplicationProtocol":"tcp/5985","DeviceCustomString1":"local-in-policy","DeviceEventCategory":"traffic","DeviceInboundInterface":"wan2","DeviceOutboundInterface":"root","DeviceCustomNumber1Label":"duration","DeviceCustomNumber2Label":"policyid","DeviceCustomString1Label":"policytype"}],"SourcePort":35842,"ServiceName":"[OOTB] Correlator","DeviceAction":"deny","DeviceVendor":"Kaspersky","DeviceAddress":"192.168.51.14","DeviceProduct":"KUMA","SourceAddress":"88.218.193.138","BaseEventCount":1,"DeviceHostName":"windu","DeviceTimeZone":"+02:00","DestinationPort":5985,"DeviceExternalID":"FGT60FTK22032234","CorrelationRuleID":"974f0504-81d9-43fc-b3b1-53368954f37d","DeviceReceiptTime":1760057776856,"TransportProtocol":"6","DestinationAddress":"192.168.1.222","DeviceEventClassID":"local","ApplicationProtocol":"tcp/5985","CorrelationRuleName":"Connection. Inbound connection from external host using WinRM ports","DeviceCustomString1":"local-in-policy","DeviceEventCategory":"traffic","DeviceInboundInterface":"wan2","DeviceOutboundInterface":"root","DeviceCustomNumber2Label":"policyid","DeviceCustomString1Label":"policytype"}],"ExternalID":"R445_04","SourcePort":35842,"ServiceName":"[OOTB] Correlator","DeviceAction":"deny","DeviceVendor":"Kaspersky","DeviceAddress":"192.168.51.14","DeviceProduct":"KUMA","SourceAddress":"88.218.193.138","BaseEventCount":1,"DeviceHostName":"windu","DeviceTimeZone":"+02:00","DestinationPort":5985,"DeviceExternalID":"FGT60FTK22032234","CorrelationRuleID":"06253d5d-3d7e-432c-8c5f-5b31888ec8a1","DeviceReceiptTime":1760057776856,"TransportProtocol":"6","DestinationAddress":"192.168.1.222","DeviceEventClassID":"local","ApplicationProtocol":"tcp/5985","CorrelationRuleName":"R445_04_Inbound connection from external host via WinRM port","DeviceCustomString1":"local-in-policy","DeviceEventCategory":"traffic","DestinationServiceName":"Windows Remote Management Service (WinRM-HTTP)","DeviceInboundInterface":"wan2","DeviceOutboundInterface":"root","DeviceCustomNumber2Label":"policyid","DeviceCustomString1Label":"policytype"}],"Rules":[{"Confidence":"medium","Custom":false,"ID":"06253d5d-3d7e-432c-8c5f-5b31888ec8a1","Name":"R445_04_Inbound connection from external host via WinRM port","Severity":"medium","Type":""}],"Severity":"low","SourceCreatedAt":"2025-10-10T00:56:19.198Z","SourceID":"3e628731-ab60-4808-b340-b3828458f1b3","Status":"new","StatusChangedAt":"2025-10-10T00:56:19.57Z","StatusResolution":"","TenantID":"3d6c4203-7328-4fb2-98fa-f37d385ffbde","UpdatedAt":"2025-10-10T00:56:19.57Z"},{"Assets":null,"Assignee":{"ID":"nobody","Name":"Not assigned","Type":""},"CreatedAt":"2025-10-10T00:56:29.561Z","DetectionTechnologies":null,"ExternalRef":"","Extra":null,"FirstEventTime":"2025-10-04T06:51:55.736Z","HistoryRecords":null,"ID":18898,"IncidentID":"","IncidentLinkType":"","InternalID":"c88c9c46-beff-4d1c-8f1e-6999a18c10ec","IsCII":false,"LastEventTime":"2025-10-10T00:56:54.21Z","MITRETactics":null,"MITRETechniques":null,"Name":"R204_Use of an external DNS server","Observables":[{"Details":"","Type":"ip","Value":"199.249.120.1"},{"Details":"","Type":"hostname","Value":"windu"},{"Details":"","Type":"ip","Value":"204.14.183.4"},{"Details":"","Type":"ip","Value":"204.14.183.2"}],"OriginalEvents":[{"N":{"KL_CorrelationRulePriority":2},"ID":"c88c9c46-beff-4d1c-8f1e-6999a18c10ec","Name":"R204_Use of an external DNS server","Type":3,"EndTime":1760057789194,"Priority":2,"TenantID":"3d6c4203-7328-4fb2-98fa-f37d385ffbde","GroupedBy":["DestinationAddress","DestinationAssetID","DestinationHostName","DestinationPort","SourceAddress","SourceAssetID","SourceHostName","SourceNtDomain","TransportProtocol"],"ServiceID":"7a75f41d-313b-4f68-a99d-6427546cc799","StartTime":1759560715737,"Timestamp":1760057789194,"BaseEvents":[{"ID":"9fab1497-f70e-461d-9671-b278f218a15a","Name":"traffic","Type":1,"BytesIn":838,"EndTime":1759531915000,"BytesOut":89,"Priority":0,"Severity":"notice","TenantID":"3d6c4203-7328-4fb2-98fa-f37d385ffbde","ServiceID":"71d3be03-d996-4ec6-a03d-223288e5abc8","Timestamp":1759560715737,"ExternalID":"62757212","SourcePort":56956,"ServiceName":"Fortigate","DeviceAction":"accept","DeviceVendor":"Fortninet","DeviceAddress":"192.168.51.14","DeviceProduct":"Fortigate","SourceAddress":"172.16.210.1","DeviceHostName":"windu","DeviceTimeZone":"+02:00","DestinationPort":53,"DeviceExternalID":"FGT60FTK22032234","DeviceReceiptTime":1759560715737,"TransportProtocol":"17","DestinationAddress":"199.249.120.1","DeviceEventClassID":"forward","ApplicationProtocol":"DNS","DeviceCustomNumber1":180,"DeviceCustomNumber2":13,"DeviceCustomString1":"policy","DeviceEventCategory":"traffic","DeviceInboundInterface":"KSB","DeviceOutboundInterface":"Susp0Root1_0","DeviceCustomNumber1Label":"duration","DeviceCustomNumber2Label":"policyid","DeviceCustomString1Label":"policytype"}],"ExternalID":"R204","ServiceName":"[OOTB] Correlator","DeviceVendor":"Kaspersky","DeviceProduct":"KUMA","SourceAddress":"172.16.210.1","BaseEventCount":1,"DeviceTimeZone":"+02:00","DestinationPort":53,"CorrelationRuleID":"501d865f-6430-4175-9490-62f2e3d203e2","TransportProtocol":"17","DestinationAddress":"199.249.120.1","CorrelationRuleName":"R204_Use of an external DNS server"},{"N":{"KL_CorrelationRulePriority":2},"ID":"8962d08b-83d4-4f54-96bf-69f5bad302db","Name":"R204_Use of an external DNS server","Type":3,"EndTime":1760057789200,"Priority":2,"TenantID":"3d6c4203-7328-4fb2-98fa-f37d385ffbde","GroupedBy":["DestinationAddress","DestinationAssetID","DestinationHostName","DestinationPort","SourceAddress","SourceAssetID","SourceHostName","SourceNtDomain","TransportProtocol"],"ServiceID":"7a75f41d-313b-4f68-a99d-6427546cc799","StartTime":1759560716257,"Timestamp":1760057789200,"BaseEvents":[{"ID":"930ec32b-fc90-4b26-8ee0-cb1f59b8cd65","Name":"traffic","Type":1,"BytesIn":93,"EndTime":1759531916000,"BytesOut":89,"Priority":0,"Severity":"notice","TenantID":"3d6c4203-7328-4fb2-98fa-f37d385ffbde","ServiceID":"71d3be03-d996-4ec6-a03d-223288e5abc8","Timestamp":1759560716257,"ExternalID":"62757217","SourcePort":44688,"ServiceName":"Fortigate","DeviceAction":"accept","DeviceVendor":"Fortninet","DeviceAddress":"192.168.51.14","DeviceProduct":"Fortigate","SourceAddress":"172.16.210.1","DeviceHostName":"windu","DeviceTimeZone":"+02:00","DestinationPort":53,"DeviceExternalID":"FGT60FTK22032234","DeviceReceiptTime":1759560716257,"TransportProtocol":"17","DestinationAddress":"204.14.183.4","DeviceEventClassID":"forward","ApplicationProtocol":"DNS","DeviceCustomNumber1":180,"DeviceCustomNumber2":35,"DeviceCustomString1":"policy","DeviceEventCategory":"traffic","SourceTranslatedPort":44688,"DeviceInboundInterface":"Susp0Root1_1","DeviceOutboundInterface":"wan2","SourceTranslatedAddress":"192.168.1.222","DeviceCustomNumber1Label":"duration","DeviceCustomNumber2Label":"policyid","DeviceCustomString1Label":"policytype"}],"ExternalID":"R204","ServiceName":"[OOTB] Correlator","DeviceVendor":"Kaspersky","DeviceProduct":"KUMA","SourceAddress":"172.16.210.1","BaseEventCount":1,"DeviceTimeZone":"+02:00","DestinationPort":53,"CorrelationRuleID":"501d865f-6430-4175-9490-62f2e3d203e2","TransportProtocol":"17","DestinationAddress":"204.14.183.4","CorrelationRuleName":"R204_Use of an external DNS server"},{"N":{"KL_CorrelationRulePriority":2},"ID":"0f2c2c09-b347-4875-8566-75fde2ff4ab3","Name":"R204_Use of an external DNS server","Type":3,"EndTime":1760057814210,"Priority":2,"TenantID":"3d6c4203-7328-4fb2-98fa-f37d385ffbde","GroupedBy":["DestinationAddress","DestinationAssetID","DestinationHostName","DestinationPort","SourceAddress","SourceAssetID","SourceHostName","SourceNtDomain","TransportProtocol"],"ServiceID":"7a75f41d-313b-4f68-a99d-6427546cc799","StartTime":1759560742717,"Timestamp":1760057814210,"BaseEvents":[{"ID":"13cee876-4eea-4034-82b1-87a8f4c0ded4","Name":"traffic","Type":1,"BytesIn":93,"EndTime":1759531942000,"BytesOut":89,"Priority":0,"Severity":"notice","TenantID":"3d6c4203-7328-4fb2-98fa-f37d385ffbde","ServiceID":"71d3be03-d996-4ec6-a03d-223288e5abc8","Timestamp":1759560742717,"ExternalID":"62757581","SourcePort":48718,"ServiceName":"Fortigate","DeviceAction":"accept","DeviceVendor":"Fortninet","DeviceAddress":"192.168.51.14","DeviceProduct":"Fortigate","SourceAddress":"172.16.210.1","DeviceHostName":"windu","DeviceTimeZone":"+02:00","DestinationPort":53,"DeviceExternalID":"FGT60FTK22032234","DeviceReceiptTime":1759560742717,"TransportProtocol":"17","DestinationAddress":"204.14.183.2","DeviceEventClassID":"forward","ApplicationProtocol":"DNS","DeviceCustomNumber1":180,"DeviceCustomNumber2":13,"DeviceCustomString1":"policy","DeviceEventCategory":"traffic","DeviceInboundInterface":"KSB","DeviceOutboundInterface":"Susp0Root1_0","DeviceCustomNumber1Label":"duration","DeviceCustomNumber2Label":"policyid","DeviceCustomString1Label":"policytype"}],"ExternalID":"R204","ServiceName":"[OOTB] Correlator","DeviceVendor":"Kaspersky","DeviceProduct":"KUMA","SourceAddress":"172.16.210.1","BaseEventCount":1,"DeviceTimeZone":"+02:00","DestinationPort":53,"CorrelationRuleID":"501d865f-6430-4175-9490-62f2e3d203e2","TransportProtocol":"17","DestinationAddress":"204.14.183.2","CorrelationRuleName":"R204_Use of an external DNS server"}],"Rules":[{"Confidence":"medium","Custom":false,"ID":"501d865f-6430-4175-9490-62f2e3d203e2","Name":"R204_Use of an external DNS server","Severity":"high","Type":""}],"Severity":"medium","SourceCreatedAt":"2025-10-10T00:56:29.194Z","SourceID":"0f2c2c09-b347-4875-8566-75fde2ff4ab3;8962d08b-83d4-4f54-96bf-69f5bad302db;c88c9c46-beff-4d1c-8f1e-6999a18c10ec","Status":"new","StatusChangedAt":"2025-10-10T00:56:29.561Z","StatusResolution":"","TenantID":"3d6c4203-7328-4fb2-98fa-f37d385ffbde","UpdatedAt":"2025-10-10T00:56:29.561Z"},{"Assets":null,"Assignee":{"ID":"nobody","Name":"Not assigned","Type":""},"CreatedAt":"2025-10-10T00:57:59.578Z","DetectionTechnologies":null,"ExternalRef":"","Extra":null,"FirstEventTime":"2025-10-04T06:53:28.907Z","HistoryRecords":null,"ID":18899,"IncidentID":"","IncidentLinkType":"","InternalID":"c57f0e34-a105-4966-b448-a4b1ee23952a","IsCII":false,"LastEventTime":"2025-10-10T00:58:24.242Z","MITRETactics":null,"MITRETechniques":null,"Name":"R445_03_Inbound connection from external host via SMB, RPC port","Observables":[{"Details":"","Type":"ip","Value":"103.166.27.146"},{"Details":"","Type":"hostname","Value":"windu"},{"Details":"","Type":"ip","Value":"79.124.62.230"}],"OriginalEvents":[{"N":{"KL_CorrelationRulePriority":1},"ID":"c57f0e34-a105-4966-b448-a4b1ee23952a","Name":"R445_03_Inbound connection from external host via SMB, RPC port","Type":3,"EndTime":1760057879237,"Message":"The external host 103.166.27.146 remotely connected to the internal node 192.168.1.222 on port 445 which is used in SMB, RPC protocols: Microsoft-DS (Directory Services) SMB file sharing","Priority":1,"Severity":"notice","TenantID":"3d6c4203-7328-4fb2-98fa-f37d385ffbde","GroupedBy":["Message","DeviceAddress","DeviceHostName","SourceAddress","SourceHostName","SourceUserName","DestinationAddress","DestinationHostName","DestinationUserName","ApplicationProtocol","TransportProtocol","BytesIn","BytesOut","DeviceAction","DeviceAssetID","DeviceCity","DeviceCountry","DeviceDirection","DeviceDnsDomain","DeviceEventCategory","DeviceEventClassID","DeviceExternalID","DeviceFacility","DeviceHostName","DeviceInboundInterface","DeviceLatitude","DeviceLongitude","DeviceMacAddress","DeviceNtDomain","DeviceOutboundInterface","DevicePayloadID","DeviceProcessID","DeviceProcessName","DeviceReceiptTime","DeviceRegion","DeviceTimeZone","DeviceTranslatedAddress","DeviceVersion","EventOutcome","Reason","Severity","SourceAccountID","SourceAssetID","SourceCity","SourceCountry","SourceDnsDomain","SourceLatitude","SourceLongitude","SourceMacAddress","SourceNtDomain","SourcePort","SourceProcessID","SourceProcessName","SourceRegion","SourceServiceName","SourceTranslatedAddress","SourceTranslatedPort","SourceUserID","SourceUserPrivileges","DestinationAccountID","DestinationAssetID","DestinationCity","DestinationCountry","DestinationDnsDomain","DestinationLatitude","DestinationLongitude","DestinationMacAddress","DestinationNtDomain","DestinationPort","DestinationProcessID","DestinationProcessName","DestinationRegion","DestinationServiceName","DestinationTranslatedAddress","DestinationTranslatedPort","DestinationUserID","DestinationUserPrivileges","RequestClientApplication","RequestContext","RequestCookies","RequestMethod","RequestUrl","FileCreateTime","FileHash","FileID","FileModificationTime","FileName","FilePath","FilePermission","FileSize","FileType","OldFileCreateTime","OldFileHash","OldFileID","OldFileModificationTime","OldFileName","OldFilePath","OldFilePermission","OldFileSize","OldFileType","DeviceCustomDate1","DeviceCustomDate2","DeviceCustomFloatingPoint1","DeviceCustomFloatingPoint2","DeviceCustomFloatingPoint2Label","DeviceCustomFloatingPoint3","DeviceCustomFloatingPoint3Label","DeviceCustomFloatingPoint4","DeviceCustomFloatingPoint4Label","DeviceCustomIPv6Address1","DeviceCustomIPv6Address1Label","DeviceCustomIPv6Address3","DeviceCustomIPv6Address3Label","DeviceCustomIPv6Address4","DeviceCustomIPv6Address4Label","DeviceCustomNumber2","DeviceCustomNumber2Label","DeviceCustomNumber3","DeviceCustomString1","DeviceCustomNumber3Label","DeviceCustomString1Label","DeviceCustomString2","DeviceCustomString2Label","DeviceCustomString3","DeviceCustomString3Label","DeviceCustomString4","DeviceCustomString4Label","DeviceCustomString5","DeviceCustomString5Label","DeviceCustomString6","DeviceCustomString6Label","FlexDate1","FlexDate1Label","FlexNumber1","FlexNumber1Label","FlexNumber2","FlexNumber2Label","FlexString1","FlexString1Label","FlexString2","timestamp_just_added","timestamp_profiling_finished"],"ServiceID":"7a75f41d-313b-4f68-a99d-6427546cc799","StartTime":1760057879237,"Timestamp":1760057879238,"BaseEvents":[{"N":{"KL_CorrelationRulePriority":1},"ID":"0d419118-49cc-4179-9f0f-f4e94497c8ac","Name":"Connection. Inbound connection from external host using SMB, RPC ports","Type":3,"EndTime":1759560808908,"Message":"Connection Failed","Priority":1,"Severity":"notice","TenantID":"3d6c4203-7328-4fb2-98fa-f37d385ffbde","GroupedBy":["Message","DeviceAddress","DeviceHostName","SourceAddress","SourceHostName","SourceUserName","DestinationAddress","DestinationHostName","DestinationUserName","ApplicationProtocol","TransportProtocol","BytesIn","BytesOut","DeviceAction","DeviceAssetID","DeviceCity","DeviceCountry","DeviceDirection","DeviceDnsDomain","DeviceEventCategory","DeviceEventClassID","DeviceExternalID","DeviceFacility","DeviceHostName","DeviceInboundInterface","DeviceLatitude","DeviceLongitude","DeviceMacAddress","DeviceNtDomain","DeviceOutboundInterface","DevicePayloadID","DeviceProcessID","DeviceProcessName","DeviceReceiptTime","DeviceRegion","DeviceTimeZone","DeviceTranslatedAddress","DeviceVersion","EventOutcome","Reason","Severity","SourceAccountID","SourceAssetID","SourceCity","SourceCountry","SourceDnsDomain","SourceLatitude","SourceLongitude","SourceMacAddress","SourceNtDomain","SourcePort","SourceProcessID","SourceProcessName","SourceRegion","SourceServiceName","SourceTranslatedAddress","SourceTranslatedPort","SourceUserID","SourceUserPrivileges","DestinationAccountID","DestinationAssetID","DestinationCity","DestinationCountry","DestinationDnsDomain","DestinationLatitude","DestinationLongitude","DestinationMacAddress","DestinationNtDomain","DestinationPort","DestinationProcessID","DestinationProcessName","DestinationRegion","DestinationServiceName","DestinationTranslatedAddress","DestinationTranslatedPort","DestinationUserID","DestinationUserPrivileges","RequestClientApplication","RequestContext","RequestCookies","RequestMethod","RequestUrl","FileCreateTime","FileHash","FileID","FileModificationTime","FileName","FilePath","FilePermission","FileSize","FileType","OldFileCreateTime","OldFileHash","OldFileID","OldFileModificationTime","OldFileName","OldFilePath","OldFilePermission","OldFileSize","OldFileType","DeviceCustomDate1","DeviceCustomDate2","DeviceCustomFloatingPoint1","DeviceCustomFloatingPoint2","DeviceCustomFloatingPoint2Label","DeviceCustomFloatingPoint3","DeviceCustomFloatingPoint3Label","DeviceCustomFloatingPoint4","DeviceCustomFloatingPoint4Label","DeviceCustomIPv6Address1","DeviceCustomIPv6Address1Label","DeviceCustomIPv6Address3","DeviceCustomIPv6Address3Label","DeviceCustomIPv6Address4","DeviceCustomIPv6Address4Label","DeviceCustomNumber2","DeviceCustomNumber2Label","DeviceCustomNumber3","DeviceCustomString1","DeviceCustomNumber3Label","DeviceCustomString1Label","DeviceCustomString2","DeviceCustomString2Label","DeviceCustomString3","DeviceCustomString3Label","DeviceCustomString4","DeviceCustomString4Label","DeviceCustomString5","DeviceCustomString5Label","DeviceCustomString6","DeviceCustomString6Label","FlexDate1","FlexDate1Label","FlexNumber1","FlexNumber1Label","FlexNumber2","FlexNumber2Label","FlexString1","FlexString1Label","FlexString2"],"ServiceID":"7a75f41d-313b-4f68-a99d-6427546cc799","StartTime":1759560808908,"Timestamp":1760057879237,"BaseEvents":[{"ID":"ab525c85-042b-43e7-b9c2-9ac91911be5d","Name":"traffic","Type":1,"EndTime":1759532008000,"Message":"Connection Failed","Priority":0,"Severity":"notice","TenantID":"3d6c4203-7328-4fb2-98fa-f37d385ffbde","ServiceID":"71d3be03-d996-4ec6-a03d-223288e5abc8","Timestamp":1759560808908,"ExternalID":"62761213","SourcePort":57740,"ServiceName":"Fortigate","DeviceAction":"deny","DeviceVendor":"Fortninet","DeviceAddress":"192.168.51.14","DeviceProduct":"Fortigate","SourceAddress":"103.166.27.146","DeviceHostName":"windu","DeviceTimeZone":"+02:00","DestinationPort":445,"DeviceExternalID":"FGT60FTK22032234","DeviceReceiptTime":1759560808908,"TransportProtocol":"6","DestinationAddress":"192.168.1.222","DeviceEventClassID":"local","ApplicationProtocol":"SMB","DeviceCustomString1":"local-in-policy","DeviceEventCategory":"traffic","DeviceInboundInterface":"wan2","DeviceOutboundInterface":"root","DeviceCustomNumber1Label":"duration","DeviceCustomNumber2Label":"policyid","DeviceCustomString1Label":"policytype"}],"SourcePort":57740,"ServiceName":"[OOTB] Correlator","DeviceAction":"deny","DeviceVendor":"Kaspersky","DeviceAddress":"192.168.51.14","DeviceProduct":"KUMA","SourceAddress":"103.166.27.146","BaseEventCount":1,"DeviceHostName":"windu","DeviceTimeZone":"+02:00","DestinationPort":445,"DeviceExternalID":"FGT60FTK22032234","CorrelationRuleID":"e2a20430-e50f-4f70-8970-8c799793a934","DeviceReceiptTime":1759560808908,"TransportProtocol":"6","DestinationAddress":"192.168.1.222","DeviceEventClassID":"local","ApplicationProtocol":"SMB","CorrelationRuleName":"Connection. Inbound connection from external host using SMB, RPC ports","DeviceCustomString1":"local-in-policy","DeviceEventCategory":"traffic","DeviceInboundInterface":"wan2","DeviceOutboundInterface":"root","DeviceCustomNumber2Label":"policyid","DeviceCustomString1Label":"policytype"}],"ExternalID":"R445_03","SourcePort":57740,"ServiceName":"[OOTB] Correlator","DeviceAction":"deny","DeviceVendor":"Kaspersky","DeviceAddress":"192.168.51.14","DeviceProduct":"KUMA","SourceAddress":"103.166.27.146","BaseEventCount":1,"DeviceHostName":"windu","DeviceTimeZone":"+02:00","DestinationPort":445,"DeviceExternalID":"FGT60FTK22032234","CorrelationRuleID":"49182bb8-1dd3-44cd-b561-101a5bd0e58d","DeviceReceiptTime":1759560808908,"TransportProtocol":"6","DestinationAddress":"192.168.1.222","DeviceEventClassID":"local","ApplicationProtocol":"SMB","CorrelationRuleName":"R445_03_Inbound connection from external host via SMB, RPC port","DeviceCustomString1":"local-in-policy","DeviceEventCategory":"traffic","DestinationServiceName":"Microsoft-DS (Directory Services) SMB file sharing","DeviceInboundInterface":"wan2","DeviceOutboundInterface":"root","DeviceCustomNumber2Label":"policyid","DeviceCustomString1Label":"policytype"},{"N":{"KL_CorrelationRulePriority":1},"ID":"6bd24a7a-3294-4118-9695-83d85f0803ed","Name":"R445_03_Inbound connection from external host via SMB, RPC port","Type":3,"EndTime":1760057904241,"Message":"The external host 79.124.62.230 remotely connected to the internal node 192.168.1.222 on port 445 which is used in SMB, RPC protocols: Microsoft-DS (Directory Services) SMB file sharing","Priority":1,"Severity":"notice","TenantID":"3d6c4203-7328-4fb2-98fa-f37d385ffbde","GroupedBy":["Message","DeviceAddress","DeviceHostName","SourceAddress","SourceHostName","SourceUserName","DestinationAddress","DestinationHostName","DestinationUserName","ApplicationProtocol","TransportProtocol","BytesIn","BytesOut","DeviceAction","DeviceAssetID","DeviceCity","DeviceCountry","DeviceDirection","DeviceDnsDomain","DeviceEventCategory","DeviceEventClassID","DeviceExternalID","DeviceFacility","DeviceHostName","DeviceInboundInterface","DeviceLatitude","DeviceLongitude","DeviceMacAddress","DeviceNtDomain","DeviceOutboundInterface","DevicePayloadID","DeviceProcessID","DeviceProcessName","DeviceReceiptTime","DeviceRegion","DeviceTimeZone","DeviceTranslatedAddress","DeviceVersion","EventOutcome","Reason","Severity","SourceAccountID","SourceAssetID","SourceCity","SourceCountry","SourceDnsDomain","SourceLatitude","SourceLongitude","SourceMacAddress","SourceNtDomain","SourcePort","SourceProcessID","SourceProcessName","SourceRegion","SourceServiceName","SourceTranslatedAddress","SourceTranslatedPort","SourceUserID","SourceUserPrivileges","DestinationAccountID","DestinationAssetID","DestinationCity","DestinationCountry","DestinationDnsDomain","DestinationLatitude","DestinationLongitude","DestinationMacAddress","DestinationNtDomain","DestinationPort","DestinationProcessID","DestinationProcessName","DestinationRegion","DestinationServiceName","DestinationTranslatedAddress","DestinationTranslatedPort","DestinationUserID","DestinationUserPrivileges","RequestClientApplication","RequestContext","RequestCookies","RequestMethod","RequestUrl","FileCreateTime","FileHash","FileID","FileModificationTime","FileName","FilePath","FilePermission","FileSize","FileType","OldFileCreateTime","OldFileHash","OldFileID","OldFileModificationTime","OldFileName","OldFilePath","OldFilePermission","OldFileSize","OldFileType","DeviceCustomDate1","DeviceCustomDate2","DeviceCustomFloatingPoint1","DeviceCustomFloatingPoint2","DeviceCustomFloatingPoint2Label","DeviceCustomFloatingPoint3","DeviceCustomFloatingPoint3Label","DeviceCustomFloatingPoint4","DeviceCustomFloatingPoint4Label","DeviceCustomIPv6Address1","DeviceCustomIPv6Address1Label","DeviceCustomIPv6Address3","DeviceCustomIPv6Address3Label","DeviceCustomIPv6Address4","DeviceCustomIPv6Address4Label","DeviceCustomNumber2","DeviceCustomNumber2Label","DeviceCustomNumber3","DeviceCustomString1","DeviceCustomNumber3Label","DeviceCustomString1Label","DeviceCustomString2","DeviceCustomString2Label","DeviceCustomString3","DeviceCustomString3Label","DeviceCustomString4","DeviceCustomString4Label","DeviceCustomString5","DeviceCustomString5Label","DeviceCustomString6","DeviceCustomString6Label","FlexDate1","FlexDate1Label","FlexNumber1","FlexNumber1Label","FlexNumber2","FlexNumber2Label","FlexString1","FlexString1Label","FlexString2","timestamp_just_added","timestamp_profiling_finished"],"ServiceID":"7a75f41d-313b-4f68-a99d-6427546cc799","StartTime":1760057904241,"Timestamp":1760057904242,"BaseEvents":[{"N":{"KL_CorrelationRulePriority":1},"ID":"69c1e437-e1f5-4ec2-9407-e3020c43d6db","Name":"Connection. Inbound connection from external host using SMB, RPC ports","Type":3,"EndTime":1760057903929,"Message":"Connection Failed","Priority":1,"Severity":"notice","TenantID":"3d6c4203-7328-4fb2-98fa-f37d385ffbde","GroupedBy":["Message","DeviceAddress","DeviceHostName","SourceAddress","SourceHostName","SourceUserName","DestinationAddress","DestinationHostName","DestinationUserName","ApplicationProtocol","TransportProtocol","BytesIn","BytesOut","DeviceAction","DeviceAssetID","DeviceCity","DeviceCountry","DeviceDirection","DeviceDnsDomain","DeviceEventCategory","DeviceEventClassID","DeviceExternalID","DeviceFacility","DeviceHostName","DeviceInboundInterface","DeviceLatitude","DeviceLongitude","DeviceMacAddress","DeviceNtDomain","DeviceOutboundInterface","DevicePayloadID","DeviceProcessID","DeviceProcessName","DeviceReceiptTime","DeviceRegion","DeviceTimeZone","DeviceTranslatedAddress","DeviceVersion","EventOutcome","Reason","Severity","SourceAccountID","SourceAssetID","SourceCity","SourceCountry","SourceDnsDomain","SourceLatitude","SourceLongitude","SourceMacAddress","SourceNtDomain","SourcePort","SourceProcessID","SourceProcessName","SourceRegion","SourceServiceName","SourceTranslatedAddress","SourceTranslatedPort","SourceUserID","SourceUserPrivileges","DestinationAccountID","DestinationAssetID","DestinationCity","DestinationCountry","DestinationDnsDomain","DestinationLatitude","DestinationLongitude","DestinationMacAddress","DestinationNtDomain","DestinationPort","DestinationProcessID","DestinationProcessName","DestinationRegion","DestinationServiceName","DestinationTranslatedAddress","DestinationTranslatedPort","DestinationUserID","DestinationUserPrivileges","RequestClientApplication","RequestContext","RequestCookies","RequestMethod","RequestUrl","FileCreateTime","FileHash","FileID","FileModificationTime","FileName","FilePath","FilePermission","FileSize","FileType","OldFileCreateTime","OldFileHash","OldFileID","OldFileModificationTime","OldFileName","OldFilePath","OldFilePermission","OldFileSize","OldFileType","DeviceCustomDate1","DeviceCustomDate2","DeviceCustomFloatingPoint1","DeviceCustomFloatingPoint2","DeviceCustomFloatingPoint2Label","DeviceCustomFloatingPoint3","DeviceCustomFloatingPoint3Label","DeviceCustomFloatingPoint4","DeviceCustomFloatingPoint4Label","DeviceCustomIPv6Address1","DeviceCustomIPv6Address1Label","DeviceCustomIPv6Address3","DeviceCustomIPv6Address3Label","DeviceCustomIPv6Address4","DeviceCustomIPv6Address4Label","DeviceCustomNumber2","DeviceCustomNumber2Label","DeviceCustomNumber3","DeviceCustomString1","DeviceCustomNumber3Label","DeviceCustomString1Label","DeviceCustomString2","DeviceCustomString2Label","DeviceCustomString3","DeviceCustomString3Label","DeviceCustomString4","DeviceCustomString4Label","DeviceCustomString5","DeviceCustomString5Label","DeviceCustomString6","DeviceCustomString6Label","FlexDate1","FlexDate1Label","FlexNumber1","FlexNumber1Label","FlexNumber2","FlexNumber2Label","FlexString1","FlexString1Label","FlexString2"],"ServiceID":"7a75f41d-313b-4f68-a99d-6427546cc799","StartTime":1760057903929,"Timestamp":1760057904241,"BaseEvents":[{"ID":"0f671a3c-f480-49c9-a7a1-1e2a1d76df39","Name":"traffic","Type":1,"EndTime":1759359503000,"Message":"Connection Failed","Priority":0,"Severity":"notice","TenantID":"3d6c4203-7328-4fb2-98fa-f37d385ffbde","ServiceID":"71d3be03-d996-4ec6-a03d-223288e5abc8","Timestamp":1760057903929,"ExternalID":"71753189","SourcePort":55772,"ServiceName":"Fortigate","DeviceAction":"deny","DeviceVendor":"Fortninet","DeviceAddress":"192.168.51.14","DeviceProduct":"Fortigate","SourceAddress":"79.124.62.230","DeviceHostName":"windu","DeviceTimeZone":"+02:00","DestinationPort":445,"DeviceExternalID":"FGT60FTK22032234","DeviceReceiptTime":1760057903929,"TransportProtocol":"6","DestinationAddress":"192.168.1.222","DeviceEventClassID":"local","ApplicationProtocol":"SMB","DeviceCustomString1":"local-in-policy","DeviceEventCategory":"traffic","DeviceInboundInterface":"wan2","DeviceOutboundInterface":"root","DeviceCustomNumber1Label":"duration","DeviceCustomNumber2Label":"policyid","DeviceCustomString1Label":"policytype"}],"SourcePort":55772,"ServiceName":"[OOTB] Correlator","DeviceAction":"deny","DeviceVendor":"Kaspersky","DeviceAddress":"192.168.51.14","DeviceProduct":"KUMA","SourceAddress":"79.124.62.230","BaseEventCount":1,"DeviceHostName":"windu","DeviceTimeZone":"+02:00","DestinationPort":445,"DeviceExternalID":"FGT60FTK22032234","CorrelationRuleID":"e2a20430-e50f-4f70-8970-8c799793a934","DeviceReceiptTime":1760057903929,"TransportProtocol":"6","DestinationAddress":"192.168.1.222","DeviceEventClassID":"local","ApplicationProtocol":"SMB","CorrelationRuleName":"Connection. Inbound connection from external host using SMB, RPC ports","DeviceCustomString1":"local-in-policy","DeviceEventCategory":"traffic","DeviceInboundInterface":"wan2","DeviceOutboundInterface":"root","DeviceCustomNumber2Label":"policyid","DeviceCustomString1Label":"policytype"}],"ExternalID":"R445_03","SourcePort":55772,"ServiceName":"[OOTB] Correlator","DeviceAction":"deny","DeviceVendor":"Kaspersky","DeviceAddress":"192.168.51.14","DeviceProduct":"KUMA","SourceAddress":"79.124.62.230","BaseEventCount":1,"DeviceHostName":"windu","DeviceTimeZone":"+02:00","DestinationPort":445,"DeviceExternalID":"FGT60FTK22032234","CorrelationRuleID":"49182bb8-1dd3-44cd-b561-101a5bd0e58d","DeviceReceiptTime":1760057903929,"TransportProtocol":"6","DestinationAddress":"192.168.1.222","DeviceEventClassID":"local","ApplicationProtocol":"SMB","CorrelationRuleName":"R445_03_Inbound connection from external host via SMB, RPC port","DeviceCustomString1":"local-in-policy","DeviceEventCategory":"traffic","DestinationServiceName":"Microsoft-DS (Directory Services) SMB file sharing","DeviceInboundInterface":"wan2","DeviceOutboundInterface":"root","DeviceCustomNumber2Label":"policyid","DeviceCustomString1Label":"policytype"}],"Rules":[{"Confidence":"medium","Custom":false,"ID":"49182bb8-1dd3-44cd-b561-101a5bd0e58d","Name":"R445_03_Inbound connection from external host via SMB, RPC port","Severity":"medium","Type":""}],"Severity":"low","SourceCreatedAt":"2025-10-10T00:57:59.237Z","SourceID":"6bd24a7a-3294-4118-9695-83d85f0803ed;c57f0e34-a105-4966-b448-a4b1ee23952a","Status":"new","StatusChangedAt":"2025-10-10T00:57:59.578Z","StatusResolution":"","TenantID":"3d6c4203-7328-4fb2-98fa-f37d385ffbde","UpdatedAt":"2025-10-10T00:57:59.578Z"},{"Assets":null,"Assignee":{"ID":"nobody","Name":"Not assigned","Type":""},"CreatedAt":"2025-10-10T01:02:09.614Z","DetectionTechnologies":null,"ExternalRef":"","Extra":null,"FirstEventTime":"2025-10-10T01:02:06.871Z","HistoryRecords":null,"ID":18901,"IncidentID":"","IncidentLinkType":"","InternalID":"6e75c2f2-f4d9-4dc8-bd04-b3974bce1eb1","IsCII":false,"LastEventTime":"2025-10-10T01:02:09.289Z","MITRETactics":null,"MITRETechniques":null,"Name":"R445_03_Inbound connection from external host via SMB, RPC port","Observables":[{"Details":"","Type":"ip","Value":"71.6.134.232"},{"Details":"","Type":"hostname","Value":"windu"}],"OriginalEvents":[{"N":{"KL_CorrelationRulePriority":1},"ID":"6e75c2f2-f4d9-4dc8-bd04-b3974bce1eb1","Name":"R445_03_Inbound connection from external host via SMB, RPC port","Type":3,"EndTime":1760058129287,"Message":"The external host 71.6.134.232 remotely connected to the internal node 192.168.1.222 on port 445 which is used in SMB, RPC protocols: Microsoft-DS (Directory Services) SMB file sharing","Priority":1,"Severity":"notice","TenantID":"3d6c4203-7328-4fb2-98fa-f37d385ffbde","GroupedBy":["Message","DeviceAddress","DeviceHostName","SourceAddress","SourceHostName","SourceUserName","DestinationAddress","DestinationHostName","DestinationUserName","ApplicationProtocol","TransportProtocol","BytesIn","BytesOut","DeviceAction","DeviceAssetID","DeviceCity","DeviceCountry","DeviceDirection","DeviceDnsDomain","DeviceEventCategory","DeviceEventClassID","DeviceExternalID","DeviceFacility","DeviceHostName","DeviceInboundInterface","DeviceLatitude","DeviceLongitude","DeviceMacAddress","DeviceNtDomain","DeviceOutboundInterface","DevicePayloadID","DeviceProcessID","DeviceProcessName","DeviceReceiptTime","DeviceRegion","DeviceTimeZone","DeviceTranslatedAddress","DeviceVersion","EventOutcome","Reason","Severity","SourceAccountID","SourceAssetID","SourceCity","SourceCountry","SourceDnsDomain","SourceLatitude","SourceLongitude","SourceMacAddress","SourceNtDomain","SourcePort","SourceProcessID","SourceProcessName","SourceRegion","SourceServiceName","SourceTranslatedAddress","SourceTranslatedPort","SourceUserID","SourceUserPrivileges","DestinationAccountID","DestinationAssetID","DestinationCity","DestinationCountry","DestinationDnsDomain","DestinationLatitude","DestinationLongitude","DestinationMacAddress","DestinationNtDomain","DestinationPort","DestinationProcessID","DestinationProcessName","DestinationRegion","DestinationServiceName","DestinationTranslatedAddress","DestinationTranslatedPort","DestinationUserID","DestinationUserPrivileges","RequestClientApplication","RequestContext","RequestCookies","RequestMethod","RequestUrl","FileCreateTime","FileHash","FileID","FileModificationTime","FileName","FilePath","FilePermission","FileSize","FileType","OldFileCreateTime","OldFileHash","OldFileID","OldFileModificationTime","OldFileName","OldFilePath","OldFilePermission","OldFileSize","OldFileType","DeviceCustomDate1","DeviceCustomDate2","DeviceCustomFloatingPoint1","DeviceCustomFloatingPoint2","DeviceCustomFloatingPoint2Label","DeviceCustomFloatingPoint3","DeviceCustomFloatingPoint3Label","DeviceCustomFloatingPoint4","DeviceCustomFloatingPoint4Label","DeviceCustomIPv6Address1","DeviceCustomIPv6Address1Label","DeviceCustomIPv6Address3","DeviceCustomIPv6Address3Label","DeviceCustomIPv6Address4","DeviceCustomIPv6Address4Label","DeviceCustomNumber2","DeviceCustomNumber2Label","DeviceCustomNumber3","DeviceCustomString1","DeviceCustomNumber3Label","DeviceCustomString1Label","DeviceCustomString2","DeviceCustomString2Label","DeviceCustomString3","DeviceCustomString3Label","DeviceCustomString4","DeviceCustomString4Label","DeviceCustomString5","DeviceCustomString5Label","DeviceCustomString6","DeviceCustomString6Label","FlexDate1","FlexDate1Label","FlexNumber1","FlexNumber1Label","FlexNumber2","FlexNumber2Label","FlexString1","FlexString1Label","FlexString2","timestamp_just_added","timestamp_profiling_finished"],"ServiceID":"7a75f41d-313b-4f68-a99d-6427546cc799","StartTime":1760058129287,"Timestamp":1760058129289,"BaseEvents":[{"N":{"KL_CorrelationRulePriority":1},"ID":"7aaea9c1-fa2a-4ce7-9db7-3f06d20524c1","Name":"Connection. Inbound connection from external host using SMB, RPC ports","Type":3,"EndTime":1760058126872,"Message":"Connection Failed","Priority":1,"Severity":"notice","TenantID":"3d6c4203-7328-4fb2-98fa-f37d385ffbde","GroupedBy":["Message","DeviceAddress","DeviceHostName","SourceAddress","SourceHostName","SourceUserName","DestinationAddress","DestinationHostName","DestinationUserName","ApplicationProtocol","TransportProtocol","BytesIn","BytesOut","DeviceAction","DeviceAssetID","DeviceCity","DeviceCountry","DeviceDirection","DeviceDnsDomain","DeviceEventCategory","DeviceEventClassID","DeviceExternalID","DeviceFacility","DeviceHostName","DeviceInboundInterface","DeviceLatitude","DeviceLongitude","DeviceMacAddress","DeviceNtDomain","DeviceOutboundInterface","DevicePayloadID","DeviceProcessID","DeviceProcessName","DeviceReceiptTime","DeviceRegion","DeviceTimeZone","DeviceTranslatedAddress","DeviceVersion","EventOutcome","Reason","Severity","SourceAccountID","SourceAssetID","SourceCity","SourceCountry","SourceDnsDomain","SourceLatitude","SourceLongitude","SourceMacAddress","SourceNtDomain","SourcePort","SourceProcessID","SourceProcessName","SourceRegion","SourceServiceName","SourceTranslatedAddress","SourceTranslatedPort","SourceUserID","SourceUserPrivileges","DestinationAccountID","DestinationAssetID","DestinationCity","DestinationCountry","DestinationDnsDomain","DestinationLatitude","DestinationLongitude","DestinationMacAddress","DestinationNtDomain","DestinationPort","DestinationProcessID","DestinationProcessName","DestinationRegion","DestinationServiceName","DestinationTranslatedAddress","DestinationTranslatedPort","DestinationUserID","DestinationUserPrivileges","RequestClientApplication","RequestContext","RequestCookies","RequestMethod","RequestUrl","FileCreateTime","FileHash","FileID","FileModificationTime","FileName","FilePath","FilePermission","FileSize","FileType","OldFileCreateTime","OldFileHash","OldFileID","OldFileModificationTime","OldFileName","OldFilePath","OldFilePermission","OldFileSize","OldFileType","DeviceCustomDate1","DeviceCustomDate2","DeviceCustomFloatingPoint1","DeviceCustomFloatingPoint2","DeviceCustomFloatingPoint2Label","DeviceCustomFloatingPoint3","DeviceCustomFloatingPoint3Label","DeviceCustomFloatingPoint4","DeviceCustomFloatingPoint4Label","DeviceCustomIPv6Address1","DeviceCustomIPv6Address1Label","DeviceCustomIPv6Address3","DeviceCustomIPv6Address3Label","DeviceCustomIPv6Address4","DeviceCustomIPv6Address4Label","DeviceCustomNumber2","DeviceCustomNumber2Label","DeviceCustomNumber3","DeviceCustomString1","DeviceCustomNumber3Label","DeviceCustomString1Label","DeviceCustomString2","DeviceCustomString2Label","DeviceCustomString3","DeviceCustomString3Label","DeviceCustomString4","DeviceCustomString4Label","DeviceCustomString5","DeviceCustomString5Label","DeviceCustomString6","DeviceCustomString6Label","FlexDate1","FlexDate1Label","FlexNumber1","FlexNumber1Label","FlexNumber2","FlexNumber2Label","FlexString1","FlexString1Label","FlexString2"],"ServiceID":"7a75f41d-313b-4f68-a99d-6427546cc799","StartTime":1760058126872,"Timestamp":1760058129287,"BaseEvents":[{"ID":"daad1df7-7e23-43e9-9724-db8d71b111f7","Name":"traffic","Type":1,"EndTime":1760058126000,"Message":"Connection Failed","Priority":0,"Severity":"notice","TenantID":"3d6c4203-7328-4fb2-98fa-f37d385ffbde","ServiceID":"71d3be03-d996-4ec6-a03d-223288e5abc8","Timestamp":1760058126872,"ExternalID":"71757780","SourcePort":59222,"ServiceName":"Fortigate","DeviceAction":"deny","DeviceVendor":"Fortninet","DeviceAddress":"192.168.51.14","DeviceProduct":"Fortigate","SourceAddress":"71.6.134.232","DeviceHostName":"windu","DeviceTimeZone":"+02:00","DestinationPort":445,"DeviceExternalID":"FGT60FTK22032234","DeviceReceiptTime":1760058126872,"TransportProtocol":"6","DestinationAddress":"192.168.1.222","DeviceEventClassID":"local","ApplicationProtocol":"SMB","DeviceCustomString1":"local-in-policy","DeviceEventCategory":"traffic","DeviceInboundInterface":"wan2","DeviceOutboundInterface":"root","DeviceCustomNumber1Label":"duration","DeviceCustomNumber2Label":"policyid","DeviceCustomString1Label":"policytype"}],"SourcePort":59222,"ServiceName":"[OOTB] Correlator","DeviceAction":"deny","DeviceVendor":"Kaspersky","DeviceAddress":"192.168.51.14","DeviceProduct":"KUMA","SourceAddress":"71.6.134.232","BaseEventCount":1,"DeviceHostName":"windu","DeviceTimeZone":"+02:00","DestinationPort":445,"DeviceExternalID":"FGT60FTK22032234","CorrelationRuleID":"e2a20430-e50f-4f70-8970-8c799793a934","DeviceReceiptTime":1760058126872,"TransportProtocol":"6","DestinationAddress":"192.168.1.222","DeviceEventClassID":"local","ApplicationProtocol":"SMB","CorrelationRuleName":"Connection. Inbound connection from external host using SMB, RPC ports","DeviceCustomString1":"local-in-policy","DeviceEventCategory":"traffic","DeviceInboundInterface":"wan2","DeviceOutboundInterface":"root","DeviceCustomNumber2Label":"policyid","DeviceCustomString1Label":"policytype"}],"ExternalID":"R445_03","SourcePort":59222,"ServiceName":"[OOTB] Correlator","DeviceAction":"deny","DeviceVendor":"Kaspersky","DeviceAddress":"192.168.51.14","DeviceProduct":"KUMA","SourceAddress":"71.6.134.232","BaseEventCount":1,"DeviceHostName":"windu","DeviceTimeZone":"+02:00","DestinationPort":445,"DeviceExternalID":"FGT60FTK22032234","CorrelationRuleID":"49182bb8-1dd3-44cd-b561-101a5bd0e58d","DeviceReceiptTime":1760058126872,"TransportProtocol":"6","DestinationAddress":"192.168.1.222","DeviceEventClassID":"local","ApplicationProtocol":"SMB","CorrelationRuleName":"R445_03_Inbound connection from external host via SMB, RPC port","DeviceCustomString1":"local-in-policy","DeviceEventCategory":"traffic","DestinationServiceName":"Microsoft-DS (Directory Services) SMB file sharing","DeviceInboundInterface":"wan2","DeviceOutboundInterface":"root","DeviceCustomNumber2Label":"policyid","DeviceCustomString1Label":"policytype"}],"Rules":[{"Confidence":"medium","Custom":false,"ID":"49182bb8-1dd3-44cd-b561-101a5bd0e58d","Name":"R445_03_Inbound connection from external host via SMB, RPC port","Severity":"medium","Type":""}],"Severity":"low","SourceCreatedAt":"2025-10-10T01:02:09.289Z","SourceID":"6e75c2f2-f4d9-4dc8-bd04-b3974bce1eb1","Status":"new","StatusChangedAt":"2025-10-10T01:02:09.614Z","StatusResolution":"","TenantID":"3d6c4203-7328-4fb2-98fa-f37d385ffbde","UpdatedAt":"2025-10-10T01:02:09.614Z"},{"Assets":null,"Assignee":{"ID":"nobody","Name":"Not assigned","Type":""},"CreatedAt":"2025-10-10T01:04:44.642Z","DetectionTechnologies":null,"ExternalRef":"","Extra":null,"FirstEventTime":"2025-10-10T01:04:40.151Z","HistoryRecords":null,"ID":18902,"IncidentID":"","IncidentLinkType":"","InternalID":"5780fec6-1550-4d66-9bf2-e08460dff9d8","IsCII":false,"LastEventTime":"2025-10-10T01:04:44.306Z","MITRETactics":null,"MITRETechniques":null,"Name":"R445_03_Inbound connection from external host via SMB, RPC port","Observables":[{"Details":"","Type":"ip","Value":"179.191.17.195"},{"Details":"","Type":"hostname","Value":"windu"}],"OriginalEvents":[{"N":{"KL_CorrelationRulePriority":1},"ID":"5780fec6-1550-4d66-9bf2-e08460dff9d8","Name":"R445_03_Inbound connection from external host via SMB, RPC port","Type":3,"EndTime":1760058284306,"Message":"The external host 179.191.17.195 remotely connected to the internal node 192.168.1.222 on port 445 which is used in SMB, RPC protocols: Microsoft-DS (Directory Services) SMB file sharing","Priority":1,"Severity":"notice","TenantID":"3d6c4203-7328-4fb2-98fa-f37d385ffbde","GroupedBy":["Message","DeviceAddress","DeviceHostName","SourceAddress","SourceHostName","SourceUserName","DestinationAddress","DestinationHostName","DestinationUserName","ApplicationProtocol","TransportProtocol","BytesIn","BytesOut","DeviceAction","DeviceAssetID","DeviceCity","DeviceCountry","DeviceDirection","DeviceDnsDomain","DeviceEventCategory","DeviceEventClassID","DeviceExternalID","DeviceFacility","DeviceHostName","DeviceInboundInterface","DeviceLatitude","DeviceLongitude","DeviceMacAddress","DeviceNtDomain","DeviceOutboundInterface","DevicePayloadID","DeviceProcessID","DeviceProcessName","DeviceReceiptTime","DeviceRegion","DeviceTimeZone","DeviceTranslatedAddress","DeviceVersion","EventOutcome","Reason","Severity","SourceAccountID","SourceAssetID","SourceCity","SourceCountry","SourceDnsDomain","SourceLatitude","SourceLongitude","SourceMacAddress","SourceNtDomain","SourcePort","SourceProcessID","SourceProcessName","SourceRegion","SourceServiceName","SourceTranslatedAddress","SourceTranslatedPort","SourceUserID","SourceUserPrivileges","DestinationAccountID","DestinationAssetID","DestinationCity","DestinationCountry","DestinationDnsDomain","DestinationLatitude","DestinationLongitude","DestinationMacAddress","DestinationNtDomain","DestinationPort","DestinationProcessID","DestinationProcessName","DestinationRegion","DestinationServiceName","DestinationTranslatedAddress","DestinationTranslatedPort","DestinationUserID","DestinationUserPrivileges","RequestClientApplication","RequestContext","RequestCookies","RequestMethod","RequestUrl","FileCreateTime","FileHash","FileID","FileModificationTime","FileName","FilePath","FilePermission","FileSize","FileType","OldFileCreateTime","OldFileHash","OldFileID","OldFileModificationTime","OldFileName","OldFilePath","OldFilePermission","OldFileSize","OldFileType","DeviceCustomDate1","DeviceCustomDate2","DeviceCustomFloatingPoint1","DeviceCustomFloatingPoint2","DeviceCustomFloatingPoint2Label","DeviceCustomFloatingPoint3","DeviceCustomFloatingPoint3Label","DeviceCustomFloatingPoint4","DeviceCustomFloatingPoint4Label","DeviceCustomIPv6Address1","DeviceCustomIPv6Address1Label","DeviceCustomIPv6Address3","DeviceCustomIPv6Address3Label","DeviceCustomIPv6Address4","DeviceCustomIPv6Address4Label","DeviceCustomNumber2","DeviceCustomNumber2Label","DeviceCustomNumber3","DeviceCustomString1","DeviceCustomNumber3Label","DeviceCustomString1Label","DeviceCustomString2","DeviceCustomString2Label","DeviceCustomString3","DeviceCustomString3Label","DeviceCustomString4","DeviceCustomString4Label","DeviceCustomString5","DeviceCustomString5Label","DeviceCustomString6","DeviceCustomString6Label","FlexDate1","FlexDate1Label","FlexNumber1","FlexNumber1Label","FlexNumber2","FlexNumber2Label","FlexString1","FlexString1Label","FlexString2","timestamp_just_added","timestamp_profiling_finished"],"ServiceID":"7a75f41d-313b-4f68-a99d-6427546cc799","StartTime":1760058284306,"Timestamp":1760058284307,"BaseEvents":[{"N":{"KL_CorrelationRulePriority":1},"ID":"f3676402-cd22-4829-a567-3042c1831599","Name":"Connection. Inbound connection from external host using SMB, RPC ports","Type":3,"EndTime":1760058280152,"Message":"Connection Failed","Priority":1,"Severity":"notice","TenantID":"3d6c4203-7328-4fb2-98fa-f37d385ffbde","GroupedBy":["Message","DeviceAddress","DeviceHostName","SourceAddress","SourceHostName","SourceUserName","DestinationAddress","DestinationHostName","DestinationUserName","ApplicationProtocol","TransportProtocol","BytesIn","BytesOut","DeviceAction","DeviceAssetID","DeviceCity","DeviceCountry","DeviceDirection","DeviceDnsDomain","DeviceEventCategory","DeviceEventClassID","DeviceExternalID","DeviceFacility","DeviceHostName","DeviceInboundInterface","DeviceLatitude","DeviceLongitude","DeviceMacAddress","DeviceNtDomain","DeviceOutboundInterface","DevicePayloadID","DeviceProcessID","DeviceProcessName","DeviceReceiptTime","DeviceRegion","DeviceTimeZone","DeviceTranslatedAddress","DeviceVersion","EventOutcome","Reason","Severity","SourceAccountID","SourceAssetID","SourceCity","SourceCountry","SourceDnsDomain","SourceLatitude","SourceLongitude","SourceMacAddress","SourceNtDomain","SourcePort","SourceProcessID","SourceProcessName","SourceRegion","SourceServiceName","SourceTranslatedAddress","SourceTranslatedPort","SourceUserID","SourceUserPrivileges","DestinationAccountID","DestinationAssetID","DestinationCity","DestinationCountry","DestinationDnsDomain","DestinationLatitude","DestinationLongitude","DestinationMacAddress","DestinationNtDomain","DestinationPort","DestinationProcessID","DestinationProcessName","DestinationRegion","DestinationServiceName","DestinationTranslatedAddress","DestinationTranslatedPort","DestinationUserID","DestinationUserPrivileges","RequestClientApplication","RequestContext","RequestCookies","RequestMethod","RequestUrl","FileCreateTime","FileHash","FileID","FileModificationTime","FileName","FilePath","FilePermission","FileSize","FileType","OldFileCreateTime","OldFileHash","OldFileID","OldFileModificationTime","OldFileName","OldFilePath","OldFilePermission","OldFileSize","OldFileType","DeviceCustomDate1","DeviceCustomDate2","DeviceCustomFloatingPoint1","DeviceCustomFloatingPoint2","DeviceCustomFloatingPoint2Label","DeviceCustomFloatingPoint3","DeviceCustomFloatingPoint3Label","DeviceCustomFloatingPoint4","DeviceCustomFloatingPoint4Label","DeviceCustomIPv6Address1","DeviceCustomIPv6Address1Label","DeviceCustomIPv6Address3","DeviceCustomIPv6Address3Label","DeviceCustomIPv6Address4","DeviceCustomIPv6Address4Label","DeviceCustomNumber2","DeviceCustomNumber2Label","DeviceCustomNumber3","DeviceCustomString1","DeviceCustomNumber3Label","DeviceCustomString1Label","DeviceCustomString2","DeviceCustomString2Label","DeviceCustomString3","DeviceCustomString3Label","DeviceCustomString4","DeviceCustomString4Label","DeviceCustomString5","DeviceCustomString5Label","DeviceCustomString6","DeviceCustomString6Label","FlexDate1","FlexDate1Label","FlexNumber1","FlexNumber1Label","FlexNumber2","FlexNumber2Label","FlexString1","FlexString1Label","FlexString2"],"ServiceID":"7a75f41d-313b-4f68-a99d-6427546cc799","StartTime":1760058280152,"Timestamp":1760058284306,"BaseEvents":[{"ID":"96f54df5-f8ab-4e12-afff-de587e37c6a6","Name":"traffic","Type":1,"EndTime":1760058280000,"Message":"Connection Failed","Priority":0,"Severity":"notice","TenantID":"3d6c4203-7328-4fb2-98fa-f37d385ffbde","ServiceID":"71d3be03-d996-4ec6-a03d-223288e5abc8","Timestamp":1760058280152,"ExternalID":"71760684","SourcePort":61662,"ServiceName":"Fortigate","DeviceAction":"deny","DeviceVendor":"Fortninet","DeviceAddress":"192.168.51.14","DeviceProduct":"Fortigate","SourceAddress":"179.191.17.195","DeviceHostName":"windu","DeviceTimeZone":"+02:00","DestinationPort":445,"DeviceExternalID":"FGT60FTK22032234","DeviceReceiptTime":1760058280152,"TransportProtocol":"6","DestinationAddress":"192.168.1.222","DeviceEventClassID":"local","ApplicationProtocol":"SMB","DeviceCustomString1":"local-in-policy","DeviceEventCategory":"traffic","DeviceInboundInterface":"wan2","DeviceOutboundInterface":"root","DeviceCustomNumber1Label":"duration","DeviceCustomNumber2Label":"policyid","DeviceCustomString1Label":"policytype"}],"SourcePort":61662,"ServiceName":"[OOTB] Correlator","DeviceAction":"deny","DeviceVendor":"Kaspersky","DeviceAddress":"192.168.51.14","DeviceProduct":"KUMA","SourceAddress":"179.191.17.195","BaseEventCount":1,"DeviceHostName":"windu","DeviceTimeZone":"+02:00","DestinationPort":445,"DeviceExternalID":"FGT60FTK22032234","CorrelationRuleID":"e2a20430-e50f-4f70-8970-8c799793a934","DeviceReceiptTime":1760058280152,"TransportProtocol":"6","DestinationAddress":"192.168.1.222","DeviceEventClassID":"local","ApplicationProtocol":"SMB","CorrelationRuleName":"Connection. Inbound connection from external host using SMB, RPC ports","DeviceCustomString1":"local-in-policy","DeviceEventCategory":"traffic","DeviceInboundInterface":"wan2","DeviceOutboundInterface":"root","DeviceCustomNumber2Label":"policyid","DeviceCustomString1Label":"policytype"}],"ExternalID":"R445_03","SourcePort":61662,"ServiceName":"[OOTB] Correlator","DeviceAction":"deny","DeviceVendor":"Kaspersky","DeviceAddress":"192.168.51.14","DeviceProduct":"KUMA","SourceAddress":"179.191.17.195","BaseEventCount":1,"DeviceHostName":"windu","DeviceTimeZone":"+02:00","DestinationPort":445,"DeviceExternalID":"FGT60FTK22032234","CorrelationRuleID":"49182bb8-1dd3-44cd-b561-101a5bd0e58d","DeviceReceiptTime":1760058280152,"TransportProtocol":"6","DestinationAddress":"192.168.1.222","DeviceEventClassID":"local","ApplicationProtocol":"SMB","CorrelationRuleName":"R445_03_Inbound connection from external host via SMB, RPC port","DeviceCustomString1":"local-in-policy","DeviceEventCategory":"traffic","DestinationServiceName":"Microsoft-DS (Directory Services) SMB file sharing","DeviceInboundInterface":"wan2","DeviceOutboundInterface":"root","DeviceCustomNumber2Label":"policyid","DeviceCustomString1Label":"policytype"}],"Rules":[{"Confidence":"medium","Custom":false,"ID":"49182bb8-1dd3-44cd-b561-101a5bd0e58d","Name":"R445_03_Inbound connection from external host via SMB, RPC port","Severity":"medium","Type":""}],"Severity":"low","SourceCreatedAt":"2025-10-10T01:04:44.306Z","SourceID":"5780fec6-1550-4d66-9bf2-e08460dff9d8","Status":"new","StatusChangedAt":"2025-10-10T01:04:44.642Z","StatusResolution":"","TenantID":"3d6c4203-7328-4fb2-98fa-f37d385ffbde","UpdatedAt":"2025-10-10T01:04:44.642Z"},{"Assets":null,"Assignee":{"ID":"nobody","Name":"Not assigned","Type":""},"CreatedAt":"2025-10-10T00:55:49.563Z","DetectionTechnologies":null,"ExternalRef":"","Extra":null,"FirstEventTime":"2025-10-10T00:55:47.466Z","HistoryRecords":null,"ID":18896,"IncidentID":"","IncidentLinkType":"","InternalID":"abe0dc65-2d17-4d9d-acb0-fc394b52ecc8","IsCII":false,"LastEventTime":"2025-10-10T00:55:49.198Z","MITRETactics":null,"MITRETechniques":null,"Name":"R445_05_Inbound connection from external host via management port","Observables":[{"Details":"","Type":"ip","Value":"78.128.114.38"},{"Details":"","Type":"hostname","Value":"windu"}],"OriginalEvents":[{"N":{"KL_CorrelationRulePriority":1},"ID":"abe0dc65-2d17-4d9d-acb0-fc394b52ecc8","Name":"R445_05_Inbound connection from external host via management port","Type":3,"EndTime":1760057749198,"Message":"The external host 78.128.114.38 remotely connected to the internal node 192.168.1.222 on port 3389 using the remote administration tool: RDP","Priority":1,"Severity":"notice","TenantID":"3d6c4203-7328-4fb2-98fa-f37d385ffbde","GroupedBy":["Message","DeviceAddress","DeviceHostName","SourceAddress","SourceHostName","SourceUserName","DestinationAddress","DestinationHostName","DestinationUserName","ApplicationProtocol","TransportProtocol","BytesIn","BytesOut","DeviceAction","DeviceAssetID","DeviceCity","DeviceCountry","DeviceDirection","DeviceDnsDomain","DeviceEventCategory","DeviceEventClassID","DeviceExternalID","DeviceFacility","DeviceHostName","DeviceInboundInterface","DeviceLatitude","DeviceLongitude","DeviceMacAddress","DeviceNtDomain","DeviceOutboundInterface","DevicePayloadID","DeviceProcessID","DeviceProcessName","DeviceReceiptTime","DeviceRegion","DeviceTimeZone","DeviceTranslatedAddress","DeviceVersion","EventOutcome","Reason","Severity","SourceAccountID","SourceAssetID","SourceCity","SourceCountry","SourceDnsDomain","SourceLatitude","SourceLongitude","SourceMacAddress","SourceNtDomain","SourcePort","SourceProcessID","SourceProcessName","SourceRegion","SourceServiceName","SourceTranslatedAddress","SourceTranslatedPort","SourceUserID","SourceUserPrivileges","DestinationAccountID","DestinationAssetID","DestinationCity","DestinationCountry","DestinationDnsDomain","DestinationLatitude","DestinationLongitude","DestinationMacAddress","DestinationNtDomain","DestinationPort","DestinationProcessID","DestinationProcessName","DestinationRegion","DestinationServiceName","DestinationTranslatedAddress","DestinationTranslatedPort","DestinationUserID","DestinationUserPrivileges","RequestClientApplication","RequestContext","RequestCookies","RequestMethod","RequestUrl","FileCreateTime","FileHash","FileID","FileModificationTime","FileName","FilePath","FilePermission","FileSize","FileType","OldFileCreateTime","OldFileHash","OldFileID","OldFileModificationTime","OldFileName","OldFilePath","OldFilePermission","OldFileSize","OldFileType","DeviceCustomDate1","DeviceCustomDate2","DeviceCustomFloatingPoint1","DeviceCustomFloatingPoint2","DeviceCustomFloatingPoint2Label","DeviceCustomFloatingPoint3","DeviceCustomFloatingPoint3Label","DeviceCustomFloatingPoint4","DeviceCustomFloatingPoint4Label","DeviceCustomIPv6Address1","DeviceCustomIPv6Address1Label","DeviceCustomIPv6Address3","DeviceCustomIPv6Address3Label","DeviceCustomIPv6Address4","DeviceCustomIPv6Address4Label","DeviceCustomNumber2","DeviceCustomNumber2Label","DeviceCustomNumber3","DeviceCustomString1","DeviceCustomNumber3Label","DeviceCustomString1Label","DeviceCustomString2","DeviceCustomString2Label","DeviceCustomString3","DeviceCustomString3Label","DeviceCustomString4","DeviceCustomString4Label","DeviceCustomString5","DeviceCustomString5Label","DeviceCustomString6","DeviceCustomString6Label","FlexDate1","FlexDate1Label","FlexNumber1","FlexNumber1Label","FlexNumber2","FlexNumber2Label","FlexString1","FlexString1Label","FlexString2","timestamp_just_added","timestamp_profiling_finished"],"ServiceID":"7a75f41d-313b-4f68-a99d-6427546cc799","StartTime":1760057749198,"Timestamp":1760057749199,"BaseEvents":[{"N":{"KL_CorrelationRulePriority":1},"ID":"05c5b47c-8434-4433-8c38-f71ab853cb8a","Name":"Connection. Inbound connection from external host using management ports","Type":3,"EndTime":1760057747466,"Message":"Connection Failed","Priority":1,"Severity":"notice","TenantID":"3d6c4203-7328-4fb2-98fa-f37d385ffbde","GroupedBy":["Message","DeviceAddress","DeviceHostName","SourceAddress","SourceHostName","SourceUserName","DestinationAddress","DestinationHostName","DestinationUserName","ApplicationProtocol","TransportProtocol","BytesIn","BytesOut","DeviceAction","DeviceAssetID","DeviceCity","DeviceCountry","DeviceDirection","DeviceDnsDomain","DeviceEventCategory","DeviceEventClassID","DeviceExternalID","DeviceFacility","DeviceHostName","DeviceInboundInterface","DeviceLatitude","DeviceLongitude","DeviceMacAddress","DeviceNtDomain","DeviceOutboundInterface","DevicePayloadID","DeviceProcessID","DeviceProcessName","DeviceReceiptTime","DeviceRegion","DeviceTimeZone","DeviceTranslatedAddress","DeviceVersion","EventOutcome","Reason","Severity","SourceAccountID","SourceAssetID","SourceCity","SourceCountry","SourceDnsDomain","SourceLatitude","SourceLongitude","SourceMacAddress","SourceNtDomain","SourcePort","SourceProcessID","SourceProcessName","SourceRegion","SourceServiceName","SourceTranslatedAddress","SourceTranslatedPort","SourceUserID","SourceUserPrivileges","DestinationAccountID","DestinationAssetID","DestinationCity","DestinationCountry","DestinationDnsDomain","DestinationLatitude","DestinationLongitude","DestinationMacAddress","DestinationNtDomain","DestinationPort","DestinationProcessID","DestinationProcessName","DestinationRegion","DestinationServiceName","DestinationTranslatedAddress","DestinationTranslatedPort","DestinationUserID","DestinationUserPrivileges","RequestClientApplication","RequestContext","RequestCookies","RequestMethod","RequestUrl","FileCreateTime","FileHash","FileID","FileModificationTime","FileName","FilePath","FilePermission","FileSize","FileType","OldFileCreateTime","OldFileHash","OldFileID","OldFileModificationTime","OldFileName","OldFilePath","OldFilePermission","OldFileSize","OldFileType","DeviceCustomDate1","DeviceCustomDate2","DeviceCustomFloatingPoint1","DeviceCustomFloatingPoint2","DeviceCustomFloatingPoint2Label","DeviceCustomFloatingPoint3","DeviceCustomFloatingPoint3Label","DeviceCustomFloatingPoint4","DeviceCustomFloatingPoint4Label","DeviceCustomIPv6Address1","DeviceCustomIPv6Address1Label","DeviceCustomIPv6Address3","DeviceCustomIPv6Address3Label","DeviceCustomIPv6Address4","DeviceCustomIPv6Address4Label","DeviceCustomNumber2","DeviceCustomNumber2Label","DeviceCustomNumber3","DeviceCustomString1","DeviceCustomNumber3Label","DeviceCustomString1Label","DeviceCustomString2","DeviceCustomString2Label","DeviceCustomString3","DeviceCustomString3Label","DeviceCustomString4","DeviceCustomString4Label","DeviceCustomString5","DeviceCustomString5Label","DeviceCustomString6","DeviceCustomString6Label","FlexDate1","FlexDate1Label","FlexNumber1","FlexNumber1Label","FlexNumber2","FlexNumber2Label","FlexString1","FlexString1Label","FlexString2"],"ServiceID":"7a75f41d-313b-4f68-a99d-6427546cc799","StartTime":1760057747466,"Timestamp":1760057749198,"BaseEvents":[{"ID":"f22054db-e402-4fae-a438-8ca5002176eb","Name":"traffic","Type":1,"EndTime":1759359347000,"Message":"Connection Failed","Priority":0,"Severity":"notice","TenantID":"3d6c4203-7328-4fb2-98fa-f37d385ffbde","ServiceID":"71d3be03-d996-4ec6-a03d-223288e5abc8","Timestamp":1760057747466,"ExternalID":"71750230","SourcePort":53650,"ServiceName":"Fortigate","DeviceAction":"deny","DeviceVendor":"Fortninet","DeviceAddress":"192.168.51.14","DeviceProduct":"Fortigate","SourceAddress":"78.128.114.38","DeviceHostName":"windu","DeviceTimeZone":"+02:00","DestinationPort":3389,"DeviceExternalID":"FGT60FTK22032234","DeviceReceiptTime":1760057747466,"TransportProtocol":"6","DestinationAddress":"192.168.1.222","DeviceEventClassID":"local","ApplicationProtocol":"RDP","DeviceCustomString1":"local-in-policy","DeviceEventCategory":"traffic","DeviceInboundInterface":"wan2","DeviceOutboundInterface":"root","DeviceCustomNumber1Label":"duration","DeviceCustomNumber2Label":"policyid","DeviceCustomString1Label":"policytype"}],"SourcePort":53650,"ServiceName":"[OOTB] Correlator","DeviceAction":"deny","DeviceVendor":"Kaspersky","DeviceAddress":"192.168.51.14","DeviceProduct":"KUMA","SourceAddress":"78.128.114.38","BaseEventCount":1,"DeviceHostName":"windu","DeviceTimeZone":"+02:00","DestinationPort":3389,"DeviceExternalID":"FGT60FTK22032234","CorrelationRuleID":"83fea516-0ec2-4fd2-96c0-1136c65378bb","DeviceReceiptTime":1760057747466,"TransportProtocol":"6","DestinationAddress":"192.168.1.222","DeviceEventClassID":"local","ApplicationProtocol":"RDP","CorrelationRuleName":"Connection. Inbound connection from external host using management ports","DeviceCustomString1":"local-in-policy","DeviceEventCategory":"traffic","DeviceInboundInterface":"wan2","DeviceOutboundInterface":"root","DeviceCustomNumber2Label":"policyid","DeviceCustomString1Label":"policytype"}],"ExternalID":"R445_05","SourcePort":53650,"ServiceName":"[OOTB] Correlator","DeviceAction":"deny","DeviceVendor":"Kaspersky","DeviceAddress":"192.168.51.14","DeviceProduct":"KUMA","SourceAddress":"78.128.114.38","BaseEventCount":1,"DeviceHostName":"windu","DeviceTimeZone":"+02:00","DestinationPort":3389,"DeviceExternalID":"FGT60FTK22032234","CorrelationRuleID":"4eeda10b-8ef6-4725-846d-62b00bfa7561","DeviceReceiptTime":1760057747466,"TransportProtocol":"6","DestinationAddress":"192.168.1.222","DeviceEventClassID":"local","ApplicationProtocol":"RDP","CorrelationRuleName":"R445_05_Inbound connection from external host via management port","DeviceCustomString1":"local-in-policy","DeviceEventCategory":"traffic","DestinationServiceName":"RDP","DeviceInboundInterface":"wan2","DeviceOutboundInterface":"root","DeviceCustomNumber2Label":"policyid","DeviceCustomString1Label":"policytype"}],"Rules":[{"Confidence":"medium","Custom":false,"ID":"4eeda10b-8ef6-4725-846d-62b00bfa7561","Name":"R445_05_Inbound connection from external host via management port","Severity":"medium","Type":""}],"Severity":"low","SourceCreatedAt":"2025-10-10T00:55:49.198Z","SourceID":"abe0dc65-2d17-4d9d-acb0-fc394b52ecc8","Status":"new","StatusChangedAt":"2025-10-10T00:55:49.563Z","StatusResolution":"","TenantID":"3d6c4203-7328-4fb2-98fa-f37d385ffbde","UpdatedAt":"2025-10-10T00:55:49.563Z"},{"Assets":null,"Assignee":{"ID":"nobody","Name":"Not assigned","Type":""},"CreatedAt":"2025-10-10T01:01:14.614Z","DetectionTechnologies":null,"ExternalRef":"","Extra":null,"FirstEventTime":"2025-10-10T01:01:09.411Z","HistoryRecords":null,"ID":18900,"IncidentID":"","IncidentLinkType":"","InternalID":"4d8caa2c-3cde-462e-92b8-ad6553168d00","IsCII":false,"LastEventTime":"2025-10-10T01:01:14.253Z","MITRETactics":null,"MITRETechniques":null,"Name":"R445_03_Inbound connection from external host via SMB, RPC port","Observables":[{"Details":"","Type":"ip","Value":"45.186.24.58"},{"Details":"","Type":"hostname","Value":"windu"}],"OriginalEvents":[{"N":{"KL_CorrelationRulePriority":1},"ID":"4d8caa2c-3cde-462e-92b8-ad6553168d00","Name":"R445_03_Inbound connection from external host via SMB, RPC port","Type":3,"EndTime":1760058074252,"Message":"The external host 45.186.24.58 remotely connected to the internal node 192.168.1.222 on port 445 which is used in SMB, RPC protocols: Microsoft-DS (Directory Services) SMB file sharing","Priority":1,"Severity":"notice","TenantID":"3d6c4203-7328-4fb2-98fa-f37d385ffbde","GroupedBy":["Message","DeviceAddress","DeviceHostName","SourceAddress","SourceHostName","SourceUserName","DestinationAddress","DestinationHostName","DestinationUserName","ApplicationProtocol","TransportProtocol","BytesIn","BytesOut","DeviceAction","DeviceAssetID","DeviceCity","DeviceCountry","DeviceDirection","DeviceDnsDomain","DeviceEventCategory","DeviceEventClassID","DeviceExternalID","DeviceFacility","DeviceHostName","DeviceInboundInterface","DeviceLatitude","DeviceLongitude","DeviceMacAddress","DeviceNtDomain","DeviceOutboundInterface","DevicePayloadID","DeviceProcessID","DeviceProcessName","DeviceReceiptTime","DeviceRegion","DeviceTimeZone","DeviceTranslatedAddress","DeviceVersion","EventOutcome","Reason","Severity","SourceAccountID","SourceAssetID","SourceCity","SourceCountry","SourceDnsDomain","SourceLatitude","SourceLongitude","SourceMacAddress","SourceNtDomain","SourcePort","SourceProcessID","SourceProcessName","SourceRegion","SourceServiceName","SourceTranslatedAddress","SourceTranslatedPort","SourceUserID","SourceUserPrivileges","DestinationAccountID","DestinationAssetID","DestinationCity","DestinationCountry","DestinationDnsDomain","DestinationLatitude","DestinationLongitude","DestinationMacAddress","DestinationNtDomain","DestinationPort","DestinationProcessID","DestinationProcessName","DestinationRegion","DestinationServiceName","DestinationTranslatedAddress","DestinationTranslatedPort","DestinationUserID","DestinationUserPrivileges","RequestClientApplication","RequestContext","RequestCookies","RequestMethod","RequestUrl","FileCreateTime","FileHash","FileID","FileModificationTime","FileName","FilePath","FilePermission","FileSize","FileType","OldFileCreateTime","OldFileHash","OldFileID","OldFileModificationTime","OldFileName","OldFilePath","OldFilePermission","OldFileSize","OldFileType","DeviceCustomDate1","DeviceCustomDate2","DeviceCustomFloatingPoint1","DeviceCustomFloatingPoint2","DeviceCustomFloatingPoint2Label","DeviceCustomFloatingPoint3","DeviceCustomFloatingPoint3Label","DeviceCustomFloatingPoint4","DeviceCustomFloatingPoint4Label","DeviceCustomIPv6Address1","DeviceCustomIPv6Address1Label","DeviceCustomIPv6Address3","DeviceCustomIPv6Address3Label","DeviceCustomIPv6Address4","DeviceCustomIPv6Address4Label","DeviceCustomNumber2","DeviceCustomNumber2Label","DeviceCustomNumber3","DeviceCustomString1","DeviceCustomNumber3Label","DeviceCustomString1Label","DeviceCustomString2","DeviceCustomString2Label","DeviceCustomString3","DeviceCustomString3Label","DeviceCustomString4","DeviceCustomString4Label","DeviceCustomString5","DeviceCustomString5Label","DeviceCustomString6","DeviceCustomString6Label","FlexDate1","FlexDate1Label","FlexNumber1","FlexNumber1Label","FlexNumber2","FlexNumber2Label","FlexString1","FlexString1Label","FlexString2","timestamp_just_added","timestamp_profiling_finished"],"ServiceID":"7a75f41d-313b-4f68-a99d-6427546cc799","StartTime":1760058074252,"Timestamp":1760058074254,"BaseEvents":[{"N":{"KL_CorrelationRulePriority":1},"ID":"eadde78b-9762-424a-bc0c-8839d110bd1c","Name":"Connection. Inbound connection from external host using SMB, RPC ports","Type":3,"EndTime":1760058069411,"Message":"Connection Failed","Priority":1,"Severity":"notice","TenantID":"3d6c4203-7328-4fb2-98fa-f37d385ffbde","GroupedBy":["Message","DeviceAddress","DeviceHostName","SourceAddress","SourceHostName","SourceUserName","DestinationAddress","DestinationHostName","DestinationUserName","ApplicationProtocol","TransportProtocol","BytesIn","BytesOut","DeviceAction","DeviceAssetID","DeviceCity","DeviceCountry","DeviceDirection","DeviceDnsDomain","DeviceEventCategory","DeviceEventClassID","DeviceExternalID","DeviceFacility","DeviceHostName","DeviceInboundInterface","DeviceLatitude","DeviceLongitude","DeviceMacAddress","DeviceNtDomain","DeviceOutboundInterface","DevicePayloadID","DeviceProcessID","DeviceProcessName","DeviceReceiptTime","DeviceRegion","DeviceTimeZone","DeviceTranslatedAddress","DeviceVersion","EventOutcome","Reason","Severity","SourceAccountID","SourceAssetID","SourceCity","SourceCountry","SourceDnsDomain","SourceLatitude","SourceLongitude","SourceMacAddress","SourceNtDomain","SourcePort","SourceProcessID","SourceProcessName","SourceRegion","SourceServiceName","SourceTranslatedAddress","SourceTranslatedPort","SourceUserID","SourceUserPrivileges","DestinationAccountID","DestinationAssetID","DestinationCity","DestinationCountry","DestinationDnsDomain","DestinationLatitude","DestinationLongitude","DestinationMacAddress","DestinationNtDomain","DestinationPort","DestinationProcessID","DestinationProcessName","DestinationRegion","DestinationServiceName","DestinationTranslatedAddress","DestinationTranslatedPort","DestinationUserID","DestinationUserPrivileges","RequestClientApplication","RequestContext","RequestCookies","RequestMethod","RequestUrl","FileCreateTime","FileHash","FileID","FileModificationTime","FileName","FilePath","FilePermission","FileSize","FileType","OldFileCreateTime","OldFileHash","OldFileID","OldFileModificationTime","OldFileName","OldFilePath","OldFilePermission","OldFileSize","OldFileType","DeviceCustomDate1","DeviceCustomDate2","DeviceCustomFloatingPoint1","DeviceCustomFloatingPoint2","DeviceCustomFloatingPoint2Label","DeviceCustomFloatingPoint3","DeviceCustomFloatingPoint3Label","DeviceCustomFloatingPoint4","DeviceCustomFloatingPoint4Label","DeviceCustomIPv6Address1","DeviceCustomIPv6Address1Label","DeviceCustomIPv6Address3","DeviceCustomIPv6Address3Label","DeviceCustomIPv6Address4","DeviceCustomIPv6Address4Label","DeviceCustomNumber2","DeviceCustomNumber2Label","DeviceCustomNumber3","DeviceCustomString1","DeviceCustomNumber3Label","DeviceCustomString1Label","DeviceCustomString2","DeviceCustomString2Label","DeviceCustomString3","DeviceCustomString3Label","DeviceCustomString4","DeviceCustomString4Label","DeviceCustomString5","DeviceCustomString5Label","DeviceCustomString6","DeviceCustomString6Label","FlexDate1","FlexDate1Label","FlexNumber1","FlexNumber1Label","FlexNumber2","FlexNumber2Label","FlexString1","FlexString1Label","FlexString2"],"ServiceID":"7a75f41d-313b-4f68-a99d-6427546cc799","StartTime":1760058069411,"Timestamp":1760058074252,"BaseEvents":[{"ID":"c44f4ad3-1c16-4d2d-9062-0e4c67ab799b","Name":"traffic","Type":1,"EndTime":1760058068000,"Message":"Connection Failed","Priority":0,"Severity":"notice","TenantID":"3d6c4203-7328-4fb2-98fa-f37d385ffbde","ServiceID":"71d3be03-d996-4ec6-a03d-223288e5abc8","Timestamp":1760058069411,"ExternalID":"71756669","SourcePort":53161,"ServiceName":"Fortigate","DeviceAction":"deny","DeviceVendor":"Fortninet","DeviceAddress":"192.168.51.14","DeviceProduct":"Fortigate","SourceAddress":"45.186.24.58","DeviceHostName":"windu","DeviceTimeZone":"+02:00","DestinationPort":445,"DeviceExternalID":"FGT60FTK22032234","DeviceReceiptTime":1760058069411,"TransportProtocol":"6","DestinationAddress":"192.168.1.222","DeviceEventClassID":"local","ApplicationProtocol":"SMB","DeviceCustomString1":"local-in-policy","DeviceEventCategory":"traffic","DeviceInboundInterface":"wan2","DeviceOutboundInterface":"root","DeviceCustomNumber1Label":"duration","DeviceCustomNumber2Label":"policyid","DeviceCustomString1Label":"policytype"}],"SourcePort":53161,"ServiceName":"[OOTB] Correlator","DeviceAction":"deny","DeviceVendor":"Kaspersky","DeviceAddress":"192.168.51.14","DeviceProduct":"KUMA","SourceAddress":"45.186.24.58","BaseEventCount":1,"DeviceHostName":"windu","DeviceTimeZone":"+02:00","DestinationPort":445,"DeviceExternalID":"FGT60FTK22032234","CorrelationRuleID":"e2a20430-e50f-4f70-8970-8c799793a934","DeviceReceiptTime":1760058069411,"TransportProtocol":"6","DestinationAddress":"192.168.1.222","DeviceEventClassID":"local","ApplicationProtocol":"SMB","CorrelationRuleName":"Connection. Inbound connection from external host using SMB, RPC ports","DeviceCustomString1":"local-in-policy","DeviceEventCategory":"traffic","DeviceInboundInterface":"wan2","DeviceOutboundInterface":"root","DeviceCustomNumber2Label":"policyid","DeviceCustomString1Label":"policytype"}],"ExternalID":"R445_03","SourcePort":53161,"ServiceName":"[OOTB] Correlator","DeviceAction":"deny","DeviceVendor":"Kaspersky","DeviceAddress":"192.168.51.14","DeviceProduct":"KUMA","SourceAddress":"45.186.24.58","BaseEventCount":1,"DeviceHostName":"windu","DeviceTimeZone":"+02:00","DestinationPort":445,"DeviceExternalID":"FGT60FTK22032234","CorrelationRuleID":"49182bb8-1dd3-44cd-b561-101a5bd0e58d","DeviceReceiptTime":1760058069411,"TransportProtocol":"6","DestinationAddress":"192.168.1.222","DeviceEventClassID":"local","ApplicationProtocol":"SMB","CorrelationRuleName":"R445_03_Inbound connection from external host via SMB, RPC port","DeviceCustomString1":"local-in-policy","DeviceEventCategory":"traffic","DestinationServiceName":"Microsoft-DS (Directory Services) SMB file sharing","DeviceInboundInterface":"wan2","DeviceOutboundInterface":"root","DeviceCustomNumber2Label":"policyid","DeviceCustomString1Label":"policytype"}],"Rules":[{"Confidence":"medium","Custom":false,"ID":"49182bb8-1dd3-44cd-b561-101a5bd0e58d","Name":"R445_03_Inbound connection from external host via SMB, RPC port","Severity":"medium","Type":""}],"Severity":"low","SourceCreatedAt":"2025-10-10T01:01:14.253Z","SourceID":"4d8caa2c-3cde-462e-92b8-ad6553168d00","Status":"new","StatusChangedAt":"2025-10-10T01:01:14.614Z","StatusResolution":"","TenantID":"3d6c4203-7328-4fb2-98fa-f37d385ffbde","UpdatedAt":"2025-10-10T01:01:14.614Z"},{"Assets":null,"Assignee":{"ID":"nobody","Name":"Not assigned","Type":""},"CreatedAt":"2025-10-10T01:07:24.666Z","DetectionTechnologies":null,"ExternalRef":"","Extra":null,"FirstEventTime":"2025-10-04T07:02:29.993Z","HistoryRecords":null,"ID":18903,"IncidentID":"","IncidentLinkType":"","InternalID":"270ee13c-bb76-4b79-beb9-9f1eacc29904","IsCII":false,"LastEventTime":"2025-10-10T01:07:24.339Z","MITRETactics":null,"MITRETechniques":null,"Name":"R445_03_Inbound connection from external host via SMB, RPC port","Observables":[{"Details":"","Type":"ip","Value":"180.172.140.20"},{"Details":"","Type":"hostname","Value":"windu"}],"OriginalEvents":[{"N":{"KL_CorrelationRulePriority":1},"ID":"270ee13c-bb76-4b79-beb9-9f1eacc29904","Name":"R445_03_Inbound connection from external host via SMB, RPC port","Type":3,"EndTime":1760058444340,"Message":"The external host 180.172.140.20 remotely connected to the internal node 192.168.1.222 on port 445 which is used in SMB, RPC protocols: Microsoft-DS (Directory Services) SMB file sharing","Priority":1,"Severity":"notice","TenantID":"3d6c4203-7328-4fb2-98fa-f37d385ffbde","GroupedBy":["Message","DeviceAddress","DeviceHostName","SourceAddress","SourceHostName","SourceUserName","DestinationAddress","DestinationHostName","DestinationUserName","ApplicationProtocol","TransportProtocol","BytesIn","BytesOut","DeviceAction","DeviceAssetID","DeviceCity","DeviceCountry","DeviceDirection","DeviceDnsDomain","DeviceEventCategory","DeviceEventClassID","DeviceExternalID","DeviceFacility","DeviceHostName","DeviceInboundInterface","DeviceLatitude","DeviceLongitude","DeviceMacAddress","DeviceNtDomain","DeviceOutboundInterface","DevicePayloadID","DeviceProcessID","DeviceProcessName","DeviceReceiptTime","DeviceRegion","DeviceTimeZone","DeviceTranslatedAddress","DeviceVersion","EventOutcome","Reason","Severity","SourceAccountID","SourceAssetID","SourceCity","SourceCountry","SourceDnsDomain","SourceLatitude","SourceLongitude","SourceMacAddress","SourceNtDomain","SourcePort","SourceProcessID","SourceProcessName","SourceRegion","SourceServiceName","SourceTranslatedAddress","SourceTranslatedPort","SourceUserID","SourceUserPrivileges","DestinationAccountID","DestinationAssetID","DestinationCity","DestinationCountry","DestinationDnsDomain","DestinationLatitude","DestinationLongitude","DestinationMacAddress","DestinationNtDomain","DestinationPort","DestinationProcessID","DestinationProcessName","DestinationRegion","DestinationServiceName","DestinationTranslatedAddress","DestinationTranslatedPort","DestinationUserID","DestinationUserPrivileges","RequestClientApplication","RequestContext","RequestCookies","RequestMethod","RequestUrl","FileCreateTime","FileHash","FileID","FileModificationTime","FileName","FilePath","FilePermission","FileSize","FileType","OldFileCreateTime","OldFileHash","OldFileID","OldFileModificationTime","OldFileName","OldFilePath","OldFilePermission","OldFileSize","OldFileType","DeviceCustomDate1","DeviceCustomDate2","DeviceCustomFloatingPoint1","DeviceCustomFloatingPoint2","DeviceCustomFloatingPoint2Label","DeviceCustomFloatingPoint3","DeviceCustomFloatingPoint3Label","DeviceCustomFloatingPoint4","DeviceCustomFloatingPoint4Label","DeviceCustomIPv6Address1","DeviceCustomIPv6Address1Label","DeviceCustomIPv6Address3","DeviceCustomIPv6Address3Label","DeviceCustomIPv6Address4","DeviceCustomIPv6Address4Label","DeviceCustomNumber2","DeviceCustomNumber2Label","DeviceCustomNumber3","DeviceCustomString1","DeviceCustomNumber3Label","DeviceCustomString1Label","DeviceCustomString2","DeviceCustomString2Label","DeviceCustomString3","DeviceCustomString3Label","DeviceCustomString4","DeviceCustomString4Label","DeviceCustomString5","DeviceCustomString5Label","DeviceCustomString6","DeviceCustomString6Label","FlexDate1","FlexDate1Label","FlexNumber1","FlexNumber1Label","FlexNumber2","FlexNumber2Label","FlexString1","FlexString1Label","FlexString2","timestamp_just_added","timestamp_profiling_finished"],"ServiceID":"7a75f41d-313b-4f68-a99d-6427546cc799","StartTime":1760058444340,"Timestamp":1760058444340,"BaseEvents":[{"N":{"KL_CorrelationRulePriority":1},"ID":"281e2951-d5d3-4ef4-aff9-066fb8bfd13a","Name":"Connection. Inbound connection from external host using SMB, RPC ports","Type":3,"EndTime":1759561349993,"Message":"Connection Failed","Priority":1,"Severity":"notice","TenantID":"3d6c4203-7328-4fb2-98fa-f37d385ffbde","GroupedBy":["Message","DeviceAddress","DeviceHostName","SourceAddress","SourceHostName","SourceUserName","DestinationAddress","DestinationHostName","DestinationUserName","ApplicationProtocol","TransportProtocol","BytesIn","BytesOut","DeviceAction","DeviceAssetID","DeviceCity","DeviceCountry","DeviceDirection","DeviceDnsDomain","DeviceEventCategory","DeviceEventClassID","DeviceExternalID","DeviceFacility","DeviceHostName","DeviceInboundInterface","DeviceLatitude","DeviceLongitude","DeviceMacAddress","DeviceNtDomain","DeviceOutboundInterface","DevicePayloadID","DeviceProcessID","DeviceProcessName","DeviceReceiptTime","DeviceRegion","DeviceTimeZone","DeviceTranslatedAddress","DeviceVersion","EventOutcome","Reason","Severity","SourceAccountID","SourceAssetID","SourceCity","SourceCountry","SourceDnsDomain","SourceLatitude","SourceLongitude","SourceMacAddress","SourceNtDomain","SourcePort","SourceProcessID","SourceProcessName","SourceRegion","SourceServiceName","SourceTranslatedAddress","SourceTranslatedPort","SourceUserID","SourceUserPrivileges","DestinationAccountID","DestinationAssetID","DestinationCity","DestinationCountry","DestinationDnsDomain","DestinationLatitude","DestinationLongitude","DestinationMacAddress","DestinationNtDomain","DestinationPort","DestinationProcessID","DestinationProcessName","DestinationRegion","DestinationServiceName","DestinationTranslatedAddress","DestinationTranslatedPort","DestinationUserID","DestinationUserPrivileges","RequestClientApplication","RequestContext","RequestCookies","RequestMethod","RequestUrl","FileCreateTime","FileHash","FileID","FileModificationTime","FileName","FilePath","FilePermission","FileSize","FileType","OldFileCreateTime","OldFileHash","OldFileID","OldFileModificationTime","OldFileName","OldFilePath","OldFilePermission","OldFileSize","OldFileType","DeviceCustomDate1","DeviceCustomDate2","DeviceCustomFloatingPoint1","DeviceCustomFloatingPoint2","DeviceCustomFloatingPoint2Label","DeviceCustomFloatingPoint3","DeviceCustomFloatingPoint3Label","DeviceCustomFloatingPoint4","DeviceCustomFloatingPoint4Label","DeviceCustomIPv6Address1","DeviceCustomIPv6Address1Label","DeviceCustomIPv6Address3","DeviceCustomIPv6Address3Label","DeviceCustomIPv6Address4","DeviceCustomIPv6Address4Label","DeviceCustomNumber2","DeviceCustomNumber2Label","DeviceCustomNumber3","DeviceCustomString1","DeviceCustomNumber3Label","DeviceCustomString1Label","DeviceCustomString2","DeviceCustomString2Label","DeviceCustomString3","DeviceCustomString3Label","DeviceCustomString4","DeviceCustomString4Label","DeviceCustomString5","DeviceCustomString5Label","DeviceCustomString6","DeviceCustomString6Label","FlexDate1","FlexDate1Label","FlexNumber1","FlexNumber1Label","FlexNumber2","FlexNumber2Label","FlexString1","FlexString1Label","FlexString2"],"ServiceID":"7a75f41d-313b-4f68-a99d-6427546cc799","StartTime":1759561349993,"Timestamp":1760058444340,"BaseEvents":[{"ID":"2ce07029-6a0a-41b7-9d0d-6010bd544722","Name":"traffic","Type":1,"EndTime":1759528949000,"Message":"Connection Failed","Priority":0,"Severity":"notice","TenantID":"3d6c4203-7328-4fb2-98fa-f37d385ffbde","ServiceID":"71d3be03-d996-4ec6-a03d-223288e5abc8","Timestamp":1759561349993,"ExternalID":"62771139","SourcePort":29419,"ServiceName":"Fortigate","DeviceAction":"deny","DeviceVendor":"Fortninet","DeviceAddress":"192.168.51.14","DeviceProduct":"Fortigate","SourceAddress":"180.172.140.20","DeviceHostName":"windu","DeviceTimeZone":"+02:00","DestinationPort":445,"DeviceExternalID":"FGT60FTK22032234","DeviceReceiptTime":1759561349993,"TransportProtocol":"6","DestinationAddress":"192.168.1.222","DeviceEventClassID":"local","ApplicationProtocol":"SMB","DeviceCustomString1":"local-in-policy","DeviceEventCategory":"traffic","DeviceInboundInterface":"wan2","DeviceOutboundInterface":"root","DeviceCustomNumber1Label":"duration","DeviceCustomNumber2Label":"policyid","DeviceCustomString1Label":"policytype"}],"SourcePort":29419,"ServiceName":"[OOTB] Correlator","DeviceAction":"deny","DeviceVendor":"Kaspersky","DeviceAddress":"192.168.51.14","DeviceProduct":"KUMA","SourceAddress":"180.172.140.20","BaseEventCount":1,"DeviceHostName":"windu","DeviceTimeZone":"+02:00","DestinationPort":445,"DeviceExternalID":"FGT60FTK22032234","CorrelationRuleID":"e2a20430-e50f-4f70-8970-8c799793a934","DeviceReceiptTime":1759561349993,"TransportProtocol":"6","DestinationAddress":"192.168.1.222","DeviceEventClassID":"local","ApplicationProtocol":"SMB","CorrelationRuleName":"Connection. Inbound connection from external host using SMB, RPC ports","DeviceCustomString1":"local-in-policy","DeviceEventCategory":"traffic","DeviceInboundInterface":"wan2","DeviceOutboundInterface":"root","DeviceCustomNumber2Label":"policyid","DeviceCustomString1Label":"policytype"}],"ExternalID":"R445_03","SourcePort":29419,"ServiceName":"[OOTB] Correlator","DeviceAction":"deny","DeviceVendor":"Kaspersky","DeviceAddress":"192.168.51.14","DeviceProduct":"KUMA","SourceAddress":"180.172.140.20","BaseEventCount":1,"DeviceHostName":"windu","DeviceTimeZone":"+02:00","DestinationPort":445,"DeviceExternalID":"FGT60FTK22032234","CorrelationRuleID":"49182bb8-1dd3-44cd-b561-101a5bd0e58d","DeviceReceiptTime":1759561349993,"TransportProtocol":"6","DestinationAddress":"192.168.1.222","DeviceEventClassID":"local","ApplicationProtocol":"SMB","CorrelationRuleName":"R445_03_Inbound connection from external host via SMB, RPC port","DeviceCustomString1":"local-in-policy","DeviceEventCategory":"traffic","DestinationServiceName":"Microsoft-DS (Directory Services) SMB file sharing","DeviceInboundInterface":"wan2","DeviceOutboundInterface":"root","DeviceCustomNumber2Label":"policyid","DeviceCustomString1Label":"policytype"}],"Rules":[{"Confidence":"medium","Custom":false,"ID":"49182bb8-1dd3-44cd-b561-101a5bd0e58d","Name":"R445_03_Inbound connection from external host via SMB, RPC port","Severity":"medium","Type":""}],"Severity":"low","SourceCreatedAt":"2025-10-10T01:07:24.339Z","SourceID":"270ee13c-bb76-4b79-beb9-9f1eacc29904","Status":"new","StatusChangedAt":"2025-10-10T01:07:24.666Z","StatusResolution":"","TenantID":"3d6c4203-7328-4fb2-98fa-f37d385ffbde","UpdatedAt":"2025-10-10T01:07:24.666Z"},{"Assets":null,"Assignee":{"ID":"nobody","Name":"Not assigned","Type":""},"CreatedAt":"2025-10-11T08:18:24.915Z","DetectionTechnologies":null,"ExternalRef":"","Extra":null,"FirstEventTime":"2025-10-11T08:18:19.994Z","HistoryRecords":null,"ID":20656,"IncidentID":"","IncidentLinkType":"","InternalID":"9cc17a0e-9e09-476f-8779-6a10f82537e2","IsCII":false,"LastEventTime":"2025-10-11T08:18:24.723Z","MITRETactics":null,"MITRETechniques":null,"Name":"R219_Use of VPN ports","Observables":[{"Details":"","Type":"ip","Value":"62.201.149.81"},{"Details":"","Type":"hostname","Value":"windu"}],"OriginalEvents":[{"N":{"KL_CorrelationRulePriority":2},"ID":"9cc17a0e-9e09-476f-8779-6a10f82537e2","Name":"R219_Use of VPN ports","Type":3,"EndTime":1760170704724,"Priority":2,"TenantID":"3d6c4203-7328-4fb2-98fa-f37d385ffbde","GroupedBy":["SourceAddress","SourceAssetID","SourceHostName","SourceNtDomain","SourcePort","DestinationAddress","DestinationAssetID","DestinationHostName","DestinationNtDomain","DestinationPort","TransportProtocol"],"ServiceID":"7a75f41d-313b-4f68-a99d-6427546cc799","StartTime":1760170699995,"Timestamp":1760170704724,"BaseEvents":[{"ID":"6f7efcf2-77f7-494b-9ee1-fdda267b1827","Name":"traffic","Type":1,"BytesIn":12809,"EndTime":1760170699995,"BytesOut":12293,"Priority":0,"Severity":"notice","TenantID":"3d6c4203-7328-4fb2-98fa-f37d385ffbde","ServiceID":"71d3be03-d996-4ec6-a03d-223288e5abc8","Timestamp":1760170699995,"ExternalID":"74365816","SourcePort":4500,"ServiceName":"Fortigate","DeviceAction":"accept","DeviceVendor":"Fortninet","DeviceAddress":"192.168.51.14","DeviceProduct":"Fortigate","SourceAddress":"192.168.10.66","DeviceHostName":"windu","DeviceTimeZone":"+02:00","DestinationPort":4500,"DeviceExternalID":"FGT60FTK22032234","DeviceReceiptTime":1760170699995,"TransportProtocol":"17","DestinationAddress":"62.201.149.81","DeviceEventClassID":"forward","ApplicationProtocol":"MMS","DeviceCustomNumber1":866,"DeviceCustomNumber2":27,"DeviceCustomString1":"policy","DeviceEventCategory":"traffic","SourceTranslatedPort":64917,"DeviceInboundInterface":"Prod0Root1_1","DeviceOutboundInterface":"wan2","SourceTranslatedAddress":"192.168.1.222","DeviceCustomNumber1Label":"duration","DeviceCustomNumber2Label":"policyid","DeviceCustomString1Label":"policytype"}],"ExternalID":"R219","SourcePort":4500,"ServiceName":"[OOTB] Correlator","DeviceVendor":"Kaspersky","DeviceProduct":"KUMA","SourceAddress":"192.168.10.66","BaseEventCount":1,"DeviceTimeZone":"+02:00","DestinationPort":4500,"CorrelationRuleID":"b896c0f9-c5f8-4996-96d1-7811fc66e8c7","TransportProtocol":"17","DestinationAddress":"62.201.149.81","CorrelationRuleName":"R219_Use of VPN ports"}],"Rules":[{"Confidence":"medium","Custom":false,"ID":"b896c0f9-c5f8-4996-96d1-7811fc66e8c7","Name":"R219_Use of VPN ports","Severity":"high","Type":""}],"Severity":"medium","SourceCreatedAt":"2025-10-11T08:18:24.723Z","SourceID":"9cc17a0e-9e09-476f-8779-6a10f82537e2","Status":"new","StatusChangedAt":"2025-10-11T08:18:24.915Z","StatusResolution":"","TenantID":"3d6c4203-7328-4fb2-98fa-f37d385ffbde","UpdatedAt":"2025-10-11T08:18:24.915Z"},{"Assets":null,"Assignee":{"ID":"nobody","Name":"Not assigned","Type":""},"CreatedAt":"2025-10-11T08:22:54.948Z","DetectionTechnologies":null,"ExternalRef":"","Extra":null,"FirstEventTime":"2025-10-11T08:22:51.598Z","HistoryRecords":null,"ID":20659,"IncidentID":"","IncidentLinkType":"","InternalID":"2bf0db8e-948c-4a17-8525-836da968d73b","IsCII":false,"LastEventTime":"2025-10-11T08:22:54.779Z","MITRETactics":null,"MITRETechniques":null,"Name":"R219_Use of VPN ports","Observables":[{"Details":"","Type":"ip","Value":"62.201.149.81"},{"Details":"","Type":"hostname","Value":"windu"}],"OriginalEvents":[{"N":{"KL_CorrelationRulePriority":2},"ID":"2bf0db8e-948c-4a17-8525-836da968d73b","Name":"R219_Use of VPN ports","Type":3,"EndTime":1760170974780,"Priority":2,"TenantID":"3d6c4203-7328-4fb2-98fa-f37d385ffbde","GroupedBy":["SourceAddress","SourceAssetID","SourceHostName","SourceNtDomain","SourcePort","DestinationAddress","DestinationAssetID","DestinationHostName","DestinationNtDomain","DestinationPort","TransportProtocol"],"ServiceID":"7a75f41d-313b-4f68-a99d-6427546cc799","StartTime":1760170971599,"Timestamp":1760170974780,"BaseEvents":[{"ID":"8517a1fa-d508-4038-af12-d38f7efcb92a","Name":"traffic","Type":1,"BytesIn":13437,"EndTime":1760170971599,"BytesOut":13182,"Priority":0,"Severity":"notice","TenantID":"3d6c4203-7328-4fb2-98fa-f37d385ffbde","ServiceID":"71d3be03-d996-4ec6-a03d-223288e5abc8","Timestamp":1760170971599,"ExternalID":"74365816","SourcePort":4500,"ServiceName":"Fortigate","DeviceAction":"accept","DeviceVendor":"Fortninet","DeviceAddress":"192.168.51.14","DeviceProduct":"Fortigate","SourceAddress":"192.168.10.66","DeviceHostName":"windu","DeviceTimeZone":"+02:00","DestinationPort":4500,"DeviceExternalID":"FGT60FTK22032234","DeviceReceiptTime":1760170971599,"TransportProtocol":"17","DestinationAddress":"62.201.149.81","DeviceEventClassID":"forward","ApplicationProtocol":"MMS","DeviceCustomNumber1":1138,"DeviceCustomNumber2":27,"DeviceCustomString1":"policy","DeviceEventCategory":"traffic","SourceTranslatedPort":64917,"DeviceInboundInterface":"Prod0Root1_1","DeviceOutboundInterface":"wan2","SourceTranslatedAddress":"192.168.1.222","DeviceCustomNumber1Label":"duration","DeviceCustomNumber2Label":"policyid","DeviceCustomString1Label":"policytype"}],"ExternalID":"R219","SourcePort":4500,"ServiceName":"[OOTB] Correlator","DeviceVendor":"Kaspersky","DeviceProduct":"KUMA","SourceAddress":"192.168.10.66","BaseEventCount":1,"DeviceTimeZone":"+02:00","DestinationPort":4500,"CorrelationRuleID":"b896c0f9-c5f8-4996-96d1-7811fc66e8c7","TransportProtocol":"17","DestinationAddress":"62.201.149.81","CorrelationRuleName":"R219_Use of VPN ports"}],"Rules":[{"Confidence":"medium","Custom":false,"ID":"b896c0f9-c5f8-4996-96d1-7811fc66e8c7","Name":"R219_Use of VPN ports","Severity":"high","Type":""}],"Severity":"medium","SourceCreatedAt":"2025-10-11T08:22:54.779Z","SourceID":"2bf0db8e-948c-4a17-8525-836da968d73b","Status":"new","StatusChangedAt":"2025-10-11T08:22:54.948Z","StatusResolution":"","TenantID":"3d6c4203-7328-4fb2-98fa-f37d385ffbde","UpdatedAt":"2025-10-11T08:22:54.948Z"},{"Assets":null,"Assignee":{"ID":"nobody","Name":"Not assigned","Type":""},"CreatedAt":"2025-10-11T08:24:59.983Z","DetectionTechnologies":null,"ExternalRef":"","Extra":null,"FirstEventTime":"2025-10-05T14:08:05.901Z","HistoryRecords":null,"ID":20661,"IncidentID":"","IncidentLinkType":"","InternalID":"936958d8-1d7c-4166-a5e9-6a53271a68fd","IsCII":false,"LastEventTime":"2025-10-11T08:24:59.809Z","MITRETactics":null,"MITRETechniques":null,"Name":"R445_05_Inbound connection from external host via management port","Observables":[{"Details":"","Type":"ip","Value":"2.57.121.15"},{"Details":"","Type":"hostname","Value":"windu"}],"OriginalEvents":[{"N":{"KL_CorrelationRulePriority":1},"ID":"936958d8-1d7c-4166-a5e9-6a53271a68fd","Name":"R445_05_Inbound connection from external host via management port","Type":3,"EndTime":1760171099808,"Message":"The external host 2.57.121.15 remotely connected to the internal node 192.168.1.222 on port 22 using the remote administration tool: SSH","Priority":1,"Severity":"notice","TenantID":"3d6c4203-7328-4fb2-98fa-f37d385ffbde","GroupedBy":["Message","DeviceAddress","DeviceHostName","SourceAddress","SourceHostName","SourceUserName","DestinationAddress","DestinationHostName","DestinationUserName","ApplicationProtocol","TransportProtocol","BytesIn","BytesOut","DeviceAction","DeviceAssetID","DeviceCity","DeviceCountry","DeviceDirection","DeviceDnsDomain","DeviceEventCategory","DeviceEventClassID","DeviceExternalID","DeviceFacility","DeviceHostName","DeviceInboundInterface","DeviceLatitude","DeviceLongitude","DeviceMacAddress","DeviceNtDomain","DeviceOutboundInterface","DevicePayloadID","DeviceProcessID","DeviceProcessName","DeviceReceiptTime","DeviceRegion","DeviceTimeZone","DeviceTranslatedAddress","DeviceVersion","EventOutcome","Reason","Severity","SourceAccountID","SourceAssetID","SourceCity","SourceCountry","SourceDnsDomain","SourceLatitude","SourceLongitude","SourceMacAddress","SourceNtDomain","SourcePort","SourceProcessID","SourceProcessName","SourceRegion","SourceServiceName","SourceTranslatedAddress","SourceTranslatedPort","SourceUserID","SourceUserPrivileges","DestinationAccountID","DestinationAssetID","DestinationCity","DestinationCountry","DestinationDnsDomain","DestinationLatitude","DestinationLongitude","DestinationMacAddress","DestinationNtDomain","DestinationPort","DestinationProcessID","DestinationProcessName","DestinationRegion","DestinationServiceName","DestinationTranslatedAddress","DestinationTranslatedPort","DestinationUserID","DestinationUserPrivileges","RequestClientApplication","RequestContext","RequestCookies","RequestMethod","RequestUrl","FileCreateTime","FileHash","FileID","FileModificationTime","FileName","FilePath","FilePermission","FileSize","FileType","OldFileCreateTime","OldFileHash","OldFileID","OldFileModificationTime","OldFileName","OldFilePath","OldFilePermission","OldFileSize","OldFileType","DeviceCustomDate1","DeviceCustomDate2","DeviceCustomFloatingPoint1","DeviceCustomFloatingPoint2","DeviceCustomFloatingPoint2Label","DeviceCustomFloatingPoint3","DeviceCustomFloatingPoint3Label","DeviceCustomFloatingPoint4","DeviceCustomFloatingPoint4Label","DeviceCustomIPv6Address1","DeviceCustomIPv6Address1Label","DeviceCustomIPv6Address3","DeviceCustomIPv6Address3Label","DeviceCustomIPv6Address4","DeviceCustomIPv6Address4Label","DeviceCustomNumber2","DeviceCustomNumber2Label","DeviceCustomNumber3","DeviceCustomString1","DeviceCustomNumber3Label","DeviceCustomString1Label","DeviceCustomString2","DeviceCustomString2Label","DeviceCustomString3","DeviceCustomString3Label","DeviceCustomString4","DeviceCustomString4Label","DeviceCustomString5","DeviceCustomString5Label","DeviceCustomString6","DeviceCustomString6Label","FlexDate1","FlexDate1Label","FlexNumber1","FlexNumber1Label","FlexNumber2","FlexNumber2Label","FlexString1","FlexString1Label","FlexString2","timestamp_just_added","timestamp_profiling_finished"],"ServiceID":"7a75f41d-313b-4f68-a99d-6427546cc799","StartTime":1760171099808,"Timestamp":1760171099809,"BaseEvents":[{"N":{"KL_CorrelationRulePriority":1},"ID":"720a1a49-cad5-4ceb-8f2e-70b40db0c2f0","Name":"Connection. Inbound connection from external host using management ports","Type":3,"EndTime":1759673285901,"Message":"Connection Failed","Priority":1,"Severity":"notice","TenantID":"3d6c4203-7328-4fb2-98fa-f37d385ffbde","GroupedBy":["Message","DeviceAddress","DeviceHostName","SourceAddress","SourceHostName","SourceUserName","DestinationAddress","DestinationHostName","DestinationUserName","ApplicationProtocol","TransportProtocol","BytesIn","BytesOut","DeviceAction","DeviceAssetID","DeviceCity","DeviceCountry","DeviceDirection","DeviceDnsDomain","DeviceEventCategory","DeviceEventClassID","DeviceExternalID","DeviceFacility","DeviceHostName","DeviceInboundInterface","DeviceLatitude","DeviceLongitude","DeviceMacAddress","DeviceNtDomain","DeviceOutboundInterface","DevicePayloadID","DeviceProcessID","DeviceProcessName","DeviceReceiptTime","DeviceRegion","DeviceTimeZone","DeviceTranslatedAddress","DeviceVersion","EventOutcome","Reason","Severity","SourceAccountID","SourceAssetID","SourceCity","SourceCountry","SourceDnsDomain","SourceLatitude","SourceLongitude","SourceMacAddress","SourceNtDomain","SourcePort","SourceProcessID","SourceProcessName","SourceRegion","SourceServiceName","SourceTranslatedAddress","SourceTranslatedPort","SourceUserID","SourceUserPrivileges","DestinationAccountID","DestinationAssetID","DestinationCity","DestinationCountry","DestinationDnsDomain","DestinationLatitude","DestinationLongitude","DestinationMacAddress","DestinationNtDomain","DestinationPort","DestinationProcessID","DestinationProcessName","DestinationRegion","DestinationServiceName","DestinationTranslatedAddress","DestinationTranslatedPort","DestinationUserID","DestinationUserPrivileges","RequestClientApplication","RequestContext","RequestCookies","RequestMethod","RequestUrl","FileCreateTime","FileHash","FileID","FileModificationTime","FileName","FilePath","FilePermission","FileSize","FileType","OldFileCreateTime","OldFileHash","OldFileID","OldFileModificationTime","OldFileName","OldFilePath","OldFilePermission","OldFileSize","OldFileType","DeviceCustomDate1","DeviceCustomDate2","DeviceCustomFloatingPoint1","DeviceCustomFloatingPoint2","DeviceCustomFloatingPoint2Label","DeviceCustomFloatingPoint3","DeviceCustomFloatingPoint3Label","DeviceCustomFloatingPoint4","DeviceCustomFloatingPoint4Label","DeviceCustomIPv6Address1","DeviceCustomIPv6Address1Label","DeviceCustomIPv6Address3","DeviceCustomIPv6Address3Label","DeviceCustomIPv6Address4","DeviceCustomIPv6Address4Label","DeviceCustomNumber2","DeviceCustomNumber2Label","DeviceCustomNumber3","DeviceCustomString1","DeviceCustomNumber3Label","DeviceCustomString1Label","DeviceCustomString2","DeviceCustomString2Label","DeviceCustomString3","DeviceCustomString3Label","DeviceCustomString4","DeviceCustomString4Label","DeviceCustomString5","DeviceCustomString5Label","DeviceCustomString6","DeviceCustomString6Label","FlexDate1","FlexDate1Label","FlexNumber1","FlexNumber1Label","FlexNumber2","FlexNumber2Label","FlexString1","FlexString1Label","FlexString2"],"ServiceID":"7a75f41d-313b-4f68-a99d-6427546cc799","StartTime":1759673285901,"Timestamp":1760171099808,"BaseEvents":[{"ID":"81cd3ee8-6490-4fc8-9538-f46e13f7da11","Name":"traffic","Type":1,"EndTime":1759673285901,"Message":"Connection Failed","Priority":0,"Severity":"notice","TenantID":"3d6c4203-7328-4fb2-98fa-f37d385ffbde","ServiceID":"71d3be03-d996-4ec6-a03d-223288e5abc8","Timestamp":1759673285901,"ExternalID":"64494825","SourcePort":51002,"ServiceName":"Fortigate","DeviceAction":"deny","DeviceVendor":"Fortninet","DeviceAddress":"192.168.51.14","DeviceProduct":"Fortigate","SourceAddress":"2.57.121.15","DeviceHostName":"windu","DeviceTimeZone":"+02:00","DestinationPort":22,"DeviceExternalID":"FGT60FTK22032234","DeviceReceiptTime":1759673285901,"TransportProtocol":"6","DestinationAddress":"192.168.1.222","DeviceEventClassID":"local","ApplicationProtocol":"SSH","DeviceCustomString1":"local-in-policy","DeviceEventCategory":"traffic","DeviceInboundInterface":"wan2","DeviceOutboundInterface":"root","DeviceCustomNumber1Label":"duration","DeviceCustomNumber2Label":"policyid","DeviceCustomString1Label":"policytype"}],"SourcePort":51002,"ServiceName":"[OOTB] Correlator","DeviceAction":"deny","DeviceVendor":"Kaspersky","DeviceAddress":"192.168.51.14","DeviceProduct":"KUMA","SourceAddress":"2.57.121.15","BaseEventCount":1,"DeviceHostName":"windu","DeviceTimeZone":"+02:00","DestinationPort":22,"DeviceExternalID":"FGT60FTK22032234","CorrelationRuleID":"83fea516-0ec2-4fd2-96c0-1136c65378bb","DeviceReceiptTime":1759673285901,"TransportProtocol":"6","DestinationAddress":"192.168.1.222","DeviceEventClassID":"local","ApplicationProtocol":"SSH","CorrelationRuleName":"Connection. Inbound connection from external host using management ports","DeviceCustomString1":"local-in-policy","DeviceEventCategory":"traffic","DeviceInboundInterface":"wan2","DeviceOutboundInterface":"root","DeviceCustomNumber2Label":"policyid","DeviceCustomString1Label":"policytype"}],"ExternalID":"R445_05","SourcePort":51002,"ServiceName":"[OOTB] Correlator","DeviceAction":"deny","DeviceVendor":"Kaspersky","DeviceAddress":"192.168.51.14","DeviceProduct":"KUMA","SourceAddress":"2.57.121.15","BaseEventCount":1,"DeviceHostName":"windu","DeviceTimeZone":"+02:00","DestinationPort":22,"DeviceExternalID":"FGT60FTK22032234","CorrelationRuleID":"4eeda10b-8ef6-4725-846d-62b00bfa7561","DeviceReceiptTime":1759673285901,"TransportProtocol":"6","DestinationAddress":"192.168.1.222","DeviceEventClassID":"local","ApplicationProtocol":"SSH","CorrelationRuleName":"R445_05_Inbound connection from external host via management port","DeviceCustomString1":"local-in-policy","DeviceEventCategory":"traffic","DestinationServiceName":"SSH","DeviceInboundInterface":"wan2","DeviceOutboundInterface":"root","DeviceCustomNumber2Label":"policyid","DeviceCustomString1Label":"policytype"}],"Rules":[{"Confidence":"medium","Custom":false,"ID":"4eeda10b-8ef6-4725-846d-62b00bfa7561","Name":"R445_05_Inbound connection from external host via management port","Severity":"medium","Type":""}],"Severity":"low","SourceCreatedAt":"2025-10-11T08:24:59.809Z","SourceID":"936958d8-1d7c-4166-a5e9-6a53271a68fd","Status":"new","StatusChangedAt":"2025-10-11T08:24:59.983Z","StatusResolution":"","TenantID":"3d6c4203-7328-4fb2-98fa-f37d385ffbde","UpdatedAt":"2025-10-11T08:24:59.983Z"},{"Assets":null,"Assignee":{"ID":"nobody","Name":"Not assigned","Type":""},"CreatedAt":"2025-10-11T08:27:15.002Z","DetectionTechnologies":null,"ExternalRef":"","Extra":null,"FirstEventTime":"2025-10-11T08:27:10.151Z","HistoryRecords":null,"ID":20663,"IncidentID":"","IncidentLinkType":"","InternalID":"333d6bb0-db75-43a6-a85a-d1258e72cff5","IsCII":false,"LastEventTime":"2025-10-11T08:27:14.828Z","MITRETactics":null,"MITRETechniques":null,"Name":"R219_Use of VPN ports","Observables":[{"Details":"","Type":"ip","Value":"62.201.149.81"},{"Details":"","Type":"hostname","Value":"windu"}],"OriginalEvents":[{"N":{"KL_CorrelationRulePriority":2},"ID":"333d6bb0-db75-43a6-a85a-d1258e72cff5","Name":"R219_Use of VPN ports","Type":3,"EndTime":1760171234828,"Priority":2,"TenantID":"3d6c4203-7328-4fb2-98fa-f37d385ffbde","GroupedBy":["SourceAddress","SourceAssetID","SourceHostName","SourceNtDomain","SourcePort","DestinationAddress","DestinationAssetID","DestinationHostName","DestinationNtDomain","DestinationPort","TransportProtocol"],"ServiceID":"7a75f41d-313b-4f68-a99d-6427546cc799","StartTime":1760171230152,"Timestamp":1760171234828,"BaseEvents":[{"ID":"b86f2e0f-52b7-410a-abc6-2478000a73f7","Name":"traffic","Type":1,"BytesIn":14065,"EndTime":1760171230152,"BytesOut":14042,"Priority":0,"Severity":"notice","TenantID":"3d6c4203-7328-4fb2-98fa-f37d385ffbde","ServiceID":"71d3be03-d996-4ec6-a03d-223288e5abc8","Timestamp":1760171230152,"ExternalID":"74365816","SourcePort":4500,"ServiceName":"Fortigate","DeviceAction":"accept","DeviceVendor":"Fortninet","DeviceAddress":"192.168.51.14","DeviceProduct":"Fortigate","SourceAddress":"192.168.10.66","DeviceHostName":"windu","DeviceTimeZone":"+02:00","DestinationPort":4500,"DeviceExternalID":"FGT60FTK22032234","DeviceReceiptTime":1760171230152,"TransportProtocol":"17","DestinationAddress":"62.201.149.81","DeviceEventClassID":"forward","ApplicationProtocol":"MMS","DeviceCustomNumber1":1396,"DeviceCustomNumber2":27,"DeviceCustomString1":"policy","DeviceEventCategory":"traffic","SourceTranslatedPort":64917,"DeviceInboundInterface":"Prod0Root1_1","DeviceOutboundInterface":"wan2","SourceTranslatedAddress":"192.168.1.222","DeviceCustomNumber1Label":"duration","DeviceCustomNumber2Label":"policyid","DeviceCustomString1Label":"policytype"}],"ExternalID":"R219","SourcePort":4500,"ServiceName":"[OOTB] Correlator","DeviceVendor":"Kaspersky","DeviceProduct":"KUMA","SourceAddress":"192.168.10.66","BaseEventCount":1,"DeviceTimeZone":"+02:00","DestinationPort":4500,"CorrelationRuleID":"b896c0f9-c5f8-4996-96d1-7811fc66e8c7","TransportProtocol":"17","DestinationAddress":"62.201.149.81","CorrelationRuleName":"R219_Use of VPN ports"}],"Rules":[{"Confidence":"medium","Custom":false,"ID":"b896c0f9-c5f8-4996-96d1-7811fc66e8c7","Name":"R219_Use of VPN ports","Severity":"high","Type":""}],"Severity":"medium","SourceCreatedAt":"2025-10-11T08:27:14.828Z","SourceID":"333d6bb0-db75-43a6-a85a-d1258e72cff5","Status":"new","StatusChangedAt":"2025-10-11T08:27:15.002Z","StatusResolution":"","TenantID":"3d6c4203-7328-4fb2-98fa-f37d385ffbde","UpdatedAt":"2025-10-11T08:27:15.002Z"},{"Assets":null,"Assignee":{"ID":"nobody","Name":"Not assigned","Type":""},"CreatedAt":"2025-10-10T01:09:39.686Z","DetectionTechnologies":null,"ExternalRef":"","Extra":null,"FirstEventTime":"2025-10-10T01:09:34.967Z","HistoryRecords":null,"ID":18904,"IncidentID":"","IncidentLinkType":"","InternalID":"236cedeb-0154-4e17-9a36-07a37ca02250","IsCII":false,"LastEventTime":"2025-10-10T01:09:39.374Z","MITRETactics":null,"MITRETechniques":null,"Name":"R445_03_Inbound connection from external host via SMB, RPC port","Observables":[{"Details":"","Type":"ip","Value":"94.137.9.190"},{"Details":"","Type":"hostname","Value":"windu"}],"OriginalEvents":[{"N":{"KL_CorrelationRulePriority":1},"ID":"236cedeb-0154-4e17-9a36-07a37ca02250","Name":"R445_03_Inbound connection from external host via SMB, RPC port","Type":3,"EndTime":1760058579373,"Message":"The external host 94.137.9.190 remotely connected to the internal node 192.168.1.222 on port 445 which is used in SMB, RPC protocols: Microsoft-DS (Directory Services) SMB file sharing","Priority":1,"Severity":"notice","TenantID":"3d6c4203-7328-4fb2-98fa-f37d385ffbde","GroupedBy":["Message","DeviceAddress","DeviceHostName","SourceAddress","SourceHostName","SourceUserName","DestinationAddress","DestinationHostName","DestinationUserName","ApplicationProtocol","TransportProtocol","BytesIn","BytesOut","DeviceAction","DeviceAssetID","DeviceCity","DeviceCountry","DeviceDirection","DeviceDnsDomain","DeviceEventCategory","DeviceEventClassID","DeviceExternalID","DeviceFacility","DeviceHostName","DeviceInboundInterface","DeviceLatitude","DeviceLongitude","DeviceMacAddress","DeviceNtDomain","DeviceOutboundInterface","DevicePayloadID","DeviceProcessID","DeviceProcessName","DeviceReceiptTime","DeviceRegion","DeviceTimeZone","DeviceTranslatedAddress","DeviceVersion","EventOutcome","Reason","Severity","SourceAccountID","SourceAssetID","SourceCity","SourceCountry","SourceDnsDomain","SourceLatitude","SourceLongitude","SourceMacAddress","SourceNtDomain","SourcePort","SourceProcessID","SourceProcessName","SourceRegion","SourceServiceName","SourceTranslatedAddress","SourceTranslatedPort","SourceUserID","SourceUserPrivileges","DestinationAccountID","DestinationAssetID","DestinationCity","DestinationCountry","DestinationDnsDomain","DestinationLatitude","DestinationLongitude","DestinationMacAddress","DestinationNtDomain","DestinationPort","DestinationProcessID","DestinationProcessName","DestinationRegion","DestinationServiceName","DestinationTranslatedAddress","DestinationTranslatedPort","DestinationUserID","DestinationUserPrivileges","RequestClientApplication","RequestContext","RequestCookies","RequestMethod","RequestUrl","FileCreateTime","FileHash","FileID","FileModificationTime","FileName","FilePath","FilePermission","FileSize","FileType","OldFileCreateTime","OldFileHash","OldFileID","OldFileModificationTime","OldFileName","OldFilePath","OldFilePermission","OldFileSize","OldFileType","DeviceCustomDate1","DeviceCustomDate2","DeviceCustomFloatingPoint1","DeviceCustomFloatingPoint2","DeviceCustomFloatingPoint2Label","DeviceCustomFloatingPoint3","DeviceCustomFloatingPoint3Label","DeviceCustomFloatingPoint4","DeviceCustomFloatingPoint4Label","DeviceCustomIPv6Address1","DeviceCustomIPv6Address1Label","DeviceCustomIPv6Address3","DeviceCustomIPv6Address3Label","DeviceCustomIPv6Address4","DeviceCustomIPv6Address4Label","DeviceCustomNumber2","DeviceCustomNumber2Label","DeviceCustomNumber3","DeviceCustomString1","DeviceCustomNumber3Label","DeviceCustomString1Label","DeviceCustomString2","DeviceCustomString2Label","DeviceCustomString3","DeviceCustomString3Label","DeviceCustomString4","DeviceCustomString4Label","DeviceCustomString5","DeviceCustomString5Label","DeviceCustomString6","DeviceCustomString6Label","FlexDate1","FlexDate1Label","FlexNumber1","FlexNumber1Label","FlexNumber2","FlexNumber2Label","FlexString1","FlexString1Label","FlexString2","timestamp_just_added","timestamp_profiling_finished"],"ServiceID":"7a75f41d-313b-4f68-a99d-6427546cc799","StartTime":1760058579373,"Timestamp":1760058579374,"BaseEvents":[{"N":{"KL_CorrelationRulePriority":1},"ID":"03f0ee9a-bae8-4f6d-81a7-bcbd4145c19c","Name":"Connection. Inbound connection from external host using SMB, RPC ports","Type":3,"EndTime":1760058574967,"Message":"Connection Failed","Priority":1,"Severity":"notice","TenantID":"3d6c4203-7328-4fb2-98fa-f37d385ffbde","GroupedBy":["Message","DeviceAddress","DeviceHostName","SourceAddress","SourceHostName","SourceUserName","DestinationAddress","DestinationHostName","DestinationUserName","ApplicationProtocol","TransportProtocol","BytesIn","BytesOut","DeviceAction","DeviceAssetID","DeviceCity","DeviceCountry","DeviceDirection","DeviceDnsDomain","DeviceEventCategory","DeviceEventClassID","DeviceExternalID","DeviceFacility","DeviceHostName","DeviceInboundInterface","DeviceLatitude","DeviceLongitude","DeviceMacAddress","DeviceNtDomain","DeviceOutboundInterface","DevicePayloadID","DeviceProcessID","DeviceProcessName","DeviceReceiptTime","DeviceRegion","DeviceTimeZone","DeviceTranslatedAddress","DeviceVersion","EventOutcome","Reason","Severity","SourceAccountID","SourceAssetID","SourceCity","SourceCountry","SourceDnsDomain","SourceLatitude","SourceLongitude","SourceMacAddress","SourceNtDomain","SourcePort","SourceProcessID","SourceProcessName","SourceRegion","SourceServiceName","SourceTranslatedAddress","SourceTranslatedPort","SourceUserID","SourceUserPrivileges","DestinationAccountID","DestinationAssetID","DestinationCity","DestinationCountry","DestinationDnsDomain","DestinationLatitude","DestinationLongitude","DestinationMacAddress","DestinationNtDomain","DestinationPort","DestinationProcessID","DestinationProcessName","DestinationRegion","DestinationServiceName","DestinationTranslatedAddress","DestinationTranslatedPort","DestinationUserID","DestinationUserPrivileges","RequestClientApplication","RequestContext","RequestCookies","RequestMethod","RequestUrl","FileCreateTime","FileHash","FileID","FileModificationTime","FileName","FilePath","FilePermission","FileSize","FileType","OldFileCreateTime","OldFileHash","OldFileID","OldFileModificationTime","OldFileName","OldFilePath","OldFilePermission","OldFileSize","OldFileType","DeviceCustomDate1","DeviceCustomDate2","DeviceCustomFloatingPoint1","DeviceCustomFloatingPoint2","DeviceCustomFloatingPoint2Label","DeviceCustomFloatingPoint3","DeviceCustomFloatingPoint3Label","DeviceCustomFloatingPoint4","DeviceCustomFloatingPoint4Label","DeviceCustomIPv6Address1","DeviceCustomIPv6Address1Label","DeviceCustomIPv6Address3","DeviceCustomIPv6Address3Label","DeviceCustomIPv6Address4","DeviceCustomIPv6Address4Label","DeviceCustomNumber2","DeviceCustomNumber2Label","DeviceCustomNumber3","DeviceCustomString1","DeviceCustomNumber3Label","DeviceCustomString1Label","DeviceCustomString2","DeviceCustomString2Label","DeviceCustomString3","DeviceCustomString3Label","DeviceCustomString4","DeviceCustomString4Label","DeviceCustomString5","DeviceCustomString5Label","DeviceCustomString6","DeviceCustomString6Label","FlexDate1","FlexDate1Label","FlexNumber1","FlexNumber1Label","FlexNumber2","FlexNumber2Label","FlexString1","FlexString1Label","FlexString2"],"ServiceID":"7a75f41d-313b-4f68-a99d-6427546cc799","StartTime":1760058574967,"Timestamp":1760058579373,"BaseEvents":[{"ID":"a32def7e-1fdf-4f00-b25e-378601687ae3","Name":"traffic","Type":1,"EndTime":1760058574000,"Message":"Connection Failed","Priority":0,"Severity":"notice","TenantID":"3d6c4203-7328-4fb2-98fa-f37d385ffbde","ServiceID":"71d3be03-d996-4ec6-a03d-223288e5abc8","Timestamp":1760058574967,"ExternalID":"71766501","SourcePort":51141,"ServiceName":"Fortigate","DeviceAction":"deny","DeviceVendor":"Fortninet","DeviceAddress":"192.168.51.14","DeviceProduct":"Fortigate","SourceAddress":"94.137.9.190","DeviceHostName":"windu","DeviceTimeZone":"+02:00","DestinationPort":445,"DeviceExternalID":"FGT60FTK22032234","DeviceReceiptTime":1760058574967,"TransportProtocol":"6","DestinationAddress":"192.168.1.222","DeviceEventClassID":"local","ApplicationProtocol":"SMB","DeviceCustomString1":"local-in-policy","DeviceEventCategory":"traffic","DeviceInboundInterface":"wan2","DeviceOutboundInterface":"root","DeviceCustomNumber1Label":"duration","DeviceCustomNumber2Label":"policyid","DeviceCustomString1Label":"policytype"}],"SourcePort":51141,"ServiceName":"[OOTB] Correlator","DeviceAction":"deny","DeviceVendor":"Kaspersky","DeviceAddress":"192.168.51.14","DeviceProduct":"KUMA","SourceAddress":"94.137.9.190","BaseEventCount":1,"DeviceHostName":"windu","DeviceTimeZone":"+02:00","DestinationPort":445,"DeviceExternalID":"FGT60FTK22032234","CorrelationRuleID":"e2a20430-e50f-4f70-8970-8c799793a934","DeviceReceiptTime":1760058574967,"TransportProtocol":"6","DestinationAddress":"192.168.1.222","DeviceEventClassID":"local","ApplicationProtocol":"SMB","CorrelationRuleName":"Connection. Inbound connection from external host using SMB, RPC ports","DeviceCustomString1":"local-in-policy","DeviceEventCategory":"traffic","DeviceInboundInterface":"wan2","DeviceOutboundInterface":"root","DeviceCustomNumber2Label":"policyid","DeviceCustomString1Label":"policytype"}],"ExternalID":"R445_03","SourcePort":51141,"ServiceName":"[OOTB] Correlator","DeviceAction":"deny","DeviceVendor":"Kaspersky","DeviceAddress":"192.168.51.14","DeviceProduct":"KUMA","SourceAddress":"94.137.9.190","BaseEventCount":1,"DeviceHostName":"windu","DeviceTimeZone":"+02:00","DestinationPort":445,"DeviceExternalID":"FGT60FTK22032234","CorrelationRuleID":"49182bb8-1dd3-44cd-b561-101a5bd0e58d","DeviceReceiptTime":1760058574967,"TransportProtocol":"6","DestinationAddress":"192.168.1.222","DeviceEventClassID":"local","ApplicationProtocol":"SMB","CorrelationRuleName":"R445_03_Inbound connection from external host via SMB, RPC port","DeviceCustomString1":"local-in-policy","DeviceEventCategory":"traffic","DestinationServiceName":"Microsoft-DS (Directory Services) SMB file sharing","DeviceInboundInterface":"wan2","DeviceOutboundInterface":"root","DeviceCustomNumber2Label":"policyid","DeviceCustomString1Label":"policytype"}],"Rules":[{"Confidence":"medium","Custom":false,"ID":"49182bb8-1dd3-44cd-b561-101a5bd0e58d","Name":"R445_03_Inbound connection from external host via SMB, RPC port","Severity":"medium","Type":""}],"Severity":"low","SourceCreatedAt":"2025-10-10T01:09:39.374Z","SourceID":"236cedeb-0154-4e17-9a36-07a37ca02250","Status":"new","StatusChangedAt":"2025-10-10T01:09:39.686Z","StatusResolution":"","TenantID":"3d6c4203-7328-4fb2-98fa-f37d385ffbde","UpdatedAt":"2025-10-10T01:09:39.686Z"},{"Assets":null,"Assignee":{"ID":"nobody","Name":"Not assigned","Type":""},"CreatedAt":"2025-10-10T01:11:14.7Z","DetectionTechnologies":null,"ExternalRef":"","Extra":null,"FirstEventTime":"2025-10-04T07:06:29.645Z","HistoryRecords":null,"ID":18905,"IncidentID":"","IncidentLinkType":"","InternalID":"199f6929-c496-43cc-a92a-a6485e7ff3a5","IsCII":false,"LastEventTime":"2025-10-10T01:11:14.381Z","MITRETactics":null,"MITRETechniques":null,"Name":"R445_03_Inbound connection from external host via SMB, RPC port","Observables":[{"Details":"","Type":"ip","Value":"185.91.252.125"},{"Details":"","Type":"hostname","Value":"windu"}],"OriginalEvents":[{"N":{"KL_CorrelationRulePriority":1},"ID":"199f6929-c496-43cc-a92a-a6485e7ff3a5","Name":"R445_03_Inbound connection from external host via SMB, RPC port","Type":3,"EndTime":1760058674380,"Message":"The external host 185.91.252.125 remotely connected to the internal node 192.168.1.222 on port 445 which is used in SMB, RPC protocols: Microsoft-DS (Directory Services) SMB file sharing","Priority":1,"Severity":"notice","TenantID":"3d6c4203-7328-4fb2-98fa-f37d385ffbde","GroupedBy":["Message","DeviceAddress","DeviceHostName","SourceAddress","SourceHostName","SourceUserName","DestinationAddress","DestinationHostName","DestinationUserName","ApplicationProtocol","TransportProtocol","BytesIn","BytesOut","DeviceAction","DeviceAssetID","DeviceCity","DeviceCountry","DeviceDirection","DeviceDnsDomain","DeviceEventCategory","DeviceEventClassID","DeviceExternalID","DeviceFacility","DeviceHostName","DeviceInboundInterface","DeviceLatitude","DeviceLongitude","DeviceMacAddress","DeviceNtDomain","DeviceOutboundInterface","DevicePayloadID","DeviceProcessID","DeviceProcessName","DeviceReceiptTime","DeviceRegion","DeviceTimeZone","DeviceTranslatedAddress","DeviceVersion","EventOutcome","Reason","Severity","SourceAccountID","SourceAssetID","SourceCity","SourceCountry","SourceDnsDomain","SourceLatitude","SourceLongitude","SourceMacAddress","SourceNtDomain","SourcePort","SourceProcessID","SourceProcessName","SourceRegion","SourceServiceName","SourceTranslatedAddress","SourceTranslatedPort","SourceUserID","SourceUserPrivileges","DestinationAccountID","DestinationAssetID","DestinationCity","DestinationCountry","DestinationDnsDomain","DestinationLatitude","DestinationLongitude","DestinationMacAddress","DestinationNtDomain","DestinationPort","DestinationProcessID","DestinationProcessName","DestinationRegion","DestinationServiceName","DestinationTranslatedAddress","DestinationTranslatedPort","DestinationUserID","DestinationUserPrivileges","RequestClientApplication","RequestContext","RequestCookies","RequestMethod","RequestUrl","FileCreateTime","FileHash","FileID","FileModificationTime","FileName","FilePath","FilePermission","FileSize","FileType","OldFileCreateTime","OldFileHash","OldFileID","OldFileModificationTime","OldFileName","OldFilePath","OldFilePermission","OldFileSize","OldFileType","DeviceCustomDate1","DeviceCustomDate2","DeviceCustomFloatingPoint1","DeviceCustomFloatingPoint2","DeviceCustomFloatingPoint2Label","DeviceCustomFloatingPoint3","DeviceCustomFloatingPoint3Label","DeviceCustomFloatingPoint4","DeviceCustomFloatingPoint4Label","DeviceCustomIPv6Address1","DeviceCustomIPv6Address1Label","DeviceCustomIPv6Address3","DeviceCustomIPv6Address3Label","DeviceCustomIPv6Address4","DeviceCustomIPv6Address4Label","DeviceCustomNumber2","DeviceCustomNumber2Label","DeviceCustomNumber3","DeviceCustomString1","DeviceCustomNumber3Label","DeviceCustomString1Label","DeviceCustomString2","DeviceCustomString2Label","DeviceCustomString3","DeviceCustomString3Label","DeviceCustomString4","DeviceCustomString4Label","DeviceCustomString5","DeviceCustomString5Label","DeviceCustomString6","DeviceCustomString6Label","FlexDate1","FlexDate1Label","FlexNumber1","FlexNumber1Label","FlexNumber2","FlexNumber2Label","FlexString1","FlexString1Label","FlexString2","timestamp_just_added","timestamp_profiling_finished"],"ServiceID":"7a75f41d-313b-4f68-a99d-6427546cc799","StartTime":1760058674380,"Timestamp":1760058674382,"BaseEvents":[{"N":{"KL_CorrelationRulePriority":1},"ID":"c3db4c34-948e-4469-ab92-bf9fac7bfdf3","Name":"Connection. Inbound connection from external host using SMB, RPC ports","Type":3,"EndTime":1759561589646,"Message":"Connection Failed","Priority":1,"Severity":"notice","TenantID":"3d6c4203-7328-4fb2-98fa-f37d385ffbde","GroupedBy":["Message","DeviceAddress","DeviceHostName","SourceAddress","SourceHostName","SourceUserName","DestinationAddress","DestinationHostName","DestinationUserName","ApplicationProtocol","TransportProtocol","BytesIn","BytesOut","DeviceAction","DeviceAssetID","DeviceCity","DeviceCountry","DeviceDirection","DeviceDnsDomain","DeviceEventCategory","DeviceEventClassID","DeviceExternalID","DeviceFacility","DeviceHostName","DeviceInboundInterface","DeviceLatitude","DeviceLongitude","DeviceMacAddress","DeviceNtDomain","DeviceOutboundInterface","DevicePayloadID","DeviceProcessID","DeviceProcessName","DeviceReceiptTime","DeviceRegion","DeviceTimeZone","DeviceTranslatedAddress","DeviceVersion","EventOutcome","Reason","Severity","SourceAccountID","SourceAssetID","SourceCity","SourceCountry","SourceDnsDomain","SourceLatitude","SourceLongitude","SourceMacAddress","SourceNtDomain","SourcePort","SourceProcessID","SourceProcessName","SourceRegion","SourceServiceName","SourceTranslatedAddress","SourceTranslatedPort","SourceUserID","SourceUserPrivileges","DestinationAccountID","DestinationAssetID","DestinationCity","DestinationCountry","DestinationDnsDomain","DestinationLatitude","DestinationLongitude","DestinationMacAddress","DestinationNtDomain","DestinationPort","DestinationProcessID","DestinationProcessName","DestinationRegion","DestinationServiceName","DestinationTranslatedAddress","DestinationTranslatedPort","DestinationUserID","DestinationUserPrivileges","RequestClientApplication","RequestContext","RequestCookies","RequestMethod","RequestUrl","FileCreateTime","FileHash","FileID","FileModificationTime","FileName","FilePath","FilePermission","FileSize","FileType","OldFileCreateTime","OldFileHash","OldFileID","OldFileModificationTime","OldFileName","OldFilePath","OldFilePermission","OldFileSize","OldFileType","DeviceCustomDate1","DeviceCustomDate2","DeviceCustomFloatingPoint1","DeviceCustomFloatingPoint2","DeviceCustomFloatingPoint2Label","DeviceCustomFloatingPoint3","DeviceCustomFloatingPoint3Label","DeviceCustomFloatingPoint4","DeviceCustomFloatingPoint4Label","DeviceCustomIPv6Address1","DeviceCustomIPv6Address1Label","DeviceCustomIPv6Address3","DeviceCustomIPv6Address3Label","DeviceCustomIPv6Address4","DeviceCustomIPv6Address4Label","DeviceCustomNumber2","DeviceCustomNumber2Label","DeviceCustomNumber3","DeviceCustomString1","DeviceCustomNumber3Label","DeviceCustomString1Label","DeviceCustomString2","DeviceCustomString2Label","DeviceCustomString3","DeviceCustomString3Label","DeviceCustomString4","DeviceCustomString4Label","DeviceCustomString5","DeviceCustomString5Label","DeviceCustomString6","DeviceCustomString6Label","FlexDate1","FlexDate1Label","FlexNumber1","FlexNumber1Label","FlexNumber2","FlexNumber2Label","FlexString1","FlexString1Label","FlexString2"],"ServiceID":"7a75f41d-313b-4f68-a99d-6427546cc799","StartTime":1759561589646,"Timestamp":1760058674380,"BaseEvents":[{"ID":"86cf4e7e-7ff4-4dcb-a1d9-1cc75dcc622d","Name":"traffic","Type":1,"EndTime":1759529189000,"Message":"Connection Failed","Priority":0,"Severity":"notice","TenantID":"3d6c4203-7328-4fb2-98fa-f37d385ffbde","ServiceID":"71d3be03-d996-4ec6-a03d-223288e5abc8","Timestamp":1759561589646,"ExternalID":"62774527","SourcePort":59010,"ServiceName":"Fortigate","DeviceAction":"deny","DeviceVendor":"Fortninet","DeviceAddress":"192.168.51.14","DeviceProduct":"Fortigate","SourceAddress":"185.91.252.125","DeviceHostName":"windu","DeviceTimeZone":"+02:00","DestinationPort":445,"DeviceExternalID":"FGT60FTK22032234","DeviceReceiptTime":1759561589646,"TransportProtocol":"6","DestinationAddress":"192.168.1.222","DeviceEventClassID":"local","ApplicationProtocol":"SMB","DeviceCustomString1":"local-in-policy","DeviceEventCategory":"traffic","DeviceInboundInterface":"wan2","DeviceOutboundInterface":"root","DeviceCustomNumber1Label":"duration","DeviceCustomNumber2Label":"policyid","DeviceCustomString1Label":"policytype"}],"SourcePort":59010,"ServiceName":"[OOTB] Correlator","DeviceAction":"deny","DeviceVendor":"Kaspersky","DeviceAddress":"192.168.51.14","DeviceProduct":"KUMA","SourceAddress":"185.91.252.125","BaseEventCount":1,"DeviceHostName":"windu","DeviceTimeZone":"+02:00","DestinationPort":445,"DeviceExternalID":"FGT60FTK22032234","CorrelationRuleID":"e2a20430-e50f-4f70-8970-8c799793a934","DeviceReceiptTime":1759561589646,"TransportProtocol":"6","DestinationAddress":"192.168.1.222","DeviceEventClassID":"local","ApplicationProtocol":"SMB","CorrelationRuleName":"Connection. Inbound connection from external host using SMB, RPC ports","DeviceCustomString1":"local-in-policy","DeviceEventCategory":"traffic","DeviceInboundInterface":"wan2","DeviceOutboundInterface":"root","DeviceCustomNumber2Label":"policyid","DeviceCustomString1Label":"policytype"}],"ExternalID":"R445_03","SourcePort":59010,"ServiceName":"[OOTB] Correlator","DeviceAction":"deny","DeviceVendor":"Kaspersky","DeviceAddress":"192.168.51.14","DeviceProduct":"KUMA","SourceAddress":"185.91.252.125","BaseEventCount":1,"DeviceHostName":"windu","DeviceTimeZone":"+02:00","DestinationPort":445,"DeviceExternalID":"FGT60FTK22032234","CorrelationRuleID":"49182bb8-1dd3-44cd-b561-101a5bd0e58d","DeviceReceiptTime":1759561589646,"TransportProtocol":"6","DestinationAddress":"192.168.1.222","DeviceEventClassID":"local","ApplicationProtocol":"SMB","CorrelationRuleName":"R445_03_Inbound connection from external host via SMB, RPC port","DeviceCustomString1":"local-in-policy","DeviceEventCategory":"traffic","DestinationServiceName":"Microsoft-DS (Directory Services) SMB file sharing","DeviceInboundInterface":"wan2","DeviceOutboundInterface":"root","DeviceCustomNumber2Label":"policyid","DeviceCustomString1Label":"policytype"}],"Rules":[{"Confidence":"medium","Custom":false,"ID":"49182bb8-1dd3-44cd-b561-101a5bd0e58d","Name":"R445_03_Inbound connection from external host via SMB, RPC port","Severity":"medium","Type":""}],"Severity":"low","SourceCreatedAt":"2025-10-10T01:11:14.381Z","SourceID":"199f6929-c496-43cc-a92a-a6485e7ff3a5","Status":"new","StatusChangedAt":"2025-10-10T01:11:14.7Z","StatusResolution":"","TenantID":"3d6c4203-7328-4fb2-98fa-f37d385ffbde","UpdatedAt":"2025-10-10T01:11:14.7Z"},{"Assets":null,"Assignee":{"ID":"nobody","Name":"Not assigned","Type":""},"CreatedAt":"2025-10-10T01:13:19.717Z","DetectionTechnologies":null,"ExternalRef":"","Extra":null,"FirstEventTime":"2025-10-04T07:08:48.957Z","HistoryRecords":null,"ID":18906,"IncidentID":"","IncidentLinkType":"","InternalID":"fe3844c2-c35c-4a80-93b8-66e94f6cbc0f","IsCII":false,"LastEventTime":"2025-10-10T01:13:19.426Z","MITRETactics":null,"MITRETechniques":null,"Name":"R445_03_Inbound connection from external host via SMB, RPC port","Observables":[{"Details":"","Type":"ip","Value":"178.176.86.91"},{"Details":"","Type":"hostname","Value":"windu"}],"OriginalEvents":[{"N":{"KL_CorrelationRulePriority":1},"ID":"fe3844c2-c35c-4a80-93b8-66e94f6cbc0f","Name":"R445_03_Inbound connection from external host via SMB, RPC port","Type":3,"EndTime":1760058799420,"Message":"The external host 178.176.86.91 remotely connected to the internal node 192.168.1.222 on port 445 which is used in SMB, RPC protocols: Microsoft-DS (Directory Services) SMB file sharing","Priority":1,"Severity":"notice","TenantID":"3d6c4203-7328-4fb2-98fa-f37d385ffbde","GroupedBy":["Message","DeviceAddress","DeviceHostName","SourceAddress","SourceHostName","SourceUserName","DestinationAddress","DestinationHostName","DestinationUserName","ApplicationProtocol","TransportProtocol","BytesIn","BytesOut","DeviceAction","DeviceAssetID","DeviceCity","DeviceCountry","DeviceDirection","DeviceDnsDomain","DeviceEventCategory","DeviceEventClassID","DeviceExternalID","DeviceFacility","DeviceHostName","DeviceInboundInterface","DeviceLatitude","DeviceLongitude","DeviceMacAddress","DeviceNtDomain","DeviceOutboundInterface","DevicePayloadID","DeviceProcessID","DeviceProcessName","DeviceReceiptTime","DeviceRegion","DeviceTimeZone","DeviceTranslatedAddress","DeviceVersion","EventOutcome","Reason","Severity","SourceAccountID","SourceAssetID","SourceCity","SourceCountry","SourceDnsDomain","SourceLatitude","SourceLongitude","SourceMacAddress","SourceNtDomain","SourcePort","SourceProcessID","SourceProcessName","SourceRegion","SourceServiceName","SourceTranslatedAddress","SourceTranslatedPort","SourceUserID","SourceUserPrivileges","DestinationAccountID","DestinationAssetID","DestinationCity","DestinationCountry","DestinationDnsDomain","DestinationLatitude","DestinationLongitude","DestinationMacAddress","DestinationNtDomain","DestinationPort","DestinationProcessID","DestinationProcessName","DestinationRegion","DestinationServiceName","DestinationTranslatedAddress","DestinationTranslatedPort","DestinationUserID","DestinationUserPrivileges","RequestClientApplication","RequestContext","RequestCookies","RequestMethod","RequestUrl","FileCreateTime","FileHash","FileID","FileModificationTime","FileName","FilePath","FilePermission","FileSize","FileType","OldFileCreateTime","OldFileHash","OldFileID","OldFileModificationTime","OldFileName","OldFilePath","OldFilePermission","OldFileSize","OldFileType","DeviceCustomDate1","DeviceCustomDate2","DeviceCustomFloatingPoint1","DeviceCustomFloatingPoint2","DeviceCustomFloatingPoint2Label","DeviceCustomFloatingPoint3","DeviceCustomFloatingPoint3Label","DeviceCustomFloatingPoint4","DeviceCustomFloatingPoint4Label","DeviceCustomIPv6Address1","DeviceCustomIPv6Address1Label","DeviceCustomIPv6Address3","DeviceCustomIPv6Address3Label","DeviceCustomIPv6Address4","DeviceCustomIPv6Address4Label","DeviceCustomNumber2","DeviceCustomNumber2Label","DeviceCustomNumber3","DeviceCustomString1","DeviceCustomNumber3Label","DeviceCustomString1Label","DeviceCustomString2","DeviceCustomString2Label","DeviceCustomString3","DeviceCustomString3Label","DeviceCustomString4","DeviceCustomString4Label","DeviceCustomString5","DeviceCustomString5Label","DeviceCustomString6","DeviceCustomString6Label","FlexDate1","FlexDate1Label","FlexNumber1","FlexNumber1Label","FlexNumber2","FlexNumber2Label","FlexString1","FlexString1Label","FlexString2","timestamp_just_added","timestamp_profiling_finished"],"ServiceID":"7a75f41d-313b-4f68-a99d-6427546cc799","StartTime":1760058799420,"Timestamp":1760058799426,"BaseEvents":[{"N":{"KL_CorrelationRulePriority":1},"ID":"b9370574-278d-4d8f-b6e4-cc39d170c79a","Name":"Connection. Inbound connection from external host using SMB, RPC ports","Type":3,"EndTime":1759561728958,"Message":"Connection Failed","Priority":1,"Severity":"notice","TenantID":"3d6c4203-7328-4fb2-98fa-f37d385ffbde","GroupedBy":["Message","DeviceAddress","DeviceHostName","SourceAddress","SourceHostName","SourceUserName","DestinationAddress","DestinationHostName","DestinationUserName","ApplicationProtocol","TransportProtocol","BytesIn","BytesOut","DeviceAction","DeviceAssetID","DeviceCity","DeviceCountry","DeviceDirection","DeviceDnsDomain","DeviceEventCategory","DeviceEventClassID","DeviceExternalID","DeviceFacility","DeviceHostName","DeviceInboundInterface","DeviceLatitude","DeviceLongitude","DeviceMacAddress","DeviceNtDomain","DeviceOutboundInterface","DevicePayloadID","DeviceProcessID","DeviceProcessName","DeviceReceiptTime","DeviceRegion","DeviceTimeZone","DeviceTranslatedAddress","DeviceVersion","EventOutcome","Reason","Severity","SourceAccountID","SourceAssetID","SourceCity","SourceCountry","SourceDnsDomain","SourceLatitude","SourceLongitude","SourceMacAddress","SourceNtDomain","SourcePort","SourceProcessID","SourceProcessName","SourceRegion","SourceServiceName","SourceTranslatedAddress","SourceTranslatedPort","SourceUserID","SourceUserPrivileges","DestinationAccountID","DestinationAssetID","DestinationCity","DestinationCountry","DestinationDnsDomain","DestinationLatitude","DestinationLongitude","DestinationMacAddress","DestinationNtDomain","DestinationPort","DestinationProcessID","DestinationProcessName","DestinationRegion","DestinationServiceName","DestinationTranslatedAddress","DestinationTranslatedPort","DestinationUserID","DestinationUserPrivileges","RequestClientApplication","RequestContext","RequestCookies","RequestMethod","RequestUrl","FileCreateTime","FileHash","FileID","FileModificationTime","FileName","FilePath","FilePermission","FileSize","FileType","OldFileCreateTime","OldFileHash","OldFileID","OldFileModificationTime","OldFileName","OldFilePath","OldFilePermission","OldFileSize","OldFileType","DeviceCustomDate1","DeviceCustomDate2","DeviceCustomFloatingPoint1","DeviceCustomFloatingPoint2","DeviceCustomFloatingPoint2Label","DeviceCustomFloatingPoint3","DeviceCustomFloatingPoint3Label","DeviceCustomFloatingPoint4","DeviceCustomFloatingPoint4Label","DeviceCustomIPv6Address1","DeviceCustomIPv6Address1Label","DeviceCustomIPv6Address3","DeviceCustomIPv6Address3Label","DeviceCustomIPv6Address4","DeviceCustomIPv6Address4Label","DeviceCustomNumber2","DeviceCustomNumber2Label","DeviceCustomNumber3","DeviceCustomString1","DeviceCustomNumber3Label","DeviceCustomString1Label","DeviceCustomString2","DeviceCustomString2Label","DeviceCustomString3","DeviceCustomString3Label","DeviceCustomString4","DeviceCustomString4Label","DeviceCustomString5","DeviceCustomString5Label","DeviceCustomString6","DeviceCustomString6Label","FlexDate1","FlexDate1Label","FlexNumber1","FlexNumber1Label","FlexNumber2","FlexNumber2Label","FlexString1","FlexString1Label","FlexString2"],"ServiceID":"7a75f41d-313b-4f68-a99d-6427546cc799","StartTime":1759561728958,"Timestamp":1760058799420,"BaseEvents":[{"ID":"68aa6b1a-9499-413d-9227-abae517bbbab","Name":"traffic","Type":1,"EndTime":1759529328000,"Message":"Connection Failed","Priority":0,"Severity":"notice","TenantID":"3d6c4203-7328-4fb2-98fa-f37d385ffbde","ServiceID":"71d3be03-d996-4ec6-a03d-223288e5abc8","Timestamp":1759561728958,"ExternalID":"62776378","SourcePort":1126,"ServiceName":"Fortigate","DeviceAction":"deny","DeviceVendor":"Fortninet","DeviceAddress":"192.168.51.14","DeviceProduct":"Fortigate","SourceAddress":"178.176.86.91","DeviceHostName":"windu","DeviceTimeZone":"+02:00","DestinationPort":445,"DeviceExternalID":"FGT60FTK22032234","DeviceReceiptTime":1759561728958,"TransportProtocol":"6","DestinationAddress":"192.168.1.222","DeviceEventClassID":"local","ApplicationProtocol":"SMB","DeviceCustomString1":"local-in-policy","DeviceEventCategory":"traffic","DeviceInboundInterface":"wan2","DeviceOutboundInterface":"root","DeviceCustomNumber1Label":"duration","DeviceCustomNumber2Label":"policyid","DeviceCustomString1Label":"policytype"}],"SourcePort":1126,"ServiceName":"[OOTB] Correlator","DeviceAction":"deny","DeviceVendor":"Kaspersky","DeviceAddress":"192.168.51.14","DeviceProduct":"KUMA","SourceAddress":"178.176.86.91","BaseEventCount":1,"DeviceHostName":"windu","DeviceTimeZone":"+02:00","DestinationPort":445,"DeviceExternalID":"FGT60FTK22032234","CorrelationRuleID":"e2a20430-e50f-4f70-8970-8c799793a934","DeviceReceiptTime":1759561728958,"TransportProtocol":"6","DestinationAddress":"192.168.1.222","DeviceEventClassID":"local","ApplicationProtocol":"SMB","CorrelationRuleName":"Connection. Inbound connection from external host using SMB, RPC ports","DeviceCustomString1":"local-in-policy","DeviceEventCategory":"traffic","DeviceInboundInterface":"wan2","DeviceOutboundInterface":"root","DeviceCustomNumber2Label":"policyid","DeviceCustomString1Label":"policytype"}],"ExternalID":"R445_03","SourcePort":1126,"ServiceName":"[OOTB] Correlator","DeviceAction":"deny","DeviceVendor":"Kaspersky","DeviceAddress":"192.168.51.14","DeviceProduct":"KUMA","SourceAddress":"178.176.86.91","BaseEventCount":1,"DeviceHostName":"windu","DeviceTimeZone":"+02:00","DestinationPort":445,"DeviceExternalID":"FGT60FTK22032234","CorrelationRuleID":"49182bb8-1dd3-44cd-b561-101a5bd0e58d","DeviceReceiptTime":1759561728958,"TransportProtocol":"6","DestinationAddress":"192.168.1.222","DeviceEventClassID":"local","ApplicationProtocol":"SMB","CorrelationRuleName":"R445_03_Inbound connection from external host via SMB, RPC port","DeviceCustomString1":"local-in-policy","DeviceEventCategory":"traffic","DestinationServiceName":"Microsoft-DS (Directory Services) SMB file sharing","DeviceInboundInterface":"wan2","DeviceOutboundInterface":"root","DeviceCustomNumber2Label":"policyid","DeviceCustomString1Label":"policytype"}],"Rules":[{"Confidence":"medium","Custom":false,"ID":"49182bb8-1dd3-44cd-b561-101a5bd0e58d","Name":"R445_03_Inbound connection from external host via SMB, RPC port","Severity":"medium","Type":""}],"Severity":"low","SourceCreatedAt":"2025-10-10T01:13:19.426Z","SourceID":"fe3844c2-c35c-4a80-93b8-66e94f6cbc0f","Status":"new","StatusChangedAt":"2025-10-10T01:13:19.717Z","StatusResolution":"","TenantID":"3d6c4203-7328-4fb2-98fa-f37d385ffbde","UpdatedAt":"2025-10-10T01:13:19.717Z"},{"Assets":null,"Assignee":{"ID":"nobody","Name":"Not assigned","Type":""},"CreatedAt":"2025-10-10T01:16:14.745Z","DetectionTechnologies":null,"ExternalRef":"","Extra":null,"FirstEventTime":"2025-10-10T01:16:10.121Z","HistoryRecords":null,"ID":18907,"IncidentID":"","IncidentLinkType":"","InternalID":"b8e8af29-225b-4621-86f6-498371558301","IsCII":false,"LastEventTime":"2025-10-10T01:16:14.45Z","MITRETactics":null,"MITRETechniques":null,"Name":"R445_03_Inbound connection from external host via SMB, RPC port","Observables":[{"Details":"","Type":"ip","Value":"89.96.67.161"},{"Details":"","Type":"hostname","Value":"windu"}],"OriginalEvents":[{"N":{"KL_CorrelationRulePriority":1},"ID":"b8e8af29-225b-4621-86f6-498371558301","Name":"R445_03_Inbound connection from external host via SMB, RPC port","Type":3,"EndTime":1760058974449,"Message":"The external host 89.96.67.161 remotely connected to the internal node 192.168.1.222 on port 445 which is used in SMB, RPC protocols: Microsoft-DS (Directory Services) SMB file sharing","Priority":1,"Severity":"notice","TenantID":"3d6c4203-7328-4fb2-98fa-f37d385ffbde","GroupedBy":["Message","DeviceAddress","DeviceHostName","SourceAddress","SourceHostName","SourceUserName","DestinationAddress","DestinationHostName","DestinationUserName","ApplicationProtocol","TransportProtocol","BytesIn","BytesOut","DeviceAction","DeviceAssetID","DeviceCity","DeviceCountry","DeviceDirection","DeviceDnsDomain","DeviceEventCategory","DeviceEventClassID","DeviceExternalID","DeviceFacility","DeviceHostName","DeviceInboundInterface","DeviceLatitude","DeviceLongitude","DeviceMacAddress","DeviceNtDomain","DeviceOutboundInterface","DevicePayloadID","DeviceProcessID","DeviceProcessName","DeviceReceiptTime","DeviceRegion","DeviceTimeZone","DeviceTranslatedAddress","DeviceVersion","EventOutcome","Reason","Severity","SourceAccountID","SourceAssetID","SourceCity","SourceCountry","SourceDnsDomain","SourceLatitude","SourceLongitude","SourceMacAddress","SourceNtDomain","SourcePort","SourceProcessID","SourceProcessName","SourceRegion","SourceServiceName","SourceTranslatedAddress","SourceTranslatedPort","SourceUserID","SourceUserPrivileges","DestinationAccountID","DestinationAssetID","DestinationCity","DestinationCountry","DestinationDnsDomain","DestinationLatitude","DestinationLongitude","DestinationMacAddress","DestinationNtDomain","DestinationPort","DestinationProcessID","DestinationProcessName","DestinationRegion","DestinationServiceName","DestinationTranslatedAddress","DestinationTranslatedPort","DestinationUserID","DestinationUserPrivileges","RequestClientApplication","RequestContext","RequestCookies","RequestMethod","RequestUrl","FileCreateTime","FileHash","FileID","FileModificationTime","FileName","FilePath","FilePermission","FileSize","FileType","OldFileCreateTime","OldFileHash","OldFileID","OldFileModificationTime","OldFileName","OldFilePath","OldFilePermission","OldFileSize","OldFileType","DeviceCustomDate1","DeviceCustomDate2","DeviceCustomFloatingPoint1","DeviceCustomFloatingPoint2","DeviceCustomFloatingPoint2Label","DeviceCustomFloatingPoint3","DeviceCustomFloatingPoint3Label","DeviceCustomFloatingPoint4","DeviceCustomFloatingPoint4Label","DeviceCustomIPv6Address1","DeviceCustomIPv6Address1Label","DeviceCustomIPv6Address3","DeviceCustomIPv6Address3Label","DeviceCustomIPv6Address4","DeviceCustomIPv6Address4Label","DeviceCustomNumber2","DeviceCustomNumber2Label","DeviceCustomNumber3","DeviceCustomString1","DeviceCustomNumber3Label","DeviceCustomString1Label","DeviceCustomString2","DeviceCustomString2Label","DeviceCustomString3","DeviceCustomString3Label","DeviceCustomString4","DeviceCustomString4Label","DeviceCustomString5","DeviceCustomString5Label","DeviceCustomString6","DeviceCustomString6Label","FlexDate1","FlexDate1Label","FlexNumber1","FlexNumber1Label","FlexNumber2","FlexNumber2Label","FlexString1","FlexString1Label","FlexString2","timestamp_just_added","timestamp_profiling_finished"],"ServiceID":"7a75f41d-313b-4f68-a99d-6427546cc799","StartTime":1760058974449,"Timestamp":1760058974450,"BaseEvents":[{"N":{"KL_CorrelationRulePriority":1},"ID":"56790c25-6914-4db2-9d21-59584e4e8e03","Name":"Connection. Inbound connection from external host using SMB, RPC ports","Type":3,"EndTime":1760058970122,"Message":"Connection Failed","Priority":1,"Severity":"notice","TenantID":"3d6c4203-7328-4fb2-98fa-f37d385ffbde","GroupedBy":["Message","DeviceAddress","DeviceHostName","SourceAddress","SourceHostName","SourceUserName","DestinationAddress","DestinationHostName","DestinationUserName","ApplicationProtocol","TransportProtocol","BytesIn","BytesOut","DeviceAction","DeviceAssetID","DeviceCity","DeviceCountry","DeviceDirection","DeviceDnsDomain","DeviceEventCategory","DeviceEventClassID","DeviceExternalID","DeviceFacility","DeviceHostName","DeviceInboundInterface","DeviceLatitude","DeviceLongitude","DeviceMacAddress","DeviceNtDomain","DeviceOutboundInterface","DevicePayloadID","DeviceProcessID","DeviceProcessName","DeviceReceiptTime","DeviceRegion","DeviceTimeZone","DeviceTranslatedAddress","DeviceVersion","EventOutcome","Reason","Severity","SourceAccountID","SourceAssetID","SourceCity","SourceCountry","SourceDnsDomain","SourceLatitude","SourceLongitude","SourceMacAddress","SourceNtDomain","SourcePort","SourceProcessID","SourceProcessName","SourceRegion","SourceServiceName","SourceTranslatedAddress","SourceTranslatedPort","SourceUserID","SourceUserPrivileges","DestinationAccountID","DestinationAssetID","DestinationCity","DestinationCountry","DestinationDnsDomain","DestinationLatitude","DestinationLongitude","DestinationMacAddress","DestinationNtDomain","DestinationPort","DestinationProcessID","DestinationProcessName","DestinationRegion","DestinationServiceName","DestinationTranslatedAddress","DestinationTranslatedPort","DestinationUserID","DestinationUserPrivileges","RequestClientApplication","RequestContext","RequestCookies","RequestMethod","RequestUrl","FileCreateTime","FileHash","FileID","FileModificationTime","FileName","FilePath","FilePermission","FileSize","FileType","OldFileCreateTime","OldFileHash","OldFileID","OldFileModificationTime","OldFileName","OldFilePath","OldFilePermission","OldFileSize","OldFileType","DeviceCustomDate1","DeviceCustomDate2","DeviceCustomFloatingPoint1","DeviceCustomFloatingPoint2","DeviceCustomFloatingPoint2Label","DeviceCustomFloatingPoint3","DeviceCustomFloatingPoint3Label","DeviceCustomFloatingPoint4","DeviceCustomFloatingPoint4Label","DeviceCustomIPv6Address1","DeviceCustomIPv6Address1Label","DeviceCustomIPv6Address3","DeviceCustomIPv6Address3Label","DeviceCustomIPv6Address4","DeviceCustomIPv6Address4Label","DeviceCustomNumber2","DeviceCustomNumber2Label","DeviceCustomNumber3","DeviceCustomString1","DeviceCustomNumber3Label","DeviceCustomString1Label","DeviceCustomString2","DeviceCustomString2Label","DeviceCustomString3","DeviceCustomString3Label","DeviceCustomString4","DeviceCustomString4Label","DeviceCustomString5","DeviceCustomString5Label","DeviceCustomString6","DeviceCustomString6Label","FlexDate1","FlexDate1Label","FlexNumber1","FlexNumber1Label","FlexNumber2","FlexNumber2Label","FlexString1","FlexString1Label","FlexString2"],"ServiceID":"7a75f41d-313b-4f68-a99d-6427546cc799","StartTime":1760058970122,"Timestamp":1760058974449,"BaseEvents":[{"ID":"6a28825a-fd35-494a-bd12-110d84d1fd5b","Name":"traffic","Type":1,"EndTime":1760058969000,"Message":"Connection Failed","Priority":0,"Severity":"notice","TenantID":"3d6c4203-7328-4fb2-98fa-f37d385ffbde","ServiceID":"71d3be03-d996-4ec6-a03d-223288e5abc8","Timestamp":1760058970122,"ExternalID":"71774430","SourcePort":58753,"ServiceName":"Fortigate","DeviceAction":"deny","DeviceVendor":"Fortninet","DeviceAddress":"192.168.51.14","DeviceProduct":"Fortigate","SourceAddress":"89.96.67.161","DeviceHostName":"windu","DeviceTimeZone":"+02:00","DestinationPort":445,"DeviceExternalID":"FGT60FTK22032234","DeviceReceiptTime":1760058970122,"TransportProtocol":"6","DestinationAddress":"192.168.1.222","DeviceEventClassID":"local","ApplicationProtocol":"SMB","DeviceCustomString1":"local-in-policy","DeviceEventCategory":"traffic","DeviceInboundInterface":"wan2","DeviceOutboundInterface":"root","DeviceCustomNumber1Label":"duration","DeviceCustomNumber2Label":"policyid","DeviceCustomString1Label":"policytype"}],"SourcePort":58753,"ServiceName":"[OOTB] Correlator","DeviceAction":"deny","DeviceVendor":"Kaspersky","DeviceAddress":"192.168.51.14","DeviceProduct":"KUMA","SourceAddress":"89.96.67.161","BaseEventCount":1,"DeviceHostName":"windu","DeviceTimeZone":"+02:00","DestinationPort":445,"DeviceExternalID":"FGT60FTK22032234","CorrelationRuleID":"e2a20430-e50f-4f70-8970-8c799793a934","DeviceReceiptTime":1760058970122,"TransportProtocol":"6","DestinationAddress":"192.168.1.222","DeviceEventClassID":"local","ApplicationProtocol":"SMB","CorrelationRuleName":"Connection. Inbound connection from external host using SMB, RPC ports","DeviceCustomString1":"local-in-policy","DeviceEventCategory":"traffic","DeviceInboundInterface":"wan2","DeviceOutboundInterface":"root","DeviceCustomNumber2Label":"policyid","DeviceCustomString1Label":"policytype"}],"ExternalID":"R445_03","SourcePort":58753,"ServiceName":"[OOTB] Correlator","DeviceAction":"deny","DeviceVendor":"Kaspersky","DeviceAddress":"192.168.51.14","DeviceProduct":"KUMA","SourceAddress":"89.96.67.161","BaseEventCount":1,"DeviceHostName":"windu","DeviceTimeZone":"+02:00","DestinationPort":445,"DeviceExternalID":"FGT60FTK22032234","CorrelationRuleID":"49182bb8-1dd3-44cd-b561-101a5bd0e58d","DeviceReceiptTime":1760058970122,"TransportProtocol":"6","DestinationAddress":"192.168.1.222","DeviceEventClassID":"local","ApplicationProtocol":"SMB","CorrelationRuleName":"R445_03_Inbound connection from external host via SMB, RPC port","DeviceCustomString1":"local-in-policy","DeviceEventCategory":"traffic","DestinationServiceName":"Microsoft-DS (Directory Services) SMB file sharing","DeviceInboundInterface":"wan2","DeviceOutboundInterface":"root","DeviceCustomNumber2Label":"policyid","DeviceCustomString1Label":"policytype"}],"Rules":[{"Confidence":"medium","Custom":false,"ID":"49182bb8-1dd3-44cd-b561-101a5bd0e58d","Name":"R445_03_Inbound connection from external host via SMB, RPC port","Severity":"medium","Type":""}],"Severity":"low","SourceCreatedAt":"2025-10-10T01:16:14.45Z","SourceID":"b8e8af29-225b-4621-86f6-498371558301","Status":"new","StatusChangedAt":"2025-10-10T01:16:14.745Z","StatusResolution":"","TenantID":"3d6c4203-7328-4fb2-98fa-f37d385ffbde","UpdatedAt":"2025-10-10T01:16:14.745Z"},{"Assets":null,"Assignee":{"ID":"nobody","Name":"Not assigned","Type":""},"CreatedAt":"2025-10-10T01:20:39.781Z","DetectionTechnologies":null,"ExternalRef":"","Extra":null,"FirstEventTime":"2025-10-10T01:20:37.796Z","HistoryRecords":null,"ID":18908,"IncidentID":"","IncidentLinkType":"","InternalID":"1cb05526-c58f-4403-a13e-f64866cf6b60","IsCII":false,"LastEventTime":"2025-10-10T01:20:39.536Z","MITRETactics":null,"MITRETechniques":null,"Name":"R445_03_Inbound connection from external host via SMB, RPC port","Observables":[{"Details":"","Type":"ip","Value":"36.83.223.5"},{"Details":"","Type":"hostname","Value":"windu"}],"OriginalEvents":[{"N":{"KL_CorrelationRulePriority":1},"ID":"1cb05526-c58f-4403-a13e-f64866cf6b60","Name":"R445_03_Inbound connection from external host via SMB, RPC port","Type":3,"EndTime":1760059239535,"Message":"The external host 36.83.223.5 remotely connected to the internal node 192.168.1.222 on port 445 which is used in SMB, RPC protocols: Microsoft-DS (Directory Services) SMB file sharing","Priority":1,"Severity":"notice","TenantID":"3d6c4203-7328-4fb2-98fa-f37d385ffbde","GroupedBy":["Message","DeviceAddress","DeviceHostName","SourceAddress","SourceHostName","SourceUserName","DestinationAddress","DestinationHostName","DestinationUserName","ApplicationProtocol","TransportProtocol","BytesIn","BytesOut","DeviceAction","DeviceAssetID","DeviceCity","DeviceCountry","DeviceDirection","DeviceDnsDomain","DeviceEventCategory","DeviceEventClassID","DeviceExternalID","DeviceFacility","DeviceHostName","DeviceInboundInterface","DeviceLatitude","DeviceLongitude","DeviceMacAddress","DeviceNtDomain","DeviceOutboundInterface","DevicePayloadID","DeviceProcessID","DeviceProcessName","DeviceReceiptTime","DeviceRegion","DeviceTimeZone","DeviceTranslatedAddress","DeviceVersion","EventOutcome","Reason","Severity","SourceAccountID","SourceAssetID","SourceCity","SourceCountry","SourceDnsDomain","SourceLatitude","SourceLongitude","SourceMacAddress","SourceNtDomain","SourcePort","SourceProcessID","SourceProcessName","SourceRegion","SourceServiceName","SourceTranslatedAddress","SourceTranslatedPort","SourceUserID","SourceUserPrivileges","DestinationAccountID","DestinationAssetID","DestinationCity","DestinationCountry","DestinationDnsDomain","DestinationLatitude","DestinationLongitude","DestinationMacAddress","DestinationNtDomain","DestinationPort","DestinationProcessID","DestinationProcessName","DestinationRegion","DestinationServiceName","DestinationTranslatedAddress","DestinationTranslatedPort","DestinationUserID","DestinationUserPrivileges","RequestClientApplication","RequestContext","RequestCookies","RequestMethod","RequestUrl","FileCreateTime","FileHash","FileID","FileModificationTime","FileName","FilePath","FilePermission","FileSize","FileType","OldFileCreateTime","OldFileHash","OldFileID","OldFileModificationTime","OldFileName","OldFilePath","OldFilePermission","OldFileSize","OldFileType","DeviceCustomDate1","DeviceCustomDate2","DeviceCustomFloatingPoint1","DeviceCustomFloatingPoint2","DeviceCustomFloatingPoint2Label","DeviceCustomFloatingPoint3","DeviceCustomFloatingPoint3Label","DeviceCustomFloatingPoint4","DeviceCustomFloatingPoint4Label","DeviceCustomIPv6Address1","DeviceCustomIPv6Address1Label","DeviceCustomIPv6Address3","DeviceCustomIPv6Address3Label","DeviceCustomIPv6Address4","DeviceCustomIPv6Address4Label","DeviceCustomNumber2","DeviceCustomNumber2Label","DeviceCustomNumber3","DeviceCustomString1","DeviceCustomNumber3Label","DeviceCustomString1Label","DeviceCustomString2","DeviceCustomString2Label","DeviceCustomString3","DeviceCustomString3Label","DeviceCustomString4","DeviceCustomString4Label","DeviceCustomString5","DeviceCustomString5Label","DeviceCustomString6","DeviceCustomString6Label","FlexDate1","FlexDate1Label","FlexNumber1","FlexNumber1Label","FlexNumber2","FlexNumber2Label","FlexString1","FlexString1Label","FlexString2","timestamp_just_added","timestamp_profiling_finished"],"ServiceID":"7a75f41d-313b-4f68-a99d-6427546cc799","StartTime":1760059239535,"Timestamp":1760059239536,"BaseEvents":[{"N":{"KL_CorrelationRulePriority":1},"ID":"91593d67-1850-4a93-bc71-4ca60b7a5dc2","Name":"Connection. Inbound connection from external host using SMB, RPC ports","Type":3,"EndTime":1760059237796,"Message":"Connection Failed","Priority":1,"Severity":"notice","TenantID":"3d6c4203-7328-4fb2-98fa-f37d385ffbde","GroupedBy":["Message","DeviceAddress","DeviceHostName","SourceAddress","SourceHostName","SourceUserName","DestinationAddress","DestinationHostName","DestinationUserName","ApplicationProtocol","TransportProtocol","BytesIn","BytesOut","DeviceAction","DeviceAssetID","DeviceCity","DeviceCountry","DeviceDirection","DeviceDnsDomain","DeviceEventCategory","DeviceEventClassID","DeviceExternalID","DeviceFacility","DeviceHostName","DeviceInboundInterface","DeviceLatitude","DeviceLongitude","DeviceMacAddress","DeviceNtDomain","DeviceOutboundInterface","DevicePayloadID","DeviceProcessID","DeviceProcessName","DeviceReceiptTime","DeviceRegion","DeviceTimeZone","DeviceTranslatedAddress","DeviceVersion","EventOutcome","Reason","Severity","SourceAccountID","SourceAssetID","SourceCity","SourceCountry","SourceDnsDomain","SourceLatitude","SourceLongitude","SourceMacAddress","SourceNtDomain","SourcePort","SourceProcessID","SourceProcessName","SourceRegion","SourceServiceName","SourceTranslatedAddress","SourceTranslatedPort","SourceUserID","SourceUserPrivileges","DestinationAccountID","DestinationAssetID","DestinationCity","DestinationCountry","DestinationDnsDomain","DestinationLatitude","DestinationLongitude","DestinationMacAddress","DestinationNtDomain","DestinationPort","DestinationProcessID","DestinationProcessName","DestinationRegion","DestinationServiceName","DestinationTranslatedAddress","DestinationTranslatedPort","DestinationUserID","DestinationUserPrivileges","RequestClientApplication","RequestContext","RequestCookies","RequestMethod","RequestUrl","FileCreateTime","FileHash","FileID","FileModificationTime","FileName","FilePath","FilePermission","FileSize","FileType","OldFileCreateTime","OldFileHash","OldFileID","OldFileModificationTime","OldFileName","OldFilePath","OldFilePermission","OldFileSize","OldFileType","DeviceCustomDate1","DeviceCustomDate2","DeviceCustomFloatingPoint1","DeviceCustomFloatingPoint2","DeviceCustomFloatingPoint2Label","DeviceCustomFloatingPoint3","DeviceCustomFloatingPoint3Label","DeviceCustomFloatingPoint4","DeviceCustomFloatingPoint4Label","DeviceCustomIPv6Address1","DeviceCustomIPv6Address1Label","DeviceCustomIPv6Address3","DeviceCustomIPv6Address3Label","DeviceCustomIPv6Address4","DeviceCustomIPv6Address4Label","DeviceCustomNumber2","DeviceCustomNumber2Label","DeviceCustomNumber3","DeviceCustomString1","DeviceCustomNumber3Label","DeviceCustomString1Label","DeviceCustomString2","DeviceCustomString2Label","DeviceCustomString3","DeviceCustomString3Label","DeviceCustomString4","DeviceCustomString4Label","DeviceCustomString5","DeviceCustomString5Label","DeviceCustomString6","DeviceCustomString6Label","FlexDate1","FlexDate1Label","FlexNumber1","FlexNumber1Label","FlexNumber2","FlexNumber2Label","FlexString1","FlexString1Label","FlexString2"],"ServiceID":"7a75f41d-313b-4f68-a99d-6427546cc799","StartTime":1760059237796,"Timestamp":1760059239535,"BaseEvents":[{"ID":"8df5ca4e-b35a-4890-8aa3-479075eb3624","Name":"traffic","Type":1,"EndTime":1760059237000,"Message":"Connection Failed","Priority":0,"Severity":"notice","TenantID":"3d6c4203-7328-4fb2-98fa-f37d385ffbde","ServiceID":"71d3be03-d996-4ec6-a03d-223288e5abc8","Timestamp":1760059237796,"ExternalID":"71779634","SourcePort":62514,"ServiceName":"Fortigate","DeviceAction":"deny","DeviceVendor":"Fortninet","DeviceAddress":"192.168.51.14","DeviceProduct":"Fortigate","SourceAddress":"36.83.223.5","DeviceHostName":"windu","DeviceTimeZone":"+02:00","DestinationPort":445,"DeviceExternalID":"FGT60FTK22032234","DeviceReceiptTime":1760059237796,"TransportProtocol":"6","DestinationAddress":"192.168.1.222","DeviceEventClassID":"local","ApplicationProtocol":"SMB","DeviceCustomString1":"local-in-policy","DeviceEventCategory":"traffic","DeviceInboundInterface":"wan2","DeviceOutboundInterface":"root","DeviceCustomNumber1Label":"duration","DeviceCustomNumber2Label":"policyid","DeviceCustomString1Label":"policytype"}],"SourcePort":62514,"ServiceName":"[OOTB] Correlator","DeviceAction":"deny","DeviceVendor":"Kaspersky","DeviceAddress":"192.168.51.14","DeviceProduct":"KUMA","SourceAddress":"36.83.223.5","BaseEventCount":1,"DeviceHostName":"windu","DeviceTimeZone":"+02:00","DestinationPort":445,"DeviceExternalID":"FGT60FTK22032234","CorrelationRuleID":"e2a20430-e50f-4f70-8970-8c799793a934","DeviceReceiptTime":1760059237796,"TransportProtocol":"6","DestinationAddress":"192.168.1.222","DeviceEventClassID":"local","ApplicationProtocol":"SMB","CorrelationRuleName":"Connection. Inbound connection from external host using SMB, RPC ports","DeviceCustomString1":"local-in-policy","DeviceEventCategory":"traffic","DeviceInboundInterface":"wan2","DeviceOutboundInterface":"root","DeviceCustomNumber2Label":"policyid","DeviceCustomString1Label":"policytype"}],"ExternalID":"R445_03","SourcePort":62514,"ServiceName":"[OOTB] Correlator","DeviceAction":"deny","DeviceVendor":"Kaspersky","DeviceAddress":"192.168.51.14","DeviceProduct":"KUMA","SourceAddress":"36.83.223.5","BaseEventCount":1,"DeviceHostName":"windu","DeviceTimeZone":"+02:00","DestinationPort":445,"DeviceExternalID":"FGT60FTK22032234","CorrelationRuleID":"49182bb8-1dd3-44cd-b561-101a5bd0e58d","DeviceReceiptTime":1760059237796,"TransportProtocol":"6","DestinationAddress":"192.168.1.222","DeviceEventClassID":"local","ApplicationProtocol":"SMB","CorrelationRuleName":"R445_03_Inbound connection from external host via SMB, RPC port","DeviceCustomString1":"local-in-policy","DeviceEventCategory":"traffic","DestinationServiceName":"Microsoft-DS (Directory Services) SMB file sharing","DeviceInboundInterface":"wan2","DeviceOutboundInterface":"root","DeviceCustomNumber2Label":"policyid","DeviceCustomString1Label":"policytype"}],"Rules":[{"Confidence":"medium","Custom":false,"ID":"49182bb8-1dd3-44cd-b561-101a5bd0e58d","Name":"R445_03_Inbound connection from external host via SMB, RPC port","Severity":"medium","Type":""}],"Severity":"low","SourceCreatedAt":"2025-10-10T01:20:39.536Z","SourceID":"1cb05526-c58f-4403-a13e-f64866cf6b60","Status":"new","StatusChangedAt":"2025-10-10T01:20:39.781Z","StatusResolution":"","TenantID":"3d6c4203-7328-4fb2-98fa-f37d385ffbde","UpdatedAt":"2025-10-10T01:20:39.781Z"},{"Assets":null,"Assignee":{"ID":"nobody","Name":"Not assigned","Type":""},"CreatedAt":"2025-10-10T01:21:29.79Z","DetectionTechnologies":null,"ExternalRef":"","Extra":null,"FirstEventTime":"2025-10-04T07:16:24.993Z","HistoryRecords":null,"ID":18909,"IncidentID":"","IncidentLinkType":"","InternalID":"eb2a7d81-0710-4838-a322-9ec71294c250","IsCII":false,"LastEventTime":"2025-10-10T01:21:29.509Z","MITRETactics":null,"MITRETechniques":null,"Name":"R445_05_Inbound connection from external host via management port","Observables":[{"Details":"","Type":"ip","Value":"103.203.57.21"},{"Details":"","Type":"hostname","Value":"windu"}],"OriginalEvents":[{"N":{"KL_CorrelationRulePriority":1},"ID":"eb2a7d81-0710-4838-a322-9ec71294c250","Name":"R445_05_Inbound connection from external host via management port","Type":3,"EndTime":1760059289509,"Message":"The external host 103.203.57.21 remotely connected to the internal node 192.168.1.222 on port 22 using the remote administration tool: SSH","Priority":1,"Severity":"notice","TenantID":"3d6c4203-7328-4fb2-98fa-f37d385ffbde","GroupedBy":["Message","DeviceAddress","DeviceHostName","SourceAddress","SourceHostName","SourceUserName","DestinationAddress","DestinationHostName","DestinationUserName","ApplicationProtocol","TransportProtocol","BytesIn","BytesOut","DeviceAction","DeviceAssetID","DeviceCity","DeviceCountry","DeviceDirection","DeviceDnsDomain","DeviceEventCategory","DeviceEventClassID","DeviceExternalID","DeviceFacility","DeviceHostName","DeviceInboundInterface","DeviceLatitude","DeviceLongitude","DeviceMacAddress","DeviceNtDomain","DeviceOutboundInterface","DevicePayloadID","DeviceProcessID","DeviceProcessName","DeviceReceiptTime","DeviceRegion","DeviceTimeZone","DeviceTranslatedAddress","DeviceVersion","EventOutcome","Reason","Severity","SourceAccountID","SourceAssetID","SourceCity","SourceCountry","SourceDnsDomain","SourceLatitude","SourceLongitude","SourceMacAddress","SourceNtDomain","SourcePort","SourceProcessID","SourceProcessName","SourceRegion","SourceServiceName","SourceTranslatedAddress","SourceTranslatedPort","SourceUserID","SourceUserPrivileges","DestinationAccountID","DestinationAssetID","DestinationCity","DestinationCountry","DestinationDnsDomain","DestinationLatitude","DestinationLongitude","DestinationMacAddress","DestinationNtDomain","DestinationPort","DestinationProcessID","DestinationProcessName","DestinationRegion","DestinationServiceName","DestinationTranslatedAddress","DestinationTranslatedPort","DestinationUserID","DestinationUserPrivileges","RequestClientApplication","RequestContext","RequestCookies","RequestMethod","RequestUrl","FileCreateTime","FileHash","FileID","FileModificationTime","FileName","FilePath","FilePermission","FileSize","FileType","OldFileCreateTime","OldFileHash","OldFileID","OldFileModificationTime","OldFileName","OldFilePath","OldFilePermission","OldFileSize","OldFileType","DeviceCustomDate1","DeviceCustomDate2","DeviceCustomFloatingPoint1","DeviceCustomFloatingPoint2","DeviceCustomFloatingPoint2Label","DeviceCustomFloatingPoint3","DeviceCustomFloatingPoint3Label","DeviceCustomFloatingPoint4","DeviceCustomFloatingPoint4Label","DeviceCustomIPv6Address1","DeviceCustomIPv6Address1Label","DeviceCustomIPv6Address3","DeviceCustomIPv6Address3Label","DeviceCustomIPv6Address4","DeviceCustomIPv6Address4Label","DeviceCustomNumber2","DeviceCustomNumber2Label","DeviceCustomNumber3","DeviceCustomString1","DeviceCustomNumber3Label","DeviceCustomString1Label","DeviceCustomString2","DeviceCustomString2Label","DeviceCustomString3","DeviceCustomString3Label","DeviceCustomString4","DeviceCustomString4Label","DeviceCustomString5","DeviceCustomString5Label","DeviceCustomString6","DeviceCustomString6Label","FlexDate1","FlexDate1Label","FlexNumber1","FlexNumber1Label","FlexNumber2","FlexNumber2Label","FlexString1","FlexString1Label","FlexString2","timestamp_just_added","timestamp_profiling_finished"],"ServiceID":"7a75f41d-313b-4f68-a99d-6427546cc799","StartTime":1760059289509,"Timestamp":1760059289510,"BaseEvents":[{"N":{"KL_CorrelationRulePriority":1},"ID":"abd8d33d-8e38-4a48-b487-d7e3757298d1","Name":"Connection. Inbound connection from external host using management ports","Type":3,"EndTime":1759562184994,"Message":"Connection Failed","Priority":1,"Severity":"notice","TenantID":"3d6c4203-7328-4fb2-98fa-f37d385ffbde","GroupedBy":["Message","DeviceAddress","DeviceHostName","SourceAddress","SourceHostName","SourceUserName","DestinationAddress","DestinationHostName","DestinationUserName","ApplicationProtocol","TransportProtocol","BytesIn","BytesOut","DeviceAction","DeviceAssetID","DeviceCity","DeviceCountry","DeviceDirection","DeviceDnsDomain","DeviceEventCategory","DeviceEventClassID","DeviceExternalID","DeviceFacility","DeviceHostName","DeviceInboundInterface","DeviceLatitude","DeviceLongitude","DeviceMacAddress","DeviceNtDomain","DeviceOutboundInterface","DevicePayloadID","DeviceProcessID","DeviceProcessName","DeviceReceiptTime","DeviceRegion","DeviceTimeZone","DeviceTranslatedAddress","DeviceVersion","EventOutcome","Reason","Severity","SourceAccountID","SourceAssetID","SourceCity","SourceCountry","SourceDnsDomain","SourceLatitude","SourceLongitude","SourceMacAddress","SourceNtDomain","SourcePort","SourceProcessID","SourceProcessName","SourceRegion","SourceServiceName","SourceTranslatedAddress","SourceTranslatedPort","SourceUserID","SourceUserPrivileges","DestinationAccountID","DestinationAssetID","DestinationCity","DestinationCountry","DestinationDnsDomain","DestinationLatitude","DestinationLongitude","DestinationMacAddress","DestinationNtDomain","DestinationPort","DestinationProcessID","DestinationProcessName","DestinationRegion","DestinationServiceName","DestinationTranslatedAddress","DestinationTranslatedPort","DestinationUserID","DestinationUserPrivileges","RequestClientApplication","RequestContext","RequestCookies","RequestMethod","RequestUrl","FileCreateTime","FileHash","FileID","FileModificationTime","FileName","FilePath","FilePermission","FileSize","FileType","OldFileCreateTime","OldFileHash","OldFileID","OldFileModificationTime","OldFileName","OldFilePath","OldFilePermission","OldFileSize","OldFileType","DeviceCustomDate1","DeviceCustomDate2","DeviceCustomFloatingPoint1","DeviceCustomFloatingPoint2","DeviceCustomFloatingPoint2Label","DeviceCustomFloatingPoint3","DeviceCustomFloatingPoint3Label","DeviceCustomFloatingPoint4","DeviceCustomFloatingPoint4Label","DeviceCustomIPv6Address1","DeviceCustomIPv6Address1Label","DeviceCustomIPv6Address3","DeviceCustomIPv6Address3Label","DeviceCustomIPv6Address4","DeviceCustomIPv6Address4Label","DeviceCustomNumber2","DeviceCustomNumber2Label","DeviceCustomNumber3","DeviceCustomString1","DeviceCustomNumber3Label","DeviceCustomString1Label","DeviceCustomString2","DeviceCustomString2Label","DeviceCustomString3","DeviceCustomString3Label","DeviceCustomString4","DeviceCustomString4Label","DeviceCustomString5","DeviceCustomString5Label","DeviceCustomString6","DeviceCustomString6Label","FlexDate1","FlexDate1Label","FlexNumber1","FlexNumber1Label","FlexNumber2","FlexNumber2Label","FlexString1","FlexString1Label","FlexString2"],"ServiceID":"7a75f41d-313b-4f68-a99d-6427546cc799","StartTime":1759562184994,"Timestamp":1760059289509,"BaseEvents":[{"ID":"fbec4bfe-970f-4ac8-82da-e26c470a1af9","Name":"traffic","Type":1,"EndTime":1759529784000,"Message":"Connection Failed","Priority":0,"Severity":"notice","TenantID":"3d6c4203-7328-4fb2-98fa-f37d385ffbde","ServiceID":"71d3be03-d996-4ec6-a03d-223288e5abc8","Timestamp":1759562184994,"ExternalID":"62783151","SourcePort":42679,"ServiceName":"Fortigate","DeviceAction":"deny","DeviceVendor":"Fortninet","DeviceAddress":"192.168.51.14","DeviceProduct":"Fortigate","SourceAddress":"103.203.57.21","DeviceHostName":"windu","DeviceTimeZone":"+02:00","DestinationPort":22,"DeviceExternalID":"FGT60FTK22032234","DeviceReceiptTime":1759562184994,"TransportProtocol":"6","DestinationAddress":"192.168.1.222","DeviceEventClassID":"local","ApplicationProtocol":"SSH","DeviceCustomString1":"local-in-policy","DeviceEventCategory":"traffic","DeviceInboundInterface":"wan2","DeviceOutboundInterface":"root","DeviceCustomNumber1Label":"duration","DeviceCustomNumber2Label":"policyid","DeviceCustomString1Label":"policytype"}],"SourcePort":42679,"ServiceName":"[OOTB] Correlator","DeviceAction":"deny","DeviceVendor":"Kaspersky","DeviceAddress":"192.168.51.14","DeviceProduct":"KUMA","SourceAddress":"103.203.57.21","BaseEventCount":1,"DeviceHostName":"windu","DeviceTimeZone":"+02:00","DestinationPort":22,"DeviceExternalID":"FGT60FTK22032234","CorrelationRuleID":"83fea516-0ec2-4fd2-96c0-1136c65378bb","DeviceReceiptTime":1759562184994,"TransportProtocol":"6","DestinationAddress":"192.168.1.222","DeviceEventClassID":"local","ApplicationProtocol":"SSH","CorrelationRuleName":"Connection. Inbound connection from external host using management ports","DeviceCustomString1":"local-in-policy","DeviceEventCategory":"traffic","DeviceInboundInterface":"wan2","DeviceOutboundInterface":"root","DeviceCustomNumber2Label":"policyid","DeviceCustomString1Label":"policytype"}],"ExternalID":"R445_05","SourcePort":42679,"ServiceName":"[OOTB] Correlator","DeviceAction":"deny","DeviceVendor":"Kaspersky","DeviceAddress":"192.168.51.14","DeviceProduct":"KUMA","SourceAddress":"103.203.57.21","BaseEventCount":1,"DeviceHostName":"windu","DeviceTimeZone":"+02:00","DestinationPort":22,"DeviceExternalID":"FGT60FTK22032234","CorrelationRuleID":"4eeda10b-8ef6-4725-846d-62b00bfa7561","DeviceReceiptTime":1759562184994,"TransportProtocol":"6","DestinationAddress":"192.168.1.222","DeviceEventClassID":"local","ApplicationProtocol":"SSH","CorrelationRuleName":"R445_05_Inbound connection from external host via management port","DeviceCustomString1":"local-in-policy","DeviceEventCategory":"traffic","DestinationServiceName":"SSH","DeviceInboundInterface":"wan2","DeviceOutboundInterface":"root","DeviceCustomNumber2Label":"policyid","DeviceCustomString1Label":"policytype"}],"Rules":[{"Confidence":"medium","Custom":false,"ID":"4eeda10b-8ef6-4725-846d-62b00bfa7561","Name":"R445_05_Inbound connection from external host via management port","Severity":"medium","Type":""}],"Severity":"low","SourceCreatedAt":"2025-10-10T01:21:29.509Z","SourceID":"eb2a7d81-0710-4838-a322-9ec71294c250","Status":"new","StatusChangedAt":"2025-10-10T01:21:29.79Z","StatusResolution":"","TenantID":"3d6c4203-7328-4fb2-98fa-f37d385ffbde","UpdatedAt":"2025-10-10T01:21:29.79Z"},{"Assets":null,"Assignee":{"ID":"nobody","Name":"Not assigned","Type":""},"CreatedAt":"2025-10-10T01:21:34.778Z","DetectionTechnologies":null,"ExternalRef":"","Extra":null,"FirstEventTime":"2025-10-10T01:21:31.516Z","HistoryRecords":null,"ID":18910,"IncidentID":"","IncidentLinkType":"","InternalID":"b9920251-318e-49c0-b697-ac044ccb9c20","IsCII":false,"LastEventTime":"2025-10-10T01:21:34.532Z","MITRETactics":null,"MITRETechniques":null,"Name":"R445_03_Inbound connection from external host via SMB, RPC port","Observables":[{"Details":"","Type":"ip","Value":"193.163.125.75"},{"Details":"","Type":"hostname","Value":"windu"}],"OriginalEvents":[{"N":{"KL_CorrelationRulePriority":1},"ID":"b9920251-318e-49c0-b697-ac044ccb9c20","Name":"R445_03_Inbound connection from external host via SMB, RPC port","Type":3,"EndTime":1760059294531,"Message":"The external host 193.163.125.75 remotely connected to the internal node 192.168.1.222 on port 445 which is used in SMB, RPC protocols: Microsoft-DS (Directory Services) SMB file sharing","Priority":1,"Severity":"notice","TenantID":"3d6c4203-7328-4fb2-98fa-f37d385ffbde","GroupedBy":["Message","DeviceAddress","DeviceHostName","SourceAddress","SourceHostName","SourceUserName","DestinationAddress","DestinationHostName","DestinationUserName","ApplicationProtocol","TransportProtocol","BytesIn","BytesOut","DeviceAction","DeviceAssetID","DeviceCity","DeviceCountry","DeviceDirection","DeviceDnsDomain","DeviceEventCategory","DeviceEventClassID","DeviceExternalID","DeviceFacility","DeviceHostName","DeviceInboundInterface","DeviceLatitude","DeviceLongitude","DeviceMacAddress","DeviceNtDomain","DeviceOutboundInterface","DevicePayloadID","DeviceProcessID","DeviceProcessName","DeviceReceiptTime","DeviceRegion","DeviceTimeZone","DeviceTranslatedAddress","DeviceVersion","EventOutcome","Reason","Severity","SourceAccountID","SourceAssetID","SourceCity","SourceCountry","SourceDnsDomain","SourceLatitude","SourceLongitude","SourceMacAddress","SourceNtDomain","SourcePort","SourceProcessID","SourceProcessName","SourceRegion","SourceServiceName","SourceTranslatedAddress","SourceTranslatedPort","SourceUserID","SourceUserPrivileges","DestinationAccountID","DestinationAssetID","DestinationCity","DestinationCountry","DestinationDnsDomain","DestinationLatitude","DestinationLongitude","DestinationMacAddress","DestinationNtDomain","DestinationPort","DestinationProcessID","DestinationProcessName","DestinationRegion","DestinationServiceName","DestinationTranslatedAddress","DestinationTranslatedPort","DestinationUserID","DestinationUserPrivileges","RequestClientApplication","RequestContext","RequestCookies","RequestMethod","RequestUrl","FileCreateTime","FileHash","FileID","FileModificationTime","FileName","FilePath","FilePermission","FileSize","FileType","OldFileCreateTime","OldFileHash","OldFileID","OldFileModificationTime","OldFileName","OldFilePath","OldFilePermission","OldFileSize","OldFileType","DeviceCustomDate1","DeviceCustomDate2","DeviceCustomFloatingPoint1","DeviceCustomFloatingPoint2","DeviceCustomFloatingPoint2Label","DeviceCustomFloatingPoint3","DeviceCustomFloatingPoint3Label","DeviceCustomFloatingPoint4","DeviceCustomFloatingPoint4Label","DeviceCustomIPv6Address1","DeviceCustomIPv6Address1Label","DeviceCustomIPv6Address3","DeviceCustomIPv6Address3Label","DeviceCustomIPv6Address4","DeviceCustomIPv6Address4Label","DeviceCustomNumber2","DeviceCustomNumber2Label","DeviceCustomNumber3","DeviceCustomString1","DeviceCustomNumber3Label","DeviceCustomString1Label","DeviceCustomString2","DeviceCustomString2Label","DeviceCustomString3","DeviceCustomString3Label","DeviceCustomString4","DeviceCustomString4Label","DeviceCustomString5","DeviceCustomString5Label","DeviceCustomString6","DeviceCustomString6Label","FlexDate1","FlexDate1Label","FlexNumber1","FlexNumber1Label","FlexNumber2","FlexNumber2Label","FlexString1","FlexString1Label","FlexString2","timestamp_just_added","timestamp_profiling_finished"],"ServiceID":"7a75f41d-313b-4f68-a99d-6427546cc799","StartTime":1760059294531,"Timestamp":1760059294532,"BaseEvents":[{"N":{"KL_CorrelationRulePriority":1},"ID":"2ce546c2-27f8-4f50-b267-2be81f10cb9d","Name":"Connection. Inbound connection from external host using SMB, RPC ports","Type":3,"EndTime":1760059291516,"Message":"Connection Failed","Priority":1,"Severity":"notice","TenantID":"3d6c4203-7328-4fb2-98fa-f37d385ffbde","GroupedBy":["Message","DeviceAddress","DeviceHostName","SourceAddress","SourceHostName","SourceUserName","DestinationAddress","DestinationHostName","DestinationUserName","ApplicationProtocol","TransportProtocol","BytesIn","BytesOut","DeviceAction","DeviceAssetID","DeviceCity","DeviceCountry","DeviceDirection","DeviceDnsDomain","DeviceEventCategory","DeviceEventClassID","DeviceExternalID","DeviceFacility","DeviceHostName","DeviceInboundInterface","DeviceLatitude","DeviceLongitude","DeviceMacAddress","DeviceNtDomain","DeviceOutboundInterface","DevicePayloadID","DeviceProcessID","DeviceProcessName","DeviceReceiptTime","DeviceRegion","DeviceTimeZone","DeviceTranslatedAddress","DeviceVersion","EventOutcome","Reason","Severity","SourceAccountID","SourceAssetID","SourceCity","SourceCountry","SourceDnsDomain","SourceLatitude","SourceLongitude","SourceMacAddress","SourceNtDomain","SourcePort","SourceProcessID","SourceProcessName","SourceRegion","SourceServiceName","SourceTranslatedAddress","SourceTranslatedPort","SourceUserID","SourceUserPrivileges","DestinationAccountID","DestinationAssetID","DestinationCity","DestinationCountry","DestinationDnsDomain","DestinationLatitude","DestinationLongitude","DestinationMacAddress","DestinationNtDomain","DestinationPort","DestinationProcessID","DestinationProcessName","DestinationRegion","DestinationServiceName","DestinationTranslatedAddress","DestinationTranslatedPort","DestinationUserID","DestinationUserPrivileges","RequestClientApplication","RequestContext","RequestCookies","RequestMethod","RequestUrl","FileCreateTime","FileHash","FileID","FileModificationTime","FileName","FilePath","FilePermission","FileSize","FileType","OldFileCreateTime","OldFileHash","OldFileID","OldFileModificationTime","OldFileName","OldFilePath","OldFilePermission","OldFileSize","OldFileType","DeviceCustomDate1","DeviceCustomDate2","DeviceCustomFloatingPoint1","DeviceCustomFloatingPoint2","DeviceCustomFloatingPoint2Label","DeviceCustomFloatingPoint3","DeviceCustomFloatingPoint3Label","DeviceCustomFloatingPoint4","DeviceCustomFloatingPoint4Label","DeviceCustomIPv6Address1","DeviceCustomIPv6Address1Label","DeviceCustomIPv6Address3","DeviceCustomIPv6Address3Label","DeviceCustomIPv6Address4","DeviceCustomIPv6Address4Label","DeviceCustomNumber2","DeviceCustomNumber2Label","DeviceCustomNumber3","DeviceCustomString1","DeviceCustomNumber3Label","DeviceCustomString1Label","DeviceCustomString2","DeviceCustomString2Label","DeviceCustomString3","DeviceCustomString3Label","DeviceCustomString4","DeviceCustomString4Label","DeviceCustomString5","DeviceCustomString5Label","DeviceCustomString6","DeviceCustomString6Label","FlexDate1","FlexDate1Label","FlexNumber1","FlexNumber1Label","FlexNumber2","FlexNumber2Label","FlexString1","FlexString1Label","FlexString2"],"ServiceID":"7a75f41d-313b-4f68-a99d-6427546cc799","StartTime":1760059291516,"Timestamp":1760059294531,"BaseEvents":[{"ID":"01971231-459e-4e8c-812b-59a3d8e0dfa6","Name":"traffic","Type":1,"EndTime":1760059291000,"Message":"Connection Failed","Priority":0,"Severity":"notice","TenantID":"3d6c4203-7328-4fb2-98fa-f37d385ffbde","ServiceID":"71d3be03-d996-4ec6-a03d-223288e5abc8","Timestamp":1760059291516,"ExternalID":"71780542","SourcePort":52952,"ServiceName":"Fortigate","DeviceAction":"deny","DeviceVendor":"Fortninet","DeviceAddress":"192.168.51.14","DeviceProduct":"Fortigate","SourceAddress":"193.163.125.75","DeviceHostName":"windu","DeviceTimeZone":"+02:00","DestinationPort":445,"DeviceExternalID":"FGT60FTK22032234","DeviceReceiptTime":1760059291516,"TransportProtocol":"6","DestinationAddress":"192.168.1.222","DeviceEventClassID":"local","ApplicationProtocol":"SMB","DeviceCustomString1":"local-in-policy","DeviceEventCategory":"traffic","DeviceInboundInterface":"wan2","DeviceOutboundInterface":"root","DeviceCustomNumber1Label":"duration","DeviceCustomNumber2Label":"policyid","DeviceCustomString1Label":"policytype"}],"SourcePort":52952,"ServiceName":"[OOTB] Correlator","DeviceAction":"deny","DeviceVendor":"Kaspersky","DeviceAddress":"192.168.51.14","DeviceProduct":"KUMA","SourceAddress":"193.163.125.75","BaseEventCount":1,"DeviceHostName":"windu","DeviceTimeZone":"+02:00","DestinationPort":445,"DeviceExternalID":"FGT60FTK22032234","CorrelationRuleID":"e2a20430-e50f-4f70-8970-8c799793a934","DeviceReceiptTime":1760059291516,"TransportProtocol":"6","DestinationAddress":"192.168.1.222","DeviceEventClassID":"local","ApplicationProtocol":"SMB","CorrelationRuleName":"Connection. Inbound connection from external host using SMB, RPC ports","DeviceCustomString1":"local-in-policy","DeviceEventCategory":"traffic","DeviceInboundInterface":"wan2","DeviceOutboundInterface":"root","DeviceCustomNumber2Label":"policyid","DeviceCustomString1Label":"policytype"}],"ExternalID":"R445_03","SourcePort":52952,"ServiceName":"[OOTB] Correlator","DeviceAction":"deny","DeviceVendor":"Kaspersky","DeviceAddress":"192.168.51.14","DeviceProduct":"KUMA","SourceAddress":"193.163.125.75","BaseEventCount":1,"DeviceHostName":"windu","DeviceTimeZone":"+02:00","DestinationPort":445,"DeviceExternalID":"FGT60FTK22032234","CorrelationRuleID":"49182bb8-1dd3-44cd-b561-101a5bd0e58d","DeviceReceiptTime":1760059291516,"TransportProtocol":"6","DestinationAddress":"192.168.1.222","DeviceEventClassID":"local","ApplicationProtocol":"SMB","CorrelationRuleName":"R445_03_Inbound connection from external host via SMB, RPC port","DeviceCustomString1":"local-in-policy","DeviceEventCategory":"traffic","DestinationServiceName":"Microsoft-DS (Directory Services) SMB file sharing","DeviceInboundInterface":"wan2","DeviceOutboundInterface":"root","DeviceCustomNumber2Label":"policyid","DeviceCustomString1Label":"policytype"}],"Rules":[{"Confidence":"medium","Custom":false,"ID":"49182bb8-1dd3-44cd-b561-101a5bd0e58d","Name":"R445_03_Inbound connection from external host via SMB, RPC port","Severity":"medium","Type":""}],"Severity":"low","SourceCreatedAt":"2025-10-10T01:21:34.532Z","SourceID":"b9920251-318e-49c0-b697-ac044ccb9c20","Status":"new","StatusChangedAt":"2025-10-10T01:21:34.778Z","StatusResolution":"","TenantID":"3d6c4203-7328-4fb2-98fa-f37d385ffbde","UpdatedAt":"2025-10-10T01:21:34.778Z"},{"Assets":null,"Assignee":{"ID":"nobody","Name":"Not assigned","Type":""},"CreatedAt":"2025-10-10T01:25:09.814Z","DetectionTechnologies":null,"ExternalRef":"","Extra":null,"FirstEventTime":"2025-10-04T07:20:08.677Z","HistoryRecords":null,"ID":18911,"IncidentID":"","IncidentLinkType":"","InternalID":"7393a5a8-cd10-4c79-b956-1cc06b9fef20","IsCII":false,"LastEventTime":"2025-10-10T01:25:19.591Z","MITRETactics":null,"MITRETechniques":null,"Name":"R445_03_Inbound connection from external host via SMB, RPC port","Observables":[{"Details":"","Type":"ip","Value":"186.167.32.35"},{"Details":"","Type":"hostname","Value":"windu"},{"Details":"","Type":"ip","Value":"171.250.165.66"}],"OriginalEvents":[{"N":{"KL_CorrelationRulePriority":1},"ID":"7393a5a8-cd10-4c79-b956-1cc06b9fef20","Name":"R445_03_Inbound connection from external host via SMB, RPC port","Type":3,"EndTime":1760059509601,"Message":"The external host 186.167.32.35 remotely connected to the internal node 192.168.1.222 on port 445 which is used in SMB, RPC protocols: Microsoft-DS (Directory Services) SMB file sharing","Priority":1,"Severity":"notice","TenantID":"3d6c4203-7328-4fb2-98fa-f37d385ffbde","GroupedBy":["Message","DeviceAddress","DeviceHostName","SourceAddress","SourceHostName","SourceUserName","DestinationAddress","DestinationHostName","DestinationUserName","ApplicationProtocol","TransportProtocol","BytesIn","BytesOut","DeviceAction","DeviceAssetID","DeviceCity","DeviceCountry","DeviceDirection","DeviceDnsDomain","DeviceEventCategory","DeviceEventClassID","DeviceExternalID","DeviceFacility","DeviceHostName","DeviceInboundInterface","DeviceLatitude","DeviceLongitude","DeviceMacAddress","DeviceNtDomain","DeviceOutboundInterface","DevicePayloadID","DeviceProcessID","DeviceProcessName","DeviceReceiptTime","DeviceRegion","DeviceTimeZone","DeviceTranslatedAddress","DeviceVersion","EventOutcome","Reason","Severity","SourceAccountID","SourceAssetID","SourceCity","SourceCountry","SourceDnsDomain","SourceLatitude","SourceLongitude","SourceMacAddress","SourceNtDomain","SourcePort","SourceProcessID","SourceProcessName","SourceRegion","SourceServiceName","SourceTranslatedAddress","SourceTranslatedPort","SourceUserID","SourceUserPrivileges","DestinationAccountID","DestinationAssetID","DestinationCity","DestinationCountry","DestinationDnsDomain","DestinationLatitude","DestinationLongitude","DestinationMacAddress","DestinationNtDomain","DestinationPort","DestinationProcessID","DestinationProcessName","DestinationRegion","DestinationServiceName","DestinationTranslatedAddress","DestinationTranslatedPort","DestinationUserID","DestinationUserPrivileges","RequestClientApplication","RequestContext","RequestCookies","RequestMethod","RequestUrl","FileCreateTime","FileHash","FileID","FileModificationTime","FileName","FilePath","FilePermission","FileSize","FileType","OldFileCreateTime","OldFileHash","OldFileID","OldFileModificationTime","OldFileName","OldFilePath","OldFilePermission","OldFileSize","OldFileType","DeviceCustomDate1","DeviceCustomDate2","DeviceCustomFloatingPoint1","DeviceCustomFloatingPoint2","DeviceCustomFloatingPoint2Label","DeviceCustomFloatingPoint3","DeviceCustomFloatingPoint3Label","DeviceCustomFloatingPoint4","DeviceCustomFloatingPoint4Label","DeviceCustomIPv6Address1","DeviceCustomIPv6Address1Label","DeviceCustomIPv6Address3","DeviceCustomIPv6Address3Label","DeviceCustomIPv6Address4","DeviceCustomIPv6Address4Label","DeviceCustomNumber2","DeviceCustomNumber2Label","DeviceCustomNumber3","DeviceCustomString1","DeviceCustomNumber3Label","DeviceCustomString1Label","DeviceCustomString2","DeviceCustomString2Label","DeviceCustomString3","DeviceCustomString3Label","DeviceCustomString4","DeviceCustomString4Label","DeviceCustomString5","DeviceCustomString5Label","DeviceCustomString6","DeviceCustomString6Label","FlexDate1","FlexDate1Label","FlexNumber1","FlexNumber1Label","FlexNumber2","FlexNumber2Label","FlexString1","FlexString1Label","FlexString2","timestamp_just_added","timestamp_profiling_finished"],"ServiceID":"7a75f41d-313b-4f68-a99d-6427546cc799","StartTime":1760059509601,"Timestamp":1760059509602,"BaseEvents":[{"N":{"KL_CorrelationRulePriority":1},"ID":"3c2bcb0f-c738-4bdb-a883-3d16015a1774","Name":"Connection. Inbound connection from external host using SMB, RPC ports","Type":3,"EndTime":1759562408677,"Message":"Connection Failed","Priority":1,"Severity":"notice","TenantID":"3d6c4203-7328-4fb2-98fa-f37d385ffbde","GroupedBy":["Message","DeviceAddress","DeviceHostName","SourceAddress","SourceHostName","SourceUserName","DestinationAddress","DestinationHostName","DestinationUserName","ApplicationProtocol","TransportProtocol","BytesIn","BytesOut","DeviceAction","DeviceAssetID","DeviceCity","DeviceCountry","DeviceDirection","DeviceDnsDomain","DeviceEventCategory","DeviceEventClassID","DeviceExternalID","DeviceFacility","DeviceHostName","DeviceInboundInterface","DeviceLatitude","DeviceLongitude","DeviceMacAddress","DeviceNtDomain","DeviceOutboundInterface","DevicePayloadID","DeviceProcessID","DeviceProcessName","DeviceReceiptTime","DeviceRegion","DeviceTimeZone","DeviceTranslatedAddress","DeviceVersion","EventOutcome","Reason","Severity","SourceAccountID","SourceAssetID","SourceCity","SourceCountry","SourceDnsDomain","SourceLatitude","SourceLongitude","SourceMacAddress","SourceNtDomain","SourcePort","SourceProcessID","SourceProcessName","SourceRegion","SourceServiceName","SourceTranslatedAddress","SourceTranslatedPort","SourceUserID","SourceUserPrivileges","DestinationAccountID","DestinationAssetID","DestinationCity","DestinationCountry","DestinationDnsDomain","DestinationLatitude","DestinationLongitude","DestinationMacAddress","DestinationNtDomain","DestinationPort","DestinationProcessID","DestinationProcessName","DestinationRegion","DestinationServiceName","DestinationTranslatedAddress","DestinationTranslatedPort","DestinationUserID","DestinationUserPrivileges","RequestClientApplication","RequestContext","RequestCookies","RequestMethod","RequestUrl","FileCreateTime","FileHash","FileID","FileModificationTime","FileName","FilePath","FilePermission","FileSize","FileType","OldFileCreateTime","OldFileHash","OldFileID","OldFileModificationTime","OldFileName","OldFilePath","OldFilePermission","OldFileSize","OldFileType","DeviceCustomDate1","DeviceCustomDate2","DeviceCustomFloatingPoint1","DeviceCustomFloatingPoint2","DeviceCustomFloatingPoint2Label","DeviceCustomFloatingPoint3","DeviceCustomFloatingPoint3Label","DeviceCustomFloatingPoint4","DeviceCustomFloatingPoint4Label","DeviceCustomIPv6Address1","DeviceCustomIPv6Address1Label","DeviceCustomIPv6Address3","DeviceCustomIPv6Address3Label","DeviceCustomIPv6Address4","DeviceCustomIPv6Address4Label","DeviceCustomNumber2","DeviceCustomNumber2Label","DeviceCustomNumber3","DeviceCustomString1","DeviceCustomNumber3Label","DeviceCustomString1Label","DeviceCustomString2","DeviceCustomString2Label","DeviceCustomString3","DeviceCustomString3Label","DeviceCustomString4","DeviceCustomString4Label","DeviceCustomString5","DeviceCustomString5Label","DeviceCustomString6","DeviceCustomString6Label","FlexDate1","FlexDate1Label","FlexNumber1","FlexNumber1Label","FlexNumber2","FlexNumber2Label","FlexString1","FlexString1Label","FlexString2"],"ServiceID":"7a75f41d-313b-4f68-a99d-6427546cc799","StartTime":1759562408677,"Timestamp":1760059509601,"BaseEvents":[{"ID":"463825f4-6fb3-471a-9478-9eee357ceaf7","Name":"traffic","Type":1,"EndTime":1759530008000,"Message":"Connection Failed","Priority":0,"Severity":"notice","TenantID":"3d6c4203-7328-4fb2-98fa-f37d385ffbde","ServiceID":"71d3be03-d996-4ec6-a03d-223288e5abc8","Timestamp":1759562408677,"ExternalID":"62786179","SourcePort":54737,"ServiceName":"Fortigate","DeviceAction":"deny","DeviceVendor":"Fortninet","DeviceAddress":"192.168.51.14","DeviceProduct":"Fortigate","SourceAddress":"186.167.32.35","DeviceHostName":"windu","DeviceTimeZone":"+02:00","DestinationPort":445,"DeviceExternalID":"FGT60FTK22032234","DeviceReceiptTime":1759562408677,"TransportProtocol":"6","DestinationAddress":"192.168.1.222","DeviceEventClassID":"local","ApplicationProtocol":"SMB","DeviceCustomString1":"local-in-policy","DeviceEventCategory":"traffic","DeviceInboundInterface":"wan2","DeviceOutboundInterface":"root","DeviceCustomNumber1Label":"duration","DeviceCustomNumber2Label":"policyid","DeviceCustomString1Label":"policytype"}],"SourcePort":54737,"ServiceName":"[OOTB] Correlator","DeviceAction":"deny","DeviceVendor":"Kaspersky","DeviceAddress":"192.168.51.14","DeviceProduct":"KUMA","SourceAddress":"186.167.32.35","BaseEventCount":1,"DeviceHostName":"windu","DeviceTimeZone":"+02:00","DestinationPort":445,"DeviceExternalID":"FGT60FTK22032234","CorrelationRuleID":"e2a20430-e50f-4f70-8970-8c799793a934","DeviceReceiptTime":1759562408677,"TransportProtocol":"6","DestinationAddress":"192.168.1.222","DeviceEventClassID":"local","ApplicationProtocol":"SMB","CorrelationRuleName":"Connection. Inbound connection from external host using SMB, RPC ports","DeviceCustomString1":"local-in-policy","DeviceEventCategory":"traffic","DeviceInboundInterface":"wan2","DeviceOutboundInterface":"root","DeviceCustomNumber2Label":"policyid","DeviceCustomString1Label":"policytype"}],"ExternalID":"R445_03","SourcePort":54737,"ServiceName":"[OOTB] Correlator","DeviceAction":"deny","DeviceVendor":"Kaspersky","DeviceAddress":"192.168.51.14","DeviceProduct":"KUMA","SourceAddress":"186.167.32.35","BaseEventCount":1,"DeviceHostName":"windu","DeviceTimeZone":"+02:00","DestinationPort":445,"DeviceExternalID":"FGT60FTK22032234","CorrelationRuleID":"49182bb8-1dd3-44cd-b561-101a5bd0e58d","DeviceReceiptTime":1759562408677,"TransportProtocol":"6","DestinationAddress":"192.168.1.222","DeviceEventClassID":"local","ApplicationProtocol":"SMB","CorrelationRuleName":"R445_03_Inbound connection from external host via SMB, RPC port","DeviceCustomString1":"local-in-policy","DeviceEventCategory":"traffic","DestinationServiceName":"Microsoft-DS (Directory Services) SMB file sharing","DeviceInboundInterface":"wan2","DeviceOutboundInterface":"root","DeviceCustomNumber2Label":"policyid","DeviceCustomString1Label":"policytype"},{"N":{"KL_CorrelationRulePriority":1},"ID":"5bb1852e-642b-4aaa-b975-0f3e46c75f0a","Name":"R445_03_Inbound connection from external host via SMB, RPC port","Type":3,"EndTime":1760059519590,"Message":"The external host 171.250.165.66 remotely connected to the internal node 192.168.1.222 on port 445 which is used in SMB, RPC protocols: Microsoft-DS (Directory Services) SMB file sharing","Priority":1,"Severity":"notice","TenantID":"3d6c4203-7328-4fb2-98fa-f37d385ffbde","GroupedBy":["Message","DeviceAddress","DeviceHostName","SourceAddress","SourceHostName","SourceUserName","DestinationAddress","DestinationHostName","DestinationUserName","ApplicationProtocol","TransportProtocol","BytesIn","BytesOut","DeviceAction","DeviceAssetID","DeviceCity","DeviceCountry","DeviceDirection","DeviceDnsDomain","DeviceEventCategory","DeviceEventClassID","DeviceExternalID","DeviceFacility","DeviceHostName","DeviceInboundInterface","DeviceLatitude","DeviceLongitude","DeviceMacAddress","DeviceNtDomain","DeviceOutboundInterface","DevicePayloadID","DeviceProcessID","DeviceProcessName","DeviceReceiptTime","DeviceRegion","DeviceTimeZone","DeviceTranslatedAddress","DeviceVersion","EventOutcome","Reason","Severity","SourceAccountID","SourceAssetID","SourceCity","SourceCountry","SourceDnsDomain","SourceLatitude","SourceLongitude","SourceMacAddress","SourceNtDomain","SourcePort","SourceProcessID","SourceProcessName","SourceRegion","SourceServiceName","SourceTranslatedAddress","SourceTranslatedPort","SourceUserID","SourceUserPrivileges","DestinationAccountID","DestinationAssetID","DestinationCity","DestinationCountry","DestinationDnsDomain","DestinationLatitude","DestinationLongitude","DestinationMacAddress","DestinationNtDomain","DestinationPort","DestinationProcessID","DestinationProcessName","DestinationRegion","DestinationServiceName","DestinationTranslatedAddress","DestinationTranslatedPort","DestinationUserID","DestinationUserPrivileges","RequestClientApplication","RequestContext","RequestCookies","RequestMethod","RequestUrl","FileCreateTime","FileHash","FileID","FileModificationTime","FileName","FilePath","FilePermission","FileSize","FileType","OldFileCreateTime","OldFileHash","OldFileID","OldFileModificationTime","OldFileName","OldFilePath","OldFilePermission","OldFileSize","OldFileType","DeviceCustomDate1","DeviceCustomDate2","DeviceCustomFloatingPoint1","DeviceCustomFloatingPoint2","DeviceCustomFloatingPoint2Label","DeviceCustomFloatingPoint3","DeviceCustomFloatingPoint3Label","DeviceCustomFloatingPoint4","DeviceCustomFloatingPoint4Label","DeviceCustomIPv6Address1","DeviceCustomIPv6Address1Label","DeviceCustomIPv6Address3","DeviceCustomIPv6Address3Label","DeviceCustomIPv6Address4","DeviceCustomIPv6Address4Label","DeviceCustomNumber2","DeviceCustomNumber2Label","DeviceCustomNumber3","DeviceCustomString1","DeviceCustomNumber3Label","DeviceCustomString1Label","DeviceCustomString2","DeviceCustomString2Label","DeviceCustomString3","DeviceCustomString3Label","DeviceCustomString4","DeviceCustomString4Label","DeviceCustomString5","DeviceCustomString5Label","DeviceCustomString6","DeviceCustomString6Label","FlexDate1","FlexDate1Label","FlexNumber1","FlexNumber1Label","FlexNumber2","FlexNumber2Label","FlexString1","FlexString1Label","FlexString2","timestamp_just_added","timestamp_profiling_finished"],"ServiceID":"7a75f41d-313b-4f68-a99d-6427546cc799","StartTime":1760059519590,"Timestamp":1760059519591,"BaseEvents":[{"N":{"KL_CorrelationRulePriority":1},"ID":"49e8bfc0-a086-4b34-b982-e64ff6f8c882","Name":"Connection. Inbound connection from external host using SMB, RPC ports","Type":3,"EndTime":1760059518979,"Message":"Connection Failed","Priority":1,"Severity":"notice","TenantID":"3d6c4203-7328-4fb2-98fa-f37d385ffbde","GroupedBy":["Message","DeviceAddress","DeviceHostName","SourceAddress","SourceHostName","SourceUserName","DestinationAddress","DestinationHostName","DestinationUserName","ApplicationProtocol","TransportProtocol","BytesIn","BytesOut","DeviceAction","DeviceAssetID","DeviceCity","DeviceCountry","DeviceDirection","DeviceDnsDomain","DeviceEventCategory","DeviceEventClassID","DeviceExternalID","DeviceFacility","DeviceHostName","DeviceInboundInterface","DeviceLatitude","DeviceLongitude","DeviceMacAddress","DeviceNtDomain","DeviceOutboundInterface","DevicePayloadID","DeviceProcessID","DeviceProcessName","DeviceReceiptTime","DeviceRegion","DeviceTimeZone","DeviceTranslatedAddress","DeviceVersion","EventOutcome","Reason","Severity","SourceAccountID","SourceAssetID","SourceCity","SourceCountry","SourceDnsDomain","SourceLatitude","SourceLongitude","SourceMacAddress","SourceNtDomain","SourcePort","SourceProcessID","SourceProcessName","SourceRegion","SourceServiceName","SourceTranslatedAddress","SourceTranslatedPort","SourceUserID","SourceUserPrivileges","DestinationAccountID","DestinationAssetID","DestinationCity","DestinationCountry","DestinationDnsDomain","DestinationLatitude","DestinationLongitude","DestinationMacAddress","DestinationNtDomain","DestinationPort","DestinationProcessID","DestinationProcessName","DestinationRegion","DestinationServiceName","DestinationTranslatedAddress","DestinationTranslatedPort","DestinationUserID","DestinationUserPrivileges","RequestClientApplication","RequestContext","RequestCookies","RequestMethod","RequestUrl","FileCreateTime","FileHash","FileID","FileModificationTime","FileName","FilePath","FilePermission","FileSize","FileType","OldFileCreateTime","OldFileHash","OldFileID","OldFileModificationTime","OldFileName","OldFilePath","OldFilePermission","OldFileSize","OldFileType","DeviceCustomDate1","DeviceCustomDate2","DeviceCustomFloatingPoint1","DeviceCustomFloatingPoint2","DeviceCustomFloatingPoint2Label","DeviceCustomFloatingPoint3","DeviceCustomFloatingPoint3Label","DeviceCustomFloatingPoint4","DeviceCustomFloatingPoint4Label","DeviceCustomIPv6Address1","DeviceCustomIPv6Address1Label","DeviceCustomIPv6Address3","DeviceCustomIPv6Address3Label","DeviceCustomIPv6Address4","DeviceCustomIPv6Address4Label","DeviceCustomNumber2","DeviceCustomNumber2Label","DeviceCustomNumber3","DeviceCustomString1","DeviceCustomNumber3Label","DeviceCustomString1Label","DeviceCustomString2","DeviceCustomString2Label","DeviceCustomString3","DeviceCustomString3Label","DeviceCustomString4","DeviceCustomString4Label","DeviceCustomString5","DeviceCustomString5Label","DeviceCustomString6","DeviceCustomString6Label","FlexDate1","FlexDate1Label","FlexNumber1","FlexNumber1Label","FlexNumber2","FlexNumber2Label","FlexString1","FlexString1Label","FlexString2"],"ServiceID":"7a75f41d-313b-4f68-a99d-6427546cc799","StartTime":1760059518979,"Timestamp":1760059519590,"BaseEvents":[{"ID":"8ad6847c-44ae-48fd-9b71-057283b85cef","Name":"traffic","Type":1,"EndTime":1760059518000,"Message":"Connection Failed","Priority":0,"Severity":"notice","TenantID":"3d6c4203-7328-4fb2-98fa-f37d385ffbde","ServiceID":"71d3be03-d996-4ec6-a03d-223288e5abc8","Timestamp":1760059518979,"ExternalID":"71784729","SourcePort":18093,"ServiceName":"Fortigate","DeviceAction":"deny","DeviceVendor":"Fortninet","DeviceAddress":"192.168.51.14","DeviceProduct":"Fortigate","SourceAddress":"171.250.165.66","DeviceHostName":"windu","DeviceTimeZone":"+02:00","DestinationPort":445,"DeviceExternalID":"FGT60FTK22032234","DeviceReceiptTime":1760059518979,"TransportProtocol":"6","DestinationAddress":"192.168.1.222","DeviceEventClassID":"local","ApplicationProtocol":"SMB","DeviceCustomString1":"local-in-policy","DeviceEventCategory":"traffic","DeviceInboundInterface":"wan2","DeviceOutboundInterface":"root","DeviceCustomNumber1Label":"duration","DeviceCustomNumber2Label":"policyid","DeviceCustomString1Label":"policytype"}],"SourcePort":18093,"ServiceName":"[OOTB] Correlator","DeviceAction":"deny","DeviceVendor":"Kaspersky","DeviceAddress":"192.168.51.14","DeviceProduct":"KUMA","SourceAddress":"171.250.165.66","BaseEventCount":1,"DeviceHostName":"windu","DeviceTimeZone":"+02:00","DestinationPort":445,"DeviceExternalID":"FGT60FTK22032234","CorrelationRuleID":"e2a20430-e50f-4f70-8970-8c799793a934","DeviceReceiptTime":1760059518979,"TransportProtocol":"6","DestinationAddress":"192.168.1.222","DeviceEventClassID":"local","ApplicationProtocol":"SMB","CorrelationRuleName":"Connection. Inbound connection from external host using SMB, RPC ports","DeviceCustomString1":"local-in-policy","DeviceEventCategory":"traffic","DeviceInboundInterface":"wan2","DeviceOutboundInterface":"root","DeviceCustomNumber2Label":"policyid","DeviceCustomString1Label":"policytype"}],"ExternalID":"R445_03","SourcePort":18093,"ServiceName":"[OOTB] Correlator","DeviceAction":"deny","DeviceVendor":"Kaspersky","DeviceAddress":"192.168.51.14","DeviceProduct":"KUMA","SourceAddress":"171.250.165.66","BaseEventCount":1,"DeviceHostName":"windu","DeviceTimeZone":"+02:00","DestinationPort":445,"DeviceExternalID":"FGT60FTK22032234","CorrelationRuleID":"49182bb8-1dd3-44cd-b561-101a5bd0e58d","DeviceReceiptTime":1760059518979,"TransportProtocol":"6","DestinationAddress":"192.168.1.222","DeviceEventClassID":"local","ApplicationProtocol":"SMB","CorrelationRuleName":"R445_03_Inbound connection from external host via SMB, RPC port","DeviceCustomString1":"local-in-policy","DeviceEventCategory":"traffic","DestinationServiceName":"Microsoft-DS (Directory Services) SMB file sharing","DeviceInboundInterface":"wan2","DeviceOutboundInterface":"root","DeviceCustomNumber2Label":"policyid","DeviceCustomString1Label":"policytype"}],"Rules":[{"Confidence":"medium","Custom":false,"ID":"49182bb8-1dd3-44cd-b561-101a5bd0e58d","Name":"R445_03_Inbound connection from external host via SMB, RPC port","Severity":"medium","Type":""}],"Severity":"low","SourceCreatedAt":"2025-10-10T01:25:09.601Z","SourceID":"5bb1852e-642b-4aaa-b975-0f3e46c75f0a;7393a5a8-cd10-4c79-b956-1cc06b9fef20","Status":"new","StatusChangedAt":"2025-10-10T01:25:09.814Z","StatusResolution":"","TenantID":"3d6c4203-7328-4fb2-98fa-f37d385ffbde","UpdatedAt":"2025-10-10T01:25:09.814Z"},{"Assets":null,"Assignee":{"ID":"nobody","Name":"Not assigned","Type":""},"CreatedAt":"2025-10-10T01:26:44.82Z","DetectionTechnologies":null,"ExternalRef":"","Extra":null,"FirstEventTime":"2025-10-04T07:21:34.048Z","HistoryRecords":null,"ID":18912,"IncidentID":"","IncidentLinkType":"","InternalID":"b876cdbd-5dc1-4ffa-9d6b-dbf8746d0ae1","IsCII":false,"LastEventTime":"2025-10-10T01:26:44.625Z","MITRETactics":null,"MITRETechniques":null,"Name":"R445_03_Inbound connection from external host via SMB, RPC port","Observables":[{"Details":"","Type":"ip","Value":"117.5.170.50"},{"Details":"","Type":"hostname","Value":"windu"}],"OriginalEvents":[{"N":{"KL_CorrelationRulePriority":1},"ID":"b876cdbd-5dc1-4ffa-9d6b-dbf8746d0ae1","Name":"R445_03_Inbound connection from external host via SMB, RPC port","Type":3,"EndTime":1760059604625,"Message":"The external host 117.5.170.50 remotely connected to the internal node 192.168.1.222 on port 445 which is used in SMB, RPC protocols: Microsoft-DS (Directory Services) SMB file sharing","Priority":1,"Severity":"notice","TenantID":"3d6c4203-7328-4fb2-98fa-f37d385ffbde","GroupedBy":["Message","DeviceAddress","DeviceHostName","SourceAddress","SourceHostName","SourceUserName","DestinationAddress","DestinationHostName","DestinationUserName","ApplicationProtocol","TransportProtocol","BytesIn","BytesOut","DeviceAction","DeviceAssetID","DeviceCity","DeviceCountry","DeviceDirection","DeviceDnsDomain","DeviceEventCategory","DeviceEventClassID","DeviceExternalID","DeviceFacility","DeviceHostName","DeviceInboundInterface","DeviceLatitude","DeviceLongitude","DeviceMacAddress","DeviceNtDomain","DeviceOutboundInterface","DevicePayloadID","DeviceProcessID","DeviceProcessName","DeviceReceiptTime","DeviceRegion","DeviceTimeZone","DeviceTranslatedAddress","DeviceVersion","EventOutcome","Reason","Severity","SourceAccountID","SourceAssetID","SourceCity","SourceCountry","SourceDnsDomain","SourceLatitude","SourceLongitude","SourceMacAddress","SourceNtDomain","SourcePort","SourceProcessID","SourceProcessName","SourceRegion","SourceServiceName","SourceTranslatedAddress","SourceTranslatedPort","SourceUserID","SourceUserPrivileges","DestinationAccountID","DestinationAssetID","DestinationCity","DestinationCountry","DestinationDnsDomain","DestinationLatitude","DestinationLongitude","DestinationMacAddress","DestinationNtDomain","DestinationPort","DestinationProcessID","DestinationProcessName","DestinationRegion","DestinationServiceName","DestinationTranslatedAddress","DestinationTranslatedPort","DestinationUserID","DestinationUserPrivileges","RequestClientApplication","RequestContext","RequestCookies","RequestMethod","RequestUrl","FileCreateTime","FileHash","FileID","FileModificationTime","FileName","FilePath","FilePermission","FileSize","FileType","OldFileCreateTime","OldFileHash","OldFileID","OldFileModificationTime","OldFileName","OldFilePath","OldFilePermission","OldFileSize","OldFileType","DeviceCustomDate1","DeviceCustomDate2","DeviceCustomFloatingPoint1","DeviceCustomFloatingPoint2","DeviceCustomFloatingPoint2Label","DeviceCustomFloatingPoint3","DeviceCustomFloatingPoint3Label","DeviceCustomFloatingPoint4","DeviceCustomFloatingPoint4Label","DeviceCustomIPv6Address1","DeviceCustomIPv6Address1Label","DeviceCustomIPv6Address3","DeviceCustomIPv6Address3Label","DeviceCustomIPv6Address4","DeviceCustomIPv6Address4Label","DeviceCustomNumber2","DeviceCustomNumber2Label","DeviceCustomNumber3","DeviceCustomString1","DeviceCustomNumber3Label","DeviceCustomString1Label","DeviceCustomString2","DeviceCustomString2Label","DeviceCustomString3","DeviceCustomString3Label","DeviceCustomString4","DeviceCustomString4Label","DeviceCustomString5","DeviceCustomString5Label","DeviceCustomString6","DeviceCustomString6Label","FlexDate1","FlexDate1Label","FlexNumber1","FlexNumber1Label","FlexNumber2","FlexNumber2Label","FlexString1","FlexString1Label","FlexString2","timestamp_just_added","timestamp_profiling_finished"],"ServiceID":"7a75f41d-313b-4f68-a99d-6427546cc799","StartTime":1760059604625,"Timestamp":1760059604626,"BaseEvents":[{"N":{"KL_CorrelationRulePriority":1},"ID":"bdce575c-9044-4746-9e67-008ff750f5af","Name":"Connection. Inbound connection from external host using SMB, RPC ports","Type":3,"EndTime":1759562494048,"Message":"Connection Failed","Priority":1,"Severity":"notice","TenantID":"3d6c4203-7328-4fb2-98fa-f37d385ffbde","GroupedBy":["Message","DeviceAddress","DeviceHostName","SourceAddress","SourceHostName","SourceUserName","DestinationAddress","DestinationHostName","DestinationUserName","ApplicationProtocol","TransportProtocol","BytesIn","BytesOut","DeviceAction","DeviceAssetID","DeviceCity","DeviceCountry","DeviceDirection","DeviceDnsDomain","DeviceEventCategory","DeviceEventClassID","DeviceExternalID","DeviceFacility","DeviceHostName","DeviceInboundInterface","DeviceLatitude","DeviceLongitude","DeviceMacAddress","DeviceNtDomain","DeviceOutboundInterface","DevicePayloadID","DeviceProcessID","DeviceProcessName","DeviceReceiptTime","DeviceRegion","DeviceTimeZone","DeviceTranslatedAddress","DeviceVersion","EventOutcome","Reason","Severity","SourceAccountID","SourceAssetID","SourceCity","SourceCountry","SourceDnsDomain","SourceLatitude","SourceLongitude","SourceMacAddress","SourceNtDomain","SourcePort","SourceProcessID","SourceProcessName","SourceRegion","SourceServiceName","SourceTranslatedAddress","SourceTranslatedPort","SourceUserID","SourceUserPrivileges","DestinationAccountID","DestinationAssetID","DestinationCity","DestinationCountry","DestinationDnsDomain","DestinationLatitude","DestinationLongitude","DestinationMacAddress","DestinationNtDomain","DestinationPort","DestinationProcessID","DestinationProcessName","DestinationRegion","DestinationServiceName","DestinationTranslatedAddress","DestinationTranslatedPort","DestinationUserID","DestinationUserPrivileges","RequestClientApplication","RequestContext","RequestCookies","RequestMethod","RequestUrl","FileCreateTime","FileHash","FileID","FileModificationTime","FileName","FilePath","FilePermission","FileSize","FileType","OldFileCreateTime","OldFileHash","OldFileID","OldFileModificationTime","OldFileName","OldFilePath","OldFilePermission","OldFileSize","OldFileType","DeviceCustomDate1","DeviceCustomDate2","DeviceCustomFloatingPoint1","DeviceCustomFloatingPoint2","DeviceCustomFloatingPoint2Label","DeviceCustomFloatingPoint3","DeviceCustomFloatingPoint3Label","DeviceCustomFloatingPoint4","DeviceCustomFloatingPoint4Label","DeviceCustomIPv6Address1","DeviceCustomIPv6Address1Label","DeviceCustomIPv6Address3","DeviceCustomIPv6Address3Label","DeviceCustomIPv6Address4","DeviceCustomIPv6Address4Label","DeviceCustomNumber2","DeviceCustomNumber2Label","DeviceCustomNumber3","DeviceCustomString1","DeviceCustomNumber3Label","DeviceCustomString1Label","DeviceCustomString2","DeviceCustomString2Label","DeviceCustomString3","DeviceCustomString3Label","DeviceCustomString4","DeviceCustomString4Label","DeviceCustomString5","DeviceCustomString5Label","DeviceCustomString6","DeviceCustomString6Label","FlexDate1","FlexDate1Label","FlexNumber1","FlexNumber1Label","FlexNumber2","FlexNumber2Label","FlexString1","FlexString1Label","FlexString2"],"ServiceID":"7a75f41d-313b-4f68-a99d-6427546cc799","StartTime":1759562494048,"Timestamp":1760059604625,"BaseEvents":[{"ID":"2dd6a1ee-c641-4dcf-9dd1-03c39817e4f1","Name":"traffic","Type":1,"EndTime":1759530093000,"Message":"Connection Failed","Priority":0,"Severity":"notice","TenantID":"3d6c4203-7328-4fb2-98fa-f37d385ffbde","ServiceID":"71d3be03-d996-4ec6-a03d-223288e5abc8","Timestamp":1759562494048,"ExternalID":"62787480","SourcePort":61902,"ServiceName":"Fortigate","DeviceAction":"deny","DeviceVendor":"Fortninet","DeviceAddress":"192.168.51.14","DeviceProduct":"Fortigate","SourceAddress":"117.5.170.50","DeviceHostName":"windu","DeviceTimeZone":"+02:00","DestinationPort":445,"DeviceExternalID":"FGT60FTK22032234","DeviceReceiptTime":1759562494048,"TransportProtocol":"6","DestinationAddress":"192.168.1.222","DeviceEventClassID":"local","ApplicationProtocol":"SMB","DeviceCustomString1":"local-in-policy","DeviceEventCategory":"traffic","DeviceInboundInterface":"wan2","DeviceOutboundInterface":"root","DeviceCustomNumber1Label":"duration","DeviceCustomNumber2Label":"policyid","DeviceCustomString1Label":"policytype"}],"SourcePort":61902,"ServiceName":"[OOTB] Correlator","DeviceAction":"deny","DeviceVendor":"Kaspersky","DeviceAddress":"192.168.51.14","DeviceProduct":"KUMA","SourceAddress":"117.5.170.50","BaseEventCount":1,"DeviceHostName":"windu","DeviceTimeZone":"+02:00","DestinationPort":445,"DeviceExternalID":"FGT60FTK22032234","CorrelationRuleID":"e2a20430-e50f-4f70-8970-8c799793a934","DeviceReceiptTime":1759562494048,"TransportProtocol":"6","DestinationAddress":"192.168.1.222","DeviceEventClassID":"local","ApplicationProtocol":"SMB","CorrelationRuleName":"Connection. Inbound connection from external host using SMB, RPC ports","DeviceCustomString1":"local-in-policy","DeviceEventCategory":"traffic","DeviceInboundInterface":"wan2","DeviceOutboundInterface":"root","DeviceCustomNumber2Label":"policyid","DeviceCustomString1Label":"policytype"}],"ExternalID":"R445_03","SourcePort":61902,"ServiceName":"[OOTB] Correlator","DeviceAction":"deny","DeviceVendor":"Kaspersky","DeviceAddress":"192.168.51.14","DeviceProduct":"KUMA","SourceAddress":"117.5.170.50","BaseEventCount":1,"DeviceHostName":"windu","DeviceTimeZone":"+02:00","DestinationPort":445,"DeviceExternalID":"FGT60FTK22032234","CorrelationRuleID":"49182bb8-1dd3-44cd-b561-101a5bd0e58d","DeviceReceiptTime":1759562494048,"TransportProtocol":"6","DestinationAddress":"192.168.1.222","DeviceEventClassID":"local","ApplicationProtocol":"SMB","CorrelationRuleName":"R445_03_Inbound connection from external host via SMB, RPC port","DeviceCustomString1":"local-in-policy","DeviceEventCategory":"traffic","DestinationServiceName":"Microsoft-DS (Directory Services) SMB file sharing","DeviceInboundInterface":"wan2","DeviceOutboundInterface":"root","DeviceCustomNumber2Label":"policyid","DeviceCustomString1Label":"policytype"}],"Rules":[{"Confidence":"medium","Custom":false,"ID":"49182bb8-1dd3-44cd-b561-101a5bd0e58d","Name":"R445_03_Inbound connection from external host via SMB, RPC port","Severity":"medium","Type":""}],"Severity":"low","SourceCreatedAt":"2025-10-10T01:26:44.625Z","SourceID":"b876cdbd-5dc1-4ffa-9d6b-dbf8746d0ae1","Status":"new","StatusChangedAt":"2025-10-10T01:26:44.82Z","StatusResolution":"","TenantID":"3d6c4203-7328-4fb2-98fa-f37d385ffbde","UpdatedAt":"2025-10-10T01:26:44.82Z"},{"Assets":null,"Assignee":{"ID":"nobody","Name":"Not assigned","Type":""},"CreatedAt":"2025-10-10T01:29:34.848Z","DetectionTechnologies":null,"ExternalRef":"","Extra":null,"FirstEventTime":"2025-10-10T01:29:33.582Z","HistoryRecords":null,"ID":18913,"IncidentID":"","IncidentLinkType":"","InternalID":"cbd893aa-e71c-4ce2-bcbf-713d8a5f1471","IsCII":false,"LastEventTime":"2025-10-10T01:29:34.65Z","MITRETactics":null,"MITRETechniques":null,"Name":"R445_03_Inbound connection from external host via SMB, RPC port","Observables":[{"Details":"","Type":"ip","Value":"59.103.23.251"},{"Details":"","Type":"hostname","Value":"windu"}],"OriginalEvents":[{"N":{"KL_CorrelationRulePriority":1},"ID":"cbd893aa-e71c-4ce2-bcbf-713d8a5f1471","Name":"R445_03_Inbound connection from external host via SMB, RPC port","Type":3,"EndTime":1760059774648,"Message":"The external host 59.103.23.251 remotely connected to the internal node 192.168.1.222 on port 445 which is used in SMB, RPC protocols: Microsoft-DS (Directory Services) SMB file sharing","Priority":1,"Severity":"notice","TenantID":"3d6c4203-7328-4fb2-98fa-f37d385ffbde","GroupedBy":["Message","DeviceAddress","DeviceHostName","SourceAddress","SourceHostName","SourceUserName","DestinationAddress","DestinationHostName","DestinationUserName","ApplicationProtocol","TransportProtocol","BytesIn","BytesOut","DeviceAction","DeviceAssetID","DeviceCity","DeviceCountry","DeviceDirection","DeviceDnsDomain","DeviceEventCategory","DeviceEventClassID","DeviceExternalID","DeviceFacility","DeviceHostName","DeviceInboundInterface","DeviceLatitude","DeviceLongitude","DeviceMacAddress","DeviceNtDomain","DeviceOutboundInterface","DevicePayloadID","DeviceProcessID","DeviceProcessName","DeviceReceiptTime","DeviceRegion","DeviceTimeZone","DeviceTranslatedAddress","DeviceVersion","EventOutcome","Reason","Severity","SourceAccountID","SourceAssetID","SourceCity","SourceCountry","SourceDnsDomain","SourceLatitude","SourceLongitude","SourceMacAddress","SourceNtDomain","SourcePort","SourceProcessID","SourceProcessName","SourceRegion","SourceServiceName","SourceTranslatedAddress","SourceTranslatedPort","SourceUserID","SourceUserPrivileges","DestinationAccountID","DestinationAssetID","DestinationCity","DestinationCountry","DestinationDnsDomain","DestinationLatitude","DestinationLongitude","DestinationMacAddress","DestinationNtDomain","DestinationPort","DestinationProcessID","DestinationProcessName","DestinationRegion","DestinationServiceName","DestinationTranslatedAddress","DestinationTranslatedPort","DestinationUserID","DestinationUserPrivileges","RequestClientApplication","RequestContext","RequestCookies","RequestMethod","RequestUrl","FileCreateTime","FileHash","FileID","FileModificationTime","FileName","FilePath","FilePermission","FileSize","FileType","OldFileCreateTime","OldFileHash","OldFileID","OldFileModificationTime","OldFileName","OldFilePath","OldFilePermission","OldFileSize","OldFileType","DeviceCustomDate1","DeviceCustomDate2","DeviceCustomFloatingPoint1","DeviceCustomFloatingPoint2","DeviceCustomFloatingPoint2Label","DeviceCustomFloatingPoint3","DeviceCustomFloatingPoint3Label","DeviceCustomFloatingPoint4","DeviceCustomFloatingPoint4Label","DeviceCustomIPv6Address1","DeviceCustomIPv6Address1Label","DeviceCustomIPv6Address3","DeviceCustomIPv6Address3Label","DeviceCustomIPv6Address4","DeviceCustomIPv6Address4Label","DeviceCustomNumber2","DeviceCustomNumber2Label","DeviceCustomNumber3","DeviceCustomString1","DeviceCustomNumber3Label","DeviceCustomString1Label","DeviceCustomString2","DeviceCustomString2Label","DeviceCustomString3","DeviceCustomString3Label","DeviceCustomString4","DeviceCustomString4Label","DeviceCustomString5","DeviceCustomString5Label","DeviceCustomString6","DeviceCustomString6Label","FlexDate1","FlexDate1Label","FlexNumber1","FlexNumber1Label","FlexNumber2","FlexNumber2Label","FlexString1","FlexString1Label","FlexString2","timestamp_just_added","timestamp_profiling_finished"],"ServiceID":"7a75f41d-313b-4f68-a99d-6427546cc799","StartTime":1760059774648,"Timestamp":1760059774650,"BaseEvents":[{"N":{"KL_CorrelationRulePriority":1},"ID":"8233dac3-01c8-44b9-abca-771822cd74ad","Name":"Connection. Inbound connection from external host using SMB, RPC ports","Type":3,"EndTime":1760059773583,"Message":"Connection Failed","Priority":1,"Severity":"notice","TenantID":"3d6c4203-7328-4fb2-98fa-f37d385ffbde","GroupedBy":["Message","DeviceAddress","DeviceHostName","SourceAddress","SourceHostName","SourceUserName","DestinationAddress","DestinationHostName","DestinationUserName","ApplicationProtocol","TransportProtocol","BytesIn","BytesOut","DeviceAction","DeviceAssetID","DeviceCity","DeviceCountry","DeviceDirection","DeviceDnsDomain","DeviceEventCategory","DeviceEventClassID","DeviceExternalID","DeviceFacility","DeviceHostName","DeviceInboundInterface","DeviceLatitude","DeviceLongitude","DeviceMacAddress","DeviceNtDomain","DeviceOutboundInterface","DevicePayloadID","DeviceProcessID","DeviceProcessName","DeviceReceiptTime","DeviceRegion","DeviceTimeZone","DeviceTranslatedAddress","DeviceVersion","EventOutcome","Reason","Severity","SourceAccountID","SourceAssetID","SourceCity","SourceCountry","SourceDnsDomain","SourceLatitude","SourceLongitude","SourceMacAddress","SourceNtDomain","SourcePort","SourceProcessID","SourceProcessName","SourceRegion","SourceServiceName","SourceTranslatedAddress","SourceTranslatedPort","SourceUserID","SourceUserPrivileges","DestinationAccountID","DestinationAssetID","DestinationCity","DestinationCountry","DestinationDnsDomain","DestinationLatitude","DestinationLongitude","DestinationMacAddress","DestinationNtDomain","DestinationPort","DestinationProcessID","DestinationProcessName","DestinationRegion","DestinationServiceName","DestinationTranslatedAddress","DestinationTranslatedPort","DestinationUserID","DestinationUserPrivileges","RequestClientApplication","RequestContext","RequestCookies","RequestMethod","RequestUrl","FileCreateTime","FileHash","FileID","FileModificationTime","FileName","FilePath","FilePermission","FileSize","FileType","OldFileCreateTime","OldFileHash","OldFileID","OldFileModificationTime","OldFileName","OldFilePath","OldFilePermission","OldFileSize","OldFileType","DeviceCustomDate1","DeviceCustomDate2","DeviceCustomFloatingPoint1","DeviceCustomFloatingPoint2","DeviceCustomFloatingPoint2Label","DeviceCustomFloatingPoint3","DeviceCustomFloatingPoint3Label","DeviceCustomFloatingPoint4","DeviceCustomFloatingPoint4Label","DeviceCustomIPv6Address1","DeviceCustomIPv6Address1Label","DeviceCustomIPv6Address3","DeviceCustomIPv6Address3Label","DeviceCustomIPv6Address4","DeviceCustomIPv6Address4Label","DeviceCustomNumber2","DeviceCustomNumber2Label","DeviceCustomNumber3","DeviceCustomString1","DeviceCustomNumber3Label","DeviceCustomString1Label","DeviceCustomString2","DeviceCustomString2Label","DeviceCustomString3","DeviceCustomString3Label","DeviceCustomString4","DeviceCustomString4Label","DeviceCustomString5","DeviceCustomString5Label","DeviceCustomString6","DeviceCustomString6Label","FlexDate1","FlexDate1Label","FlexNumber1","FlexNumber1Label","FlexNumber2","FlexNumber2Label","FlexString1","FlexString1Label","FlexString2"],"ServiceID":"7a75f41d-313b-4f68-a99d-6427546cc799","StartTime":1760059773583,"Timestamp":1760059774648,"BaseEvents":[{"ID":"648e9e3d-f45f-417c-a393-0a0b94d228f7","Name":"traffic","Type":1,"EndTime":1760059773000,"Message":"Connection Failed","Priority":0,"Severity":"notice","TenantID":"3d6c4203-7328-4fb2-98fa-f37d385ffbde","ServiceID":"71d3be03-d996-4ec6-a03d-223288e5abc8","Timestamp":1760059773583,"ExternalID":"71789891","SourcePort":57056,"ServiceName":"Fortigate","DeviceAction":"deny","DeviceVendor":"Fortninet","DeviceAddress":"192.168.51.14","DeviceProduct":"Fortigate","SourceAddress":"59.103.23.251","DeviceHostName":"windu","DeviceTimeZone":"+02:00","DestinationPort":445,"DeviceExternalID":"FGT60FTK22032234","DeviceReceiptTime":1760059773583,"TransportProtocol":"6","DestinationAddress":"192.168.1.222","DeviceEventClassID":"local","ApplicationProtocol":"SMB","DeviceCustomString1":"local-in-policy","DeviceEventCategory":"traffic","DeviceInboundInterface":"wan2","DeviceOutboundInterface":"root","DeviceCustomNumber1Label":"duration","DeviceCustomNumber2Label":"policyid","DeviceCustomString1Label":"policytype"}],"SourcePort":57056,"ServiceName":"[OOTB] Correlator","DeviceAction":"deny","DeviceVendor":"Kaspersky","DeviceAddress":"192.168.51.14","DeviceProduct":"KUMA","SourceAddress":"59.103.23.251","BaseEventCount":1,"DeviceHostName":"windu","DeviceTimeZone":"+02:00","DestinationPort":445,"DeviceExternalID":"FGT60FTK22032234","CorrelationRuleID":"e2a20430-e50f-4f70-8970-8c799793a934","DeviceReceiptTime":1760059773583,"TransportProtocol":"6","DestinationAddress":"192.168.1.222","DeviceEventClassID":"local","ApplicationProtocol":"SMB","CorrelationRuleName":"Connection. Inbound connection from external host using SMB, RPC ports","DeviceCustomString1":"local-in-policy","DeviceEventCategory":"traffic","DeviceInboundInterface":"wan2","DeviceOutboundInterface":"root","DeviceCustomNumber2Label":"policyid","DeviceCustomString1Label":"policytype"}],"ExternalID":"R445_03","SourcePort":57056,"ServiceName":"[OOTB] Correlator","DeviceAction":"deny","DeviceVendor":"Kaspersky","DeviceAddress":"192.168.51.14","DeviceProduct":"KUMA","SourceAddress":"59.103.23.251","BaseEventCount":1,"DeviceHostName":"windu","DeviceTimeZone":"+02:00","DestinationPort":445,"DeviceExternalID":"FGT60FTK22032234","CorrelationRuleID":"49182bb8-1dd3-44cd-b561-101a5bd0e58d","DeviceReceiptTime":1760059773583,"TransportProtocol":"6","DestinationAddress":"192.168.1.222","DeviceEventClassID":"local","ApplicationProtocol":"SMB","CorrelationRuleName":"R445_03_Inbound connection from external host via SMB, RPC port","DeviceCustomString1":"local-in-policy","DeviceEventCategory":"traffic","DestinationServiceName":"Microsoft-DS (Directory Services) SMB file sharing","DeviceInboundInterface":"wan2","DeviceOutboundInterface":"root","DeviceCustomNumber2Label":"policyid","DeviceCustomString1Label":"policytype"}],"Rules":[{"Confidence":"medium","Custom":false,"ID":"49182bb8-1dd3-44cd-b561-101a5bd0e58d","Name":"R445_03_Inbound connection from external host via SMB, RPC port","Severity":"medium","Type":""}],"Severity":"low","SourceCreatedAt":"2025-10-10T01:29:34.65Z","SourceID":"cbd893aa-e71c-4ce2-bcbf-713d8a5f1471","Status":"new","StatusChangedAt":"2025-10-10T01:29:34.848Z","StatusResolution":"","TenantID":"3d6c4203-7328-4fb2-98fa-f37d385ffbde","UpdatedAt":"2025-10-10T01:29:34.848Z"},{"Assets":null,"Assignee":{"ID":"nobody","Name":"Not assigned","Type":""},"CreatedAt":"2025-10-10T01:30:39.861Z","DetectionTechnologies":null,"ExternalRef":"","Extra":null,"FirstEventTime":"2025-10-10T01:30:35.483Z","HistoryRecords":null,"ID":18915,"IncidentID":"","IncidentLinkType":"","InternalID":"fa8dc83c-86e5-4b19-9dc8-1060dee1d335","IsCII":false,"LastEventTime":"2025-10-10T01:30:39.641Z","MITRETactics":null,"MITRETechniques":null,"Name":"R445_03_Inbound connection from external host via SMB, RPC port","Observables":[{"Details":"","Type":"ip","Value":"102.158.146.103"},{"Details":"","Type":"hostname","Value":"windu"}],"OriginalEvents":[{"N":{"KL_CorrelationRulePriority":1},"ID":"fa8dc83c-86e5-4b19-9dc8-1060dee1d335","Name":"R445_03_Inbound connection from external host via SMB, RPC port","Type":3,"EndTime":1760059839640,"Message":"The external host 102.158.146.103 remotely connected to the internal node 192.168.1.222 on port 445 which is used in SMB, RPC protocols: Microsoft-DS (Directory Services) SMB file sharing","Priority":1,"Severity":"notice","TenantID":"3d6c4203-7328-4fb2-98fa-f37d385ffbde","GroupedBy":["Message","DeviceAddress","DeviceHostName","SourceAddress","SourceHostName","SourceUserName","DestinationAddress","DestinationHostName","DestinationUserName","ApplicationProtocol","TransportProtocol","BytesIn","BytesOut","DeviceAction","DeviceAssetID","DeviceCity","DeviceCountry","DeviceDirection","DeviceDnsDomain","DeviceEventCategory","DeviceEventClassID","DeviceExternalID","DeviceFacility","DeviceHostName","DeviceInboundInterface","DeviceLatitude","DeviceLongitude","DeviceMacAddress","DeviceNtDomain","DeviceOutboundInterface","DevicePayloadID","DeviceProcessID","DeviceProcessName","DeviceReceiptTime","DeviceRegion","DeviceTimeZone","DeviceTranslatedAddress","DeviceVersion","EventOutcome","Reason","Severity","SourceAccountID","SourceAssetID","SourceCity","SourceCountry","SourceDnsDomain","SourceLatitude","SourceLongitude","SourceMacAddress","SourceNtDomain","SourcePort","SourceProcessID","SourceProcessName","SourceRegion","SourceServiceName","SourceTranslatedAddress","SourceTranslatedPort","SourceUserID","SourceUserPrivileges","DestinationAccountID","DestinationAssetID","DestinationCity","DestinationCountry","DestinationDnsDomain","DestinationLatitude","DestinationLongitude","DestinationMacAddress","DestinationNtDomain","DestinationPort","DestinationProcessID","DestinationProcessName","DestinationRegion","DestinationServiceName","DestinationTranslatedAddress","DestinationTranslatedPort","DestinationUserID","DestinationUserPrivileges","RequestClientApplication","RequestContext","RequestCookies","RequestMethod","RequestUrl","FileCreateTime","FileHash","FileID","FileModificationTime","FileName","FilePath","FilePermission","FileSize","FileType","OldFileCreateTime","OldFileHash","OldFileID","OldFileModificationTime","OldFileName","OldFilePath","OldFilePermission","OldFileSize","OldFileType","DeviceCustomDate1","DeviceCustomDate2","DeviceCustomFloatingPoint1","DeviceCustomFloatingPoint2","DeviceCustomFloatingPoint2Label","DeviceCustomFloatingPoint3","DeviceCustomFloatingPoint3Label","DeviceCustomFloatingPoint4","DeviceCustomFloatingPoint4Label","DeviceCustomIPv6Address1","DeviceCustomIPv6Address1Label","DeviceCustomIPv6Address3","DeviceCustomIPv6Address3Label","DeviceCustomIPv6Address4","DeviceCustomIPv6Address4Label","DeviceCustomNumber2","DeviceCustomNumber2Label","DeviceCustomNumber3","DeviceCustomString1","DeviceCustomNumber3Label","DeviceCustomString1Label","DeviceCustomString2","DeviceCustomString2Label","DeviceCustomString3","DeviceCustomString3Label","DeviceCustomString4","DeviceCustomString4Label","DeviceCustomString5","DeviceCustomString5Label","DeviceCustomString6","DeviceCustomString6Label","FlexDate1","FlexDate1Label","FlexNumber1","FlexNumber1Label","FlexNumber2","FlexNumber2Label","FlexString1","FlexString1Label","FlexString2","timestamp_just_added","timestamp_profiling_finished"],"ServiceID":"7a75f41d-313b-4f68-a99d-6427546cc799","StartTime":1760059839640,"Timestamp":1760059839641,"BaseEvents":[{"N":{"KL_CorrelationRulePriority":1},"ID":"ad6988ae-c85c-45cd-94fc-590b1168ec78","Name":"Connection. Inbound connection from external host using SMB, RPC ports","Type":3,"EndTime":1760059835483,"Message":"Connection Failed","Priority":1,"Severity":"notice","TenantID":"3d6c4203-7328-4fb2-98fa-f37d385ffbde","GroupedBy":["Message","DeviceAddress","DeviceHostName","SourceAddress","SourceHostName","SourceUserName","DestinationAddress","DestinationHostName","DestinationUserName","ApplicationProtocol","TransportProtocol","BytesIn","BytesOut","DeviceAction","DeviceAssetID","DeviceCity","DeviceCountry","DeviceDirection","DeviceDnsDomain","DeviceEventCategory","DeviceEventClassID","DeviceExternalID","DeviceFacility","DeviceHostName","DeviceInboundInterface","DeviceLatitude","DeviceLongitude","DeviceMacAddress","DeviceNtDomain","DeviceOutboundInterface","DevicePayloadID","DeviceProcessID","DeviceProcessName","DeviceReceiptTime","DeviceRegion","DeviceTimeZone","DeviceTranslatedAddress","DeviceVersion","EventOutcome","Reason","Severity","SourceAccountID","SourceAssetID","SourceCity","SourceCountry","SourceDnsDomain","SourceLatitude","SourceLongitude","SourceMacAddress","SourceNtDomain","SourcePort","SourceProcessID","SourceProcessName","SourceRegion","SourceServiceName","SourceTranslatedAddress","SourceTranslatedPort","SourceUserID","SourceUserPrivileges","DestinationAccountID","DestinationAssetID","DestinationCity","DestinationCountry","DestinationDnsDomain","DestinationLatitude","DestinationLongitude","DestinationMacAddress","DestinationNtDomain","DestinationPort","DestinationProcessID","DestinationProcessName","DestinationRegion","DestinationServiceName","DestinationTranslatedAddress","DestinationTranslatedPort","DestinationUserID","DestinationUserPrivileges","RequestClientApplication","RequestContext","RequestCookies","RequestMethod","RequestUrl","FileCreateTime","FileHash","FileID","FileModificationTime","FileName","FilePath","FilePermission","FileSize","FileType","OldFileCreateTime","OldFileHash","OldFileID","OldFileModificationTime","OldFileName","OldFilePath","OldFilePermission","OldFileSize","OldFileType","DeviceCustomDate1","DeviceCustomDate2","DeviceCustomFloatingPoint1","DeviceCustomFloatingPoint2","DeviceCustomFloatingPoint2Label","DeviceCustomFloatingPoint3","DeviceCustomFloatingPoint3Label","DeviceCustomFloatingPoint4","DeviceCustomFloatingPoint4Label","DeviceCustomIPv6Address1","DeviceCustomIPv6Address1Label","DeviceCustomIPv6Address3","DeviceCustomIPv6Address3Label","DeviceCustomIPv6Address4","DeviceCustomIPv6Address4Label","DeviceCustomNumber2","DeviceCustomNumber2Label","DeviceCustomNumber3","DeviceCustomString1","DeviceCustomNumber3Label","DeviceCustomString1Label","DeviceCustomString2","DeviceCustomString2Label","DeviceCustomString3","DeviceCustomString3Label","DeviceCustomString4","DeviceCustomString4Label","DeviceCustomString5","DeviceCustomString5Label","DeviceCustomString6","DeviceCustomString6Label","FlexDate1","FlexDate1Label","FlexNumber1","FlexNumber1Label","FlexNumber2","FlexNumber2Label","FlexString1","FlexString1Label","FlexString2"],"ServiceID":"7a75f41d-313b-4f68-a99d-6427546cc799","StartTime":1760059835483,"Timestamp":1760059839640,"BaseEvents":[{"ID":"bec0de7a-9e12-45db-8916-6ed11db21ab4","Name":"traffic","Type":1,"EndTime":1760059835000,"Message":"Connection Failed","Priority":0,"Severity":"notice","TenantID":"3d6c4203-7328-4fb2-98fa-f37d385ffbde","ServiceID":"71d3be03-d996-4ec6-a03d-223288e5abc8","Timestamp":1760059835483,"ExternalID":"71791201","SourcePort":57437,"ServiceName":"Fortigate","DeviceAction":"deny","DeviceVendor":"Fortninet","DeviceAddress":"192.168.51.14","DeviceProduct":"Fortigate","SourceAddress":"102.158.146.103","DeviceHostName":"windu","DeviceTimeZone":"+02:00","DestinationPort":445,"DeviceExternalID":"FGT60FTK22032234","DeviceReceiptTime":1760059835483,"TransportProtocol":"6","DestinationAddress":"192.168.1.222","DeviceEventClassID":"local","ApplicationProtocol":"SMB","DeviceCustomString1":"local-in-policy","DeviceEventCategory":"traffic","DeviceInboundInterface":"wan2","DeviceOutboundInterface":"root","DeviceCustomNumber1Label":"duration","DeviceCustomNumber2Label":"policyid","DeviceCustomString1Label":"policytype"}],"SourcePort":57437,"ServiceName":"[OOTB] Correlator","DeviceAction":"deny","DeviceVendor":"Kaspersky","DeviceAddress":"192.168.51.14","DeviceProduct":"KUMA","SourceAddress":"102.158.146.103","BaseEventCount":1,"DeviceHostName":"windu","DeviceTimeZone":"+02:00","DestinationPort":445,"DeviceExternalID":"FGT60FTK22032234","CorrelationRuleID":"e2a20430-e50f-4f70-8970-8c799793a934","DeviceReceiptTime":1760059835483,"TransportProtocol":"6","DestinationAddress":"192.168.1.222","DeviceEventClassID":"local","ApplicationProtocol":"SMB","CorrelationRuleName":"Connection. Inbound connection from external host using SMB, RPC ports","DeviceCustomString1":"local-in-policy","DeviceEventCategory":"traffic","DeviceInboundInterface":"wan2","DeviceOutboundInterface":"root","DeviceCustomNumber2Label":"policyid","DeviceCustomString1Label":"policytype"}],"ExternalID":"R445_03","SourcePort":57437,"ServiceName":"[OOTB] Correlator","DeviceAction":"deny","DeviceVendor":"Kaspersky","DeviceAddress":"192.168.51.14","DeviceProduct":"KUMA","SourceAddress":"102.158.146.103","BaseEventCount":1,"DeviceHostName":"windu","DeviceTimeZone":"+02:00","DestinationPort":445,"DeviceExternalID":"FGT60FTK22032234","CorrelationRuleID":"49182bb8-1dd3-44cd-b561-101a5bd0e58d","DeviceReceiptTime":1760059835483,"TransportProtocol":"6","DestinationAddress":"192.168.1.222","DeviceEventClassID":"local","ApplicationProtocol":"SMB","CorrelationRuleName":"R445_03_Inbound connection from external host via SMB, RPC port","DeviceCustomString1":"local-in-policy","DeviceEventCategory":"traffic","DestinationServiceName":"Microsoft-DS (Directory Services) SMB file sharing","DeviceInboundInterface":"wan2","DeviceOutboundInterface":"root","DeviceCustomNumber2Label":"policyid","DeviceCustomString1Label":"policytype"}],"Rules":[{"Confidence":"medium","Custom":false,"ID":"49182bb8-1dd3-44cd-b561-101a5bd0e58d","Name":"R445_03_Inbound connection from external host via SMB, RPC port","Severity":"medium","Type":""}],"Severity":"low","SourceCreatedAt":"2025-10-10T01:30:39.641Z","SourceID":"fa8dc83c-86e5-4b19-9dc8-1060dee1d335","Status":"new","StatusChangedAt":"2025-10-10T01:30:39.861Z","StatusResolution":"","TenantID":"3d6c4203-7328-4fb2-98fa-f37d385ffbde","UpdatedAt":"2025-10-10T01:30:39.861Z"},{"Assets":null,"Assignee":{"ID":"nobody","Name":"Not assigned","Type":""},"CreatedAt":"2025-10-10T01:36:34.896Z","DetectionTechnologies":null,"ExternalRef":"","Extra":null,"FirstEventTime":"2025-10-10T01:36:30.907Z","HistoryRecords":null,"ID":18917,"IncidentID":"","IncidentLinkType":"","InternalID":"bd6ee56f-7299-485e-87c0-4ad9cf67909e","IsCII":false,"LastEventTime":"2025-10-10T01:36:59.733Z","MITRETactics":null,"MITRETechniques":null,"Name":"R445_03_Inbound connection from external host via SMB, RPC port","Observables":[{"Details":"","Type":"ip","Value":"120.211.1.144"},{"Details":"","Type":"hostname","Value":"windu"},{"Details":"","Type":"ip","Value":"79.124.62.134"},{"Details":"","Type":"ip","Value":"147.185.132.61"}],"OriginalEvents":[{"N":{"KL_CorrelationRulePriority":1},"ID":"bd6ee56f-7299-485e-87c0-4ad9cf67909e","Name":"R445_03_Inbound connection from external host via SMB, RPC port","Type":3,"EndTime":1760060194721,"Message":"The external host 120.211.1.144 remotely connected to the internal node 192.168.1.222 on port 445 which is used in SMB, RPC protocols: Microsoft-DS (Directory Services) SMB file sharing","Priority":1,"Severity":"notice","TenantID":"3d6c4203-7328-4fb2-98fa-f37d385ffbde","GroupedBy":["Message","DeviceAddress","DeviceHostName","SourceAddress","SourceHostName","SourceUserName","DestinationAddress","DestinationHostName","DestinationUserName","ApplicationProtocol","TransportProtocol","BytesIn","BytesOut","DeviceAction","DeviceAssetID","DeviceCity","DeviceCountry","DeviceDirection","DeviceDnsDomain","DeviceEventCategory","DeviceEventClassID","DeviceExternalID","DeviceFacility","DeviceHostName","DeviceInboundInterface","DeviceLatitude","DeviceLongitude","DeviceMacAddress","DeviceNtDomain","DeviceOutboundInterface","DevicePayloadID","DeviceProcessID","DeviceProcessName","DeviceReceiptTime","DeviceRegion","DeviceTimeZone","DeviceTranslatedAddress","DeviceVersion","EventOutcome","Reason","Severity","SourceAccountID","SourceAssetID","SourceCity","SourceCountry","SourceDnsDomain","SourceLatitude","SourceLongitude","SourceMacAddress","SourceNtDomain","SourcePort","SourceProcessID","SourceProcessName","SourceRegion","SourceServiceName","SourceTranslatedAddress","SourceTranslatedPort","SourceUserID","SourceUserPrivileges","DestinationAccountID","DestinationAssetID","DestinationCity","DestinationCountry","DestinationDnsDomain","DestinationLatitude","DestinationLongitude","DestinationMacAddress","DestinationNtDomain","DestinationPort","DestinationProcessID","DestinationProcessName","DestinationRegion","DestinationServiceName","DestinationTranslatedAddress","DestinationTranslatedPort","DestinationUserID","DestinationUserPrivileges","RequestClientApplication","RequestContext","RequestCookies","RequestMethod","RequestUrl","FileCreateTime","FileHash","FileID","FileModificationTime","FileName","FilePath","FilePermission","FileSize","FileType","OldFileCreateTime","OldFileHash","OldFileID","OldFileModificationTime","OldFileName","OldFilePath","OldFilePermission","OldFileSize","OldFileType","DeviceCustomDate1","DeviceCustomDate2","DeviceCustomFloatingPoint1","DeviceCustomFloatingPoint2","DeviceCustomFloatingPoint2Label","DeviceCustomFloatingPoint3","DeviceCustomFloatingPoint3Label","DeviceCustomFloatingPoint4","DeviceCustomFloatingPoint4Label","DeviceCustomIPv6Address1","DeviceCustomIPv6Address1Label","DeviceCustomIPv6Address3","DeviceCustomIPv6Address3Label","DeviceCustomIPv6Address4","DeviceCustomIPv6Address4Label","DeviceCustomNumber2","DeviceCustomNumber2Label","DeviceCustomNumber3","DeviceCustomString1","DeviceCustomNumber3Label","DeviceCustomString1Label","DeviceCustomString2","DeviceCustomString2Label","DeviceCustomString3","DeviceCustomString3Label","DeviceCustomString4","DeviceCustomString4Label","DeviceCustomString5","DeviceCustomString5Label","DeviceCustomString6","DeviceCustomString6Label","FlexDate1","FlexDate1Label","FlexNumber1","FlexNumber1Label","FlexNumber2","FlexNumber2Label","FlexString1","FlexString1Label","FlexString2","timestamp_just_added","timestamp_profiling_finished"],"ServiceID":"7a75f41d-313b-4f68-a99d-6427546cc799","StartTime":1760060194721,"Timestamp":1760060194723,"BaseEvents":[{"N":{"KL_CorrelationRulePriority":1},"ID":"300d6c11-f5cb-46e0-950f-e2ee5640f537","Name":"Connection. Inbound connection from external host using SMB, RPC ports","Type":3,"EndTime":1760060190908,"Message":"Connection Failed","Priority":1,"Severity":"notice","TenantID":"3d6c4203-7328-4fb2-98fa-f37d385ffbde","GroupedBy":["Message","DeviceAddress","DeviceHostName","SourceAddress","SourceHostName","SourceUserName","DestinationAddress","DestinationHostName","DestinationUserName","ApplicationProtocol","TransportProtocol","BytesIn","BytesOut","DeviceAction","DeviceAssetID","DeviceCity","DeviceCountry","DeviceDirection","DeviceDnsDomain","DeviceEventCategory","DeviceEventClassID","DeviceExternalID","DeviceFacility","DeviceHostName","DeviceInboundInterface","DeviceLatitude","DeviceLongitude","DeviceMacAddress","DeviceNtDomain","DeviceOutboundInterface","DevicePayloadID","DeviceProcessID","DeviceProcessName","DeviceReceiptTime","DeviceRegion","DeviceTimeZone","DeviceTranslatedAddress","DeviceVersion","EventOutcome","Reason","Severity","SourceAccountID","SourceAssetID","SourceCity","SourceCountry","SourceDnsDomain","SourceLatitude","SourceLongitude","SourceMacAddress","SourceNtDomain","SourcePort","SourceProcessID","SourceProcessName","SourceRegion","SourceServiceName","SourceTranslatedAddress","SourceTranslatedPort","SourceUserID","SourceUserPrivileges","DestinationAccountID","DestinationAssetID","DestinationCity","DestinationCountry","DestinationDnsDomain","DestinationLatitude","DestinationLongitude","DestinationMacAddress","DestinationNtDomain","DestinationPort","DestinationProcessID","DestinationProcessName","DestinationRegion","DestinationServiceName","DestinationTranslatedAddress","DestinationTranslatedPort","DestinationUserID","DestinationUserPrivileges","RequestClientApplication","RequestContext","RequestCookies","RequestMethod","RequestUrl","FileCreateTime","FileHash","FileID","FileModificationTime","FileName","FilePath","FilePermission","FileSize","FileType","OldFileCreateTime","OldFileHash","OldFileID","OldFileModificationTime","OldFileName","OldFilePath","OldFilePermission","OldFileSize","OldFileType","DeviceCustomDate1","DeviceCustomDate2","DeviceCustomFloatingPoint1","DeviceCustomFloatingPoint2","DeviceCustomFloatingPoint2Label","DeviceCustomFloatingPoint3","DeviceCustomFloatingPoint3Label","DeviceCustomFloatingPoint4","DeviceCustomFloatingPoint4Label","DeviceCustomIPv6Address1","DeviceCustomIPv6Address1Label","DeviceCustomIPv6Address3","DeviceCustomIPv6Address3Label","DeviceCustomIPv6Address4","DeviceCustomIPv6Address4Label","DeviceCustomNumber2","DeviceCustomNumber2Label","DeviceCustomNumber3","DeviceCustomString1","DeviceCustomNumber3Label","DeviceCustomString1Label","DeviceCustomString2","DeviceCustomString2Label","DeviceCustomString3","DeviceCustomString3Label","DeviceCustomString4","DeviceCustomString4Label","DeviceCustomString5","DeviceCustomString5Label","DeviceCustomString6","DeviceCustomString6Label","FlexDate1","FlexDate1Label","FlexNumber1","FlexNumber1Label","FlexNumber2","FlexNumber2Label","FlexString1","FlexString1Label","FlexString2"],"ServiceID":"7a75f41d-313b-4f68-a99d-6427546cc799","StartTime":1760060190908,"Timestamp":1760060194721,"BaseEvents":[{"ID":"bc170870-169d-4669-9b40-2fc1eb8d7d87","Name":"traffic","Type":1,"EndTime":1760060190000,"Message":"Connection Failed","Priority":0,"Severity":"notice","TenantID":"3d6c4203-7328-4fb2-98fa-f37d385ffbde","ServiceID":"71d3be03-d996-4ec6-a03d-223288e5abc8","Timestamp":1760060190908,"ExternalID":"71798081","SourcePort":59159,"ServiceName":"Fortigate","DeviceAction":"deny","DeviceVendor":"Fortninet","DeviceAddress":"192.168.51.14","DeviceProduct":"Fortigate","SourceAddress":"120.211.1.144","DeviceHostName":"windu","DeviceTimeZone":"+02:00","DestinationPort":445,"DeviceExternalID":"FGT60FTK22032234","DeviceReceiptTime":1760060190908,"TransportProtocol":"6","DestinationAddress":"192.168.1.222","DeviceEventClassID":"local","ApplicationProtocol":"SMB","DeviceCustomString1":"local-in-policy","DeviceEventCategory":"traffic","DeviceInboundInterface":"wan2","DeviceOutboundInterface":"root","DeviceCustomNumber1Label":"duration","DeviceCustomNumber2Label":"policyid","DeviceCustomString1Label":"policytype"}],"SourcePort":59159,"ServiceName":"[OOTB] Correlator","DeviceAction":"deny","DeviceVendor":"Kaspersky","DeviceAddress":"192.168.51.14","DeviceProduct":"KUMA","SourceAddress":"120.211.1.144","BaseEventCount":1,"DeviceHostName":"windu","DeviceTimeZone":"+02:00","DestinationPort":445,"DeviceExternalID":"FGT60FTK22032234","CorrelationRuleID":"e2a20430-e50f-4f70-8970-8c799793a934","DeviceReceiptTime":1760060190908,"TransportProtocol":"6","DestinationAddress":"192.168.1.222","DeviceEventClassID":"local","ApplicationProtocol":"SMB","CorrelationRuleName":"Connection. Inbound connection from external host using SMB, RPC ports","DeviceCustomString1":"local-in-policy","DeviceEventCategory":"traffic","DeviceInboundInterface":"wan2","DeviceOutboundInterface":"root","DeviceCustomNumber2Label":"policyid","DeviceCustomString1Label":"policytype"}],"ExternalID":"R445_03","SourcePort":59159,"ServiceName":"[OOTB] Correlator","DeviceAction":"deny","DeviceVendor":"Kaspersky","DeviceAddress":"192.168.51.14","DeviceProduct":"KUMA","SourceAddress":"120.211.1.144","BaseEventCount":1,"DeviceHostName":"windu","DeviceTimeZone":"+02:00","DestinationPort":445,"DeviceExternalID":"FGT60FTK22032234","CorrelationRuleID":"49182bb8-1dd3-44cd-b561-101a5bd0e58d","DeviceReceiptTime":1760060190908,"TransportProtocol":"6","DestinationAddress":"192.168.1.222","DeviceEventClassID":"local","ApplicationProtocol":"SMB","CorrelationRuleName":"R445_03_Inbound connection from external host via SMB, RPC port","DeviceCustomString1":"local-in-policy","DeviceEventCategory":"traffic","DestinationServiceName":"Microsoft-DS (Directory Services) SMB file sharing","DeviceInboundInterface":"wan2","DeviceOutboundInterface":"root","DeviceCustomNumber2Label":"policyid","DeviceCustomString1Label":"policytype"},{"N":{"KL_CorrelationRulePriority":1},"ID":"bd8e0fb2-a1ff-42b9-8297-870b88172b19","Name":"R445_03_Inbound connection from external host via SMB, RPC port","Type":3,"EndTime":1760060209752,"Message":"The external host 79.124.62.134 remotely connected to the internal node 192.168.1.222 on port 139 which is used in SMB, RPC protocols: NetBIOS Session Service","Priority":1,"Severity":"notice","TenantID":"3d6c4203-7328-4fb2-98fa-f37d385ffbde","GroupedBy":["Message","DeviceAddress","DeviceHostName","SourceAddress","SourceHostName","SourceUserName","DestinationAddress","DestinationHostName","DestinationUserName","ApplicationProtocol","TransportProtocol","BytesIn","BytesOut","DeviceAction","DeviceAssetID","DeviceCity","DeviceCountry","DeviceDirection","DeviceDnsDomain","DeviceEventCategory","DeviceEventClassID","DeviceExternalID","DeviceFacility","DeviceHostName","DeviceInboundInterface","DeviceLatitude","DeviceLongitude","DeviceMacAddress","DeviceNtDomain","DeviceOutboundInterface","DevicePayloadID","DeviceProcessID","DeviceProcessName","DeviceReceiptTime","DeviceRegion","DeviceTimeZone","DeviceTranslatedAddress","DeviceVersion","EventOutcome","Reason","Severity","SourceAccountID","SourceAssetID","SourceCity","SourceCountry","SourceDnsDomain","SourceLatitude","SourceLongitude","SourceMacAddress","SourceNtDomain","SourcePort","SourceProcessID","SourceProcessName","SourceRegion","SourceServiceName","SourceTranslatedAddress","SourceTranslatedPort","SourceUserID","SourceUserPrivileges","DestinationAccountID","DestinationAssetID","DestinationCity","DestinationCountry","DestinationDnsDomain","DestinationLatitude","DestinationLongitude","DestinationMacAddress","DestinationNtDomain","DestinationPort","DestinationProcessID","DestinationProcessName","DestinationRegion","DestinationServiceName","DestinationTranslatedAddress","DestinationTranslatedPort","DestinationUserID","DestinationUserPrivileges","RequestClientApplication","RequestContext","RequestCookies","RequestMethod","RequestUrl","FileCreateTime","FileHash","FileID","FileModificationTime","FileName","FilePath","FilePermission","FileSize","FileType","OldFileCreateTime","OldFileHash","OldFileID","OldFileModificationTime","OldFileName","OldFilePath","OldFilePermission","OldFileSize","OldFileType","DeviceCustomDate1","DeviceCustomDate2","DeviceCustomFloatingPoint1","DeviceCustomFloatingPoint2","DeviceCustomFloatingPoint2Label","DeviceCustomFloatingPoint3","DeviceCustomFloatingPoint3Label","DeviceCustomFloatingPoint4","DeviceCustomFloatingPoint4Label","DeviceCustomIPv6Address1","DeviceCustomIPv6Address1Label","DeviceCustomIPv6Address3","DeviceCustomIPv6Address3Label","DeviceCustomIPv6Address4","DeviceCustomIPv6Address4Label","DeviceCustomNumber2","DeviceCustomNumber2Label","DeviceCustomNumber3","DeviceCustomString1","DeviceCustomNumber3Label","DeviceCustomString1Label","DeviceCustomString2","DeviceCustomString2Label","DeviceCustomString3","DeviceCustomString3Label","DeviceCustomString4","DeviceCustomString4Label","DeviceCustomString5","DeviceCustomString5Label","DeviceCustomString6","DeviceCustomString6Label","FlexDate1","FlexDate1Label","FlexNumber1","FlexNumber1Label","FlexNumber2","FlexNumber2Label","FlexString1","FlexString1Label","FlexString2","timestamp_just_added","timestamp_profiling_finished"],"ServiceID":"7a75f41d-313b-4f68-a99d-6427546cc799","StartTime":1760060209752,"Timestamp":1760060209752,"BaseEvents":[{"N":{"KL_CorrelationRulePriority":1},"ID":"26d39555-e436-431b-8ac9-547cf36a62a5","Name":"Connection. Inbound connection from external host using SMB, RPC ports","Type":3,"EndTime":1760060209479,"Message":"Connection Failed","Priority":1,"Severity":"notice","TenantID":"3d6c4203-7328-4fb2-98fa-f37d385ffbde","GroupedBy":["Message","DeviceAddress","DeviceHostName","SourceAddress","SourceHostName","SourceUserName","DestinationAddress","DestinationHostName","DestinationUserName","ApplicationProtocol","TransportProtocol","BytesIn","BytesOut","DeviceAction","DeviceAssetID","DeviceCity","DeviceCountry","DeviceDirection","DeviceDnsDomain","DeviceEventCategory","DeviceEventClassID","DeviceExternalID","DeviceFacility","DeviceHostName","DeviceInboundInterface","DeviceLatitude","DeviceLongitude","DeviceMacAddress","DeviceNtDomain","DeviceOutboundInterface","DevicePayloadID","DeviceProcessID","DeviceProcessName","DeviceReceiptTime","DeviceRegion","DeviceTimeZone","DeviceTranslatedAddress","DeviceVersion","EventOutcome","Reason","Severity","SourceAccountID","SourceAssetID","SourceCity","SourceCountry","SourceDnsDomain","SourceLatitude","SourceLongitude","SourceMacAddress","SourceNtDomain","SourcePort","SourceProcessID","SourceProcessName","SourceRegion","SourceServiceName","SourceTranslatedAddress","SourceTranslatedPort","SourceUserID","SourceUserPrivileges","DestinationAccountID","DestinationAssetID","DestinationCity","DestinationCountry","DestinationDnsDomain","DestinationLatitude","DestinationLongitude","DestinationMacAddress","DestinationNtDomain","DestinationPort","DestinationProcessID","DestinationProcessName","DestinationRegion","DestinationServiceName","DestinationTranslatedAddress","DestinationTranslatedPort","DestinationUserID","DestinationUserPrivileges","RequestClientApplication","RequestContext","RequestCookies","RequestMethod","RequestUrl","FileCreateTime","FileHash","FileID","FileModificationTime","FileName","FilePath","FilePermission","FileSize","FileType","OldFileCreateTime","OldFileHash","OldFileID","OldFileModificationTime","OldFileName","OldFilePath","OldFilePermission","OldFileSize","OldFileType","DeviceCustomDate1","DeviceCustomDate2","DeviceCustomFloatingPoint1","DeviceCustomFloatingPoint2","DeviceCustomFloatingPoint2Label","DeviceCustomFloatingPoint3","DeviceCustomFloatingPoint3Label","DeviceCustomFloatingPoint4","DeviceCustomFloatingPoint4Label","DeviceCustomIPv6Address1","DeviceCustomIPv6Address1Label","DeviceCustomIPv6Address3","DeviceCustomIPv6Address3Label","DeviceCustomIPv6Address4","DeviceCustomIPv6Address4Label","DeviceCustomNumber2","DeviceCustomNumber2Label","DeviceCustomNumber3","DeviceCustomString1","DeviceCustomNumber3Label","DeviceCustomString1Label","DeviceCustomString2","DeviceCustomString2Label","DeviceCustomString3","DeviceCustomString3Label","DeviceCustomString4","DeviceCustomString4Label","DeviceCustomString5","DeviceCustomString5Label","DeviceCustomString6","DeviceCustomString6Label","FlexDate1","FlexDate1Label","FlexNumber1","FlexNumber1Label","FlexNumber2","FlexNumber2Label","FlexString1","FlexString1Label","FlexString2"],"ServiceID":"7a75f41d-313b-4f68-a99d-6427546cc799","StartTime":1760060209479,"Timestamp":1760060209752,"BaseEvents":[{"ID":"19690063-4758-4205-813e-1c3927801dbe","Name":"traffic","Type":1,"EndTime":1760060209000,"Message":"Connection Failed","Priority":0,"Severity":"notice","TenantID":"3d6c4203-7328-4fb2-98fa-f37d385ffbde","ServiceID":"71d3be03-d996-4ec6-a03d-223288e5abc8","Timestamp":1760060209479,"ExternalID":"71798596","SourcePort":57711,"ServiceName":"Fortigate","DeviceAction":"deny","DeviceVendor":"Fortninet","DeviceAddress":"192.168.51.14","DeviceProduct":"Fortigate","SourceAddress":"79.124.62.134","DeviceHostName":"windu","DeviceTimeZone":"+02:00","DestinationPort":139,"DeviceExternalID":"FGT60FTK22032234","DeviceReceiptTime":1760060209479,"TransportProtocol":"6","DestinationAddress":"192.168.1.222","DeviceEventClassID":"local","ApplicationProtocol":"SAMBA","DeviceCustomString1":"local-in-policy","DeviceEventCategory":"traffic","DeviceInboundInterface":"wan2","DeviceOutboundInterface":"root","DeviceCustomNumber1Label":"duration","DeviceCustomNumber2Label":"policyid","DeviceCustomString1Label":"policytype"}],"SourcePort":57711,"ServiceName":"[OOTB] Correlator","DeviceAction":"deny","DeviceVendor":"Kaspersky","DeviceAddress":"192.168.51.14","DeviceProduct":"KUMA","SourceAddress":"79.124.62.134","BaseEventCount":1,"DeviceHostName":"windu","DeviceTimeZone":"+02:00","DestinationPort":139,"DeviceExternalID":"FGT60FTK22032234","CorrelationRuleID":"e2a20430-e50f-4f70-8970-8c799793a934","DeviceReceiptTime":1760060209479,"TransportProtocol":"6","DestinationAddress":"192.168.1.222","DeviceEventClassID":"local","ApplicationProtocol":"SAMBA","CorrelationRuleName":"Connection. Inbound connection from external host using SMB, RPC ports","DeviceCustomString1":"local-in-policy","DeviceEventCategory":"traffic","DeviceInboundInterface":"wan2","DeviceOutboundInterface":"root","DeviceCustomNumber2Label":"policyid","DeviceCustomString1Label":"policytype"}],"ExternalID":"R445_03","SourcePort":57711,"ServiceName":"[OOTB] Correlator","DeviceAction":"deny","DeviceVendor":"Kaspersky","DeviceAddress":"192.168.51.14","DeviceProduct":"KUMA","SourceAddress":"79.124.62.134","BaseEventCount":1,"DeviceHostName":"windu","DeviceTimeZone":"+02:00","DestinationPort":139,"DeviceExternalID":"FGT60FTK22032234","CorrelationRuleID":"49182bb8-1dd3-44cd-b561-101a5bd0e58d","DeviceReceiptTime":1760060209479,"TransportProtocol":"6","DestinationAddress":"192.168.1.222","DeviceEventClassID":"local","ApplicationProtocol":"SAMBA","CorrelationRuleName":"R445_03_Inbound connection from external host via SMB, RPC port","DeviceCustomString1":"local-in-policy","DeviceEventCategory":"traffic","DestinationServiceName":"NetBIOS Session Service","DeviceInboundInterface":"wan2","DeviceOutboundInterface":"root","DeviceCustomNumber2Label":"policyid","DeviceCustomString1Label":"policytype"},{"N":{"KL_CorrelationRulePriority":1},"ID":"6e99c389-1db1-4ba0-87e8-52f560e52ba0","Name":"R445_03_Inbound connection from external host via SMB, RPC port","Type":3,"EndTime":1760060219732,"Message":"The external host 147.185.132.61 remotely connected to the internal node 192.168.1.222 on port 139 which is used in SMB, RPC protocols: NetBIOS Session Service","Priority":1,"Severity":"notice","TenantID":"3d6c4203-7328-4fb2-98fa-f37d385ffbde","GroupedBy":["Message","DeviceAddress","DeviceHostName","SourceAddress","SourceHostName","SourceUserName","DestinationAddress","DestinationHostName","DestinationUserName","ApplicationProtocol","TransportProtocol","BytesIn","BytesOut","DeviceAction","DeviceAssetID","DeviceCity","DeviceCountry","DeviceDirection","DeviceDnsDomain","DeviceEventCategory","DeviceEventClassID","DeviceExternalID","DeviceFacility","DeviceHostName","DeviceInboundInterface","DeviceLatitude","DeviceLongitude","DeviceMacAddress","DeviceNtDomain","DeviceOutboundInterface","DevicePayloadID","DeviceProcessID","DeviceProcessName","DeviceReceiptTime","DeviceRegion","DeviceTimeZone","DeviceTranslatedAddress","DeviceVersion","EventOutcome","Reason","Severity","SourceAccountID","SourceAssetID","SourceCity","SourceCountry","SourceDnsDomain","SourceLatitude","SourceLongitude","SourceMacAddress","SourceNtDomain","SourcePort","SourceProcessID","SourceProcessName","SourceRegion","SourceServiceName","SourceTranslatedAddress","SourceTranslatedPort","SourceUserID","SourceUserPrivileges","DestinationAccountID","DestinationAssetID","DestinationCity","DestinationCountry","DestinationDnsDomain","DestinationLatitude","DestinationLongitude","DestinationMacAddress","DestinationNtDomain","DestinationPort","DestinationProcessID","DestinationProcessName","DestinationRegion","DestinationServiceName","DestinationTranslatedAddress","DestinationTranslatedPort","DestinationUserID","DestinationUserPrivileges","RequestClientApplication","RequestContext","RequestCookies","RequestMethod","RequestUrl","FileCreateTime","FileHash","FileID","FileModificationTime","FileName","FilePath","FilePermission","FileSize","FileType","OldFileCreateTime","OldFileHash","OldFileID","OldFileModificationTime","OldFileName","OldFilePath","OldFilePermission","OldFileSize","OldFileType","DeviceCustomDate1","DeviceCustomDate2","DeviceCustomFloatingPoint1","DeviceCustomFloatingPoint2","DeviceCustomFloatingPoint2Label","DeviceCustomFloatingPoint3","DeviceCustomFloatingPoint3Label","DeviceCustomFloatingPoint4","DeviceCustomFloatingPoint4Label","DeviceCustomIPv6Address1","DeviceCustomIPv6Address1Label","DeviceCustomIPv6Address3","DeviceCustomIPv6Address3Label","DeviceCustomIPv6Address4","DeviceCustomIPv6Address4Label","DeviceCustomNumber2","DeviceCustomNumber2Label","DeviceCustomNumber3","DeviceCustomString1","DeviceCustomNumber3Label","DeviceCustomString1Label","DeviceCustomString2","DeviceCustomString2Label","DeviceCustomString3","DeviceCustomString3Label","DeviceCustomString4","DeviceCustomString4Label","DeviceCustomString5","DeviceCustomString5Label","DeviceCustomString6","DeviceCustomString6Label","FlexDate1","FlexDate1Label","FlexNumber1","FlexNumber1Label","FlexNumber2","FlexNumber2Label","FlexString1","FlexString1Label","FlexString2","timestamp_just_added","timestamp_profiling_finished"],"ServiceID":"7a75f41d-313b-4f68-a99d-6427546cc799","StartTime":1760060219732,"Timestamp":1760060219733,"BaseEvents":[{"N":{"KL_CorrelationRulePriority":1},"ID":"ae4c68eb-1797-4901-a613-c41b150db294","Name":"Connection. Inbound connection from external host using SMB, RPC ports","Type":3,"EndTime":1760060218618,"Message":"Connection Failed","Priority":1,"Severity":"notice","TenantID":"3d6c4203-7328-4fb2-98fa-f37d385ffbde","GroupedBy":["Message","DeviceAddress","DeviceHostName","SourceAddress","SourceHostName","SourceUserName","DestinationAddress","DestinationHostName","DestinationUserName","ApplicationProtocol","TransportProtocol","BytesIn","BytesOut","DeviceAction","DeviceAssetID","DeviceCity","DeviceCountry","DeviceDirection","DeviceDnsDomain","DeviceEventCategory","DeviceEventClassID","DeviceExternalID","DeviceFacility","DeviceHostName","DeviceInboundInterface","DeviceLatitude","DeviceLongitude","DeviceMacAddress","DeviceNtDomain","DeviceOutboundInterface","DevicePayloadID","DeviceProcessID","DeviceProcessName","DeviceReceiptTime","DeviceRegion","DeviceTimeZone","DeviceTranslatedAddress","DeviceVersion","EventOutcome","Reason","Severity","SourceAccountID","SourceAssetID","SourceCity","SourceCountry","SourceDnsDomain","SourceLatitude","SourceLongitude","SourceMacAddress","SourceNtDomain","SourcePort","SourceProcessID","SourceProcessName","SourceRegion","SourceServiceName","SourceTranslatedAddress","SourceTranslatedPort","SourceUserID","SourceUserPrivileges","DestinationAccountID","DestinationAssetID","DestinationCity","DestinationCountry","DestinationDnsDomain","DestinationLatitude","DestinationLongitude","DestinationMacAddress","DestinationNtDomain","DestinationPort","DestinationProcessID","DestinationProcessName","DestinationRegion","DestinationServiceName","DestinationTranslatedAddress","DestinationTranslatedPort","DestinationUserID","DestinationUserPrivileges","RequestClientApplication","RequestContext","RequestCookies","RequestMethod","RequestUrl","FileCreateTime","FileHash","FileID","FileModificationTime","FileName","FilePath","FilePermission","FileSize","FileType","OldFileCreateTime","OldFileHash","OldFileID","OldFileModificationTime","OldFileName","OldFilePath","OldFilePermission","OldFileSize","OldFileType","DeviceCustomDate1","DeviceCustomDate2","DeviceCustomFloatingPoint1","DeviceCustomFloatingPoint2","DeviceCustomFloatingPoint2Label","DeviceCustomFloatingPoint3","DeviceCustomFloatingPoint3Label","DeviceCustomFloatingPoint4","DeviceCustomFloatingPoint4Label","DeviceCustomIPv6Address1","DeviceCustomIPv6Address1Label","DeviceCustomIPv6Address3","DeviceCustomIPv6Address3Label","DeviceCustomIPv6Address4","DeviceCustomIPv6Address4Label","DeviceCustomNumber2","DeviceCustomNumber2Label","DeviceCustomNumber3","DeviceCustomString1","DeviceCustomNumber3Label","DeviceCustomString1Label","DeviceCustomString2","DeviceCustomString2Label","DeviceCustomString3","DeviceCustomString3Label","DeviceCustomString4","DeviceCustomString4Label","DeviceCustomString5","DeviceCustomString5Label","DeviceCustomString6","DeviceCustomString6Label","FlexDate1","FlexDate1Label","FlexNumber1","FlexNumber1Label","FlexNumber2","FlexNumber2Label","FlexString1","FlexString1Label","FlexString2"],"ServiceID":"7a75f41d-313b-4f68-a99d-6427546cc799","StartTime":1760060218618,"Timestamp":1760060219732,"BaseEvents":[{"ID":"ff96cbe3-e56f-4e1e-abd5-0e13ca0257da","Name":"traffic","Type":1,"EndTime":1760060218000,"Message":"Connection Failed","Priority":0,"Severity":"notice","TenantID":"3d6c4203-7328-4fb2-98fa-f37d385ffbde","ServiceID":"71d3be03-d996-4ec6-a03d-223288e5abc8","Timestamp":1760060218618,"ExternalID":"71798812","SourcePort":53290,"ServiceName":"Fortigate","DeviceAction":"deny","DeviceVendor":"Fortninet","DeviceAddress":"192.168.51.14","DeviceProduct":"Fortigate","SourceAddress":"147.185.132.61","DeviceHostName":"windu","DeviceTimeZone":"+02:00","DestinationPort":139,"DeviceExternalID":"FGT60FTK22032234","DeviceReceiptTime":1760060218618,"TransportProtocol":"6","DestinationAddress":"192.168.1.222","DeviceEventClassID":"local","ApplicationProtocol":"SAMBA","DeviceCustomString1":"local-in-policy","DeviceEventCategory":"traffic","DeviceInboundInterface":"wan2","DeviceOutboundInterface":"root","DeviceCustomNumber1Label":"duration","DeviceCustomNumber2Label":"policyid","DeviceCustomString1Label":"policytype"}],"SourcePort":53290,"ServiceName":"[OOTB] Correlator","DeviceAction":"deny","DeviceVendor":"Kaspersky","DeviceAddress":"192.168.51.14","DeviceProduct":"KUMA","SourceAddress":"147.185.132.61","BaseEventCount":1,"DeviceHostName":"windu","DeviceTimeZone":"+02:00","DestinationPort":139,"DeviceExternalID":"FGT60FTK22032234","CorrelationRuleID":"e2a20430-e50f-4f70-8970-8c799793a934","DeviceReceiptTime":1760060218618,"TransportProtocol":"6","DestinationAddress":"192.168.1.222","DeviceEventClassID":"local","ApplicationProtocol":"SAMBA","CorrelationRuleName":"Connection. Inbound connection from external host using SMB, RPC ports","DeviceCustomString1":"local-in-policy","DeviceEventCategory":"traffic","DeviceInboundInterface":"wan2","DeviceOutboundInterface":"root","DeviceCustomNumber2Label":"policyid","DeviceCustomString1Label":"policytype"}],"ExternalID":"R445_03","SourcePort":53290,"ServiceName":"[OOTB] Correlator","DeviceAction":"deny","DeviceVendor":"Kaspersky","DeviceAddress":"192.168.51.14","DeviceProduct":"KUMA","SourceAddress":"147.185.132.61","BaseEventCount":1,"DeviceHostName":"windu","DeviceTimeZone":"+02:00","DestinationPort":139,"DeviceExternalID":"FGT60FTK22032234","CorrelationRuleID":"49182bb8-1dd3-44cd-b561-101a5bd0e58d","DeviceReceiptTime":1760060218618,"TransportProtocol":"6","DestinationAddress":"192.168.1.222","DeviceEventClassID":"local","ApplicationProtocol":"SAMBA","CorrelationRuleName":"R445_03_Inbound connection from external host via SMB, RPC port","DeviceCustomString1":"local-in-policy","DeviceEventCategory":"traffic","DestinationServiceName":"NetBIOS Session Service","DeviceInboundInterface":"wan2","DeviceOutboundInterface":"root","DeviceCustomNumber2Label":"policyid","DeviceCustomString1Label":"policytype"}],"Rules":[{"Confidence":"medium","Custom":false,"ID":"49182bb8-1dd3-44cd-b561-101a5bd0e58d","Name":"R445_03_Inbound connection from external host via SMB, RPC port","Severity":"medium","Type":""}],"Severity":"low","SourceCreatedAt":"2025-10-10T01:36:34.723Z","SourceID":"6e99c389-1db1-4ba0-87e8-52f560e52ba0;bd6ee56f-7299-485e-87c0-4ad9cf67909e;bd8e0fb2-a1ff-42b9-8297-870b88172b19","Status":"new","StatusChangedAt":"2025-10-10T01:36:34.896Z","StatusResolution":"","TenantID":"3d6c4203-7328-4fb2-98fa-f37d385ffbde","UpdatedAt":"2025-10-10T01:36:34.896Z"},{"Assets":null,"Assignee":{"ID":"nobody","Name":"Not assigned","Type":""},"CreatedAt":"2025-10-10T01:30:19.854Z","DetectionTechnologies":null,"ExternalRef":"","Extra":null,"FirstEventTime":"2025-10-04T07:25:26.571Z","HistoryRecords":null,"ID":18914,"IncidentID":"","IncidentLinkType":"","InternalID":"e9bcb047-f143-4760-aaef-af39042c1f39","IsCII":false,"LastEventTime":"2025-10-10T01:30:19.664Z","MITRETactics":null,"MITRETechniques":null,"Name":"R204_Use of an external DNS server","Observables":[{"Details":"","Type":"ip","Value":"192.5.6.30"},{"Details":"","Type":"hostname","Value":"windu"}],"OriginalEvents":[{"N":{"KL_CorrelationRulePriority":2},"ID":"e9bcb047-f143-4760-aaef-af39042c1f39","Name":"R204_Use of an external DNS server","Type":3,"EndTime":1760059819665,"Priority":2,"TenantID":"3d6c4203-7328-4fb2-98fa-f37d385ffbde","GroupedBy":["DestinationAddress","DestinationAssetID","DestinationHostName","DestinationPort","SourceAddress","SourceAssetID","SourceHostName","SourceNtDomain","TransportProtocol"],"ServiceID":"7a75f41d-313b-4f68-a99d-6427546cc799","StartTime":1759562726571,"Timestamp":1760059819665,"BaseEvents":[{"ID":"37ea3c26-4597-4a0a-9319-f2d5e312c3d1","Name":"traffic","Type":1,"BytesIn":595,"EndTime":1759530326000,"BytesOut":78,"Priority":0,"Severity":"notice","TenantID":"3d6c4203-7328-4fb2-98fa-f37d385ffbde","ServiceID":"71d3be03-d996-4ec6-a03d-223288e5abc8","Timestamp":1759562726571,"ExternalID":"62788248","SourcePort":37530,"ServiceName":"Fortigate","DeviceAction":"accept","DeviceVendor":"Fortninet","DeviceAddress":"192.168.51.14","DeviceProduct":"Fortigate","SourceAddress":"172.16.210.1","DeviceHostName":"windu","DeviceTimeZone":"+02:00","DestinationPort":53,"DeviceExternalID":"FGT60FTK22032234","DeviceReceiptTime":1759562726571,"TransportProtocol":"17","DestinationAddress":"192.5.6.30","DeviceEventClassID":"forward","ApplicationProtocol":"DNS","DeviceCustomNumber1":180,"DeviceCustomNumber2":35,"DeviceCustomString1":"policy","DeviceEventCategory":"traffic","SourceTranslatedPort":37530,"DeviceInboundInterface":"Susp0Root1_1","DeviceOutboundInterface":"wan2","SourceTranslatedAddress":"192.168.1.222","DeviceCustomNumber1Label":"duration","DeviceCustomNumber2Label":"policyid","DeviceCustomString1Label":"policytype"}],"ExternalID":"R204","ServiceName":"[OOTB] Correlator","DeviceVendor":"Kaspersky","DeviceProduct":"KUMA","SourceAddress":"172.16.210.1","BaseEventCount":1,"DeviceTimeZone":"+02:00","DestinationPort":53,"CorrelationRuleID":"501d865f-6430-4175-9490-62f2e3d203e2","TransportProtocol":"17","DestinationAddress":"192.5.6.30","CorrelationRuleName":"R204_Use of an external DNS server"}],"Rules":[{"Confidence":"medium","Custom":false,"ID":"501d865f-6430-4175-9490-62f2e3d203e2","Name":"R204_Use of an external DNS server","Severity":"high","Type":""}],"Severity":"medium","SourceCreatedAt":"2025-10-10T01:30:19.664Z","SourceID":"e9bcb047-f143-4760-aaef-af39042c1f39","Status":"new","StatusChangedAt":"2025-10-10T01:30:19.854Z","StatusResolution":"","TenantID":"3d6c4203-7328-4fb2-98fa-f37d385ffbde","UpdatedAt":"2025-10-10T01:30:19.854Z"},{"Assets":null,"Assignee":{"ID":"nobody","Name":"Not assigned","Type":""},"CreatedAt":"2025-10-10T01:32:39.879Z","DetectionTechnologies":null,"ExternalRef":"","Extra":null,"FirstEventTime":"2025-10-10T01:32:39.414Z","HistoryRecords":null,"ID":18916,"IncidentID":"","IncidentLinkType":"","InternalID":"998403a5-86d9-4fcf-a376-6c4efe326256","IsCII":false,"LastEventTime":"2025-10-10T01:32:39.706Z","MITRETactics":null,"MITRETechniques":null,"Name":"R445_03_Inbound connection from external host via SMB, RPC port","Observables":[{"Details":"","Type":"ip","Value":"187.141.231.206"},{"Details":"","Type":"hostname","Value":"windu"}],"OriginalEvents":[{"N":{"KL_CorrelationRulePriority":1},"ID":"998403a5-86d9-4fcf-a376-6c4efe326256","Name":"R445_03_Inbound connection from external host via SMB, RPC port","Type":3,"EndTime":1760059959705,"Message":"The external host 187.141.231.206 remotely connected to the internal node 192.168.1.222 on port 445 which is used in SMB, RPC protocols: Microsoft-DS (Directory Services) SMB file sharing","Priority":1,"Severity":"notice","TenantID":"3d6c4203-7328-4fb2-98fa-f37d385ffbde","GroupedBy":["Message","DeviceAddress","DeviceHostName","SourceAddress","SourceHostName","SourceUserName","DestinationAddress","DestinationHostName","DestinationUserName","ApplicationProtocol","TransportProtocol","BytesIn","BytesOut","DeviceAction","DeviceAssetID","DeviceCity","DeviceCountry","DeviceDirection","DeviceDnsDomain","DeviceEventCategory","DeviceEventClassID","DeviceExternalID","DeviceFacility","DeviceHostName","DeviceInboundInterface","DeviceLatitude","DeviceLongitude","DeviceMacAddress","DeviceNtDomain","DeviceOutboundInterface","DevicePayloadID","DeviceProcessID","DeviceProcessName","DeviceReceiptTime","DeviceRegion","DeviceTimeZone","DeviceTranslatedAddress","DeviceVersion","EventOutcome","Reason","Severity","SourceAccountID","SourceAssetID","SourceCity","SourceCountry","SourceDnsDomain","SourceLatitude","SourceLongitude","SourceMacAddress","SourceNtDomain","SourcePort","SourceProcessID","SourceProcessName","SourceRegion","SourceServiceName","SourceTranslatedAddress","SourceTranslatedPort","SourceUserID","SourceUserPrivileges","DestinationAccountID","DestinationAssetID","DestinationCity","DestinationCountry","DestinationDnsDomain","DestinationLatitude","DestinationLongitude","DestinationMacAddress","DestinationNtDomain","DestinationPort","DestinationProcessID","DestinationProcessName","DestinationRegion","DestinationServiceName","DestinationTranslatedAddress","DestinationTranslatedPort","DestinationUserID","DestinationUserPrivileges","RequestClientApplication","RequestContext","RequestCookies","RequestMethod","RequestUrl","FileCreateTime","FileHash","FileID","FileModificationTime","FileName","FilePath","FilePermission","FileSize","FileType","OldFileCreateTime","OldFileHash","OldFileID","OldFileModificationTime","OldFileName","OldFilePath","OldFilePermission","OldFileSize","OldFileType","DeviceCustomDate1","DeviceCustomDate2","DeviceCustomFloatingPoint1","DeviceCustomFloatingPoint2","DeviceCustomFloatingPoint2Label","DeviceCustomFloatingPoint3","DeviceCustomFloatingPoint3Label","DeviceCustomFloatingPoint4","DeviceCustomFloatingPoint4Label","DeviceCustomIPv6Address1","DeviceCustomIPv6Address1Label","DeviceCustomIPv6Address3","DeviceCustomIPv6Address3Label","DeviceCustomIPv6Address4","DeviceCustomIPv6Address4Label","DeviceCustomNumber2","DeviceCustomNumber2Label","DeviceCustomNumber3","DeviceCustomString1","DeviceCustomNumber3Label","DeviceCustomString1Label","DeviceCustomString2","DeviceCustomString2Label","DeviceCustomString3","DeviceCustomString3Label","DeviceCustomString4","DeviceCustomString4Label","DeviceCustomString5","DeviceCustomString5Label","DeviceCustomString6","DeviceCustomString6Label","FlexDate1","FlexDate1Label","FlexNumber1","FlexNumber1Label","FlexNumber2","FlexNumber2Label","FlexString1","FlexString1Label","FlexString2","timestamp_just_added","timestamp_profiling_finished"],"ServiceID":"7a75f41d-313b-4f68-a99d-6427546cc799","StartTime":1760059959705,"Timestamp":1760059959706,"BaseEvents":[{"N":{"KL_CorrelationRulePriority":1},"ID":"de47dbf5-16f8-4e47-a38d-a02debd62572","Name":"Connection. Inbound connection from external host using SMB, RPC ports","Type":3,"EndTime":1760059959414,"Message":"Connection Failed","Priority":1,"Severity":"notice","TenantID":"3d6c4203-7328-4fb2-98fa-f37d385ffbde","GroupedBy":["Message","DeviceAddress","DeviceHostName","SourceAddress","SourceHostName","SourceUserName","DestinationAddress","DestinationHostName","DestinationUserName","ApplicationProtocol","TransportProtocol","BytesIn","BytesOut","DeviceAction","DeviceAssetID","DeviceCity","DeviceCountry","DeviceDirection","DeviceDnsDomain","DeviceEventCategory","DeviceEventClassID","DeviceExternalID","DeviceFacility","DeviceHostName","DeviceInboundInterface","DeviceLatitude","DeviceLongitude","DeviceMacAddress","DeviceNtDomain","DeviceOutboundInterface","DevicePayloadID","DeviceProcessID","DeviceProcessName","DeviceReceiptTime","DeviceRegion","DeviceTimeZone","DeviceTranslatedAddress","DeviceVersion","EventOutcome","Reason","Severity","SourceAccountID","SourceAssetID","SourceCity","SourceCountry","SourceDnsDomain","SourceLatitude","SourceLongitude","SourceMacAddress","SourceNtDomain","SourcePort","SourceProcessID","SourceProcessName","SourceRegion","SourceServiceName","SourceTranslatedAddress","SourceTranslatedPort","SourceUserID","SourceUserPrivileges","DestinationAccountID","DestinationAssetID","DestinationCity","DestinationCountry","DestinationDnsDomain","DestinationLatitude","DestinationLongitude","DestinationMacAddress","DestinationNtDomain","DestinationPort","DestinationProcessID","DestinationProcessName","DestinationRegion","DestinationServiceName","DestinationTranslatedAddress","DestinationTranslatedPort","DestinationUserID","DestinationUserPrivileges","RequestClientApplication","RequestContext","RequestCookies","RequestMethod","RequestUrl","FileCreateTime","FileHash","FileID","FileModificationTime","FileName","FilePath","FilePermission","FileSize","FileType","OldFileCreateTime","OldFileHash","OldFileID","OldFileModificationTime","OldFileName","OldFilePath","OldFilePermission","OldFileSize","OldFileType","DeviceCustomDate1","DeviceCustomDate2","DeviceCustomFloatingPoint1","DeviceCustomFloatingPoint2","DeviceCustomFloatingPoint2Label","DeviceCustomFloatingPoint3","DeviceCustomFloatingPoint3Label","DeviceCustomFloatingPoint4","DeviceCustomFloatingPoint4Label","DeviceCustomIPv6Address1","DeviceCustomIPv6Address1Label","DeviceCustomIPv6Address3","DeviceCustomIPv6Address3Label","DeviceCustomIPv6Address4","DeviceCustomIPv6Address4Label","DeviceCustomNumber2","DeviceCustomNumber2Label","DeviceCustomNumber3","DeviceCustomString1","DeviceCustomNumber3Label","DeviceCustomString1Label","DeviceCustomString2","DeviceCustomString2Label","DeviceCustomString3","DeviceCustomString3Label","DeviceCustomString4","DeviceCustomString4Label","DeviceCustomString5","DeviceCustomString5Label","DeviceCustomString6","DeviceCustomString6Label","FlexDate1","FlexDate1Label","FlexNumber1","FlexNumber1Label","FlexNumber2","FlexNumber2Label","FlexString1","FlexString1Label","FlexString2"],"ServiceID":"7a75f41d-313b-4f68-a99d-6427546cc799","StartTime":1760059959414,"Timestamp":1760059959705,"BaseEvents":[{"ID":"7b8440ee-bcbc-4983-b242-1ab6b7ddf04c","Name":"traffic","Type":1,"EndTime":1760059959000,"Message":"Connection Failed","Priority":0,"Severity":"notice","TenantID":"3d6c4203-7328-4fb2-98fa-f37d385ffbde","ServiceID":"71d3be03-d996-4ec6-a03d-223288e5abc8","Timestamp":1760059959414,"ExternalID":"71793709","SourcePort":56041,"ServiceName":"Fortigate","DeviceAction":"deny","DeviceVendor":"Fortninet","DeviceAddress":"192.168.51.14","DeviceProduct":"Fortigate","SourceAddress":"187.141.231.206","DeviceHostName":"windu","DeviceTimeZone":"+02:00","DestinationPort":445,"DeviceExternalID":"FGT60FTK22032234","DeviceReceiptTime":1760059959414,"TransportProtocol":"6","DestinationAddress":"192.168.1.222","DeviceEventClassID":"local","ApplicationProtocol":"SMB","DeviceCustomString1":"local-in-policy","DeviceEventCategory":"traffic","DeviceInboundInterface":"wan2","DeviceOutboundInterface":"root","DeviceCustomNumber1Label":"duration","DeviceCustomNumber2Label":"policyid","DeviceCustomString1Label":"policytype"}],"SourcePort":56041,"ServiceName":"[OOTB] Correlator","DeviceAction":"deny","DeviceVendor":"Kaspersky","DeviceAddress":"192.168.51.14","DeviceProduct":"KUMA","SourceAddress":"187.141.231.206","BaseEventCount":1,"DeviceHostName":"windu","DeviceTimeZone":"+02:00","DestinationPort":445,"DeviceExternalID":"FGT60FTK22032234","CorrelationRuleID":"e2a20430-e50f-4f70-8970-8c799793a934","DeviceReceiptTime":1760059959414,"TransportProtocol":"6","DestinationAddress":"192.168.1.222","DeviceEventClassID":"local","ApplicationProtocol":"SMB","CorrelationRuleName":"Connection. Inbound connection from external host using SMB, RPC ports","DeviceCustomString1":"local-in-policy","DeviceEventCategory":"traffic","DeviceInboundInterface":"wan2","DeviceOutboundInterface":"root","DeviceCustomNumber2Label":"policyid","DeviceCustomString1Label":"policytype"}],"ExternalID":"R445_03","SourcePort":56041,"ServiceName":"[OOTB] Correlator","DeviceAction":"deny","DeviceVendor":"Kaspersky","DeviceAddress":"192.168.51.14","DeviceProduct":"KUMA","SourceAddress":"187.141.231.206","BaseEventCount":1,"DeviceHostName":"windu","DeviceTimeZone":"+02:00","DestinationPort":445,"DeviceExternalID":"FGT60FTK22032234","CorrelationRuleID":"49182bb8-1dd3-44cd-b561-101a5bd0e58d","DeviceReceiptTime":1760059959414,"TransportProtocol":"6","DestinationAddress":"192.168.1.222","DeviceEventClassID":"local","ApplicationProtocol":"SMB","CorrelationRuleName":"R445_03_Inbound connection from external host via SMB, RPC port","DeviceCustomString1":"local-in-policy","DeviceEventCategory":"traffic","DestinationServiceName":"Microsoft-DS (Directory Services) SMB file sharing","DeviceInboundInterface":"wan2","DeviceOutboundInterface":"root","DeviceCustomNumber2Label":"policyid","DeviceCustomString1Label":"policytype"}],"Rules":[{"Confidence":"medium","Custom":false,"ID":"49182bb8-1dd3-44cd-b561-101a5bd0e58d","Name":"R445_03_Inbound connection from external host via SMB, RPC port","Severity":"medium","Type":""}],"Severity":"low","SourceCreatedAt":"2025-10-10T01:32:39.706Z","SourceID":"998403a5-86d9-4fcf-a376-6c4efe326256","Status":"new","StatusChangedAt":"2025-10-10T01:32:39.879Z","StatusResolution":"","TenantID":"3d6c4203-7328-4fb2-98fa-f37d385ffbde","UpdatedAt":"2025-10-10T01:32:39.879Z"},{"Assets":null,"Assignee":{"ID":"nobody","Name":"Not assigned","Type":""},"CreatedAt":"2025-10-10T01:38:09.917Z","DetectionTechnologies":null,"ExternalRef":"","Extra":null,"FirstEventTime":"2025-10-10T01:38:08.319Z","HistoryRecords":null,"ID":18919,"IncidentID":"","IncidentLinkType":"","InternalID":"1f07b1ec-6ebc-47a0-8ae0-78ddb250d8ae","IsCII":false,"LastEventTime":"2025-10-10T01:38:09.757Z","MITRETactics":null,"MITRETechniques":null,"Name":"R445_03_Inbound connection from external host via SMB, RPC port","Observables":[{"Details":"","Type":"ip","Value":"36.95.9.149"},{"Details":"","Type":"hostname","Value":"windu"}],"OriginalEvents":[{"N":{"KL_CorrelationRulePriority":1},"ID":"1f07b1ec-6ebc-47a0-8ae0-78ddb250d8ae","Name":"R445_03_Inbound connection from external host via SMB, RPC port","Type":3,"EndTime":1760060289757,"Message":"The external host 36.95.9.149 remotely connected to the internal node 192.168.1.222 on port 445 which is used in SMB, RPC protocols: Microsoft-DS (Directory Services) SMB file sharing","Priority":1,"Severity":"notice","TenantID":"3d6c4203-7328-4fb2-98fa-f37d385ffbde","GroupedBy":["Message","DeviceAddress","DeviceHostName","SourceAddress","SourceHostName","SourceUserName","DestinationAddress","DestinationHostName","DestinationUserName","ApplicationProtocol","TransportProtocol","BytesIn","BytesOut","DeviceAction","DeviceAssetID","DeviceCity","DeviceCountry","DeviceDirection","DeviceDnsDomain","DeviceEventCategory","DeviceEventClassID","DeviceExternalID","DeviceFacility","DeviceHostName","DeviceInboundInterface","DeviceLatitude","DeviceLongitude","DeviceMacAddress","DeviceNtDomain","DeviceOutboundInterface","DevicePayloadID","DeviceProcessID","DeviceProcessName","DeviceReceiptTime","DeviceRegion","DeviceTimeZone","DeviceTranslatedAddress","DeviceVersion","EventOutcome","Reason","Severity","SourceAccountID","SourceAssetID","SourceCity","SourceCountry","SourceDnsDomain","SourceLatitude","SourceLongitude","SourceMacAddress","SourceNtDomain","SourcePort","SourceProcessID","SourceProcessName","SourceRegion","SourceServiceName","SourceTranslatedAddress","SourceTranslatedPort","SourceUserID","SourceUserPrivileges","DestinationAccountID","DestinationAssetID","DestinationCity","DestinationCountry","DestinationDnsDomain","DestinationLatitude","DestinationLongitude","DestinationMacAddress","DestinationNtDomain","DestinationPort","DestinationProcessID","DestinationProcessName","DestinationRegion","DestinationServiceName","DestinationTranslatedAddress","DestinationTranslatedPort","DestinationUserID","DestinationUserPrivileges","RequestClientApplication","RequestContext","RequestCookies","RequestMethod","RequestUrl","FileCreateTime","FileHash","FileID","FileModificationTime","FileName","FilePath","FilePermission","FileSize","FileType","OldFileCreateTime","OldFileHash","OldFileID","OldFileModificationTime","OldFileName","OldFilePath","OldFilePermission","OldFileSize","OldFileType","DeviceCustomDate1","DeviceCustomDate2","DeviceCustomFloatingPoint1","DeviceCustomFloatingPoint2","DeviceCustomFloatingPoint2Label","DeviceCustomFloatingPoint3","DeviceCustomFloatingPoint3Label","DeviceCustomFloatingPoint4","DeviceCustomFloatingPoint4Label","DeviceCustomIPv6Address1","DeviceCustomIPv6Address1Label","DeviceCustomIPv6Address3","DeviceCustomIPv6Address3Label","DeviceCustomIPv6Address4","DeviceCustomIPv6Address4Label","DeviceCustomNumber2","DeviceCustomNumber2Label","DeviceCustomNumber3","DeviceCustomString1","DeviceCustomNumber3Label","DeviceCustomString1Label","DeviceCustomString2","DeviceCustomString2Label","DeviceCustomString3","DeviceCustomString3Label","DeviceCustomString4","DeviceCustomString4Label","DeviceCustomString5","DeviceCustomString5Label","DeviceCustomString6","DeviceCustomString6Label","FlexDate1","FlexDate1Label","FlexNumber1","FlexNumber1Label","FlexNumber2","FlexNumber2Label","FlexString1","FlexString1Label","FlexString2","timestamp_just_added","timestamp_profiling_finished"],"ServiceID":"7a75f41d-313b-4f68-a99d-6427546cc799","StartTime":1760060289757,"Timestamp":1760060289758,"BaseEvents":[{"N":{"KL_CorrelationRulePriority":1},"ID":"9f6fca64-7468-4662-9ce8-8dc59719a4d6","Name":"Connection. Inbound connection from external host using SMB, RPC ports","Type":3,"EndTime":1760060288319,"Message":"Connection Failed","Priority":1,"Severity":"notice","TenantID":"3d6c4203-7328-4fb2-98fa-f37d385ffbde","GroupedBy":["Message","DeviceAddress","DeviceHostName","SourceAddress","SourceHostName","SourceUserName","DestinationAddress","DestinationHostName","DestinationUserName","ApplicationProtocol","TransportProtocol","BytesIn","BytesOut","DeviceAction","DeviceAssetID","DeviceCity","DeviceCountry","DeviceDirection","DeviceDnsDomain","DeviceEventCategory","DeviceEventClassID","DeviceExternalID","DeviceFacility","DeviceHostName","DeviceInboundInterface","DeviceLatitude","DeviceLongitude","DeviceMacAddress","DeviceNtDomain","DeviceOutboundInterface","DevicePayloadID","DeviceProcessID","DeviceProcessName","DeviceReceiptTime","DeviceRegion","DeviceTimeZone","DeviceTranslatedAddress","DeviceVersion","EventOutcome","Reason","Severity","SourceAccountID","SourceAssetID","SourceCity","SourceCountry","SourceDnsDomain","SourceLatitude","SourceLongitude","SourceMacAddress","SourceNtDomain","SourcePort","SourceProcessID","SourceProcessName","SourceRegion","SourceServiceName","SourceTranslatedAddress","SourceTranslatedPort","SourceUserID","SourceUserPrivileges","DestinationAccountID","DestinationAssetID","DestinationCity","DestinationCountry","DestinationDnsDomain","DestinationLatitude","DestinationLongitude","DestinationMacAddress","DestinationNtDomain","DestinationPort","DestinationProcessID","DestinationProcessName","DestinationRegion","DestinationServiceName","DestinationTranslatedAddress","DestinationTranslatedPort","DestinationUserID","DestinationUserPrivileges","RequestClientApplication","RequestContext","RequestCookies","RequestMethod","RequestUrl","FileCreateTime","FileHash","FileID","FileModificationTime","FileName","FilePath","FilePermission","FileSize","FileType","OldFileCreateTime","OldFileHash","OldFileID","OldFileModificationTime","OldFileName","OldFilePath","OldFilePermission","OldFileSize","OldFileType","DeviceCustomDate1","DeviceCustomDate2","DeviceCustomFloatingPoint1","DeviceCustomFloatingPoint2","DeviceCustomFloatingPoint2Label","DeviceCustomFloatingPoint3","DeviceCustomFloatingPoint3Label","DeviceCustomFloatingPoint4","DeviceCustomFloatingPoint4Label","DeviceCustomIPv6Address1","DeviceCustomIPv6Address1Label","DeviceCustomIPv6Address3","DeviceCustomIPv6Address3Label","DeviceCustomIPv6Address4","DeviceCustomIPv6Address4Label","DeviceCustomNumber2","DeviceCustomNumber2Label","DeviceCustomNumber3","DeviceCustomString1","DeviceCustomNumber3Label","DeviceCustomString1Label","DeviceCustomString2","DeviceCustomString2Label","DeviceCustomString3","DeviceCustomString3Label","DeviceCustomString4","DeviceCustomString4Label","DeviceCustomString5","DeviceCustomString5Label","DeviceCustomString6","DeviceCustomString6Label","FlexDate1","FlexDate1Label","FlexNumber1","FlexNumber1Label","FlexNumber2","FlexNumber2Label","FlexString1","FlexString1Label","FlexString2"],"ServiceID":"7a75f41d-313b-4f68-a99d-6427546cc799","StartTime":1760060288319,"Timestamp":1760060289757,"BaseEvents":[{"ID":"430f7c51-ba74-4117-9d26-d47489b91d5b","Name":"traffic","Type":1,"EndTime":1760060288000,"Message":"Connection Failed","Priority":0,"Severity":"notice","TenantID":"3d6c4203-7328-4fb2-98fa-f37d385ffbde","ServiceID":"71d3be03-d996-4ec6-a03d-223288e5abc8","Timestamp":1760060288319,"ExternalID":"71800211","SourcePort":63867,"ServiceName":"Fortigate","DeviceAction":"deny","DeviceVendor":"Fortninet","DeviceAddress":"192.168.51.14","DeviceProduct":"Fortigate","SourceAddress":"36.95.9.149","DeviceHostName":"windu","DeviceTimeZone":"+02:00","DestinationPort":445,"DeviceExternalID":"FGT60FTK22032234","DeviceReceiptTime":1760060288319,"TransportProtocol":"6","DestinationAddress":"192.168.1.222","DeviceEventClassID":"local","ApplicationProtocol":"SMB","DeviceCustomString1":"local-in-policy","DeviceEventCategory":"traffic","DeviceInboundInterface":"wan2","DeviceOutboundInterface":"root","DeviceCustomNumber1Label":"duration","DeviceCustomNumber2Label":"policyid","DeviceCustomString1Label":"policytype"}],"SourcePort":63867,"ServiceName":"[OOTB] Correlator","DeviceAction":"deny","DeviceVendor":"Kaspersky","DeviceAddress":"192.168.51.14","DeviceProduct":"KUMA","SourceAddress":"36.95.9.149","BaseEventCount":1,"DeviceHostName":"windu","DeviceTimeZone":"+02:00","DestinationPort":445,"DeviceExternalID":"FGT60FTK22032234","CorrelationRuleID":"e2a20430-e50f-4f70-8970-8c799793a934","DeviceReceiptTime":1760060288319,"TransportProtocol":"6","DestinationAddress":"192.168.1.222","DeviceEventClassID":"local","ApplicationProtocol":"SMB","CorrelationRuleName":"Connection. Inbound connection from external host using SMB, RPC ports","DeviceCustomString1":"local-in-policy","DeviceEventCategory":"traffic","DeviceInboundInterface":"wan2","DeviceOutboundInterface":"root","DeviceCustomNumber2Label":"policyid","DeviceCustomString1Label":"policytype"}],"ExternalID":"R445_03","SourcePort":63867,"ServiceName":"[OOTB] Correlator","DeviceAction":"deny","DeviceVendor":"Kaspersky","DeviceAddress":"192.168.51.14","DeviceProduct":"KUMA","SourceAddress":"36.95.9.149","BaseEventCount":1,"DeviceHostName":"windu","DeviceTimeZone":"+02:00","DestinationPort":445,"DeviceExternalID":"FGT60FTK22032234","CorrelationRuleID":"49182bb8-1dd3-44cd-b561-101a5bd0e58d","DeviceReceiptTime":1760060288319,"TransportProtocol":"6","DestinationAddress":"192.168.1.222","DeviceEventClassID":"local","ApplicationProtocol":"SMB","CorrelationRuleName":"R445_03_Inbound connection from external host via SMB, RPC port","DeviceCustomString1":"local-in-policy","DeviceEventCategory":"traffic","DestinationServiceName":"Microsoft-DS (Directory Services) SMB file sharing","DeviceInboundInterface":"wan2","DeviceOutboundInterface":"root","DeviceCustomNumber2Label":"policyid","DeviceCustomString1Label":"policytype"}],"Rules":[{"Confidence":"medium","Custom":false,"ID":"49182bb8-1dd3-44cd-b561-101a5bd0e58d","Name":"R445_03_Inbound connection from external host via SMB, RPC port","Severity":"medium","Type":""}],"Severity":"low","SourceCreatedAt":"2025-10-10T01:38:09.757Z","SourceID":"1f07b1ec-6ebc-47a0-8ae0-78ddb250d8ae","Status":"new","StatusChangedAt":"2025-10-10T01:38:09.917Z","StatusResolution":"","TenantID":"3d6c4203-7328-4fb2-98fa-f37d385ffbde","UpdatedAt":"2025-10-10T01:38:09.917Z"},{"Assets":null,"Assignee":{"ID":"nobody","Name":"Not assigned","Type":""},"CreatedAt":"2025-10-10T01:43:14.962Z","DetectionTechnologies":null,"ExternalRef":"","Extra":null,"FirstEventTime":"2025-10-10T01:43:13.959Z","HistoryRecords":null,"ID":18922,"IncidentID":"","IncidentLinkType":"","InternalID":"ee9f5372-deea-4367-ae6b-34c04deca124","IsCII":false,"LastEventTime":"2025-10-10T01:43:14.826Z","MITRETactics":null,"MITRETechniques":null,"Name":"R445_04_Inbound connection from external host via WinRM port","Observables":[{"Details":"","Type":"ip","Value":"198.235.24.109"},{"Details":"","Type":"hostname","Value":"windu"}],"OriginalEvents":[{"N":{"KL_CorrelationRulePriority":1},"ID":"ee9f5372-deea-4367-ae6b-34c04deca124","Name":"R445_04_Inbound connection from external host via WinRM port","Type":3,"EndTime":1760060594826,"Message":"The external host 198.235.24.109 remotely connected to the internal node 192.168.1.222 on port 5986 using the WinRM remote administration tool: Windows Remote Management Service (WinRM-HTTPS)","Priority":1,"Severity":"notice","TenantID":"3d6c4203-7328-4fb2-98fa-f37d385ffbde","GroupedBy":["Message","DeviceAddress","DeviceHostName","SourceAddress","SourceHostName","SourceUserName","DestinationAddress","DestinationHostName","DestinationUserName","ApplicationProtocol","TransportProtocol","BytesIn","BytesOut","DeviceAction","DeviceAssetID","DeviceCity","DeviceCountry","DeviceDirection","DeviceDnsDomain","DeviceEventCategory","DeviceEventClassID","DeviceExternalID","DeviceFacility","DeviceHostName","DeviceInboundInterface","DeviceLatitude","DeviceLongitude","DeviceMacAddress","DeviceNtDomain","DeviceOutboundInterface","DevicePayloadID","DeviceProcessID","DeviceProcessName","DeviceReceiptTime","DeviceRegion","DeviceTimeZone","DeviceTranslatedAddress","DeviceVersion","EventOutcome","Reason","Severity","SourceAccountID","SourceAssetID","SourceCity","SourceCountry","SourceDnsDomain","SourceLatitude","SourceLongitude","SourceMacAddress","SourceNtDomain","SourcePort","SourceProcessID","SourceProcessName","SourceRegion","SourceServiceName","SourceTranslatedAddress","SourceTranslatedPort","SourceUserID","SourceUserPrivileges","DestinationAccountID","DestinationAssetID","DestinationCity","DestinationCountry","DestinationDnsDomain","DestinationLatitude","DestinationLongitude","DestinationMacAddress","DestinationNtDomain","DestinationPort","DestinationProcessID","DestinationProcessName","DestinationRegion","DestinationServiceName","DestinationTranslatedAddress","DestinationTranslatedPort","DestinationUserID","DestinationUserPrivileges","RequestClientApplication","RequestContext","RequestCookies","RequestMethod","RequestUrl","FileCreateTime","FileHash","FileID","FileModificationTime","FileName","FilePath","FilePermission","FileSize","FileType","OldFileCreateTime","OldFileHash","OldFileID","OldFileModificationTime","OldFileName","OldFilePath","OldFilePermission","OldFileSize","OldFileType","DeviceCustomDate1","DeviceCustomDate2","DeviceCustomFloatingPoint1","DeviceCustomFloatingPoint2","DeviceCustomFloatingPoint2Label","DeviceCustomFloatingPoint3","DeviceCustomFloatingPoint3Label","DeviceCustomFloatingPoint4","DeviceCustomFloatingPoint4Label","DeviceCustomIPv6Address1","DeviceCustomIPv6Address1Label","DeviceCustomIPv6Address3","DeviceCustomIPv6Address3Label","DeviceCustomIPv6Address4","DeviceCustomIPv6Address4Label","DeviceCustomNumber2","DeviceCustomNumber2Label","DeviceCustomNumber3","DeviceCustomString1","DeviceCustomNumber3Label","DeviceCustomString1Label","DeviceCustomString2","DeviceCustomString2Label","DeviceCustomString3","DeviceCustomString3Label","DeviceCustomString4","DeviceCustomString4Label","DeviceCustomString5","DeviceCustomString5Label","DeviceCustomString6","DeviceCustomString6Label","FlexDate1","FlexDate1Label","FlexNumber1","FlexNumber1Label","FlexNumber2","FlexNumber2Label","FlexString1","FlexString1Label","FlexString2","timestamp_just_added","timestamp_profiling_finished"],"ServiceID":"7a75f41d-313b-4f68-a99d-6427546cc799","StartTime":1760060594826,"Timestamp":1760060594827,"BaseEvents":[{"N":{"KL_CorrelationRulePriority":1},"ID":"71e7e3ba-f402-4d48-be91-25606947487f","Name":"Connection. Inbound connection from external host using WinRM ports","Type":3,"EndTime":1760060593959,"Message":"Connection Failed","Priority":1,"Severity":"notice","TenantID":"3d6c4203-7328-4fb2-98fa-f37d385ffbde","GroupedBy":["Message","DeviceAddress","DeviceHostName","SourceAddress","SourceHostName","SourceUserName","DestinationAddress","DestinationHostName","DestinationUserName","ApplicationProtocol","TransportProtocol","BytesIn","BytesOut","DeviceAction","DeviceAssetID","DeviceCity","DeviceCountry","DeviceDirection","DeviceDnsDomain","DeviceEventCategory","DeviceEventClassID","DeviceExternalID","DeviceFacility","DeviceHostName","DeviceInboundInterface","DeviceLatitude","DeviceLongitude","DeviceMacAddress","DeviceNtDomain","DeviceOutboundInterface","DevicePayloadID","DeviceProcessID","DeviceProcessName","DeviceReceiptTime","DeviceRegion","DeviceTimeZone","DeviceTranslatedAddress","DeviceVersion","EventOutcome","Reason","Severity","SourceAccountID","SourceAssetID","SourceCity","SourceCountry","SourceDnsDomain","SourceLatitude","SourceLongitude","SourceMacAddress","SourceNtDomain","SourcePort","SourceProcessID","SourceProcessName","SourceRegion","SourceServiceName","SourceTranslatedAddress","SourceTranslatedPort","SourceUserID","SourceUserPrivileges","DestinationAccountID","DestinationAssetID","DestinationCity","DestinationCountry","DestinationDnsDomain","DestinationLatitude","DestinationLongitude","DestinationMacAddress","DestinationNtDomain","DestinationPort","DestinationProcessID","DestinationProcessName","DestinationRegion","DestinationServiceName","DestinationTranslatedAddress","DestinationTranslatedPort","DestinationUserID","DestinationUserPrivileges","RequestClientApplication","RequestContext","RequestCookies","RequestMethod","RequestUrl","FileCreateTime","FileHash","FileID","FileModificationTime","FileName","FilePath","FilePermission","FileSize","FileType","OldFileCreateTime","OldFileHash","OldFileID","OldFileModificationTime","OldFileName","OldFilePath","OldFilePermission","OldFileSize","OldFileType","DeviceCustomDate1","DeviceCustomDate2","DeviceCustomFloatingPoint1","DeviceCustomFloatingPoint2","DeviceCustomFloatingPoint2Label","DeviceCustomFloatingPoint3","DeviceCustomFloatingPoint3Label","DeviceCustomFloatingPoint4","DeviceCustomFloatingPoint4Label","DeviceCustomIPv6Address1","DeviceCustomIPv6Address1Label","DeviceCustomIPv6Address3","DeviceCustomIPv6Address3Label","DeviceCustomIPv6Address4","DeviceCustomIPv6Address4Label","DeviceCustomNumber2","DeviceCustomNumber2Label","DeviceCustomNumber3","DeviceCustomString1","DeviceCustomNumber3Label","DeviceCustomString1Label","DeviceCustomString2","DeviceCustomString2Label","DeviceCustomString3","DeviceCustomString3Label","DeviceCustomString4","DeviceCustomString4Label","DeviceCustomString5","DeviceCustomString5Label","DeviceCustomString6","DeviceCustomString6Label","FlexDate1","FlexDate1Label","FlexNumber1","FlexNumber1Label","FlexNumber2","FlexNumber2Label","FlexString1","FlexString1Label","FlexString2"],"ServiceID":"7a75f41d-313b-4f68-a99d-6427546cc799","StartTime":1760060593959,"Timestamp":1760060594826,"BaseEvents":[{"ID":"fad3969d-735a-4251-80c7-2940d5175d8e","Name":"traffic","Type":1,"EndTime":1760060593000,"Message":"Connection Failed","Priority":0,"Severity":"notice","TenantID":"3d6c4203-7328-4fb2-98fa-f37d385ffbde","ServiceID":"71d3be03-d996-4ec6-a03d-223288e5abc8","Timestamp":1760060593959,"ExternalID":"71806247","SourcePort":56594,"ServiceName":"Fortigate","DeviceAction":"deny","DeviceVendor":"Fortninet","DeviceAddress":"192.168.51.14","DeviceProduct":"Fortigate","SourceAddress":"198.235.24.109","DeviceHostName":"windu","DeviceTimeZone":"+02:00","DestinationPort":5986,"DeviceExternalID":"FGT60FTK22032234","DeviceReceiptTime":1760060593959,"TransportProtocol":"6","DestinationAddress":"192.168.1.222","DeviceEventClassID":"local","ApplicationProtocol":"tcp/5986","DeviceCustomString1":"local-in-policy","DeviceEventCategory":"traffic","DeviceInboundInterface":"wan2","DeviceOutboundInterface":"root","DeviceCustomNumber1Label":"duration","DeviceCustomNumber2Label":"policyid","DeviceCustomString1Label":"policytype"}],"SourcePort":56594,"ServiceName":"[OOTB] Correlator","DeviceAction":"deny","DeviceVendor":"Kaspersky","DeviceAddress":"192.168.51.14","DeviceProduct":"KUMA","SourceAddress":"198.235.24.109","BaseEventCount":1,"DeviceHostName":"windu","DeviceTimeZone":"+02:00","DestinationPort":5986,"DeviceExternalID":"FGT60FTK22032234","CorrelationRuleID":"974f0504-81d9-43fc-b3b1-53368954f37d","DeviceReceiptTime":1760060593959,"TransportProtocol":"6","DestinationAddress":"192.168.1.222","DeviceEventClassID":"local","ApplicationProtocol":"tcp/5986","CorrelationRuleName":"Connection. Inbound connection from external host using WinRM ports","DeviceCustomString1":"local-in-policy","DeviceEventCategory":"traffic","DeviceInboundInterface":"wan2","DeviceOutboundInterface":"root","DeviceCustomNumber2Label":"policyid","DeviceCustomString1Label":"policytype"}],"ExternalID":"R445_04","SourcePort":56594,"ServiceName":"[OOTB] Correlator","DeviceAction":"deny","DeviceVendor":"Kaspersky","DeviceAddress":"192.168.51.14","DeviceProduct":"KUMA","SourceAddress":"198.235.24.109","BaseEventCount":1,"DeviceHostName":"windu","DeviceTimeZone":"+02:00","DestinationPort":5986,"DeviceExternalID":"FGT60FTK22032234","CorrelationRuleID":"06253d5d-3d7e-432c-8c5f-5b31888ec8a1","DeviceReceiptTime":1760060593959,"TransportProtocol":"6","DestinationAddress":"192.168.1.222","DeviceEventClassID":"local","ApplicationProtocol":"tcp/5986","CorrelationRuleName":"R445_04_Inbound connection from external host via WinRM port","DeviceCustomString1":"local-in-policy","DeviceEventCategory":"traffic","DestinationServiceName":"Windows Remote Management Service (WinRM-HTTPS)","DeviceInboundInterface":"wan2","DeviceOutboundInterface":"root","DeviceCustomNumber2Label":"policyid","DeviceCustomString1Label":"policytype"}],"Rules":[{"Confidence":"medium","Custom":false,"ID":"06253d5d-3d7e-432c-8c5f-5b31888ec8a1","Name":"R445_04_Inbound connection from external host via WinRM port","Severity":"medium","Type":""}],"Severity":"low","SourceCreatedAt":"2025-10-10T01:43:14.826Z","SourceID":"ee9f5372-deea-4367-ae6b-34c04deca124","Status":"new","StatusChangedAt":"2025-10-10T01:43:14.962Z","StatusResolution":"","TenantID":"3d6c4203-7328-4fb2-98fa-f37d385ffbde","UpdatedAt":"2025-10-10T01:43:14.962Z"},{"Assets":null,"Assignee":{"ID":"nobody","Name":"Not assigned","Type":""},"CreatedAt":"2025-10-10T01:47:44.988Z","DetectionTechnologies":null,"ExternalRef":"","Extra":null,"FirstEventTime":"2025-10-10T01:47:40.125Z","HistoryRecords":null,"ID":18926,"IncidentID":"","IncidentLinkType":"","InternalID":"751990a1-a951-4a9e-9d7e-cba751d7d631","IsCII":false,"LastEventTime":"2025-10-10T01:47:44.858Z","MITRETactics":null,"MITRETechniques":null,"Name":"R445_03_Inbound connection from external host via SMB, RPC port","Observables":[{"Details":"","Type":"ip","Value":"67.216.252.40"},{"Details":"","Type":"hostname","Value":"windu"}],"OriginalEvents":[{"N":{"KL_CorrelationRulePriority":1},"ID":"751990a1-a951-4a9e-9d7e-cba751d7d631","Name":"R445_03_Inbound connection from external host via SMB, RPC port","Type":3,"EndTime":1760060864856,"Message":"The external host 67.216.252.40 remotely connected to the internal node 192.168.1.222 on port 445 which is used in SMB, RPC protocols: Microsoft-DS (Directory Services) SMB file sharing","Priority":1,"Severity":"notice","TenantID":"3d6c4203-7328-4fb2-98fa-f37d385ffbde","GroupedBy":["Message","DeviceAddress","DeviceHostName","SourceAddress","SourceHostName","SourceUserName","DestinationAddress","DestinationHostName","DestinationUserName","ApplicationProtocol","TransportProtocol","BytesIn","BytesOut","DeviceAction","DeviceAssetID","DeviceCity","DeviceCountry","DeviceDirection","DeviceDnsDomain","DeviceEventCategory","DeviceEventClassID","DeviceExternalID","DeviceFacility","DeviceHostName","DeviceInboundInterface","DeviceLatitude","DeviceLongitude","DeviceMacAddress","DeviceNtDomain","DeviceOutboundInterface","DevicePayloadID","DeviceProcessID","DeviceProcessName","DeviceReceiptTime","DeviceRegion","DeviceTimeZone","DeviceTranslatedAddress","DeviceVersion","EventOutcome","Reason","Severity","SourceAccountID","SourceAssetID","SourceCity","SourceCountry","SourceDnsDomain","SourceLatitude","SourceLongitude","SourceMacAddress","SourceNtDomain","SourcePort","SourceProcessID","SourceProcessName","SourceRegion","SourceServiceName","SourceTranslatedAddress","SourceTranslatedPort","SourceUserID","SourceUserPrivileges","DestinationAccountID","DestinationAssetID","DestinationCity","DestinationCountry","DestinationDnsDomain","DestinationLatitude","DestinationLongitude","DestinationMacAddress","DestinationNtDomain","DestinationPort","DestinationProcessID","DestinationProcessName","DestinationRegion","DestinationServiceName","DestinationTranslatedAddress","DestinationTranslatedPort","DestinationUserID","DestinationUserPrivileges","RequestClientApplication","RequestContext","RequestCookies","RequestMethod","RequestUrl","FileCreateTime","FileHash","FileID","FileModificationTime","FileName","FilePath","FilePermission","FileSize","FileType","OldFileCreateTime","OldFileHash","OldFileID","OldFileModificationTime","OldFileName","OldFilePath","OldFilePermission","OldFileSize","OldFileType","DeviceCustomDate1","DeviceCustomDate2","DeviceCustomFloatingPoint1","DeviceCustomFloatingPoint2","DeviceCustomFloatingPoint2Label","DeviceCustomFloatingPoint3","DeviceCustomFloatingPoint3Label","DeviceCustomFloatingPoint4","DeviceCustomFloatingPoint4Label","DeviceCustomIPv6Address1","DeviceCustomIPv6Address1Label","DeviceCustomIPv6Address3","DeviceCustomIPv6Address3Label","DeviceCustomIPv6Address4","DeviceCustomIPv6Address4Label","DeviceCustomNumber2","DeviceCustomNumber2Label","DeviceCustomNumber3","DeviceCustomString1","DeviceCustomNumber3Label","DeviceCustomString1Label","DeviceCustomString2","DeviceCustomString2Label","DeviceCustomString3","DeviceCustomString3Label","DeviceCustomString4","DeviceCustomString4Label","DeviceCustomString5","DeviceCustomString5Label","DeviceCustomString6","DeviceCustomString6Label","FlexDate1","FlexDate1Label","FlexNumber1","FlexNumber1Label","FlexNumber2","FlexNumber2Label","FlexString1","FlexString1Label","FlexString2","timestamp_just_added","timestamp_profiling_finished"],"ServiceID":"7a75f41d-313b-4f68-a99d-6427546cc799","StartTime":1760060864856,"Timestamp":1760060864858,"BaseEvents":[{"N":{"KL_CorrelationRulePriority":1},"ID":"1c13014e-71c4-46cc-87e2-00fb99c8d20d","Name":"Connection. Inbound connection from external host using SMB, RPC ports","Type":3,"EndTime":1760060860126,"Message":"Connection Failed","Priority":1,"Severity":"notice","TenantID":"3d6c4203-7328-4fb2-98fa-f37d385ffbde","GroupedBy":["Message","DeviceAddress","DeviceHostName","SourceAddress","SourceHostName","SourceUserName","DestinationAddress","DestinationHostName","DestinationUserName","ApplicationProtocol","TransportProtocol","BytesIn","BytesOut","DeviceAction","DeviceAssetID","DeviceCity","DeviceCountry","DeviceDirection","DeviceDnsDomain","DeviceEventCategory","DeviceEventClassID","DeviceExternalID","DeviceFacility","DeviceHostName","DeviceInboundInterface","DeviceLatitude","DeviceLongitude","DeviceMacAddress","DeviceNtDomain","DeviceOutboundInterface","DevicePayloadID","DeviceProcessID","DeviceProcessName","DeviceReceiptTime","DeviceRegion","DeviceTimeZone","DeviceTranslatedAddress","DeviceVersion","EventOutcome","Reason","Severity","SourceAccountID","SourceAssetID","SourceCity","SourceCountry","SourceDnsDomain","SourceLatitude","SourceLongitude","SourceMacAddress","SourceNtDomain","SourcePort","SourceProcessID","SourceProcessName","SourceRegion","SourceServiceName","SourceTranslatedAddress","SourceTranslatedPort","SourceUserID","SourceUserPrivileges","DestinationAccountID","DestinationAssetID","DestinationCity","DestinationCountry","DestinationDnsDomain","DestinationLatitude","DestinationLongitude","DestinationMacAddress","DestinationNtDomain","DestinationPort","DestinationProcessID","DestinationProcessName","DestinationRegion","DestinationServiceName","DestinationTranslatedAddress","DestinationTranslatedPort","DestinationUserID","DestinationUserPrivileges","RequestClientApplication","RequestContext","RequestCookies","RequestMethod","RequestUrl","FileCreateTime","FileHash","FileID","FileModificationTime","FileName","FilePath","FilePermission","FileSize","FileType","OldFileCreateTime","OldFileHash","OldFileID","OldFileModificationTime","OldFileName","OldFilePath","OldFilePermission","OldFileSize","OldFileType","DeviceCustomDate1","DeviceCustomDate2","DeviceCustomFloatingPoint1","DeviceCustomFloatingPoint2","DeviceCustomFloatingPoint2Label","DeviceCustomFloatingPoint3","DeviceCustomFloatingPoint3Label","DeviceCustomFloatingPoint4","DeviceCustomFloatingPoint4Label","DeviceCustomIPv6Address1","DeviceCustomIPv6Address1Label","DeviceCustomIPv6Address3","DeviceCustomIPv6Address3Label","DeviceCustomIPv6Address4","DeviceCustomIPv6Address4Label","DeviceCustomNumber2","DeviceCustomNumber2Label","DeviceCustomNumber3","DeviceCustomString1","DeviceCustomNumber3Label","DeviceCustomString1Label","DeviceCustomString2","DeviceCustomString2Label","DeviceCustomString3","DeviceCustomString3Label","DeviceCustomString4","DeviceCustomString4Label","DeviceCustomString5","DeviceCustomString5Label","DeviceCustomString6","DeviceCustomString6Label","FlexDate1","FlexDate1Label","FlexNumber1","FlexNumber1Label","FlexNumber2","FlexNumber2Label","FlexString1","FlexString1Label","FlexString2"],"ServiceID":"7a75f41d-313b-4f68-a99d-6427546cc799","StartTime":1760060860126,"Timestamp":1760060864856,"BaseEvents":[{"ID":"b97a9c9c-6b21-4ff9-888e-29d656030393","Name":"traffic","Type":1,"EndTime":1760060860000,"Message":"Connection Failed","Priority":0,"Severity":"notice","TenantID":"3d6c4203-7328-4fb2-98fa-f37d385ffbde","ServiceID":"71d3be03-d996-4ec6-a03d-223288e5abc8","Timestamp":1760060860126,"ExternalID":"71811965","SourcePort":64418,"ServiceName":"Fortigate","DeviceAction":"deny","DeviceVendor":"Fortninet","DeviceAddress":"192.168.51.14","DeviceProduct":"Fortigate","SourceAddress":"67.216.252.40","DeviceHostName":"windu","DeviceTimeZone":"+02:00","DestinationPort":445,"DeviceExternalID":"FGT60FTK22032234","DeviceReceiptTime":1760060860126,"TransportProtocol":"6","DestinationAddress":"192.168.1.222","DeviceEventClassID":"local","ApplicationProtocol":"SMB","DeviceCustomString1":"local-in-policy","DeviceEventCategory":"traffic","DeviceInboundInterface":"wan2","DeviceOutboundInterface":"root","DeviceCustomNumber1Label":"duration","DeviceCustomNumber2Label":"policyid","DeviceCustomString1Label":"policytype"}],"SourcePort":64418,"ServiceName":"[OOTB] Correlator","DeviceAction":"deny","DeviceVendor":"Kaspersky","DeviceAddress":"192.168.51.14","DeviceProduct":"KUMA","SourceAddress":"67.216.252.40","BaseEventCount":1,"DeviceHostName":"windu","DeviceTimeZone":"+02:00","DestinationPort":445,"DeviceExternalID":"FGT60FTK22032234","CorrelationRuleID":"e2a20430-e50f-4f70-8970-8c799793a934","DeviceReceiptTime":1760060860126,"TransportProtocol":"6","DestinationAddress":"192.168.1.222","DeviceEventClassID":"local","ApplicationProtocol":"SMB","CorrelationRuleName":"Connection. Inbound connection from external host using SMB, RPC ports","DeviceCustomString1":"local-in-policy","DeviceEventCategory":"traffic","DeviceInboundInterface":"wan2","DeviceOutboundInterface":"root","DeviceCustomNumber2Label":"policyid","DeviceCustomString1Label":"policytype"}],"ExternalID":"R445_03","SourcePort":64418,"ServiceName":"[OOTB] Correlator","DeviceAction":"deny","DeviceVendor":"Kaspersky","DeviceAddress":"192.168.51.14","DeviceProduct":"KUMA","SourceAddress":"67.216.252.40","BaseEventCount":1,"DeviceHostName":"windu","DeviceTimeZone":"+02:00","DestinationPort":445,"DeviceExternalID":"FGT60FTK22032234","CorrelationRuleID":"49182bb8-1dd3-44cd-b561-101a5bd0e58d","DeviceReceiptTime":1760060860126,"TransportProtocol":"6","DestinationAddress":"192.168.1.222","DeviceEventClassID":"local","ApplicationProtocol":"SMB","CorrelationRuleName":"R445_03_Inbound connection from external host via SMB, RPC port","DeviceCustomString1":"local-in-policy","DeviceEventCategory":"traffic","DestinationServiceName":"Microsoft-DS (Directory Services) SMB file sharing","DeviceInboundInterface":"wan2","DeviceOutboundInterface":"root","DeviceCustomNumber2Label":"policyid","DeviceCustomString1Label":"policytype"}],"Rules":[{"Confidence":"medium","Custom":false,"ID":"49182bb8-1dd3-44cd-b561-101a5bd0e58d","Name":"R445_03_Inbound connection from external host via SMB, RPC port","Severity":"medium","Type":""}],"Severity":"low","SourceCreatedAt":"2025-10-10T01:47:44.858Z","SourceID":"751990a1-a951-4a9e-9d7e-cba751d7d631","Status":"new","StatusChangedAt":"2025-10-10T01:47:44.988Z","StatusResolution":"","TenantID":"3d6c4203-7328-4fb2-98fa-f37d385ffbde","UpdatedAt":"2025-10-10T01:47:44.988Z"},{"Assets":null,"Assignee":{"ID":"nobody","Name":"Not assigned","Type":""},"CreatedAt":"2025-10-11T08:21:34.949Z","DetectionTechnologies":null,"ExternalRef":"","Extra":null,"FirstEventTime":"2025-10-11T08:21:34.627Z","HistoryRecords":null,"ID":20658,"IncidentID":"","IncidentLinkType":"","InternalID":"ba3f0ee6-83e7-4c7f-9451-69fc95b467d8","IsCII":false,"LastEventTime":"2025-10-11T08:21:54.747Z","MITRETactics":null,"MITRETechniques":null,"Name":"R445_03_Inbound connection from external host via SMB, RPC port","Observables":[{"Details":"","Type":"ip","Value":"124.78.116.51"},{"Details":"","Type":"hostname","Value":"windu"},{"Details":"","Type":"ip","Value":"202.137.154.226"}],"OriginalEvents":[{"N":{"KL_CorrelationRulePriority":1},"ID":"ba3f0ee6-83e7-4c7f-9451-69fc95b467d8","Name":"R445_03_Inbound connection from external host via SMB, RPC port","Type":3,"EndTime":1760170894771,"Message":"The external host 124.78.116.51 remotely connected to the internal node 192.168.1.222 on port 445 which is used in SMB, RPC protocols: Microsoft-DS (Directory Services) SMB file sharing","Priority":1,"Severity":"notice","TenantID":"3d6c4203-7328-4fb2-98fa-f37d385ffbde","GroupedBy":["Message","DeviceAddress","DeviceHostName","SourceAddress","SourceHostName","SourceUserName","DestinationAddress","DestinationHostName","DestinationUserName","ApplicationProtocol","TransportProtocol","BytesIn","BytesOut","DeviceAction","DeviceAssetID","DeviceCity","DeviceCountry","DeviceDirection","DeviceDnsDomain","DeviceEventCategory","DeviceEventClassID","DeviceExternalID","DeviceFacility","DeviceHostName","DeviceInboundInterface","DeviceLatitude","DeviceLongitude","DeviceMacAddress","DeviceNtDomain","DeviceOutboundInterface","DevicePayloadID","DeviceProcessID","DeviceProcessName","DeviceReceiptTime","DeviceRegion","DeviceTimeZone","DeviceTranslatedAddress","DeviceVersion","EventOutcome","Reason","Severity","SourceAccountID","SourceAssetID","SourceCity","SourceCountry","SourceDnsDomain","SourceLatitude","SourceLongitude","SourceMacAddress","SourceNtDomain","SourcePort","SourceProcessID","SourceProcessName","SourceRegion","SourceServiceName","SourceTranslatedAddress","SourceTranslatedPort","SourceUserID","SourceUserPrivileges","DestinationAccountID","DestinationAssetID","DestinationCity","DestinationCountry","DestinationDnsDomain","DestinationLatitude","DestinationLongitude","DestinationMacAddress","DestinationNtDomain","DestinationPort","DestinationProcessID","DestinationProcessName","DestinationRegion","DestinationServiceName","DestinationTranslatedAddress","DestinationTranslatedPort","DestinationUserID","DestinationUserPrivileges","RequestClientApplication","RequestContext","RequestCookies","RequestMethod","RequestUrl","FileCreateTime","FileHash","FileID","FileModificationTime","FileName","FilePath","FilePermission","FileSize","FileType","OldFileCreateTime","OldFileHash","OldFileID","OldFileModificationTime","OldFileName","OldFilePath","OldFilePermission","OldFileSize","OldFileType","DeviceCustomDate1","DeviceCustomDate2","DeviceCustomFloatingPoint1","DeviceCustomFloatingPoint2","DeviceCustomFloatingPoint2Label","DeviceCustomFloatingPoint3","DeviceCustomFloatingPoint3Label","DeviceCustomFloatingPoint4","DeviceCustomFloatingPoint4Label","DeviceCustomIPv6Address1","DeviceCustomIPv6Address1Label","DeviceCustomIPv6Address3","DeviceCustomIPv6Address3Label","DeviceCustomIPv6Address4","DeviceCustomIPv6Address4Label","DeviceCustomNumber2","DeviceCustomNumber2Label","DeviceCustomNumber3","DeviceCustomString1","DeviceCustomNumber3Label","DeviceCustomString1Label","DeviceCustomString2","DeviceCustomString2Label","DeviceCustomString3","DeviceCustomString3Label","DeviceCustomString4","DeviceCustomString4Label","DeviceCustomString5","DeviceCustomString5Label","DeviceCustomString6","DeviceCustomString6Label","FlexDate1","FlexDate1Label","FlexNumber1","FlexNumber1Label","FlexNumber2","FlexNumber2Label","FlexString1","FlexString1Label","FlexString2","timestamp_just_added","timestamp_profiling_finished"],"ServiceID":"7a75f41d-313b-4f68-a99d-6427546cc799","StartTime":1760170894771,"Timestamp":1760170894773,"BaseEvents":[{"N":{"KL_CorrelationRulePriority":1},"ID":"61189b0e-e266-4ee3-94d3-f25a6df8dd4e","Name":"Connection. Inbound connection from external host using SMB, RPC ports","Type":3,"EndTime":1760170894627,"Message":"Connection Failed","Priority":1,"Severity":"notice","TenantID":"3d6c4203-7328-4fb2-98fa-f37d385ffbde","GroupedBy":["Message","DeviceAddress","DeviceHostName","SourceAddress","SourceHostName","SourceUserName","DestinationAddress","DestinationHostName","DestinationUserName","ApplicationProtocol","TransportProtocol","BytesIn","BytesOut","DeviceAction","DeviceAssetID","DeviceCity","DeviceCountry","DeviceDirection","DeviceDnsDomain","DeviceEventCategory","DeviceEventClassID","DeviceExternalID","DeviceFacility","DeviceHostName","DeviceInboundInterface","DeviceLatitude","DeviceLongitude","DeviceMacAddress","DeviceNtDomain","DeviceOutboundInterface","DevicePayloadID","DeviceProcessID","DeviceProcessName","DeviceReceiptTime","DeviceRegion","DeviceTimeZone","DeviceTranslatedAddress","DeviceVersion","EventOutcome","Reason","Severity","SourceAccountID","SourceAssetID","SourceCity","SourceCountry","SourceDnsDomain","SourceLatitude","SourceLongitude","SourceMacAddress","SourceNtDomain","SourcePort","SourceProcessID","SourceProcessName","SourceRegion","SourceServiceName","SourceTranslatedAddress","SourceTranslatedPort","SourceUserID","SourceUserPrivileges","DestinationAccountID","DestinationAssetID","DestinationCity","DestinationCountry","DestinationDnsDomain","DestinationLatitude","DestinationLongitude","DestinationMacAddress","DestinationNtDomain","DestinationPort","DestinationProcessID","DestinationProcessName","DestinationRegion","DestinationServiceName","DestinationTranslatedAddress","DestinationTranslatedPort","DestinationUserID","DestinationUserPrivileges","RequestClientApplication","RequestContext","RequestCookies","RequestMethod","RequestUrl","FileCreateTime","FileHash","FileID","FileModificationTime","FileName","FilePath","FilePermission","FileSize","FileType","OldFileCreateTime","OldFileHash","OldFileID","OldFileModificationTime","OldFileName","OldFilePath","OldFilePermission","OldFileSize","OldFileType","DeviceCustomDate1","DeviceCustomDate2","DeviceCustomFloatingPoint1","DeviceCustomFloatingPoint2","DeviceCustomFloatingPoint2Label","DeviceCustomFloatingPoint3","DeviceCustomFloatingPoint3Label","DeviceCustomFloatingPoint4","DeviceCustomFloatingPoint4Label","DeviceCustomIPv6Address1","DeviceCustomIPv6Address1Label","DeviceCustomIPv6Address3","DeviceCustomIPv6Address3Label","DeviceCustomIPv6Address4","DeviceCustomIPv6Address4Label","DeviceCustomNumber2","DeviceCustomNumber2Label","DeviceCustomNumber3","DeviceCustomString1","DeviceCustomNumber3Label","DeviceCustomString1Label","DeviceCustomString2","DeviceCustomString2Label","DeviceCustomString3","DeviceCustomString3Label","DeviceCustomString4","DeviceCustomString4Label","DeviceCustomString5","DeviceCustomString5Label","DeviceCustomString6","DeviceCustomString6Label","FlexDate1","FlexDate1Label","FlexNumber1","FlexNumber1Label","FlexNumber2","FlexNumber2Label","FlexString1","FlexString1Label","FlexString2"],"ServiceID":"7a75f41d-313b-4f68-a99d-6427546cc799","StartTime":1760170894627,"Timestamp":1760170894771,"BaseEvents":[{"ID":"bae6bfa2-de86-4d19-82c6-4006ecc17ef6","Name":"traffic","Type":1,"EndTime":1760170894627,"Message":"Connection Failed","Priority":0,"Severity":"notice","TenantID":"3d6c4203-7328-4fb2-98fa-f37d385ffbde","ServiceID":"71d3be03-d996-4ec6-a03d-223288e5abc8","Timestamp":1760170894627,"ExternalID":"74387586","SourcePort":20001,"ServiceName":"Fortigate","DeviceAction":"deny","DeviceVendor":"Fortninet","DeviceAddress":"192.168.51.14","DeviceProduct":"Fortigate","SourceAddress":"124.78.116.51","DeviceHostName":"windu","DeviceTimeZone":"+02:00","DestinationPort":445,"DeviceExternalID":"FGT60FTK22032234","DeviceReceiptTime":1760170894627,"TransportProtocol":"6","DestinationAddress":"192.168.1.222","DeviceEventClassID":"local","ApplicationProtocol":"SMB","DeviceCustomString1":"local-in-policy","DeviceEventCategory":"traffic","DeviceInboundInterface":"wan2","DeviceOutboundInterface":"root","DeviceCustomNumber1Label":"duration","DeviceCustomNumber2Label":"policyid","DeviceCustomString1Label":"policytype"}],"SourcePort":20001,"ServiceName":"[OOTB] Correlator","DeviceAction":"deny","DeviceVendor":"Kaspersky","DeviceAddress":"192.168.51.14","DeviceProduct":"KUMA","SourceAddress":"124.78.116.51","BaseEventCount":1,"DeviceHostName":"windu","DeviceTimeZone":"+02:00","DestinationPort":445,"DeviceExternalID":"FGT60FTK22032234","CorrelationRuleID":"e2a20430-e50f-4f70-8970-8c799793a934","DeviceReceiptTime":1760170894627,"TransportProtocol":"6","DestinationAddress":"192.168.1.222","DeviceEventClassID":"local","ApplicationProtocol":"SMB","CorrelationRuleName":"Connection. Inbound connection from external host using SMB, RPC ports","DeviceCustomString1":"local-in-policy","DeviceEventCategory":"traffic","DeviceInboundInterface":"wan2","DeviceOutboundInterface":"root","DeviceCustomNumber2Label":"policyid","DeviceCustomString1Label":"policytype"}],"ExternalID":"R445_03","SourcePort":20001,"ServiceName":"[OOTB] Correlator","DeviceAction":"deny","DeviceVendor":"Kaspersky","DeviceAddress":"192.168.51.14","DeviceProduct":"KUMA","SourceAddress":"124.78.116.51","BaseEventCount":1,"DeviceHostName":"windu","DeviceTimeZone":"+02:00","DestinationPort":445,"DeviceExternalID":"FGT60FTK22032234","CorrelationRuleID":"49182bb8-1dd3-44cd-b561-101a5bd0e58d","DeviceReceiptTime":1760170894627,"TransportProtocol":"6","DestinationAddress":"192.168.1.222","DeviceEventClassID":"local","ApplicationProtocol":"SMB","CorrelationRuleName":"R445_03_Inbound connection from external host via SMB, RPC port","DeviceCustomString1":"local-in-policy","DeviceEventCategory":"traffic","DestinationServiceName":"Microsoft-DS (Directory Services) SMB file sharing","DeviceInboundInterface":"wan2","DeviceOutboundInterface":"root","DeviceCustomNumber2Label":"policyid","DeviceCustomString1Label":"policytype"},{"N":{"KL_CorrelationRulePriority":1},"ID":"22f48cdf-6218-4c33-b72d-41843f523d8a","Name":"R445_03_Inbound connection from external host via SMB, RPC port","Type":3,"EndTime":1760170914748,"Message":"The external host 202.137.154.226 remotely connected to the internal node 192.168.1.222 on port 445 which is used in SMB, RPC protocols: Microsoft-DS (Directory Services) SMB file sharing","Priority":1,"Severity":"notice","TenantID":"3d6c4203-7328-4fb2-98fa-f37d385ffbde","GroupedBy":["Message","DeviceAddress","DeviceHostName","SourceAddress","SourceHostName","SourceUserName","DestinationAddress","DestinationHostName","DestinationUserName","ApplicationProtocol","TransportProtocol","BytesIn","BytesOut","DeviceAction","DeviceAssetID","DeviceCity","DeviceCountry","DeviceDirection","DeviceDnsDomain","DeviceEventCategory","DeviceEventClassID","DeviceExternalID","DeviceFacility","DeviceHostName","DeviceInboundInterface","DeviceLatitude","DeviceLongitude","DeviceMacAddress","DeviceNtDomain","DeviceOutboundInterface","DevicePayloadID","DeviceProcessID","DeviceProcessName","DeviceReceiptTime","DeviceRegion","DeviceTimeZone","DeviceTranslatedAddress","DeviceVersion","EventOutcome","Reason","Severity","SourceAccountID","SourceAssetID","SourceCity","SourceCountry","SourceDnsDomain","SourceLatitude","SourceLongitude","SourceMacAddress","SourceNtDomain","SourcePort","SourceProcessID","SourceProcessName","SourceRegion","SourceServiceName","SourceTranslatedAddress","SourceTranslatedPort","SourceUserID","SourceUserPrivileges","DestinationAccountID","DestinationAssetID","DestinationCity","DestinationCountry","DestinationDnsDomain","DestinationLatitude","DestinationLongitude","DestinationMacAddress","DestinationNtDomain","DestinationPort","DestinationProcessID","DestinationProcessName","DestinationRegion","DestinationServiceName","DestinationTranslatedAddress","DestinationTranslatedPort","DestinationUserID","DestinationUserPrivileges","RequestClientApplication","RequestContext","RequestCookies","RequestMethod","RequestUrl","FileCreateTime","FileHash","FileID","FileModificationTime","FileName","FilePath","FilePermission","FileSize","FileType","OldFileCreateTime","OldFileHash","OldFileID","OldFileModificationTime","OldFileName","OldFilePath","OldFilePermission","OldFileSize","OldFileType","DeviceCustomDate1","DeviceCustomDate2","DeviceCustomFloatingPoint1","DeviceCustomFloatingPoint2","DeviceCustomFloatingPoint2Label","DeviceCustomFloatingPoint3","DeviceCustomFloatingPoint3Label","DeviceCustomFloatingPoint4","DeviceCustomFloatingPoint4Label","DeviceCustomIPv6Address1","DeviceCustomIPv6Address1Label","DeviceCustomIPv6Address3","DeviceCustomIPv6Address3Label","DeviceCustomIPv6Address4","DeviceCustomIPv6Address4Label","DeviceCustomNumber2","DeviceCustomNumber2Label","DeviceCustomNumber3","DeviceCustomString1","DeviceCustomNumber3Label","DeviceCustomString1Label","DeviceCustomString2","DeviceCustomString2Label","DeviceCustomString3","DeviceCustomString3Label","DeviceCustomString4","DeviceCustomString4Label","DeviceCustomString5","DeviceCustomString5Label","DeviceCustomString6","DeviceCustomString6Label","FlexDate1","FlexDate1Label","FlexNumber1","FlexNumber1Label","FlexNumber2","FlexNumber2Label","FlexString1","FlexString1Label","FlexString2","timestamp_just_added","timestamp_profiling_finished"],"ServiceID":"7a75f41d-313b-4f68-a99d-6427546cc799","StartTime":1760170914748,"Timestamp":1760170914748,"BaseEvents":[{"N":{"KL_CorrelationRulePriority":1},"ID":"140862ca-35d5-4f5c-9226-f331a026f7d4","Name":"Connection. Inbound connection from external host using SMB, RPC ports","Type":3,"EndTime":1760170909808,"Message":"Connection Failed","Priority":1,"Severity":"notice","TenantID":"3d6c4203-7328-4fb2-98fa-f37d385ffbde","GroupedBy":["Message","DeviceAddress","DeviceHostName","SourceAddress","SourceHostName","SourceUserName","DestinationAddress","DestinationHostName","DestinationUserName","ApplicationProtocol","TransportProtocol","BytesIn","BytesOut","DeviceAction","DeviceAssetID","DeviceCity","DeviceCountry","DeviceDirection","DeviceDnsDomain","DeviceEventCategory","DeviceEventClassID","DeviceExternalID","DeviceFacility","DeviceHostName","DeviceInboundInterface","DeviceLatitude","DeviceLongitude","DeviceMacAddress","DeviceNtDomain","DeviceOutboundInterface","DevicePayloadID","DeviceProcessID","DeviceProcessName","DeviceReceiptTime","DeviceRegion","DeviceTimeZone","DeviceTranslatedAddress","DeviceVersion","EventOutcome","Reason","Severity","SourceAccountID","SourceAssetID","SourceCity","SourceCountry","SourceDnsDomain","SourceLatitude","SourceLongitude","SourceMacAddress","SourceNtDomain","SourcePort","SourceProcessID","SourceProcessName","SourceRegion","SourceServiceName","SourceTranslatedAddress","SourceTranslatedPort","SourceUserID","SourceUserPrivileges","DestinationAccountID","DestinationAssetID","DestinationCity","DestinationCountry","DestinationDnsDomain","DestinationLatitude","DestinationLongitude","DestinationMacAddress","DestinationNtDomain","DestinationPort","DestinationProcessID","DestinationProcessName","DestinationRegion","DestinationServiceName","DestinationTranslatedAddress","DestinationTranslatedPort","DestinationUserID","DestinationUserPrivileges","RequestClientApplication","RequestContext","RequestCookies","RequestMethod","RequestUrl","FileCreateTime","FileHash","FileID","FileModificationTime","FileName","FilePath","FilePermission","FileSize","FileType","OldFileCreateTime","OldFileHash","OldFileID","OldFileModificationTime","OldFileName","OldFilePath","OldFilePermission","OldFileSize","OldFileType","DeviceCustomDate1","DeviceCustomDate2","DeviceCustomFloatingPoint1","DeviceCustomFloatingPoint2","DeviceCustomFloatingPoint2Label","DeviceCustomFloatingPoint3","DeviceCustomFloatingPoint3Label","DeviceCustomFloatingPoint4","DeviceCustomFloatingPoint4Label","DeviceCustomIPv6Address1","DeviceCustomIPv6Address1Label","DeviceCustomIPv6Address3","DeviceCustomIPv6Address3Label","DeviceCustomIPv6Address4","DeviceCustomIPv6Address4Label","DeviceCustomNumber2","DeviceCustomNumber2Label","DeviceCustomNumber3","DeviceCustomString1","DeviceCustomNumber3Label","DeviceCustomString1Label","DeviceCustomString2","DeviceCustomString2Label","DeviceCustomString3","DeviceCustomString3Label","DeviceCustomString4","DeviceCustomString4Label","DeviceCustomString5","DeviceCustomString5Label","DeviceCustomString6","DeviceCustomString6Label","FlexDate1","FlexDate1Label","FlexNumber1","FlexNumber1Label","FlexNumber2","FlexNumber2Label","FlexString1","FlexString1Label","FlexString2"],"ServiceID":"7a75f41d-313b-4f68-a99d-6427546cc799","StartTime":1760170909808,"Timestamp":1760170914748,"BaseEvents":[{"ID":"572a5cea-7fb9-44fe-9403-2b1254146ed2","Name":"traffic","Type":1,"EndTime":1760170909808,"Message":"Connection Failed","Priority":0,"Severity":"notice","TenantID":"3d6c4203-7328-4fb2-98fa-f37d385ffbde","ServiceID":"71d3be03-d996-4ec6-a03d-223288e5abc8","Timestamp":1760170909808,"ExternalID":"74387877","SourcePort":60176,"ServiceName":"Fortigate","DeviceAction":"deny","DeviceVendor":"Fortninet","DeviceAddress":"192.168.51.14","DeviceProduct":"Fortigate","SourceAddress":"202.137.154.226","DeviceHostName":"windu","DeviceTimeZone":"+02:00","DestinationPort":445,"DeviceExternalID":"FGT60FTK22032234","DeviceReceiptTime":1760170909808,"TransportProtocol":"6","DestinationAddress":"192.168.1.222","DeviceEventClassID":"local","ApplicationProtocol":"SMB","DeviceCustomString1":"local-in-policy","DeviceEventCategory":"traffic","DeviceInboundInterface":"wan2","DeviceOutboundInterface":"root","DeviceCustomNumber1Label":"duration","DeviceCustomNumber2Label":"policyid","DeviceCustomString1Label":"policytype"}],"SourcePort":60176,"ServiceName":"[OOTB] Correlator","DeviceAction":"deny","DeviceVendor":"Kaspersky","DeviceAddress":"192.168.51.14","DeviceProduct":"KUMA","SourceAddress":"202.137.154.226","BaseEventCount":1,"DeviceHostName":"windu","DeviceTimeZone":"+02:00","DestinationPort":445,"DeviceExternalID":"FGT60FTK22032234","CorrelationRuleID":"e2a20430-e50f-4f70-8970-8c799793a934","DeviceReceiptTime":1760170909808,"TransportProtocol":"6","DestinationAddress":"192.168.1.222","DeviceEventClassID":"local","ApplicationProtocol":"SMB","CorrelationRuleName":"Connection. Inbound connection from external host using SMB, RPC ports","DeviceCustomString1":"local-in-policy","DeviceEventCategory":"traffic","DeviceInboundInterface":"wan2","DeviceOutboundInterface":"root","DeviceCustomNumber2Label":"policyid","DeviceCustomString1Label":"policytype"}],"ExternalID":"R445_03","SourcePort":60176,"ServiceName":"[OOTB] Correlator","DeviceAction":"deny","DeviceVendor":"Kaspersky","DeviceAddress":"192.168.51.14","DeviceProduct":"KUMA","SourceAddress":"202.137.154.226","BaseEventCount":1,"DeviceHostName":"windu","DeviceTimeZone":"+02:00","DestinationPort":445,"DeviceExternalID":"FGT60FTK22032234","CorrelationRuleID":"49182bb8-1dd3-44cd-b561-101a5bd0e58d","DeviceReceiptTime":1760170909808,"TransportProtocol":"6","DestinationAddress":"192.168.1.222","DeviceEventClassID":"local","ApplicationProtocol":"SMB","CorrelationRuleName":"R445_03_Inbound connection from external host via SMB, RPC port","DeviceCustomString1":"local-in-policy","DeviceEventCategory":"traffic","DestinationServiceName":"Microsoft-DS (Directory Services) SMB file sharing","DeviceInboundInterface":"wan2","DeviceOutboundInterface":"root","DeviceCustomNumber2Label":"policyid","DeviceCustomString1Label":"policytype"}],"Rules":[{"Confidence":"medium","Custom":false,"ID":"49182bb8-1dd3-44cd-b561-101a5bd0e58d","Name":"R445_03_Inbound connection from external host via SMB, RPC port","Severity":"medium","Type":""}],"Severity":"low","SourceCreatedAt":"2025-10-11T08:21:34.773Z","SourceID":"22f48cdf-6218-4c33-b72d-41843f523d8a;ba3f0ee6-83e7-4c7f-9451-69fc95b467d8","Status":"new","StatusChangedAt":"2025-10-11T08:21:34.949Z","StatusResolution":"","TenantID":"3d6c4203-7328-4fb2-98fa-f37d385ffbde","UpdatedAt":"2025-10-11T08:21:34.949Z"},{"Assets":null,"Assignee":{"ID":"nobody","Name":"Not assigned","Type":""},"CreatedAt":"2025-10-11T08:23:29.961Z","DetectionTechnologies":null,"ExternalRef":"","Extra":null,"FirstEventTime":"2025-10-05T14:06:26.89Z","HistoryRecords":null,"ID":20660,"IncidentID":"","IncidentLinkType":"","InternalID":"097db814-c991-4e69-be4a-473b18469672","IsCII":false,"LastEventTime":"2025-10-11T08:23:29.802Z","MITRETactics":null,"MITRETechniques":null,"Name":"R445_05_Inbound connection from external host via management port","Observables":[{"Details":"","Type":"ip","Value":"222.76.149.131"},{"Details":"","Type":"hostname","Value":"windu"}],"OriginalEvents":[{"N":{"KL_CorrelationRulePriority":1},"ID":"097db814-c991-4e69-be4a-473b18469672","Name":"R445_05_Inbound connection from external host via management port","Type":3,"EndTime":1760171009801,"Message":"The external host 222.76.149.131 remotely connected to the internal node 192.168.1.222 on port 22 using the remote administration tool: SSH","Priority":1,"Severity":"notice","TenantID":"3d6c4203-7328-4fb2-98fa-f37d385ffbde","GroupedBy":["Message","DeviceAddress","DeviceHostName","SourceAddress","SourceHostName","SourceUserName","DestinationAddress","DestinationHostName","DestinationUserName","ApplicationProtocol","TransportProtocol","BytesIn","BytesOut","DeviceAction","DeviceAssetID","DeviceCity","DeviceCountry","DeviceDirection","DeviceDnsDomain","DeviceEventCategory","DeviceEventClassID","DeviceExternalID","DeviceFacility","DeviceHostName","DeviceInboundInterface","DeviceLatitude","DeviceLongitude","DeviceMacAddress","DeviceNtDomain","DeviceOutboundInterface","DevicePayloadID","DeviceProcessID","DeviceProcessName","DeviceReceiptTime","DeviceRegion","DeviceTimeZone","DeviceTranslatedAddress","DeviceVersion","EventOutcome","Reason","Severity","SourceAccountID","SourceAssetID","SourceCity","SourceCountry","SourceDnsDomain","SourceLatitude","SourceLongitude","SourceMacAddress","SourceNtDomain","SourcePort","SourceProcessID","SourceProcessName","SourceRegion","SourceServiceName","SourceTranslatedAddress","SourceTranslatedPort","SourceUserID","SourceUserPrivileges","DestinationAccountID","DestinationAssetID","DestinationCity","DestinationCountry","DestinationDnsDomain","DestinationLatitude","DestinationLongitude","DestinationMacAddress","DestinationNtDomain","DestinationPort","DestinationProcessID","DestinationProcessName","DestinationRegion","DestinationServiceName","DestinationTranslatedAddress","DestinationTranslatedPort","DestinationUserID","DestinationUserPrivileges","RequestClientApplication","RequestContext","RequestCookies","RequestMethod","RequestUrl","FileCreateTime","FileHash","FileID","FileModificationTime","FileName","FilePath","FilePermission","FileSize","FileType","OldFileCreateTime","OldFileHash","OldFileID","OldFileModificationTime","OldFileName","OldFilePath","OldFilePermission","OldFileSize","OldFileType","DeviceCustomDate1","DeviceCustomDate2","DeviceCustomFloatingPoint1","DeviceCustomFloatingPoint2","DeviceCustomFloatingPoint2Label","DeviceCustomFloatingPoint3","DeviceCustomFloatingPoint3Label","DeviceCustomFloatingPoint4","DeviceCustomFloatingPoint4Label","DeviceCustomIPv6Address1","DeviceCustomIPv6Address1Label","DeviceCustomIPv6Address3","DeviceCustomIPv6Address3Label","DeviceCustomIPv6Address4","DeviceCustomIPv6Address4Label","DeviceCustomNumber2","DeviceCustomNumber2Label","DeviceCustomNumber3","DeviceCustomString1","DeviceCustomNumber3Label","DeviceCustomString1Label","DeviceCustomString2","DeviceCustomString2Label","DeviceCustomString3","DeviceCustomString3Label","DeviceCustomString4","DeviceCustomString4Label","DeviceCustomString5","DeviceCustomString5Label","DeviceCustomString6","DeviceCustomString6Label","FlexDate1","FlexDate1Label","FlexNumber1","FlexNumber1Label","FlexNumber2","FlexNumber2Label","FlexString1","FlexString1Label","FlexString2","timestamp_just_added","timestamp_profiling_finished"],"ServiceID":"7a75f41d-313b-4f68-a99d-6427546cc799","StartTime":1760171009801,"Timestamp":1760171009802,"BaseEvents":[{"N":{"KL_CorrelationRulePriority":1},"ID":"11df9e26-d58c-4e6a-9522-e302aeae85f0","Name":"Connection. Inbound connection from external host using management ports","Type":3,"EndTime":1759673186890,"Message":"Connection Failed","Priority":1,"Severity":"notice","TenantID":"3d6c4203-7328-4fb2-98fa-f37d385ffbde","GroupedBy":["Message","DeviceAddress","DeviceHostName","SourceAddress","SourceHostName","SourceUserName","DestinationAddress","DestinationHostName","DestinationUserName","ApplicationProtocol","TransportProtocol","BytesIn","BytesOut","DeviceAction","DeviceAssetID","DeviceCity","DeviceCountry","DeviceDirection","DeviceDnsDomain","DeviceEventCategory","DeviceEventClassID","DeviceExternalID","DeviceFacility","DeviceHostName","DeviceInboundInterface","DeviceLatitude","DeviceLongitude","DeviceMacAddress","DeviceNtDomain","DeviceOutboundInterface","DevicePayloadID","DeviceProcessID","DeviceProcessName","DeviceReceiptTime","DeviceRegion","DeviceTimeZone","DeviceTranslatedAddress","DeviceVersion","EventOutcome","Reason","Severity","SourceAccountID","SourceAssetID","SourceCity","SourceCountry","SourceDnsDomain","SourceLatitude","SourceLongitude","SourceMacAddress","SourceNtDomain","SourcePort","SourceProcessID","SourceProcessName","SourceRegion","SourceServiceName","SourceTranslatedAddress","SourceTranslatedPort","SourceUserID","SourceUserPrivileges","DestinationAccountID","DestinationAssetID","DestinationCity","DestinationCountry","DestinationDnsDomain","DestinationLatitude","DestinationLongitude","DestinationMacAddress","DestinationNtDomain","DestinationPort","DestinationProcessID","DestinationProcessName","DestinationRegion","DestinationServiceName","DestinationTranslatedAddress","DestinationTranslatedPort","DestinationUserID","DestinationUserPrivileges","RequestClientApplication","RequestContext","RequestCookies","RequestMethod","RequestUrl","FileCreateTime","FileHash","FileID","FileModificationTime","FileName","FilePath","FilePermission","FileSize","FileType","OldFileCreateTime","OldFileHash","OldFileID","OldFileModificationTime","OldFileName","OldFilePath","OldFilePermission","OldFileSize","OldFileType","DeviceCustomDate1","DeviceCustomDate2","DeviceCustomFloatingPoint1","DeviceCustomFloatingPoint2","DeviceCustomFloatingPoint2Label","DeviceCustomFloatingPoint3","DeviceCustomFloatingPoint3Label","DeviceCustomFloatingPoint4","DeviceCustomFloatingPoint4Label","DeviceCustomIPv6Address1","DeviceCustomIPv6Address1Label","DeviceCustomIPv6Address3","DeviceCustomIPv6Address3Label","DeviceCustomIPv6Address4","DeviceCustomIPv6Address4Label","DeviceCustomNumber2","DeviceCustomNumber2Label","DeviceCustomNumber3","DeviceCustomString1","DeviceCustomNumber3Label","DeviceCustomString1Label","DeviceCustomString2","DeviceCustomString2Label","DeviceCustomString3","DeviceCustomString3Label","DeviceCustomString4","DeviceCustomString4Label","DeviceCustomString5","DeviceCustomString5Label","DeviceCustomString6","DeviceCustomString6Label","FlexDate1","FlexDate1Label","FlexNumber1","FlexNumber1Label","FlexNumber2","FlexNumber2Label","FlexString1","FlexString1Label","FlexString2"],"ServiceID":"7a75f41d-313b-4f68-a99d-6427546cc799","StartTime":1759673186890,"Timestamp":1760171009801,"BaseEvents":[{"ID":"5d7b9d16-f9be-498b-8495-3e596f3a9fd0","Name":"traffic","Type":1,"EndTime":1759673186890,"Message":"Connection Failed","Priority":0,"Severity":"notice","TenantID":"3d6c4203-7328-4fb2-98fa-f37d385ffbde","ServiceID":"71d3be03-d996-4ec6-a03d-223288e5abc8","Timestamp":1759673186890,"ExternalID":"64493554","SourcePort":47818,"ServiceName":"Fortigate","DeviceAction":"deny","DeviceVendor":"Fortninet","DeviceAddress":"192.168.51.14","DeviceProduct":"Fortigate","SourceAddress":"222.76.149.131","DeviceHostName":"windu","DeviceTimeZone":"+02:00","DestinationPort":22,"DeviceExternalID":"FGT60FTK22032234","DeviceReceiptTime":1759673186890,"TransportProtocol":"6","DestinationAddress":"192.168.1.222","DeviceEventClassID":"local","ApplicationProtocol":"SSH","DeviceCustomString1":"local-in-policy","DeviceEventCategory":"traffic","DeviceInboundInterface":"wan2","DeviceOutboundInterface":"root","DeviceCustomNumber1Label":"duration","DeviceCustomNumber2Label":"policyid","DeviceCustomString1Label":"policytype"}],"SourcePort":47818,"ServiceName":"[OOTB] Correlator","DeviceAction":"deny","DeviceVendor":"Kaspersky","DeviceAddress":"192.168.51.14","DeviceProduct":"KUMA","SourceAddress":"222.76.149.131","BaseEventCount":1,"DeviceHostName":"windu","DeviceTimeZone":"+02:00","DestinationPort":22,"DeviceExternalID":"FGT60FTK22032234","CorrelationRuleID":"83fea516-0ec2-4fd2-96c0-1136c65378bb","DeviceReceiptTime":1759673186890,"TransportProtocol":"6","DestinationAddress":"192.168.1.222","DeviceEventClassID":"local","ApplicationProtocol":"SSH","CorrelationRuleName":"Connection. Inbound connection from external host using management ports","DeviceCustomString1":"local-in-policy","DeviceEventCategory":"traffic","DeviceInboundInterface":"wan2","DeviceOutboundInterface":"root","DeviceCustomNumber2Label":"policyid","DeviceCustomString1Label":"policytype"}],"ExternalID":"R445_05","SourcePort":47818,"ServiceName":"[OOTB] Correlator","DeviceAction":"deny","DeviceVendor":"Kaspersky","DeviceAddress":"192.168.51.14","DeviceProduct":"KUMA","SourceAddress":"222.76.149.131","BaseEventCount":1,"DeviceHostName":"windu","DeviceTimeZone":"+02:00","DestinationPort":22,"DeviceExternalID":"FGT60FTK22032234","CorrelationRuleID":"4eeda10b-8ef6-4725-846d-62b00bfa7561","DeviceReceiptTime":1759673186890,"TransportProtocol":"6","DestinationAddress":"192.168.1.222","DeviceEventClassID":"local","ApplicationProtocol":"SSH","CorrelationRuleName":"R445_05_Inbound connection from external host via management port","DeviceCustomString1":"local-in-policy","DeviceEventCategory":"traffic","DestinationServiceName":"SSH","DeviceInboundInterface":"wan2","DeviceOutboundInterface":"root","DeviceCustomNumber2Label":"policyid","DeviceCustomString1Label":"policytype"}],"Rules":[{"Confidence":"medium","Custom":false,"ID":"4eeda10b-8ef6-4725-846d-62b00bfa7561","Name":"R445_05_Inbound connection from external host via management port","Severity":"medium","Type":""}],"Severity":"low","SourceCreatedAt":"2025-10-11T08:23:29.802Z","SourceID":"097db814-c991-4e69-be4a-473b18469672","Status":"new","StatusChangedAt":"2025-10-11T08:23:29.961Z","StatusResolution":"","TenantID":"3d6c4203-7328-4fb2-98fa-f37d385ffbde","UpdatedAt":"2025-10-11T08:23:29.961Z"},{"Assets":null,"Assignee":{"ID":"nobody","Name":"Not assigned","Type":""},"CreatedAt":"2025-10-11T08:25:09.969Z","DetectionTechnologies":null,"ExternalRef":"","Extra":null,"FirstEventTime":"2025-10-11T08:25:07.46Z","HistoryRecords":null,"ID":20662,"IncidentID":"","IncidentLinkType":"","InternalID":"08890a67-f570-4207-975f-1a758260daf2","IsCII":false,"LastEventTime":"2025-10-11T08:25:09.813Z","MITRETactics":null,"MITRETechniques":null,"Name":"R219_Use of VPN ports","Observables":[{"Details":"","Type":"ip","Value":"62.201.149.81"},{"Details":"","Type":"hostname","Value":"windu"}],"OriginalEvents":[{"N":{"KL_CorrelationRulePriority":2},"ID":"08890a67-f570-4207-975f-1a758260daf2","Name":"R219_Use of VPN ports","Type":3,"EndTime":1760171109814,"Priority":2,"TenantID":"3d6c4203-7328-4fb2-98fa-f37d385ffbde","GroupedBy":["SourceAddress","SourceAssetID","SourceHostName","SourceNtDomain","SourcePort","DestinationAddress","DestinationAssetID","DestinationHostName","DestinationNtDomain","DestinationPort","TransportProtocol"],"ServiceID":"7a75f41d-313b-4f68-a99d-6427546cc799","StartTime":1760171107460,"Timestamp":1760171109814,"BaseEvents":[{"ID":"db07619c-fc5f-4767-8791-e09ddad34574","Name":"traffic","Type":1,"BytesIn":13751,"EndTime":1760171107460,"BytesOut":13641,"Priority":0,"Severity":"notice","TenantID":"3d6c4203-7328-4fb2-98fa-f37d385ffbde","ServiceID":"71d3be03-d996-4ec6-a03d-223288e5abc8","Timestamp":1760171107460,"ExternalID":"74365816","SourcePort":4500,"ServiceName":"Fortigate","DeviceAction":"accept","DeviceVendor":"Fortninet","DeviceAddress":"192.168.51.14","DeviceProduct":"Fortigate","SourceAddress":"192.168.10.66","DeviceHostName":"windu","DeviceTimeZone":"+02:00","DestinationPort":4500,"DeviceExternalID":"FGT60FTK22032234","DeviceReceiptTime":1760171107460,"TransportProtocol":"17","DestinationAddress":"62.201.149.81","DeviceEventClassID":"forward","ApplicationProtocol":"MMS","DeviceCustomNumber1":1273,"DeviceCustomNumber2":27,"DeviceCustomString1":"policy","DeviceEventCategory":"traffic","SourceTranslatedPort":64917,"DeviceInboundInterface":"Prod0Root1_1","DeviceOutboundInterface":"wan2","SourceTranslatedAddress":"192.168.1.222","DeviceCustomNumber1Label":"duration","DeviceCustomNumber2Label":"policyid","DeviceCustomString1Label":"policytype"}],"ExternalID":"R219","SourcePort":4500,"ServiceName":"[OOTB] Correlator","DeviceVendor":"Kaspersky","DeviceProduct":"KUMA","SourceAddress":"192.168.10.66","BaseEventCount":1,"DeviceTimeZone":"+02:00","DestinationPort":4500,"CorrelationRuleID":"b896c0f9-c5f8-4996-96d1-7811fc66e8c7","TransportProtocol":"17","DestinationAddress":"62.201.149.81","CorrelationRuleName":"R219_Use of VPN ports"}],"Rules":[{"Confidence":"medium","Custom":false,"ID":"b896c0f9-c5f8-4996-96d1-7811fc66e8c7","Name":"R219_Use of VPN ports","Severity":"high","Type":""}],"Severity":"medium","SourceCreatedAt":"2025-10-11T08:25:09.813Z","SourceID":"08890a67-f570-4207-975f-1a758260daf2","Status":"new","StatusChangedAt":"2025-10-11T08:25:09.969Z","StatusResolution":"","TenantID":"3d6c4203-7328-4fb2-98fa-f37d385ffbde","UpdatedAt":"2025-10-11T08:25:09.969Z"},{"Assets":null,"Assignee":{"ID":"nobody","Name":"Not assigned","Type":""},"CreatedAt":"2025-10-10T01:37:09.909Z","DetectionTechnologies":null,"ExternalRef":"","Extra":null,"FirstEventTime":"2025-10-04T07:31:34.025Z","HistoryRecords":null,"ID":18918,"IncidentID":"","IncidentLinkType":"","InternalID":"efe7db15-a056-45ac-96e1-80a03090e176","IsCII":false,"LastEventTime":"2025-10-10T01:37:09.726Z","MITRETactics":null,"MITRETechniques":null,"Name":"R445_05_Inbound connection from external host via management port","Observables":[{"Details":"","Type":"ip","Value":"176.65.148.44"},{"Details":"","Type":"hostname","Value":"windu"}],"OriginalEvents":[{"N":{"KL_CorrelationRulePriority":1},"ID":"efe7db15-a056-45ac-96e1-80a03090e176","Name":"R445_05_Inbound connection from external host via management port","Type":3,"EndTime":1760060229726,"Message":"The external host 176.65.148.44 remotely connected to the internal node 192.168.1.222 on port 22 using the remote administration tool: SSH","Priority":1,"Severity":"notice","TenantID":"3d6c4203-7328-4fb2-98fa-f37d385ffbde","GroupedBy":["Message","DeviceAddress","DeviceHostName","SourceAddress","SourceHostName","SourceUserName","DestinationAddress","DestinationHostName","DestinationUserName","ApplicationProtocol","TransportProtocol","BytesIn","BytesOut","DeviceAction","DeviceAssetID","DeviceCity","DeviceCountry","DeviceDirection","DeviceDnsDomain","DeviceEventCategory","DeviceEventClassID","DeviceExternalID","DeviceFacility","DeviceHostName","DeviceInboundInterface","DeviceLatitude","DeviceLongitude","DeviceMacAddress","DeviceNtDomain","DeviceOutboundInterface","DevicePayloadID","DeviceProcessID","DeviceProcessName","DeviceReceiptTime","DeviceRegion","DeviceTimeZone","DeviceTranslatedAddress","DeviceVersion","EventOutcome","Reason","Severity","SourceAccountID","SourceAssetID","SourceCity","SourceCountry","SourceDnsDomain","SourceLatitude","SourceLongitude","SourceMacAddress","SourceNtDomain","SourcePort","SourceProcessID","SourceProcessName","SourceRegion","SourceServiceName","SourceTranslatedAddress","SourceTranslatedPort","SourceUserID","SourceUserPrivileges","DestinationAccountID","DestinationAssetID","DestinationCity","DestinationCountry","DestinationDnsDomain","DestinationLatitude","DestinationLongitude","DestinationMacAddress","DestinationNtDomain","DestinationPort","DestinationProcessID","DestinationProcessName","DestinationRegion","DestinationServiceName","DestinationTranslatedAddress","DestinationTranslatedPort","DestinationUserID","DestinationUserPrivileges","RequestClientApplication","RequestContext","RequestCookies","RequestMethod","RequestUrl","FileCreateTime","FileHash","FileID","FileModificationTime","FileName","FilePath","FilePermission","FileSize","FileType","OldFileCreateTime","OldFileHash","OldFileID","OldFileModificationTime","OldFileName","OldFilePath","OldFilePermission","OldFileSize","OldFileType","DeviceCustomDate1","DeviceCustomDate2","DeviceCustomFloatingPoint1","DeviceCustomFloatingPoint2","DeviceCustomFloatingPoint2Label","DeviceCustomFloatingPoint3","DeviceCustomFloatingPoint3Label","DeviceCustomFloatingPoint4","DeviceCustomFloatingPoint4Label","DeviceCustomIPv6Address1","DeviceCustomIPv6Address1Label","DeviceCustomIPv6Address3","DeviceCustomIPv6Address3Label","DeviceCustomIPv6Address4","DeviceCustomIPv6Address4Label","DeviceCustomNumber2","DeviceCustomNumber2Label","DeviceCustomNumber3","DeviceCustomString1","DeviceCustomNumber3Label","DeviceCustomString1Label","DeviceCustomString2","DeviceCustomString2Label","DeviceCustomString3","DeviceCustomString3Label","DeviceCustomString4","DeviceCustomString4Label","DeviceCustomString5","DeviceCustomString5Label","DeviceCustomString6","DeviceCustomString6Label","FlexDate1","FlexDate1Label","FlexNumber1","FlexNumber1Label","FlexNumber2","FlexNumber2Label","FlexString1","FlexString1Label","FlexString2","timestamp_just_added","timestamp_profiling_finished"],"ServiceID":"7a75f41d-313b-4f68-a99d-6427546cc799","StartTime":1760060229726,"Timestamp":1760060229727,"BaseEvents":[{"N":{"KL_CorrelationRulePriority":1},"ID":"631d582c-6829-4dd9-9540-3a775e84b645","Name":"Connection. Inbound connection from external host using management ports","Type":3,"EndTime":1759563094025,"Message":"Connection Failed","Priority":1,"Severity":"notice","TenantID":"3d6c4203-7328-4fb2-98fa-f37d385ffbde","GroupedBy":["Message","DeviceAddress","DeviceHostName","SourceAddress","SourceHostName","SourceUserName","DestinationAddress","DestinationHostName","DestinationUserName","ApplicationProtocol","TransportProtocol","BytesIn","BytesOut","DeviceAction","DeviceAssetID","DeviceCity","DeviceCountry","DeviceDirection","DeviceDnsDomain","DeviceEventCategory","DeviceEventClassID","DeviceExternalID","DeviceFacility","DeviceHostName","DeviceInboundInterface","DeviceLatitude","DeviceLongitude","DeviceMacAddress","DeviceNtDomain","DeviceOutboundInterface","DevicePayloadID","DeviceProcessID","DeviceProcessName","DeviceReceiptTime","DeviceRegion","DeviceTimeZone","DeviceTranslatedAddress","DeviceVersion","EventOutcome","Reason","Severity","SourceAccountID","SourceAssetID","SourceCity","SourceCountry","SourceDnsDomain","SourceLatitude","SourceLongitude","SourceMacAddress","SourceNtDomain","SourcePort","SourceProcessID","SourceProcessName","SourceRegion","SourceServiceName","SourceTranslatedAddress","SourceTranslatedPort","SourceUserID","SourceUserPrivileges","DestinationAccountID","DestinationAssetID","DestinationCity","DestinationCountry","DestinationDnsDomain","DestinationLatitude","DestinationLongitude","DestinationMacAddress","DestinationNtDomain","DestinationPort","DestinationProcessID","DestinationProcessName","DestinationRegion","DestinationServiceName","DestinationTranslatedAddress","DestinationTranslatedPort","DestinationUserID","DestinationUserPrivileges","RequestClientApplication","RequestContext","RequestCookies","RequestMethod","RequestUrl","FileCreateTime","FileHash","FileID","FileModificationTime","FileName","FilePath","FilePermission","FileSize","FileType","OldFileCreateTime","OldFileHash","OldFileID","OldFileModificationTime","OldFileName","OldFilePath","OldFilePermission","OldFileSize","OldFileType","DeviceCustomDate1","DeviceCustomDate2","DeviceCustomFloatingPoint1","DeviceCustomFloatingPoint2","DeviceCustomFloatingPoint2Label","DeviceCustomFloatingPoint3","DeviceCustomFloatingPoint3Label","DeviceCustomFloatingPoint4","DeviceCustomFloatingPoint4Label","DeviceCustomIPv6Address1","DeviceCustomIPv6Address1Label","DeviceCustomIPv6Address3","DeviceCustomIPv6Address3Label","DeviceCustomIPv6Address4","DeviceCustomIPv6Address4Label","DeviceCustomNumber2","DeviceCustomNumber2Label","DeviceCustomNumber3","DeviceCustomString1","DeviceCustomNumber3Label","DeviceCustomString1Label","DeviceCustomString2","DeviceCustomString2Label","DeviceCustomString3","DeviceCustomString3Label","DeviceCustomString4","DeviceCustomString4Label","DeviceCustomString5","DeviceCustomString5Label","DeviceCustomString6","DeviceCustomString6Label","FlexDate1","FlexDate1Label","FlexNumber1","FlexNumber1Label","FlexNumber2","FlexNumber2Label","FlexString1","FlexString1Label","FlexString2"],"ServiceID":"7a75f41d-313b-4f68-a99d-6427546cc799","StartTime":1759563094025,"Timestamp":1760060229726,"BaseEvents":[{"ID":"961300a9-d746-435c-92fb-22f3917b1ad8","Name":"traffic","Type":1,"EndTime":1759530693000,"Message":"Connection Failed","Priority":0,"Severity":"notice","TenantID":"3d6c4203-7328-4fb2-98fa-f37d385ffbde","ServiceID":"71d3be03-d996-4ec6-a03d-223288e5abc8","Timestamp":1759563094025,"ExternalID":"62796003","SourcePort":40462,"ServiceName":"Fortigate","DeviceAction":"deny","DeviceVendor":"Fortninet","DeviceAddress":"192.168.51.14","DeviceProduct":"Fortigate","SourceAddress":"176.65.148.44","DeviceHostName":"windu","DeviceTimeZone":"+02:00","DestinationPort":22,"DeviceExternalID":"FGT60FTK22032234","DeviceReceiptTime":1759563094025,"TransportProtocol":"6","DestinationAddress":"192.168.1.222","DeviceEventClassID":"local","ApplicationProtocol":"SSH","DeviceCustomString1":"local-in-policy","DeviceEventCategory":"traffic","DeviceInboundInterface":"wan2","DeviceOutboundInterface":"root","DeviceCustomNumber1Label":"duration","DeviceCustomNumber2Label":"policyid","DeviceCustomString1Label":"policytype"}],"SourcePort":40462,"ServiceName":"[OOTB] Correlator","DeviceAction":"deny","DeviceVendor":"Kaspersky","DeviceAddress":"192.168.51.14","DeviceProduct":"KUMA","SourceAddress":"176.65.148.44","BaseEventCount":1,"DeviceHostName":"windu","DeviceTimeZone":"+02:00","DestinationPort":22,"DeviceExternalID":"FGT60FTK22032234","CorrelationRuleID":"83fea516-0ec2-4fd2-96c0-1136c65378bb","DeviceReceiptTime":1759563094025,"TransportProtocol":"6","DestinationAddress":"192.168.1.222","DeviceEventClassID":"local","ApplicationProtocol":"SSH","CorrelationRuleName":"Connection. Inbound connection from external host using management ports","DeviceCustomString1":"local-in-policy","DeviceEventCategory":"traffic","DeviceInboundInterface":"wan2","DeviceOutboundInterface":"root","DeviceCustomNumber2Label":"policyid","DeviceCustomString1Label":"policytype"}],"ExternalID":"R445_05","SourcePort":40462,"ServiceName":"[OOTB] Correlator","DeviceAction":"deny","DeviceVendor":"Kaspersky","DeviceAddress":"192.168.51.14","DeviceProduct":"KUMA","SourceAddress":"176.65.148.44","BaseEventCount":1,"DeviceHostName":"windu","DeviceTimeZone":"+02:00","DestinationPort":22,"DeviceExternalID":"FGT60FTK22032234","CorrelationRuleID":"4eeda10b-8ef6-4725-846d-62b00bfa7561","DeviceReceiptTime":1759563094025,"TransportProtocol":"6","DestinationAddress":"192.168.1.222","DeviceEventClassID":"local","ApplicationProtocol":"SSH","CorrelationRuleName":"R445_05_Inbound connection from external host via management port","DeviceCustomString1":"local-in-policy","DeviceEventCategory":"traffic","DestinationServiceName":"SSH","DeviceInboundInterface":"wan2","DeviceOutboundInterface":"root","DeviceCustomNumber2Label":"policyid","DeviceCustomString1Label":"policytype"}],"Rules":[{"Confidence":"medium","Custom":false,"ID":"4eeda10b-8ef6-4725-846d-62b00bfa7561","Name":"R445_05_Inbound connection from external host via management port","Severity":"medium","Type":""}],"Severity":"low","SourceCreatedAt":"2025-10-10T01:37:09.726Z","SourceID":"efe7db15-a056-45ac-96e1-80a03090e176","Status":"new","StatusChangedAt":"2025-10-10T01:37:09.909Z","StatusResolution":"","TenantID":"3d6c4203-7328-4fb2-98fa-f37d385ffbde","UpdatedAt":"2025-10-10T01:37:09.909Z"},{"Assets":null,"Assignee":{"ID":"nobody","Name":"Not assigned","Type":""},"CreatedAt":"2025-10-10T01:38:19.903Z","DetectionTechnologies":null,"ExternalRef":"","Extra":null,"FirstEventTime":"2025-10-10T01:38:18.769Z","HistoryRecords":null,"ID":18920,"IncidentID":"","IncidentLinkType":"","InternalID":"afe3580a-3005-478c-9f78-489a2ddb048e","IsCII":false,"LastEventTime":"2025-10-10T01:38:19.753Z","MITRETactics":null,"MITRETechniques":null,"Name":"R445_05_Inbound connection from external host via management port","Observables":[{"Details":"","Type":"ip","Value":"47.236.77.126"},{"Details":"","Type":"hostname","Value":"windu"}],"OriginalEvents":[{"N":{"KL_CorrelationRulePriority":1},"ID":"afe3580a-3005-478c-9f78-489a2ddb048e","Name":"R445_05_Inbound connection from external host via management port","Type":3,"EndTime":1760060299752,"Message":"The external host 47.236.77.126 remotely connected to the internal node 192.168.1.222 on port 22 using the remote administration tool: SSH","Priority":1,"Severity":"notice","TenantID":"3d6c4203-7328-4fb2-98fa-f37d385ffbde","GroupedBy":["Message","DeviceAddress","DeviceHostName","SourceAddress","SourceHostName","SourceUserName","DestinationAddress","DestinationHostName","DestinationUserName","ApplicationProtocol","TransportProtocol","BytesIn","BytesOut","DeviceAction","DeviceAssetID","DeviceCity","DeviceCountry","DeviceDirection","DeviceDnsDomain","DeviceEventCategory","DeviceEventClassID","DeviceExternalID","DeviceFacility","DeviceHostName","DeviceInboundInterface","DeviceLatitude","DeviceLongitude","DeviceMacAddress","DeviceNtDomain","DeviceOutboundInterface","DevicePayloadID","DeviceProcessID","DeviceProcessName","DeviceReceiptTime","DeviceRegion","DeviceTimeZone","DeviceTranslatedAddress","DeviceVersion","EventOutcome","Reason","Severity","SourceAccountID","SourceAssetID","SourceCity","SourceCountry","SourceDnsDomain","SourceLatitude","SourceLongitude","SourceMacAddress","SourceNtDomain","SourcePort","SourceProcessID","SourceProcessName","SourceRegion","SourceServiceName","SourceTranslatedAddress","SourceTranslatedPort","SourceUserID","SourceUserPrivileges","DestinationAccountID","DestinationAssetID","DestinationCity","DestinationCountry","DestinationDnsDomain","DestinationLatitude","DestinationLongitude","DestinationMacAddress","DestinationNtDomain","DestinationPort","DestinationProcessID","DestinationProcessName","DestinationRegion","DestinationServiceName","DestinationTranslatedAddress","DestinationTranslatedPort","DestinationUserID","DestinationUserPrivileges","RequestClientApplication","RequestContext","RequestCookies","RequestMethod","RequestUrl","FileCreateTime","FileHash","FileID","FileModificationTime","FileName","FilePath","FilePermission","FileSize","FileType","OldFileCreateTime","OldFileHash","OldFileID","OldFileModificationTime","OldFileName","OldFilePath","OldFilePermission","OldFileSize","OldFileType","DeviceCustomDate1","DeviceCustomDate2","DeviceCustomFloatingPoint1","DeviceCustomFloatingPoint2","DeviceCustomFloatingPoint2Label","DeviceCustomFloatingPoint3","DeviceCustomFloatingPoint3Label","DeviceCustomFloatingPoint4","DeviceCustomFloatingPoint4Label","DeviceCustomIPv6Address1","DeviceCustomIPv6Address1Label","DeviceCustomIPv6Address3","DeviceCustomIPv6Address3Label","DeviceCustomIPv6Address4","DeviceCustomIPv6Address4Label","DeviceCustomNumber2","DeviceCustomNumber2Label","DeviceCustomNumber3","DeviceCustomString1","DeviceCustomNumber3Label","DeviceCustomString1Label","DeviceCustomString2","DeviceCustomString2Label","DeviceCustomString3","DeviceCustomString3Label","DeviceCustomString4","DeviceCustomString4Label","DeviceCustomString5","DeviceCustomString5Label","DeviceCustomString6","DeviceCustomString6Label","FlexDate1","FlexDate1Label","FlexNumber1","FlexNumber1Label","FlexNumber2","FlexNumber2Label","FlexString1","FlexString1Label","FlexString2","timestamp_just_added","timestamp_profiling_finished"],"ServiceID":"7a75f41d-313b-4f68-a99d-6427546cc799","StartTime":1760060299752,"Timestamp":1760060299753,"BaseEvents":[{"N":{"KL_CorrelationRulePriority":1},"ID":"e1640984-7f30-4732-92ed-4333e45bf23a","Name":"Connection. Inbound connection from external host using management ports","Type":3,"EndTime":1760060298769,"Message":"Connection Failed","Priority":1,"Severity":"notice","TenantID":"3d6c4203-7328-4fb2-98fa-f37d385ffbde","GroupedBy":["Message","DeviceAddress","DeviceHostName","SourceAddress","SourceHostName","SourceUserName","DestinationAddress","DestinationHostName","DestinationUserName","ApplicationProtocol","TransportProtocol","BytesIn","BytesOut","DeviceAction","DeviceAssetID","DeviceCity","DeviceCountry","DeviceDirection","DeviceDnsDomain","DeviceEventCategory","DeviceEventClassID","DeviceExternalID","DeviceFacility","DeviceHostName","DeviceInboundInterface","DeviceLatitude","DeviceLongitude","DeviceMacAddress","DeviceNtDomain","DeviceOutboundInterface","DevicePayloadID","DeviceProcessID","DeviceProcessName","DeviceReceiptTime","DeviceRegion","DeviceTimeZone","DeviceTranslatedAddress","DeviceVersion","EventOutcome","Reason","Severity","SourceAccountID","SourceAssetID","SourceCity","SourceCountry","SourceDnsDomain","SourceLatitude","SourceLongitude","SourceMacAddress","SourceNtDomain","SourcePort","SourceProcessID","SourceProcessName","SourceRegion","SourceServiceName","SourceTranslatedAddress","SourceTranslatedPort","SourceUserID","SourceUserPrivileges","DestinationAccountID","DestinationAssetID","DestinationCity","DestinationCountry","DestinationDnsDomain","DestinationLatitude","DestinationLongitude","DestinationMacAddress","DestinationNtDomain","DestinationPort","DestinationProcessID","DestinationProcessName","DestinationRegion","DestinationServiceName","DestinationTranslatedAddress","DestinationTranslatedPort","DestinationUserID","DestinationUserPrivileges","RequestClientApplication","RequestContext","RequestCookies","RequestMethod","RequestUrl","FileCreateTime","FileHash","FileID","FileModificationTime","FileName","FilePath","FilePermission","FileSize","FileType","OldFileCreateTime","OldFileHash","OldFileID","OldFileModificationTime","OldFileName","OldFilePath","OldFilePermission","OldFileSize","OldFileType","DeviceCustomDate1","DeviceCustomDate2","DeviceCustomFloatingPoint1","DeviceCustomFloatingPoint2","DeviceCustomFloatingPoint2Label","DeviceCustomFloatingPoint3","DeviceCustomFloatingPoint3Label","DeviceCustomFloatingPoint4","DeviceCustomFloatingPoint4Label","DeviceCustomIPv6Address1","DeviceCustomIPv6Address1Label","DeviceCustomIPv6Address3","DeviceCustomIPv6Address3Label","DeviceCustomIPv6Address4","DeviceCustomIPv6Address4Label","DeviceCustomNumber2","DeviceCustomNumber2Label","DeviceCustomNumber3","DeviceCustomString1","DeviceCustomNumber3Label","DeviceCustomString1Label","DeviceCustomString2","DeviceCustomString2Label","DeviceCustomString3","DeviceCustomString3Label","DeviceCustomString4","DeviceCustomString4Label","DeviceCustomString5","DeviceCustomString5Label","DeviceCustomString6","DeviceCustomString6Label","FlexDate1","FlexDate1Label","FlexNumber1","FlexNumber1Label","FlexNumber2","FlexNumber2Label","FlexString1","FlexString1Label","FlexString2"],"ServiceID":"7a75f41d-313b-4f68-a99d-6427546cc799","StartTime":1760060298769,"Timestamp":1760060299752,"BaseEvents":[{"ID":"edbc520d-7e7a-4dde-b8ae-a768d7efef52","Name":"traffic","Type":1,"EndTime":1760060298000,"Message":"Connection Failed","Priority":0,"Severity":"notice","TenantID":"3d6c4203-7328-4fb2-98fa-f37d385ffbde","ServiceID":"71d3be03-d996-4ec6-a03d-223288e5abc8","Timestamp":1760060298769,"ExternalID":"71800382","SourcePort":38916,"ServiceName":"Fortigate","DeviceAction":"deny","DeviceVendor":"Fortninet","DeviceAddress":"192.168.51.14","DeviceProduct":"Fortigate","SourceAddress":"47.236.77.126","DeviceHostName":"windu","DeviceTimeZone":"+02:00","DestinationPort":22,"DeviceExternalID":"FGT60FTK22032234","DeviceReceiptTime":1760060298769,"TransportProtocol":"6","DestinationAddress":"192.168.1.222","DeviceEventClassID":"local","ApplicationProtocol":"SSH","DeviceCustomString1":"local-in-policy","DeviceEventCategory":"traffic","DeviceInboundInterface":"wan2","DeviceOutboundInterface":"root","DeviceCustomNumber1Label":"duration","DeviceCustomNumber2Label":"policyid","DeviceCustomString1Label":"policytype"}],"SourcePort":38916,"ServiceName":"[OOTB] Correlator","DeviceAction":"deny","DeviceVendor":"Kaspersky","DeviceAddress":"192.168.51.14","DeviceProduct":"KUMA","SourceAddress":"47.236.77.126","BaseEventCount":1,"DeviceHostName":"windu","DeviceTimeZone":"+02:00","DestinationPort":22,"DeviceExternalID":"FGT60FTK22032234","CorrelationRuleID":"83fea516-0ec2-4fd2-96c0-1136c65378bb","DeviceReceiptTime":1760060298769,"TransportProtocol":"6","DestinationAddress":"192.168.1.222","DeviceEventClassID":"local","ApplicationProtocol":"SSH","CorrelationRuleName":"Connection. Inbound connection from external host using management ports","DeviceCustomString1":"local-in-policy","DeviceEventCategory":"traffic","DeviceInboundInterface":"wan2","DeviceOutboundInterface":"root","DeviceCustomNumber2Label":"policyid","DeviceCustomString1Label":"policytype"}],"ExternalID":"R445_05","SourcePort":38916,"ServiceName":"[OOTB] Correlator","DeviceAction":"deny","DeviceVendor":"Kaspersky","DeviceAddress":"192.168.51.14","DeviceProduct":"KUMA","SourceAddress":"47.236.77.126","BaseEventCount":1,"DeviceHostName":"windu","DeviceTimeZone":"+02:00","DestinationPort":22,"DeviceExternalID":"FGT60FTK22032234","CorrelationRuleID":"4eeda10b-8ef6-4725-846d-62b00bfa7561","DeviceReceiptTime":1760060298769,"TransportProtocol":"6","DestinationAddress":"192.168.1.222","DeviceEventClassID":"local","ApplicationProtocol":"SSH","CorrelationRuleName":"R445_05_Inbound connection from external host via management port","DeviceCustomString1":"local-in-policy","DeviceEventCategory":"traffic","DestinationServiceName":"SSH","DeviceInboundInterface":"wan2","DeviceOutboundInterface":"root","DeviceCustomNumber2Label":"policyid","DeviceCustomString1Label":"policytype"}],"Rules":[{"Confidence":"medium","Custom":false,"ID":"4eeda10b-8ef6-4725-846d-62b00bfa7561","Name":"R445_05_Inbound connection from external host via management port","Severity":"medium","Type":""}],"Severity":"low","SourceCreatedAt":"2025-10-10T01:38:19.753Z","SourceID":"afe3580a-3005-478c-9f78-489a2ddb048e","Status":"new","StatusChangedAt":"2025-10-10T01:38:19.903Z","StatusResolution":"","TenantID":"3d6c4203-7328-4fb2-98fa-f37d385ffbde","UpdatedAt":"2025-10-10T01:38:19.903Z"},{"Assets":null,"Assignee":{"ID":"nobody","Name":"Not assigned","Type":""},"CreatedAt":"2025-10-10T01:40:59.94Z","DetectionTechnologies":null,"ExternalRef":"","Extra":null,"FirstEventTime":"2025-10-10T01:40:58.99Z","HistoryRecords":null,"ID":18921,"IncidentID":"","IncidentLinkType":"","InternalID":"43c5caef-107c-4a65-903d-bdc83da9dae1","IsCII":false,"LastEventTime":"2025-10-10T01:40:59.798Z","MITRETactics":null,"MITRETechniques":null,"Name":"R445_03_Inbound connection from external host via SMB, RPC port","Observables":[{"Details":"","Type":"ip","Value":"212.33.225.171"},{"Details":"","Type":"hostname","Value":"windu"}],"OriginalEvents":[{"N":{"KL_CorrelationRulePriority":1},"ID":"43c5caef-107c-4a65-903d-bdc83da9dae1","Name":"R445_03_Inbound connection from external host via SMB, RPC port","Type":3,"EndTime":1760060459797,"Message":"The external host 212.33.225.171 remotely connected to the internal node 192.168.1.222 on port 445 which is used in SMB, RPC protocols: Microsoft-DS (Directory Services) SMB file sharing","Priority":1,"Severity":"notice","TenantID":"3d6c4203-7328-4fb2-98fa-f37d385ffbde","GroupedBy":["Message","DeviceAddress","DeviceHostName","SourceAddress","SourceHostName","SourceUserName","DestinationAddress","DestinationHostName","DestinationUserName","ApplicationProtocol","TransportProtocol","BytesIn","BytesOut","DeviceAction","DeviceAssetID","DeviceCity","DeviceCountry","DeviceDirection","DeviceDnsDomain","DeviceEventCategory","DeviceEventClassID","DeviceExternalID","DeviceFacility","DeviceHostName","DeviceInboundInterface","DeviceLatitude","DeviceLongitude","DeviceMacAddress","DeviceNtDomain","DeviceOutboundInterface","DevicePayloadID","DeviceProcessID","DeviceProcessName","DeviceReceiptTime","DeviceRegion","DeviceTimeZone","DeviceTranslatedAddress","DeviceVersion","EventOutcome","Reason","Severity","SourceAccountID","SourceAssetID","SourceCity","SourceCountry","SourceDnsDomain","SourceLatitude","SourceLongitude","SourceMacAddress","SourceNtDomain","SourcePort","SourceProcessID","SourceProcessName","SourceRegion","SourceServiceName","SourceTranslatedAddress","SourceTranslatedPort","SourceUserID","SourceUserPrivileges","DestinationAccountID","DestinationAssetID","DestinationCity","DestinationCountry","DestinationDnsDomain","DestinationLatitude","DestinationLongitude","DestinationMacAddress","DestinationNtDomain","DestinationPort","DestinationProcessID","DestinationProcessName","DestinationRegion","DestinationServiceName","DestinationTranslatedAddress","DestinationTranslatedPort","DestinationUserID","DestinationUserPrivileges","RequestClientApplication","RequestContext","RequestCookies","RequestMethod","RequestUrl","FileCreateTime","FileHash","FileID","FileModificationTime","FileName","FilePath","FilePermission","FileSize","FileType","OldFileCreateTime","OldFileHash","OldFileID","OldFileModificationTime","OldFileName","OldFilePath","OldFilePermission","OldFileSize","OldFileType","DeviceCustomDate1","DeviceCustomDate2","DeviceCustomFloatingPoint1","DeviceCustomFloatingPoint2","DeviceCustomFloatingPoint2Label","DeviceCustomFloatingPoint3","DeviceCustomFloatingPoint3Label","DeviceCustomFloatingPoint4","DeviceCustomFloatingPoint4Label","DeviceCustomIPv6Address1","DeviceCustomIPv6Address1Label","DeviceCustomIPv6Address3","DeviceCustomIPv6Address3Label","DeviceCustomIPv6Address4","DeviceCustomIPv6Address4Label","DeviceCustomNumber2","DeviceCustomNumber2Label","DeviceCustomNumber3","DeviceCustomString1","DeviceCustomNumber3Label","DeviceCustomString1Label","DeviceCustomString2","DeviceCustomString2Label","DeviceCustomString3","DeviceCustomString3Label","DeviceCustomString4","DeviceCustomString4Label","DeviceCustomString5","DeviceCustomString5Label","DeviceCustomString6","DeviceCustomString6Label","FlexDate1","FlexDate1Label","FlexNumber1","FlexNumber1Label","FlexNumber2","FlexNumber2Label","FlexString1","FlexString1Label","FlexString2","timestamp_just_added","timestamp_profiling_finished"],"ServiceID":"7a75f41d-313b-4f68-a99d-6427546cc799","StartTime":1760060459797,"Timestamp":1760060459798,"BaseEvents":[{"N":{"KL_CorrelationRulePriority":1},"ID":"cbddd705-2fab-4aba-86f4-2ffe21079480","Name":"Connection. Inbound connection from external host using SMB, RPC ports","Type":3,"EndTime":1760060458991,"Message":"Connection Failed","Priority":1,"Severity":"notice","TenantID":"3d6c4203-7328-4fb2-98fa-f37d385ffbde","GroupedBy":["Message","DeviceAddress","DeviceHostName","SourceAddress","SourceHostName","SourceUserName","DestinationAddress","DestinationHostName","DestinationUserName","ApplicationProtocol","TransportProtocol","BytesIn","BytesOut","DeviceAction","DeviceAssetID","DeviceCity","DeviceCountry","DeviceDirection","DeviceDnsDomain","DeviceEventCategory","DeviceEventClassID","DeviceExternalID","DeviceFacility","DeviceHostName","DeviceInboundInterface","DeviceLatitude","DeviceLongitude","DeviceMacAddress","DeviceNtDomain","DeviceOutboundInterface","DevicePayloadID","DeviceProcessID","DeviceProcessName","DeviceReceiptTime","DeviceRegion","DeviceTimeZone","DeviceTranslatedAddress","DeviceVersion","EventOutcome","Reason","Severity","SourceAccountID","SourceAssetID","SourceCity","SourceCountry","SourceDnsDomain","SourceLatitude","SourceLongitude","SourceMacAddress","SourceNtDomain","SourcePort","SourceProcessID","SourceProcessName","SourceRegion","SourceServiceName","SourceTranslatedAddress","SourceTranslatedPort","SourceUserID","SourceUserPrivileges","DestinationAccountID","DestinationAssetID","DestinationCity","DestinationCountry","DestinationDnsDomain","DestinationLatitude","DestinationLongitude","DestinationMacAddress","DestinationNtDomain","DestinationPort","DestinationProcessID","DestinationProcessName","DestinationRegion","DestinationServiceName","DestinationTranslatedAddress","DestinationTranslatedPort","DestinationUserID","DestinationUserPrivileges","RequestClientApplication","RequestContext","RequestCookies","RequestMethod","RequestUrl","FileCreateTime","FileHash","FileID","FileModificationTime","FileName","FilePath","FilePermission","FileSize","FileType","OldFileCreateTime","OldFileHash","OldFileID","OldFileModificationTime","OldFileName","OldFilePath","OldFilePermission","OldFileSize","OldFileType","DeviceCustomDate1","DeviceCustomDate2","DeviceCustomFloatingPoint1","DeviceCustomFloatingPoint2","DeviceCustomFloatingPoint2Label","DeviceCustomFloatingPoint3","DeviceCustomFloatingPoint3Label","DeviceCustomFloatingPoint4","DeviceCustomFloatingPoint4Label","DeviceCustomIPv6Address1","DeviceCustomIPv6Address1Label","DeviceCustomIPv6Address3","DeviceCustomIPv6Address3Label","DeviceCustomIPv6Address4","DeviceCustomIPv6Address4Label","DeviceCustomNumber2","DeviceCustomNumber2Label","DeviceCustomNumber3","DeviceCustomString1","DeviceCustomNumber3Label","DeviceCustomString1Label","DeviceCustomString2","DeviceCustomString2Label","DeviceCustomString3","DeviceCustomString3Label","DeviceCustomString4","DeviceCustomString4Label","DeviceCustomString5","DeviceCustomString5Label","DeviceCustomString6","DeviceCustomString6Label","FlexDate1","FlexDate1Label","FlexNumber1","FlexNumber1Label","FlexNumber2","FlexNumber2Label","FlexString1","FlexString1Label","FlexString2"],"ServiceID":"7a75f41d-313b-4f68-a99d-6427546cc799","StartTime":1760060458991,"Timestamp":1760060459797,"BaseEvents":[{"ID":"6851f02b-63ab-425a-9dd2-98bf380a4635","Name":"traffic","Type":1,"EndTime":1760060458000,"Message":"Connection Failed","Priority":0,"Severity":"notice","TenantID":"3d6c4203-7328-4fb2-98fa-f37d385ffbde","ServiceID":"71d3be03-d996-4ec6-a03d-223288e5abc8","Timestamp":1760060458991,"ExternalID":"71803698","SourcePort":61650,"ServiceName":"Fortigate","DeviceAction":"deny","DeviceVendor":"Fortninet","DeviceAddress":"192.168.51.14","DeviceProduct":"Fortigate","SourceAddress":"212.33.225.171","DeviceHostName":"windu","DeviceTimeZone":"+02:00","DestinationPort":445,"DeviceExternalID":"FGT60FTK22032234","DeviceReceiptTime":1760060458991,"TransportProtocol":"6","DestinationAddress":"192.168.1.222","DeviceEventClassID":"local","ApplicationProtocol":"SMB","DeviceCustomString1":"local-in-policy","DeviceEventCategory":"traffic","DeviceInboundInterface":"wan2","DeviceOutboundInterface":"root","DeviceCustomNumber1Label":"duration","DeviceCustomNumber2Label":"policyid","DeviceCustomString1Label":"policytype"}],"SourcePort":61650,"ServiceName":"[OOTB] Correlator","DeviceAction":"deny","DeviceVendor":"Kaspersky","DeviceAddress":"192.168.51.14","DeviceProduct":"KUMA","SourceAddress":"212.33.225.171","BaseEventCount":1,"DeviceHostName":"windu","DeviceTimeZone":"+02:00","DestinationPort":445,"DeviceExternalID":"FGT60FTK22032234","CorrelationRuleID":"e2a20430-e50f-4f70-8970-8c799793a934","DeviceReceiptTime":1760060458991,"TransportProtocol":"6","DestinationAddress":"192.168.1.222","DeviceEventClassID":"local","ApplicationProtocol":"SMB","CorrelationRuleName":"Connection. Inbound connection from external host using SMB, RPC ports","DeviceCustomString1":"local-in-policy","DeviceEventCategory":"traffic","DeviceInboundInterface":"wan2","DeviceOutboundInterface":"root","DeviceCustomNumber2Label":"policyid","DeviceCustomString1Label":"policytype"}],"ExternalID":"R445_03","SourcePort":61650,"ServiceName":"[OOTB] Correlator","DeviceAction":"deny","DeviceVendor":"Kaspersky","DeviceAddress":"192.168.51.14","DeviceProduct":"KUMA","SourceAddress":"212.33.225.171","BaseEventCount":1,"DeviceHostName":"windu","DeviceTimeZone":"+02:00","DestinationPort":445,"DeviceExternalID":"FGT60FTK22032234","CorrelationRuleID":"49182bb8-1dd3-44cd-b561-101a5bd0e58d","DeviceReceiptTime":1760060458991,"TransportProtocol":"6","DestinationAddress":"192.168.1.222","DeviceEventClassID":"local","ApplicationProtocol":"SMB","CorrelationRuleName":"R445_03_Inbound connection from external host via SMB, RPC port","DeviceCustomString1":"local-in-policy","DeviceEventCategory":"traffic","DestinationServiceName":"Microsoft-DS (Directory Services) SMB file sharing","DeviceInboundInterface":"wan2","DeviceOutboundInterface":"root","DeviceCustomNumber2Label":"policyid","DeviceCustomString1Label":"policytype"}],"Rules":[{"Confidence":"medium","Custom":false,"ID":"49182bb8-1dd3-44cd-b561-101a5bd0e58d","Name":"R445_03_Inbound connection from external host via SMB, RPC port","Severity":"medium","Type":""}],"Severity":"low","SourceCreatedAt":"2025-10-10T01:40:59.798Z","SourceID":"43c5caef-107c-4a65-903d-bdc83da9dae1","Status":"new","StatusChangedAt":"2025-10-10T01:40:59.94Z","StatusResolution":"","TenantID":"3d6c4203-7328-4fb2-98fa-f37d385ffbde","UpdatedAt":"2025-10-10T01:40:59.94Z"},{"Assets":null,"Assignee":{"ID":"nobody","Name":"Not assigned","Type":""},"CreatedAt":"2025-10-10T01:43:54.954Z","DetectionTechnologies":null,"ExternalRef":"","Extra":null,"FirstEventTime":"2025-10-04T07:38:28.588Z","HistoryRecords":null,"ID":18923,"IncidentID":"","IncidentLinkType":"","InternalID":"fcd58ecb-66d8-41ac-a9e5-f08c3bb0ac64","IsCII":false,"LastEventTime":"2025-10-10T01:44:14.822Z","MITRETactics":null,"MITRETechniques":null,"Name":"R445_03_Inbound connection from external host via SMB, RPC port","Observables":[{"Details":"","Type":"ip","Value":"42.118.170.190"},{"Details":"","Type":"hostname","Value":"windu"},{"Details":"","Type":"ip","Value":"91.245.60.5"}],"OriginalEvents":[{"N":{"KL_CorrelationRulePriority":1},"ID":"fcd58ecb-66d8-41ac-a9e5-f08c3bb0ac64","Name":"R445_03_Inbound connection from external host via SMB, RPC port","Type":3,"EndTime":1760060634833,"Message":"The external host 42.118.170.190 remotely connected to the internal node 192.168.1.222 on port 445 which is used in SMB, RPC protocols: Microsoft-DS (Directory Services) SMB file sharing","Priority":1,"Severity":"notice","TenantID":"3d6c4203-7328-4fb2-98fa-f37d385ffbde","GroupedBy":["Message","DeviceAddress","DeviceHostName","SourceAddress","SourceHostName","SourceUserName","DestinationAddress","DestinationHostName","DestinationUserName","ApplicationProtocol","TransportProtocol","BytesIn","BytesOut","DeviceAction","DeviceAssetID","DeviceCity","DeviceCountry","DeviceDirection","DeviceDnsDomain","DeviceEventCategory","DeviceEventClassID","DeviceExternalID","DeviceFacility","DeviceHostName","DeviceInboundInterface","DeviceLatitude","DeviceLongitude","DeviceMacAddress","DeviceNtDomain","DeviceOutboundInterface","DevicePayloadID","DeviceProcessID","DeviceProcessName","DeviceReceiptTime","DeviceRegion","DeviceTimeZone","DeviceTranslatedAddress","DeviceVersion","EventOutcome","Reason","Severity","SourceAccountID","SourceAssetID","SourceCity","SourceCountry","SourceDnsDomain","SourceLatitude","SourceLongitude","SourceMacAddress","SourceNtDomain","SourcePort","SourceProcessID","SourceProcessName","SourceRegion","SourceServiceName","SourceTranslatedAddress","SourceTranslatedPort","SourceUserID","SourceUserPrivileges","DestinationAccountID","DestinationAssetID","DestinationCity","DestinationCountry","DestinationDnsDomain","DestinationLatitude","DestinationLongitude","DestinationMacAddress","DestinationNtDomain","DestinationPort","DestinationProcessID","DestinationProcessName","DestinationRegion","DestinationServiceName","DestinationTranslatedAddress","DestinationTranslatedPort","DestinationUserID","DestinationUserPrivileges","RequestClientApplication","RequestContext","RequestCookies","RequestMethod","RequestUrl","FileCreateTime","FileHash","FileID","FileModificationTime","FileName","FilePath","FilePermission","FileSize","FileType","OldFileCreateTime","OldFileHash","OldFileID","OldFileModificationTime","OldFileName","OldFilePath","OldFilePermission","OldFileSize","OldFileType","DeviceCustomDate1","DeviceCustomDate2","DeviceCustomFloatingPoint1","DeviceCustomFloatingPoint2","DeviceCustomFloatingPoint2Label","DeviceCustomFloatingPoint3","DeviceCustomFloatingPoint3Label","DeviceCustomFloatingPoint4","DeviceCustomFloatingPoint4Label","DeviceCustomIPv6Address1","DeviceCustomIPv6Address1Label","DeviceCustomIPv6Address3","DeviceCustomIPv6Address3Label","DeviceCustomIPv6Address4","DeviceCustomIPv6Address4Label","DeviceCustomNumber2","DeviceCustomNumber2Label","DeviceCustomNumber3","DeviceCustomString1","DeviceCustomNumber3Label","DeviceCustomString1Label","DeviceCustomString2","DeviceCustomString2Label","DeviceCustomString3","DeviceCustomString3Label","DeviceCustomString4","DeviceCustomString4Label","DeviceCustomString5","DeviceCustomString5Label","DeviceCustomString6","DeviceCustomString6Label","FlexDate1","FlexDate1Label","FlexNumber1","FlexNumber1Label","FlexNumber2","FlexNumber2Label","FlexString1","FlexString1Label","FlexString2","timestamp_just_added","timestamp_profiling_finished"],"ServiceID":"7a75f41d-313b-4f68-a99d-6427546cc799","StartTime":1760060634833,"Timestamp":1760060634835,"BaseEvents":[{"N":{"KL_CorrelationRulePriority":1},"ID":"afa3c393-8ee2-438c-854f-5cbd56e63cf8","Name":"Connection. Inbound connection from external host using SMB, RPC ports","Type":3,"EndTime":1759563508589,"Message":"Connection Failed","Priority":1,"Severity":"notice","TenantID":"3d6c4203-7328-4fb2-98fa-f37d385ffbde","GroupedBy":["Message","DeviceAddress","DeviceHostName","SourceAddress","SourceHostName","SourceUserName","DestinationAddress","DestinationHostName","DestinationUserName","ApplicationProtocol","TransportProtocol","BytesIn","BytesOut","DeviceAction","DeviceAssetID","DeviceCity","DeviceCountry","DeviceDirection","DeviceDnsDomain","DeviceEventCategory","DeviceEventClassID","DeviceExternalID","DeviceFacility","DeviceHostName","DeviceInboundInterface","DeviceLatitude","DeviceLongitude","DeviceMacAddress","DeviceNtDomain","DeviceOutboundInterface","DevicePayloadID","DeviceProcessID","DeviceProcessName","DeviceReceiptTime","DeviceRegion","DeviceTimeZone","DeviceTranslatedAddress","DeviceVersion","EventOutcome","Reason","Severity","SourceAccountID","SourceAssetID","SourceCity","SourceCountry","SourceDnsDomain","SourceLatitude","SourceLongitude","SourceMacAddress","SourceNtDomain","SourcePort","SourceProcessID","SourceProcessName","SourceRegion","SourceServiceName","SourceTranslatedAddress","SourceTranslatedPort","SourceUserID","SourceUserPrivileges","DestinationAccountID","DestinationAssetID","DestinationCity","DestinationCountry","DestinationDnsDomain","DestinationLatitude","DestinationLongitude","DestinationMacAddress","DestinationNtDomain","DestinationPort","DestinationProcessID","DestinationProcessName","DestinationRegion","DestinationServiceName","DestinationTranslatedAddress","DestinationTranslatedPort","DestinationUserID","DestinationUserPrivileges","RequestClientApplication","RequestContext","RequestCookies","RequestMethod","RequestUrl","FileCreateTime","FileHash","FileID","FileModificationTime","FileName","FilePath","FilePermission","FileSize","FileType","OldFileCreateTime","OldFileHash","OldFileID","OldFileModificationTime","OldFileName","OldFilePath","OldFilePermission","OldFileSize","OldFileType","DeviceCustomDate1","DeviceCustomDate2","DeviceCustomFloatingPoint1","DeviceCustomFloatingPoint2","DeviceCustomFloatingPoint2Label","DeviceCustomFloatingPoint3","DeviceCustomFloatingPoint3Label","DeviceCustomFloatingPoint4","DeviceCustomFloatingPoint4Label","DeviceCustomIPv6Address1","DeviceCustomIPv6Address1Label","DeviceCustomIPv6Address3","DeviceCustomIPv6Address3Label","DeviceCustomIPv6Address4","DeviceCustomIPv6Address4Label","DeviceCustomNumber2","DeviceCustomNumber2Label","DeviceCustomNumber3","DeviceCustomString1","DeviceCustomNumber3Label","DeviceCustomString1Label","DeviceCustomString2","DeviceCustomString2Label","DeviceCustomString3","DeviceCustomString3Label","DeviceCustomString4","DeviceCustomString4Label","DeviceCustomString5","DeviceCustomString5Label","DeviceCustomString6","DeviceCustomString6Label","FlexDate1","FlexDate1Label","FlexNumber1","FlexNumber1Label","FlexNumber2","FlexNumber2Label","FlexString1","FlexString1Label","FlexString2"],"ServiceID":"7a75f41d-313b-4f68-a99d-6427546cc799","StartTime":1759563508589,"Timestamp":1760060634833,"BaseEvents":[{"ID":"2bb4467c-877a-4dea-8cab-7e7171816466","Name":"traffic","Type":1,"EndTime":1759531108000,"Message":"Connection Failed","Priority":0,"Severity":"notice","TenantID":"3d6c4203-7328-4fb2-98fa-f37d385ffbde","ServiceID":"71d3be03-d996-4ec6-a03d-223288e5abc8","Timestamp":1759563508589,"ExternalID":"62802180","SourcePort":50136,"ServiceName":"Fortigate","DeviceAction":"deny","DeviceVendor":"Fortninet","DeviceAddress":"192.168.51.14","DeviceProduct":"Fortigate","SourceAddress":"42.118.170.190","DeviceHostName":"windu","DeviceTimeZone":"+02:00","DestinationPort":445,"DeviceExternalID":"FGT60FTK22032234","DeviceReceiptTime":1759563508589,"TransportProtocol":"6","DestinationAddress":"192.168.1.222","DeviceEventClassID":"local","ApplicationProtocol":"SMB","DeviceCustomString1":"local-in-policy","DeviceEventCategory":"traffic","DeviceInboundInterface":"wan2","DeviceOutboundInterface":"root","DeviceCustomNumber1Label":"duration","DeviceCustomNumber2Label":"policyid","DeviceCustomString1Label":"policytype"}],"SourcePort":50136,"ServiceName":"[OOTB] Correlator","DeviceAction":"deny","DeviceVendor":"Kaspersky","DeviceAddress":"192.168.51.14","DeviceProduct":"KUMA","SourceAddress":"42.118.170.190","BaseEventCount":1,"DeviceHostName":"windu","DeviceTimeZone":"+02:00","DestinationPort":445,"DeviceExternalID":"FGT60FTK22032234","CorrelationRuleID":"e2a20430-e50f-4f70-8970-8c799793a934","DeviceReceiptTime":1759563508589,"TransportProtocol":"6","DestinationAddress":"192.168.1.222","DeviceEventClassID":"local","ApplicationProtocol":"SMB","CorrelationRuleName":"Connection. Inbound connection from external host using SMB, RPC ports","DeviceCustomString1":"local-in-policy","DeviceEventCategory":"traffic","DeviceInboundInterface":"wan2","DeviceOutboundInterface":"root","DeviceCustomNumber2Label":"policyid","DeviceCustomString1Label":"policytype"}],"ExternalID":"R445_03","SourcePort":50136,"ServiceName":"[OOTB] Correlator","DeviceAction":"deny","DeviceVendor":"Kaspersky","DeviceAddress":"192.168.51.14","DeviceProduct":"KUMA","SourceAddress":"42.118.170.190","BaseEventCount":1,"DeviceHostName":"windu","DeviceTimeZone":"+02:00","DestinationPort":445,"DeviceExternalID":"FGT60FTK22032234","CorrelationRuleID":"49182bb8-1dd3-44cd-b561-101a5bd0e58d","DeviceReceiptTime":1759563508589,"TransportProtocol":"6","DestinationAddress":"192.168.1.222","DeviceEventClassID":"local","ApplicationProtocol":"SMB","CorrelationRuleName":"R445_03_Inbound connection from external host via SMB, RPC port","DeviceCustomString1":"local-in-policy","DeviceEventCategory":"traffic","DestinationServiceName":"Microsoft-DS (Directory Services) SMB file sharing","DeviceInboundInterface":"wan2","DeviceOutboundInterface":"root","DeviceCustomNumber2Label":"policyid","DeviceCustomString1Label":"policytype"},{"N":{"KL_CorrelationRulePriority":1},"ID":"76374865-f0d5-4dfc-a8c1-c7f0dfe1bde8","Name":"R445_03_Inbound connection from external host via SMB, RPC port","Type":3,"EndTime":1760060654821,"Message":"The external host 91.245.60.5 remotely connected to the internal node 192.168.1.222 on port 445 which is used in SMB, RPC protocols: Microsoft-DS (Directory Services) SMB file sharing","Priority":1,"Severity":"notice","TenantID":"3d6c4203-7328-4fb2-98fa-f37d385ffbde","GroupedBy":["Message","DeviceAddress","DeviceHostName","SourceAddress","SourceHostName","SourceUserName","DestinationAddress","DestinationHostName","DestinationUserName","ApplicationProtocol","TransportProtocol","BytesIn","BytesOut","DeviceAction","DeviceAssetID","DeviceCity","DeviceCountry","DeviceDirection","DeviceDnsDomain","DeviceEventCategory","DeviceEventClassID","DeviceExternalID","DeviceFacility","DeviceHostName","DeviceInboundInterface","DeviceLatitude","DeviceLongitude","DeviceMacAddress","DeviceNtDomain","DeviceOutboundInterface","DevicePayloadID","DeviceProcessID","DeviceProcessName","DeviceReceiptTime","DeviceRegion","DeviceTimeZone","DeviceTranslatedAddress","DeviceVersion","EventOutcome","Reason","Severity","SourceAccountID","SourceAssetID","SourceCity","SourceCountry","SourceDnsDomain","SourceLatitude","SourceLongitude","SourceMacAddress","SourceNtDomain","SourcePort","SourceProcessID","SourceProcessName","SourceRegion","SourceServiceName","SourceTranslatedAddress","SourceTranslatedPort","SourceUserID","SourceUserPrivileges","DestinationAccountID","DestinationAssetID","DestinationCity","DestinationCountry","DestinationDnsDomain","DestinationLatitude","DestinationLongitude","DestinationMacAddress","DestinationNtDomain","DestinationPort","DestinationProcessID","DestinationProcessName","DestinationRegion","DestinationServiceName","DestinationTranslatedAddress","DestinationTranslatedPort","DestinationUserID","DestinationUserPrivileges","RequestClientApplication","RequestContext","RequestCookies","RequestMethod","RequestUrl","FileCreateTime","FileHash","FileID","FileModificationTime","FileName","FilePath","FilePermission","FileSize","FileType","OldFileCreateTime","OldFileHash","OldFileID","OldFileModificationTime","OldFileName","OldFilePath","OldFilePermission","OldFileSize","OldFileType","DeviceCustomDate1","DeviceCustomDate2","DeviceCustomFloatingPoint1","DeviceCustomFloatingPoint2","DeviceCustomFloatingPoint2Label","DeviceCustomFloatingPoint3","DeviceCustomFloatingPoint3Label","DeviceCustomFloatingPoint4","DeviceCustomFloatingPoint4Label","DeviceCustomIPv6Address1","DeviceCustomIPv6Address1Label","DeviceCustomIPv6Address3","DeviceCustomIPv6Address3Label","DeviceCustomIPv6Address4","DeviceCustomIPv6Address4Label","DeviceCustomNumber2","DeviceCustomNumber2Label","DeviceCustomNumber3","DeviceCustomString1","DeviceCustomNumber3Label","DeviceCustomString1Label","DeviceCustomString2","DeviceCustomString2Label","DeviceCustomString3","DeviceCustomString3Label","DeviceCustomString4","DeviceCustomString4Label","DeviceCustomString5","DeviceCustomString5Label","DeviceCustomString6","DeviceCustomString6Label","FlexDate1","FlexDate1Label","FlexNumber1","FlexNumber1Label","FlexNumber2","FlexNumber2Label","FlexString1","FlexString1Label","FlexString2","timestamp_just_added","timestamp_profiling_finished"],"ServiceID":"7a75f41d-313b-4f68-a99d-6427546cc799","StartTime":1760060654821,"Timestamp":1760060654823,"BaseEvents":[{"N":{"KL_CorrelationRulePriority":1},"ID":"0f0c15c7-2a32-4d64-99a3-0d4934d2ebe8","Name":"Connection. Inbound connection from external host using SMB, RPC ports","Type":3,"EndTime":1759563524570,"Message":"Connection Failed","Priority":1,"Severity":"notice","TenantID":"3d6c4203-7328-4fb2-98fa-f37d385ffbde","GroupedBy":["Message","DeviceAddress","DeviceHostName","SourceAddress","SourceHostName","SourceUserName","DestinationAddress","DestinationHostName","DestinationUserName","ApplicationProtocol","TransportProtocol","BytesIn","BytesOut","DeviceAction","DeviceAssetID","DeviceCity","DeviceCountry","DeviceDirection","DeviceDnsDomain","DeviceEventCategory","DeviceEventClassID","DeviceExternalID","DeviceFacility","DeviceHostName","DeviceInboundInterface","DeviceLatitude","DeviceLongitude","DeviceMacAddress","DeviceNtDomain","DeviceOutboundInterface","DevicePayloadID","DeviceProcessID","DeviceProcessName","DeviceReceiptTime","DeviceRegion","DeviceTimeZone","DeviceTranslatedAddress","DeviceVersion","EventOutcome","Reason","Severity","SourceAccountID","SourceAssetID","SourceCity","SourceCountry","SourceDnsDomain","SourceLatitude","SourceLongitude","SourceMacAddress","SourceNtDomain","SourcePort","SourceProcessID","SourceProcessName","SourceRegion","SourceServiceName","SourceTranslatedAddress","SourceTranslatedPort","SourceUserID","SourceUserPrivileges","DestinationAccountID","DestinationAssetID","DestinationCity","DestinationCountry","DestinationDnsDomain","DestinationLatitude","DestinationLongitude","DestinationMacAddress","DestinationNtDomain","DestinationPort","DestinationProcessID","DestinationProcessName","DestinationRegion","DestinationServiceName","DestinationTranslatedAddress","DestinationTranslatedPort","DestinationUserID","DestinationUserPrivileges","RequestClientApplication","RequestContext","RequestCookies","RequestMethod","RequestUrl","FileCreateTime","FileHash","FileID","FileModificationTime","FileName","FilePath","FilePermission","FileSize","FileType","OldFileCreateTime","OldFileHash","OldFileID","OldFileModificationTime","OldFileName","OldFilePath","OldFilePermission","OldFileSize","OldFileType","DeviceCustomDate1","DeviceCustomDate2","DeviceCustomFloatingPoint1","DeviceCustomFloatingPoint2","DeviceCustomFloatingPoint2Label","DeviceCustomFloatingPoint3","DeviceCustomFloatingPoint3Label","DeviceCustomFloatingPoint4","DeviceCustomFloatingPoint4Label","DeviceCustomIPv6Address1","DeviceCustomIPv6Address1Label","DeviceCustomIPv6Address3","DeviceCustomIPv6Address3Label","DeviceCustomIPv6Address4","DeviceCustomIPv6Address4Label","DeviceCustomNumber2","DeviceCustomNumber2Label","DeviceCustomNumber3","DeviceCustomString1","DeviceCustomNumber3Label","DeviceCustomString1Label","DeviceCustomString2","DeviceCustomString2Label","DeviceCustomString3","DeviceCustomString3Label","DeviceCustomString4","DeviceCustomString4Label","DeviceCustomString5","DeviceCustomString5Label","DeviceCustomString6","DeviceCustomString6Label","FlexDate1","FlexDate1Label","FlexNumber1","FlexNumber1Label","FlexNumber2","FlexNumber2Label","FlexString1","FlexString1Label","FlexString2"],"ServiceID":"7a75f41d-313b-4f68-a99d-6427546cc799","StartTime":1759563524570,"Timestamp":1760060654821,"BaseEvents":[{"ID":"0486b0b8-647d-4e31-87a3-4f2b3ce6380c","Name":"traffic","Type":1,"EndTime":1759531124000,"Message":"Connection Failed","Priority":0,"Severity":"notice","TenantID":"3d6c4203-7328-4fb2-98fa-f37d385ffbde","ServiceID":"71d3be03-d996-4ec6-a03d-223288e5abc8","Timestamp":1759563524570,"ExternalID":"62802393","SourcePort":24764,"ServiceName":"Fortigate","DeviceAction":"deny","DeviceVendor":"Fortninet","DeviceAddress":"192.168.51.14","DeviceProduct":"Fortigate","SourceAddress":"91.245.60.5","DeviceHostName":"windu","DeviceTimeZone":"+02:00","DestinationPort":445,"DeviceExternalID":"FGT60FTK22032234","DeviceReceiptTime":1759563524570,"TransportProtocol":"6","DestinationAddress":"192.168.1.222","DeviceEventClassID":"local","ApplicationProtocol":"SMB","DeviceCustomString1":"local-in-policy","DeviceEventCategory":"traffic","DeviceInboundInterface":"wan2","DeviceOutboundInterface":"root","DeviceCustomNumber1Label":"duration","DeviceCustomNumber2Label":"policyid","DeviceCustomString1Label":"policytype"}],"SourcePort":24764,"ServiceName":"[OOTB] Correlator","DeviceAction":"deny","DeviceVendor":"Kaspersky","DeviceAddress":"192.168.51.14","DeviceProduct":"KUMA","SourceAddress":"91.245.60.5","BaseEventCount":1,"DeviceHostName":"windu","DeviceTimeZone":"+02:00","DestinationPort":445,"DeviceExternalID":"FGT60FTK22032234","CorrelationRuleID":"e2a20430-e50f-4f70-8970-8c799793a934","DeviceReceiptTime":1759563524570,"TransportProtocol":"6","DestinationAddress":"192.168.1.222","DeviceEventClassID":"local","ApplicationProtocol":"SMB","CorrelationRuleName":"Connection. Inbound connection from external host using SMB, RPC ports","DeviceCustomString1":"local-in-policy","DeviceEventCategory":"traffic","DeviceInboundInterface":"wan2","DeviceOutboundInterface":"root","DeviceCustomNumber2Label":"policyid","DeviceCustomString1Label":"policytype"}],"ExternalID":"R445_03","SourcePort":24764,"ServiceName":"[OOTB] Correlator","DeviceAction":"deny","DeviceVendor":"Kaspersky","DeviceAddress":"192.168.51.14","DeviceProduct":"KUMA","SourceAddress":"91.245.60.5","BaseEventCount":1,"DeviceHostName":"windu","DeviceTimeZone":"+02:00","DestinationPort":445,"DeviceExternalID":"FGT60FTK22032234","CorrelationRuleID":"49182bb8-1dd3-44cd-b561-101a5bd0e58d","DeviceReceiptTime":1759563524570,"TransportProtocol":"6","DestinationAddress":"192.168.1.222","DeviceEventClassID":"local","ApplicationProtocol":"SMB","CorrelationRuleName":"R445_03_Inbound connection from external host via SMB, RPC port","DeviceCustomString1":"local-in-policy","DeviceEventCategory":"traffic","DestinationServiceName":"Microsoft-DS (Directory Services) SMB file sharing","DeviceInboundInterface":"wan2","DeviceOutboundInterface":"root","DeviceCustomNumber2Label":"policyid","DeviceCustomString1Label":"policytype"}],"Rules":[{"Confidence":"medium","Custom":false,"ID":"49182bb8-1dd3-44cd-b561-101a5bd0e58d","Name":"R445_03_Inbound connection from external host via SMB, RPC port","Severity":"medium","Type":""}],"Severity":"low","SourceCreatedAt":"2025-10-10T01:43:54.835Z","SourceID":"76374865-f0d5-4dfc-a8c1-c7f0dfe1bde8;fcd58ecb-66d8-41ac-a9e5-f08c3bb0ac64","Status":"new","StatusChangedAt":"2025-10-10T01:43:54.954Z","StatusResolution":"","TenantID":"3d6c4203-7328-4fb2-98fa-f37d385ffbde","UpdatedAt":"2025-10-10T01:43:54.954Z"},{"Assets":null,"Assignee":{"ID":"nobody","Name":"Not assigned","Type":""},"CreatedAt":"2025-10-10T01:44:34.964Z","DetectionTechnologies":null,"ExternalRef":"","Extra":null,"FirstEventTime":"2025-10-04T07:39:07.109Z","HistoryRecords":null,"ID":18924,"IncidentID":"","IncidentLinkType":"","InternalID":"c367f540-a685-4f0a-9d2e-b0f74cee6d93","IsCII":false,"LastEventTime":"2025-10-10T01:44:34.887Z","MITRETactics":null,"MITRETechniques":null,"Name":"R445_05_Inbound connection from external host via management port","Observables":[{"Details":"","Type":"ip","Value":"34.229.176.160"},{"Details":"","Type":"hostname","Value":"windu"}],"OriginalEvents":[{"N":{"KL_CorrelationRulePriority":1},"ID":"c367f540-a685-4f0a-9d2e-b0f74cee6d93","Name":"R445_05_Inbound connection from external host via management port","Type":3,"EndTime":1760060674886,"Message":"The external host 34.229.176.160 remotely connected to the internal node 192.168.1.222 on port 3389 using the remote administration tool: RDP","Priority":1,"Severity":"notice","TenantID":"3d6c4203-7328-4fb2-98fa-f37d385ffbde","GroupedBy":["Message","DeviceAddress","DeviceHostName","SourceAddress","SourceHostName","SourceUserName","DestinationAddress","DestinationHostName","DestinationUserName","ApplicationProtocol","TransportProtocol","BytesIn","BytesOut","DeviceAction","DeviceAssetID","DeviceCity","DeviceCountry","DeviceDirection","DeviceDnsDomain","DeviceEventCategory","DeviceEventClassID","DeviceExternalID","DeviceFacility","DeviceHostName","DeviceInboundInterface","DeviceLatitude","DeviceLongitude","DeviceMacAddress","DeviceNtDomain","DeviceOutboundInterface","DevicePayloadID","DeviceProcessID","DeviceProcessName","DeviceReceiptTime","DeviceRegion","DeviceTimeZone","DeviceTranslatedAddress","DeviceVersion","EventOutcome","Reason","Severity","SourceAccountID","SourceAssetID","SourceCity","SourceCountry","SourceDnsDomain","SourceLatitude","SourceLongitude","SourceMacAddress","SourceNtDomain","SourcePort","SourceProcessID","SourceProcessName","SourceRegion","SourceServiceName","SourceTranslatedAddress","SourceTranslatedPort","SourceUserID","SourceUserPrivileges","DestinationAccountID","DestinationAssetID","DestinationCity","DestinationCountry","DestinationDnsDomain","DestinationLatitude","DestinationLongitude","DestinationMacAddress","DestinationNtDomain","DestinationPort","DestinationProcessID","DestinationProcessName","DestinationRegion","DestinationServiceName","DestinationTranslatedAddress","DestinationTranslatedPort","DestinationUserID","DestinationUserPrivileges","RequestClientApplication","RequestContext","RequestCookies","RequestMethod","RequestUrl","FileCreateTime","FileHash","FileID","FileModificationTime","FileName","FilePath","FilePermission","FileSize","FileType","OldFileCreateTime","OldFileHash","OldFileID","OldFileModificationTime","OldFileName","OldFilePath","OldFilePermission","OldFileSize","OldFileType","DeviceCustomDate1","DeviceCustomDate2","DeviceCustomFloatingPoint1","DeviceCustomFloatingPoint2","DeviceCustomFloatingPoint2Label","DeviceCustomFloatingPoint3","DeviceCustomFloatingPoint3Label","DeviceCustomFloatingPoint4","DeviceCustomFloatingPoint4Label","DeviceCustomIPv6Address1","DeviceCustomIPv6Address1Label","DeviceCustomIPv6Address3","DeviceCustomIPv6Address3Label","DeviceCustomIPv6Address4","DeviceCustomIPv6Address4Label","DeviceCustomNumber2","DeviceCustomNumber2Label","DeviceCustomNumber3","DeviceCustomString1","DeviceCustomNumber3Label","DeviceCustomString1Label","DeviceCustomString2","DeviceCustomString2Label","DeviceCustomString3","DeviceCustomString3Label","DeviceCustomString4","DeviceCustomString4Label","DeviceCustomString5","DeviceCustomString5Label","DeviceCustomString6","DeviceCustomString6Label","FlexDate1","FlexDate1Label","FlexNumber1","FlexNumber1Label","FlexNumber2","FlexNumber2Label","FlexString1","FlexString1Label","FlexString2","timestamp_just_added","timestamp_profiling_finished"],"ServiceID":"7a75f41d-313b-4f68-a99d-6427546cc799","StartTime":1760060674886,"Timestamp":1760060674887,"BaseEvents":[{"N":{"KL_CorrelationRulePriority":1},"ID":"7ff402c5-e8d0-4073-85d9-65b3edddd0fa","Name":"Connection. Inbound connection from external host using management ports","Type":3,"EndTime":1759563547110,"Message":"Connection Failed","Priority":1,"Severity":"notice","TenantID":"3d6c4203-7328-4fb2-98fa-f37d385ffbde","GroupedBy":["Message","DeviceAddress","DeviceHostName","SourceAddress","SourceHostName","SourceUserName","DestinationAddress","DestinationHostName","DestinationUserName","ApplicationProtocol","TransportProtocol","BytesIn","BytesOut","DeviceAction","DeviceAssetID","DeviceCity","DeviceCountry","DeviceDirection","DeviceDnsDomain","DeviceEventCategory","DeviceEventClassID","DeviceExternalID","DeviceFacility","DeviceHostName","DeviceInboundInterface","DeviceLatitude","DeviceLongitude","DeviceMacAddress","DeviceNtDomain","DeviceOutboundInterface","DevicePayloadID","DeviceProcessID","DeviceProcessName","DeviceReceiptTime","DeviceRegion","DeviceTimeZone","DeviceTranslatedAddress","DeviceVersion","EventOutcome","Reason","Severity","SourceAccountID","SourceAssetID","SourceCity","SourceCountry","SourceDnsDomain","SourceLatitude","SourceLongitude","SourceMacAddress","SourceNtDomain","SourcePort","SourceProcessID","SourceProcessName","SourceRegion","SourceServiceName","SourceTranslatedAddress","SourceTranslatedPort","SourceUserID","SourceUserPrivileges","DestinationAccountID","DestinationAssetID","DestinationCity","DestinationCountry","DestinationDnsDomain","DestinationLatitude","DestinationLongitude","DestinationMacAddress","DestinationNtDomain","DestinationPort","DestinationProcessID","DestinationProcessName","DestinationRegion","DestinationServiceName","DestinationTranslatedAddress","DestinationTranslatedPort","DestinationUserID","DestinationUserPrivileges","RequestClientApplication","RequestContext","RequestCookies","RequestMethod","RequestUrl","FileCreateTime","FileHash","FileID","FileModificationTime","FileName","FilePath","FilePermission","FileSize","FileType","OldFileCreateTime","OldFileHash","OldFileID","OldFileModificationTime","OldFileName","OldFilePath","OldFilePermission","OldFileSize","OldFileType","DeviceCustomDate1","DeviceCustomDate2","DeviceCustomFloatingPoint1","DeviceCustomFloatingPoint2","DeviceCustomFloatingPoint2Label","DeviceCustomFloatingPoint3","DeviceCustomFloatingPoint3Label","DeviceCustomFloatingPoint4","DeviceCustomFloatingPoint4Label","DeviceCustomIPv6Address1","DeviceCustomIPv6Address1Label","DeviceCustomIPv6Address3","DeviceCustomIPv6Address3Label","DeviceCustomIPv6Address4","DeviceCustomIPv6Address4Label","DeviceCustomNumber2","DeviceCustomNumber2Label","DeviceCustomNumber3","DeviceCustomString1","DeviceCustomNumber3Label","DeviceCustomString1Label","DeviceCustomString2","DeviceCustomString2Label","DeviceCustomString3","DeviceCustomString3Label","DeviceCustomString4","DeviceCustomString4Label","DeviceCustomString5","DeviceCustomString5Label","DeviceCustomString6","DeviceCustomString6Label","FlexDate1","FlexDate1Label","FlexNumber1","FlexNumber1Label","FlexNumber2","FlexNumber2Label","FlexString1","FlexString1Label","FlexString2"],"ServiceID":"7a75f41d-313b-4f68-a99d-6427546cc799","StartTime":1759563547110,"Timestamp":1760060674886,"BaseEvents":[{"ID":"8d439ddd-7bad-4b21-9a8a-79086b6f613f","Name":"traffic","Type":1,"EndTime":1759531146000,"Message":"Connection Failed","Priority":0,"Severity":"notice","TenantID":"3d6c4203-7328-4fb2-98fa-f37d385ffbde","ServiceID":"71d3be03-d996-4ec6-a03d-223288e5abc8","Timestamp":1759563547110,"ExternalID":"62802678","SourcePort":16316,"ServiceName":"Fortigate","DeviceAction":"deny","DeviceVendor":"Fortninet","DeviceAddress":"192.168.51.14","DeviceProduct":"Fortigate","SourceAddress":"34.229.176.160","DeviceHostName":"windu","DeviceTimeZone":"+02:00","DestinationPort":3389,"DeviceExternalID":"FGT60FTK22032234","DeviceReceiptTime":1759563547110,"TransportProtocol":"6","DestinationAddress":"192.168.1.222","DeviceEventClassID":"local","ApplicationProtocol":"RDP","DeviceCustomString1":"local-in-policy","DeviceEventCategory":"traffic","DeviceInboundInterface":"wan2","DeviceOutboundInterface":"root","DeviceCustomNumber1Label":"duration","DeviceCustomNumber2Label":"policyid","DeviceCustomString1Label":"policytype"}],"SourcePort":16316,"ServiceName":"[OOTB] Correlator","DeviceAction":"deny","DeviceVendor":"Kaspersky","DeviceAddress":"192.168.51.14","DeviceProduct":"KUMA","SourceAddress":"34.229.176.160","BaseEventCount":1,"DeviceHostName":"windu","DeviceTimeZone":"+02:00","DestinationPort":3389,"DeviceExternalID":"FGT60FTK22032234","CorrelationRuleID":"83fea516-0ec2-4fd2-96c0-1136c65378bb","DeviceReceiptTime":1759563547110,"TransportProtocol":"6","DestinationAddress":"192.168.1.222","DeviceEventClassID":"local","ApplicationProtocol":"RDP","CorrelationRuleName":"Connection. Inbound connection from external host using management ports","DeviceCustomString1":"local-in-policy","DeviceEventCategory":"traffic","DeviceInboundInterface":"wan2","DeviceOutboundInterface":"root","DeviceCustomNumber2Label":"policyid","DeviceCustomString1Label":"policytype"}],"ExternalID":"R445_05","SourcePort":16316,"ServiceName":"[OOTB] Correlator","DeviceAction":"deny","DeviceVendor":"Kaspersky","DeviceAddress":"192.168.51.14","DeviceProduct":"KUMA","SourceAddress":"34.229.176.160","BaseEventCount":1,"DeviceHostName":"windu","DeviceTimeZone":"+02:00","DestinationPort":3389,"DeviceExternalID":"FGT60FTK22032234","CorrelationRuleID":"4eeda10b-8ef6-4725-846d-62b00bfa7561","DeviceReceiptTime":1759563547110,"TransportProtocol":"6","DestinationAddress":"192.168.1.222","DeviceEventClassID":"local","ApplicationProtocol":"RDP","CorrelationRuleName":"R445_05_Inbound connection from external host via management port","DeviceCustomString1":"local-in-policy","DeviceEventCategory":"traffic","DestinationServiceName":"RDP","DeviceInboundInterface":"wan2","DeviceOutboundInterface":"root","DeviceCustomNumber2Label":"policyid","DeviceCustomString1Label":"policytype"}],"Rules":[{"Confidence":"medium","Custom":false,"ID":"4eeda10b-8ef6-4725-846d-62b00bfa7561","Name":"R445_05_Inbound connection from external host via management port","Severity":"medium","Type":""}],"Severity":"low","SourceCreatedAt":"2025-10-10T01:44:34.887Z","SourceID":"c367f540-a685-4f0a-9d2e-b0f74cee6d93","Status":"new","StatusChangedAt":"2025-10-10T01:44:34.964Z","StatusResolution":"","TenantID":"3d6c4203-7328-4fb2-98fa-f37d385ffbde","UpdatedAt":"2025-10-10T01:44:34.964Z"},{"Assets":null,"Assignee":{"ID":"nobody","Name":"Not assigned","Type":""},"CreatedAt":"2025-10-10T01:47:09.994Z","DetectionTechnologies":null,"ExternalRef":"","Extra":null,"FirstEventTime":"2025-10-10T01:47:09.585Z","HistoryRecords":null,"ID":18925,"IncidentID":"","IncidentLinkType":"","InternalID":"66cbbc91-49b9-4ed5-b708-1528264a73ec","IsCII":false,"LastEventTime":"2025-10-10T01:47:09.875Z","MITRETactics":null,"MITRETechniques":null,"Name":"R445_05_Inbound connection from external host via management port","Observables":[{"Details":"","Type":"ip","Value":"196.251.114.52"},{"Details":"","Type":"hostname","Value":"windu"}],"OriginalEvents":[{"N":{"KL_CorrelationRulePriority":1},"ID":"66cbbc91-49b9-4ed5-b708-1528264a73ec","Name":"R445_05_Inbound connection from external host via management port","Type":3,"EndTime":1760060829874,"Message":"The external host 196.251.114.52 remotely connected to the internal node 192.168.1.222 on port 22 using the remote administration tool: SSH","Priority":1,"Severity":"notice","TenantID":"3d6c4203-7328-4fb2-98fa-f37d385ffbde","GroupedBy":["Message","DeviceAddress","DeviceHostName","SourceAddress","SourceHostName","SourceUserName","DestinationAddress","DestinationHostName","DestinationUserName","ApplicationProtocol","TransportProtocol","BytesIn","BytesOut","DeviceAction","DeviceAssetID","DeviceCity","DeviceCountry","DeviceDirection","DeviceDnsDomain","DeviceEventCategory","DeviceEventClassID","DeviceExternalID","DeviceFacility","DeviceHostName","DeviceInboundInterface","DeviceLatitude","DeviceLongitude","DeviceMacAddress","DeviceNtDomain","DeviceOutboundInterface","DevicePayloadID","DeviceProcessID","DeviceProcessName","DeviceReceiptTime","DeviceRegion","DeviceTimeZone","DeviceTranslatedAddress","DeviceVersion","EventOutcome","Reason","Severity","SourceAccountID","SourceAssetID","SourceCity","SourceCountry","SourceDnsDomain","SourceLatitude","SourceLongitude","SourceMacAddress","SourceNtDomain","SourcePort","SourceProcessID","SourceProcessName","SourceRegion","SourceServiceName","SourceTranslatedAddress","SourceTranslatedPort","SourceUserID","SourceUserPrivileges","DestinationAccountID","DestinationAssetID","DestinationCity","DestinationCountry","DestinationDnsDomain","DestinationLatitude","DestinationLongitude","DestinationMacAddress","DestinationNtDomain","DestinationPort","DestinationProcessID","DestinationProcessName","DestinationRegion","DestinationServiceName","DestinationTranslatedAddress","DestinationTranslatedPort","DestinationUserID","DestinationUserPrivileges","RequestClientApplication","RequestContext","RequestCookies","RequestMethod","RequestUrl","FileCreateTime","FileHash","FileID","FileModificationTime","FileName","FilePath","FilePermission","FileSize","FileType","OldFileCreateTime","OldFileHash","OldFileID","OldFileModificationTime","OldFileName","OldFilePath","OldFilePermission","OldFileSize","OldFileType","DeviceCustomDate1","DeviceCustomDate2","DeviceCustomFloatingPoint1","DeviceCustomFloatingPoint2","DeviceCustomFloatingPoint2Label","DeviceCustomFloatingPoint3","DeviceCustomFloatingPoint3Label","DeviceCustomFloatingPoint4","DeviceCustomFloatingPoint4Label","DeviceCustomIPv6Address1","DeviceCustomIPv6Address1Label","DeviceCustomIPv6Address3","DeviceCustomIPv6Address3Label","DeviceCustomIPv6Address4","DeviceCustomIPv6Address4Label","DeviceCustomNumber2","DeviceCustomNumber2Label","DeviceCustomNumber3","DeviceCustomString1","DeviceCustomNumber3Label","DeviceCustomString1Label","DeviceCustomString2","DeviceCustomString2Label","DeviceCustomString3","DeviceCustomString3Label","DeviceCustomString4","DeviceCustomString4Label","DeviceCustomString5","DeviceCustomString5Label","DeviceCustomString6","DeviceCustomString6Label","FlexDate1","FlexDate1Label","FlexNumber1","FlexNumber1Label","FlexNumber2","FlexNumber2Label","FlexString1","FlexString1Label","FlexString2","timestamp_just_added","timestamp_profiling_finished"],"ServiceID":"7a75f41d-313b-4f68-a99d-6427546cc799","StartTime":1760060829874,"Timestamp":1760060829875,"BaseEvents":[{"N":{"KL_CorrelationRulePriority":1},"ID":"74d7f7a2-4f05-4871-bc46-a1a8c3e3eafc","Name":"Connection. Inbound connection from external host using management ports","Type":3,"EndTime":1760060829586,"Message":"Connection Failed","Priority":1,"Severity":"notice","TenantID":"3d6c4203-7328-4fb2-98fa-f37d385ffbde","GroupedBy":["Message","DeviceAddress","DeviceHostName","SourceAddress","SourceHostName","SourceUserName","DestinationAddress","DestinationHostName","DestinationUserName","ApplicationProtocol","TransportProtocol","BytesIn","BytesOut","DeviceAction","DeviceAssetID","DeviceCity","DeviceCountry","DeviceDirection","DeviceDnsDomain","DeviceEventCategory","DeviceEventClassID","DeviceExternalID","DeviceFacility","DeviceHostName","DeviceInboundInterface","DeviceLatitude","DeviceLongitude","DeviceMacAddress","DeviceNtDomain","DeviceOutboundInterface","DevicePayloadID","DeviceProcessID","DeviceProcessName","DeviceReceiptTime","DeviceRegion","DeviceTimeZone","DeviceTranslatedAddress","DeviceVersion","EventOutcome","Reason","Severity","SourceAccountID","SourceAssetID","SourceCity","SourceCountry","SourceDnsDomain","SourceLatitude","SourceLongitude","SourceMacAddress","SourceNtDomain","SourcePort","SourceProcessID","SourceProcessName","SourceRegion","SourceServiceName","SourceTranslatedAddress","SourceTranslatedPort","SourceUserID","SourceUserPrivileges","DestinationAccountID","DestinationAssetID","DestinationCity","DestinationCountry","DestinationDnsDomain","DestinationLatitude","DestinationLongitude","DestinationMacAddress","DestinationNtDomain","DestinationPort","DestinationProcessID","DestinationProcessName","DestinationRegion","DestinationServiceName","DestinationTranslatedAddress","DestinationTranslatedPort","DestinationUserID","DestinationUserPrivileges","RequestClientApplication","RequestContext","RequestCookies","RequestMethod","RequestUrl","FileCreateTime","FileHash","FileID","FileModificationTime","FileName","FilePath","FilePermission","FileSize","FileType","OldFileCreateTime","OldFileHash","OldFileID","OldFileModificationTime","OldFileName","OldFilePath","OldFilePermission","OldFileSize","OldFileType","DeviceCustomDate1","DeviceCustomDate2","DeviceCustomFloatingPoint1","DeviceCustomFloatingPoint2","DeviceCustomFloatingPoint2Label","DeviceCustomFloatingPoint3","DeviceCustomFloatingPoint3Label","DeviceCustomFloatingPoint4","DeviceCustomFloatingPoint4Label","DeviceCustomIPv6Address1","DeviceCustomIPv6Address1Label","DeviceCustomIPv6Address3","DeviceCustomIPv6Address3Label","DeviceCustomIPv6Address4","DeviceCustomIPv6Address4Label","DeviceCustomNumber2","DeviceCustomNumber2Label","DeviceCustomNumber3","DeviceCustomString1","DeviceCustomNumber3Label","DeviceCustomString1Label","DeviceCustomString2","DeviceCustomString2Label","DeviceCustomString3","DeviceCustomString3Label","DeviceCustomString4","DeviceCustomString4Label","DeviceCustomString5","DeviceCustomString5Label","DeviceCustomString6","DeviceCustomString6Label","FlexDate1","FlexDate1Label","FlexNumber1","FlexNumber1Label","FlexNumber2","FlexNumber2Label","FlexString1","FlexString1Label","FlexString2"],"ServiceID":"7a75f41d-313b-4f68-a99d-6427546cc799","StartTime":1760060829586,"Timestamp":1760060829874,"BaseEvents":[{"ID":"0716e45f-0c1b-4a48-a57d-d16265148e42","Name":"traffic","Type":1,"EndTime":1760060829000,"Message":"Connection Failed","Priority":0,"Severity":"notice","TenantID":"3d6c4203-7328-4fb2-98fa-f37d385ffbde","ServiceID":"71d3be03-d996-4ec6-a03d-223288e5abc8","Timestamp":1760060829586,"ExternalID":"71811327","SourcePort":40695,"ServiceName":"Fortigate","DeviceAction":"deny","DeviceVendor":"Fortninet","DeviceAddress":"192.168.51.14","DeviceProduct":"Fortigate","SourceAddress":"196.251.114.52","DeviceHostName":"windu","DeviceTimeZone":"+02:00","DestinationPort":22,"DeviceExternalID":"FGT60FTK22032234","DeviceReceiptTime":1760060829586,"TransportProtocol":"6","DestinationAddress":"192.168.1.222","DeviceEventClassID":"local","ApplicationProtocol":"SSH","DeviceCustomString1":"local-in-policy","DeviceEventCategory":"traffic","DeviceInboundInterface":"wan2","DeviceOutboundInterface":"root","DeviceCustomNumber1Label":"duration","DeviceCustomNumber2Label":"policyid","DeviceCustomString1Label":"policytype"}],"SourcePort":40695,"ServiceName":"[OOTB] Correlator","DeviceAction":"deny","DeviceVendor":"Kaspersky","DeviceAddress":"192.168.51.14","DeviceProduct":"KUMA","SourceAddress":"196.251.114.52","BaseEventCount":1,"DeviceHostName":"windu","DeviceTimeZone":"+02:00","DestinationPort":22,"DeviceExternalID":"FGT60FTK22032234","CorrelationRuleID":"83fea516-0ec2-4fd2-96c0-1136c65378bb","DeviceReceiptTime":1760060829586,"TransportProtocol":"6","DestinationAddress":"192.168.1.222","DeviceEventClassID":"local","ApplicationProtocol":"SSH","CorrelationRuleName":"Connection. Inbound connection from external host using management ports","DeviceCustomString1":"local-in-policy","DeviceEventCategory":"traffic","DeviceInboundInterface":"wan2","DeviceOutboundInterface":"root","DeviceCustomNumber2Label":"policyid","DeviceCustomString1Label":"policytype"}],"ExternalID":"R445_05","SourcePort":40695,"ServiceName":"[OOTB] Correlator","DeviceAction":"deny","DeviceVendor":"Kaspersky","DeviceAddress":"192.168.51.14","DeviceProduct":"KUMA","SourceAddress":"196.251.114.52","BaseEventCount":1,"DeviceHostName":"windu","DeviceTimeZone":"+02:00","DestinationPort":22,"DeviceExternalID":"FGT60FTK22032234","CorrelationRuleID":"4eeda10b-8ef6-4725-846d-62b00bfa7561","DeviceReceiptTime":1760060829586,"TransportProtocol":"6","DestinationAddress":"192.168.1.222","DeviceEventClassID":"local","ApplicationProtocol":"SSH","CorrelationRuleName":"R445_05_Inbound connection from external host via management port","DeviceCustomString1":"local-in-policy","DeviceEventCategory":"traffic","DestinationServiceName":"SSH","DeviceInboundInterface":"wan2","DeviceOutboundInterface":"root","DeviceCustomNumber2Label":"policyid","DeviceCustomString1Label":"policytype"}],"Rules":[{"Confidence":"medium","Custom":false,"ID":"4eeda10b-8ef6-4725-846d-62b00bfa7561","Name":"R445_05_Inbound connection from external host via management port","Severity":"medium","Type":""}],"Severity":"low","SourceCreatedAt":"2025-10-10T01:47:09.875Z","SourceID":"66cbbc91-49b9-4ed5-b708-1528264a73ec","Status":"new","StatusChangedAt":"2025-10-10T01:47:09.994Z","StatusResolution":"","TenantID":"3d6c4203-7328-4fb2-98fa-f37d385ffbde","UpdatedAt":"2025-10-10T01:47:09.994Z"},{"Assets":null,"Assignee":{"ID":"nobody","Name":"Not assigned","Type":""},"CreatedAt":"2025-10-10T01:54:05.046Z","DetectionTechnologies":null,"ExternalRef":"","Extra":null,"FirstEventTime":"2025-10-10T01:54:00.47Z","HistoryRecords":null,"ID":18928,"IncidentID":"","IncidentLinkType":"","InternalID":"cdf4d34f-9f6e-4d88-b104-66e12c480389","IsCII":false,"LastEventTime":"2025-10-10T01:54:09.989Z","MITRETactics":null,"MITRETechniques":null,"Name":"R445_03_Inbound connection from external host via SMB, RPC port","Observables":[{"Details":"","Type":"ip","Value":"43.248.154.227"},{"Details":"","Type":"hostname","Value":"windu"},{"Details":"","Type":"ip","Value":"113.161.104.10"}],"OriginalEvents":[{"N":{"KL_CorrelationRulePriority":1},"ID":"cdf4d34f-9f6e-4d88-b104-66e12c480389","Name":"R445_03_Inbound connection from external host via SMB, RPC port","Type":3,"EndTime":1760061244948,"Message":"The external host 43.248.154.227 remotely connected to the internal node 192.168.1.222 on port 445 which is used in SMB, RPC protocols: Microsoft-DS (Directory Services) SMB file sharing","Priority":1,"Severity":"notice","TenantID":"3d6c4203-7328-4fb2-98fa-f37d385ffbde","GroupedBy":["Message","DeviceAddress","DeviceHostName","SourceAddress","SourceHostName","SourceUserName","DestinationAddress","DestinationHostName","DestinationUserName","ApplicationProtocol","TransportProtocol","BytesIn","BytesOut","DeviceAction","DeviceAssetID","DeviceCity","DeviceCountry","DeviceDirection","DeviceDnsDomain","DeviceEventCategory","DeviceEventClassID","DeviceExternalID","DeviceFacility","DeviceHostName","DeviceInboundInterface","DeviceLatitude","DeviceLongitude","DeviceMacAddress","DeviceNtDomain","DeviceOutboundInterface","DevicePayloadID","DeviceProcessID","DeviceProcessName","DeviceReceiptTime","DeviceRegion","DeviceTimeZone","DeviceTranslatedAddress","DeviceVersion","EventOutcome","Reason","Severity","SourceAccountID","SourceAssetID","SourceCity","SourceCountry","SourceDnsDomain","SourceLatitude","SourceLongitude","SourceMacAddress","SourceNtDomain","SourcePort","SourceProcessID","SourceProcessName","SourceRegion","SourceServiceName","SourceTranslatedAddress","SourceTranslatedPort","SourceUserID","SourceUserPrivileges","DestinationAccountID","DestinationAssetID","DestinationCity","DestinationCountry","DestinationDnsDomain","DestinationLatitude","DestinationLongitude","DestinationMacAddress","DestinationNtDomain","DestinationPort","DestinationProcessID","DestinationProcessName","DestinationRegion","DestinationServiceName","DestinationTranslatedAddress","DestinationTranslatedPort","DestinationUserID","DestinationUserPrivileges","RequestClientApplication","RequestContext","RequestCookies","RequestMethod","RequestUrl","FileCreateTime","FileHash","FileID","FileModificationTime","FileName","FilePath","FilePermission","FileSize","FileType","OldFileCreateTime","OldFileHash","OldFileID","OldFileModificationTime","OldFileName","OldFilePath","OldFilePermission","OldFileSize","OldFileType","DeviceCustomDate1","DeviceCustomDate2","DeviceCustomFloatingPoint1","DeviceCustomFloatingPoint2","DeviceCustomFloatingPoint2Label","DeviceCustomFloatingPoint3","DeviceCustomFloatingPoint3Label","DeviceCustomFloatingPoint4","DeviceCustomFloatingPoint4Label","DeviceCustomIPv6Address1","DeviceCustomIPv6Address1Label","DeviceCustomIPv6Address3","DeviceCustomIPv6Address3Label","DeviceCustomIPv6Address4","DeviceCustomIPv6Address4Label","DeviceCustomNumber2","DeviceCustomNumber2Label","DeviceCustomNumber3","DeviceCustomString1","DeviceCustomNumber3Label","DeviceCustomString1Label","DeviceCustomString2","DeviceCustomString2Label","DeviceCustomString3","DeviceCustomString3Label","DeviceCustomString4","DeviceCustomString4Label","DeviceCustomString5","DeviceCustomString5Label","DeviceCustomString6","DeviceCustomString6Label","FlexDate1","FlexDate1Label","FlexNumber1","FlexNumber1Label","FlexNumber2","FlexNumber2Label","FlexString1","FlexString1Label","FlexString2","timestamp_just_added","timestamp_profiling_finished"],"ServiceID":"7a75f41d-313b-4f68-a99d-6427546cc799","StartTime":1760061244948,"Timestamp":1760061244950,"BaseEvents":[{"N":{"KL_CorrelationRulePriority":1},"ID":"74b8f6f4-76b8-4370-9103-29825d8c90eb","Name":"Connection. Inbound connection from external host using SMB, RPC ports","Type":3,"EndTime":1760061240471,"Message":"Connection Failed","Priority":1,"Severity":"notice","TenantID":"3d6c4203-7328-4fb2-98fa-f37d385ffbde","GroupedBy":["Message","DeviceAddress","DeviceHostName","SourceAddress","SourceHostName","SourceUserName","DestinationAddress","DestinationHostName","DestinationUserName","ApplicationProtocol","TransportProtocol","BytesIn","BytesOut","DeviceAction","DeviceAssetID","DeviceCity","DeviceCountry","DeviceDirection","DeviceDnsDomain","DeviceEventCategory","DeviceEventClassID","DeviceExternalID","DeviceFacility","DeviceHostName","DeviceInboundInterface","DeviceLatitude","DeviceLongitude","DeviceMacAddress","DeviceNtDomain","DeviceOutboundInterface","DevicePayloadID","DeviceProcessID","DeviceProcessName","DeviceReceiptTime","DeviceRegion","DeviceTimeZone","DeviceTranslatedAddress","DeviceVersion","EventOutcome","Reason","Severity","SourceAccountID","SourceAssetID","SourceCity","SourceCountry","SourceDnsDomain","SourceLatitude","SourceLongitude","SourceMacAddress","SourceNtDomain","SourcePort","SourceProcessID","SourceProcessName","SourceRegion","SourceServiceName","SourceTranslatedAddress","SourceTranslatedPort","SourceUserID","SourceUserPrivileges","DestinationAccountID","DestinationAssetID","DestinationCity","DestinationCountry","DestinationDnsDomain","DestinationLatitude","DestinationLongitude","DestinationMacAddress","DestinationNtDomain","DestinationPort","DestinationProcessID","DestinationProcessName","DestinationRegion","DestinationServiceName","DestinationTranslatedAddress","DestinationTranslatedPort","DestinationUserID","DestinationUserPrivileges","RequestClientApplication","RequestContext","RequestCookies","RequestMethod","RequestUrl","FileCreateTime","FileHash","FileID","FileModificationTime","FileName","FilePath","FilePermission","FileSize","FileType","OldFileCreateTime","OldFileHash","OldFileID","OldFileModificationTime","OldFileName","OldFilePath","OldFilePermission","OldFileSize","OldFileType","DeviceCustomDate1","DeviceCustomDate2","DeviceCustomFloatingPoint1","DeviceCustomFloatingPoint2","DeviceCustomFloatingPoint2Label","DeviceCustomFloatingPoint3","DeviceCustomFloatingPoint3Label","DeviceCustomFloatingPoint4","DeviceCustomFloatingPoint4Label","DeviceCustomIPv6Address1","DeviceCustomIPv6Address1Label","DeviceCustomIPv6Address3","DeviceCustomIPv6Address3Label","DeviceCustomIPv6Address4","DeviceCustomIPv6Address4Label","DeviceCustomNumber2","DeviceCustomNumber2Label","DeviceCustomNumber3","DeviceCustomString1","DeviceCustomNumber3Label","DeviceCustomString1Label","DeviceCustomString2","DeviceCustomString2Label","DeviceCustomString3","DeviceCustomString3Label","DeviceCustomString4","DeviceCustomString4Label","DeviceCustomString5","DeviceCustomString5Label","DeviceCustomString6","DeviceCustomString6Label","FlexDate1","FlexDate1Label","FlexNumber1","FlexNumber1Label","FlexNumber2","FlexNumber2Label","FlexString1","FlexString1Label","FlexString2"],"ServiceID":"7a75f41d-313b-4f68-a99d-6427546cc799","StartTime":1760061240471,"Timestamp":1760061244948,"BaseEvents":[{"ID":"c4c3cdc4-fea2-48cc-b59a-1d790d0fec95","Name":"traffic","Type":1,"EndTime":1760061240000,"Message":"Connection Failed","Priority":0,"Severity":"notice","TenantID":"3d6c4203-7328-4fb2-98fa-f37d385ffbde","ServiceID":"71d3be03-d996-4ec6-a03d-223288e5abc8","Timestamp":1760061240471,"ExternalID":"71821360","SourcePort":51352,"ServiceName":"Fortigate","DeviceAction":"deny","DeviceVendor":"Fortninet","DeviceAddress":"192.168.51.14","DeviceProduct":"Fortigate","SourceAddress":"43.248.154.227","DeviceHostName":"windu","DeviceTimeZone":"+02:00","DestinationPort":445,"DeviceExternalID":"FGT60FTK22032234","DeviceReceiptTime":1760061240471,"TransportProtocol":"6","DestinationAddress":"192.168.1.222","DeviceEventClassID":"local","ApplicationProtocol":"SMB","DeviceCustomString1":"local-in-policy","DeviceEventCategory":"traffic","DeviceInboundInterface":"wan2","DeviceOutboundInterface":"root","DeviceCustomNumber1Label":"duration","DeviceCustomNumber2Label":"policyid","DeviceCustomString1Label":"policytype"}],"SourcePort":51352,"ServiceName":"[OOTB] Correlator","DeviceAction":"deny","DeviceVendor":"Kaspersky","DeviceAddress":"192.168.51.14","DeviceProduct":"KUMA","SourceAddress":"43.248.154.227","BaseEventCount":1,"DeviceHostName":"windu","DeviceTimeZone":"+02:00","DestinationPort":445,"DeviceExternalID":"FGT60FTK22032234","CorrelationRuleID":"e2a20430-e50f-4f70-8970-8c799793a934","DeviceReceiptTime":1760061240471,"TransportProtocol":"6","DestinationAddress":"192.168.1.222","DeviceEventClassID":"local","ApplicationProtocol":"SMB","CorrelationRuleName":"Connection. Inbound connection from external host using SMB, RPC ports","DeviceCustomString1":"local-in-policy","DeviceEventCategory":"traffic","DeviceInboundInterface":"wan2","DeviceOutboundInterface":"root","DeviceCustomNumber2Label":"policyid","DeviceCustomString1Label":"policytype"}],"ExternalID":"R445_03","SourcePort":51352,"ServiceName":"[OOTB] Correlator","DeviceAction":"deny","DeviceVendor":"Kaspersky","DeviceAddress":"192.168.51.14","DeviceProduct":"KUMA","SourceAddress":"43.248.154.227","BaseEventCount":1,"DeviceHostName":"windu","DeviceTimeZone":"+02:00","DestinationPort":445,"DeviceExternalID":"FGT60FTK22032234","CorrelationRuleID":"49182bb8-1dd3-44cd-b561-101a5bd0e58d","DeviceReceiptTime":1760061240471,"TransportProtocol":"6","DestinationAddress":"192.168.1.222","DeviceEventClassID":"local","ApplicationProtocol":"SMB","CorrelationRuleName":"R445_03_Inbound connection from external host via SMB, RPC port","DeviceCustomString1":"local-in-policy","DeviceEventCategory":"traffic","DestinationServiceName":"Microsoft-DS (Directory Services) SMB file sharing","DeviceInboundInterface":"wan2","DeviceOutboundInterface":"root","DeviceCustomNumber2Label":"policyid","DeviceCustomString1Label":"policytype"},{"N":{"KL_CorrelationRulePriority":1},"ID":"30fa423d-c55e-400a-81bb-6da3d7ef7b91","Name":"R445_03_Inbound connection from external host via SMB, RPC port","Type":3,"EndTime":1760061249988,"Message":"The external host 113.161.104.10 remotely connected to the internal node 192.168.1.222 on port 445 which is used in SMB, RPC protocols: Microsoft-DS (Directory Services) SMB file sharing","Priority":1,"Severity":"notice","TenantID":"3d6c4203-7328-4fb2-98fa-f37d385ffbde","GroupedBy":["Message","DeviceAddress","DeviceHostName","SourceAddress","SourceHostName","SourceUserName","DestinationAddress","DestinationHostName","DestinationUserName","ApplicationProtocol","TransportProtocol","BytesIn","BytesOut","DeviceAction","DeviceAssetID","DeviceCity","DeviceCountry","DeviceDirection","DeviceDnsDomain","DeviceEventCategory","DeviceEventClassID","DeviceExternalID","DeviceFacility","DeviceHostName","DeviceInboundInterface","DeviceLatitude","DeviceLongitude","DeviceMacAddress","DeviceNtDomain","DeviceOutboundInterface","DevicePayloadID","DeviceProcessID","DeviceProcessName","DeviceReceiptTime","DeviceRegion","DeviceTimeZone","DeviceTranslatedAddress","DeviceVersion","EventOutcome","Reason","Severity","SourceAccountID","SourceAssetID","SourceCity","SourceCountry","SourceDnsDomain","SourceLatitude","SourceLongitude","SourceMacAddress","SourceNtDomain","SourcePort","SourceProcessID","SourceProcessName","SourceRegion","SourceServiceName","SourceTranslatedAddress","SourceTranslatedPort","SourceUserID","SourceUserPrivileges","DestinationAccountID","DestinationAssetID","DestinationCity","DestinationCountry","DestinationDnsDomain","DestinationLatitude","DestinationLongitude","DestinationMacAddress","DestinationNtDomain","DestinationPort","DestinationProcessID","DestinationProcessName","DestinationRegion","DestinationServiceName","DestinationTranslatedAddress","DestinationTranslatedPort","DestinationUserID","DestinationUserPrivileges","RequestClientApplication","RequestContext","RequestCookies","RequestMethod","RequestUrl","FileCreateTime","FileHash","FileID","FileModificationTime","FileName","FilePath","FilePermission","FileSize","FileType","OldFileCreateTime","OldFileHash","OldFileID","OldFileModificationTime","OldFileName","OldFilePath","OldFilePermission","OldFileSize","OldFileType","DeviceCustomDate1","DeviceCustomDate2","DeviceCustomFloatingPoint1","DeviceCustomFloatingPoint2","DeviceCustomFloatingPoint2Label","DeviceCustomFloatingPoint3","DeviceCustomFloatingPoint3Label","DeviceCustomFloatingPoint4","DeviceCustomFloatingPoint4Label","DeviceCustomIPv6Address1","DeviceCustomIPv6Address1Label","DeviceCustomIPv6Address3","DeviceCustomIPv6Address3Label","DeviceCustomIPv6Address4","DeviceCustomIPv6Address4Label","DeviceCustomNumber2","DeviceCustomNumber2Label","DeviceCustomNumber3","DeviceCustomString1","DeviceCustomNumber3Label","DeviceCustomString1Label","DeviceCustomString2","DeviceCustomString2Label","DeviceCustomString3","DeviceCustomString3Label","DeviceCustomString4","DeviceCustomString4Label","DeviceCustomString5","DeviceCustomString5Label","DeviceCustomString6","DeviceCustomString6Label","FlexDate1","FlexDate1Label","FlexNumber1","FlexNumber1Label","FlexNumber2","FlexNumber2Label","FlexString1","FlexString1Label","FlexString2","timestamp_just_added","timestamp_profiling_finished"],"ServiceID":"7a75f41d-313b-4f68-a99d-6427546cc799","StartTime":1760061249988,"Timestamp":1760061249989,"BaseEvents":[{"N":{"KL_CorrelationRulePriority":1},"ID":"551b6e37-6a52-4fe0-a188-75e8644326d3","Name":"Connection. Inbound connection from external host using SMB, RPC ports","Type":3,"EndTime":1760061249591,"Message":"Connection Failed","Priority":1,"Severity":"notice","TenantID":"3d6c4203-7328-4fb2-98fa-f37d385ffbde","GroupedBy":["Message","DeviceAddress","DeviceHostName","SourceAddress","SourceHostName","SourceUserName","DestinationAddress","DestinationHostName","DestinationUserName","ApplicationProtocol","TransportProtocol","BytesIn","BytesOut","DeviceAction","DeviceAssetID","DeviceCity","DeviceCountry","DeviceDirection","DeviceDnsDomain","DeviceEventCategory","DeviceEventClassID","DeviceExternalID","DeviceFacility","DeviceHostName","DeviceInboundInterface","DeviceLatitude","DeviceLongitude","DeviceMacAddress","DeviceNtDomain","DeviceOutboundInterface","DevicePayloadID","DeviceProcessID","DeviceProcessName","DeviceReceiptTime","DeviceRegion","DeviceTimeZone","DeviceTranslatedAddress","DeviceVersion","EventOutcome","Reason","Severity","SourceAccountID","SourceAssetID","SourceCity","SourceCountry","SourceDnsDomain","SourceLatitude","SourceLongitude","SourceMacAddress","SourceNtDomain","SourcePort","SourceProcessID","SourceProcessName","SourceRegion","SourceServiceName","SourceTranslatedAddress","SourceTranslatedPort","SourceUserID","SourceUserPrivileges","DestinationAccountID","DestinationAssetID","DestinationCity","DestinationCountry","DestinationDnsDomain","DestinationLatitude","DestinationLongitude","DestinationMacAddress","DestinationNtDomain","DestinationPort","DestinationProcessID","DestinationProcessName","DestinationRegion","DestinationServiceName","DestinationTranslatedAddress","DestinationTranslatedPort","DestinationUserID","DestinationUserPrivileges","RequestClientApplication","RequestContext","RequestCookies","RequestMethod","RequestUrl","FileCreateTime","FileHash","FileID","FileModificationTime","FileName","FilePath","FilePermission","FileSize","FileType","OldFileCreateTime","OldFileHash","OldFileID","OldFileModificationTime","OldFileName","OldFilePath","OldFilePermission","OldFileSize","OldFileType","DeviceCustomDate1","DeviceCustomDate2","DeviceCustomFloatingPoint1","DeviceCustomFloatingPoint2","DeviceCustomFloatingPoint2Label","DeviceCustomFloatingPoint3","DeviceCustomFloatingPoint3Label","DeviceCustomFloatingPoint4","DeviceCustomFloatingPoint4Label","DeviceCustomIPv6Address1","DeviceCustomIPv6Address1Label","DeviceCustomIPv6Address3","DeviceCustomIPv6Address3Label","DeviceCustomIPv6Address4","DeviceCustomIPv6Address4Label","DeviceCustomNumber2","DeviceCustomNumber2Label","DeviceCustomNumber3","DeviceCustomString1","DeviceCustomNumber3Label","DeviceCustomString1Label","DeviceCustomString2","DeviceCustomString2Label","DeviceCustomString3","DeviceCustomString3Label","DeviceCustomString4","DeviceCustomString4Label","DeviceCustomString5","DeviceCustomString5Label","DeviceCustomString6","DeviceCustomString6Label","FlexDate1","FlexDate1Label","FlexNumber1","FlexNumber1Label","FlexNumber2","FlexNumber2Label","FlexString1","FlexString1Label","FlexString2"],"ServiceID":"7a75f41d-313b-4f68-a99d-6427546cc799","StartTime":1760061249591,"Timestamp":1760061249988,"BaseEvents":[{"ID":"31263410-4141-47c9-9dd5-b447b36d136f","Name":"traffic","Type":1,"EndTime":1760061249000,"Message":"Connection Failed","Priority":0,"Severity":"notice","TenantID":"3d6c4203-7328-4fb2-98fa-f37d385ffbde","ServiceID":"71d3be03-d996-4ec6-a03d-223288e5abc8","Timestamp":1760061249591,"ExternalID":"71821540","SourcePort":56498,"ServiceName":"Fortigate","DeviceAction":"deny","DeviceVendor":"Fortninet","DeviceAddress":"192.168.51.14","DeviceProduct":"Fortigate","SourceAddress":"113.161.104.10","DeviceHostName":"windu","DeviceTimeZone":"+02:00","DestinationPort":445,"DeviceExternalID":"FGT60FTK22032234","DeviceReceiptTime":1760061249591,"TransportProtocol":"6","DestinationAddress":"192.168.1.222","DeviceEventClassID":"local","ApplicationProtocol":"SMB","DeviceCustomString1":"local-in-policy","DeviceEventCategory":"traffic","DeviceInboundInterface":"wan2","DeviceOutboundInterface":"root","DeviceCustomNumber1Label":"duration","DeviceCustomNumber2Label":"policyid","DeviceCustomString1Label":"policytype"}],"SourcePort":56498,"ServiceName":"[OOTB] Correlator","DeviceAction":"deny","DeviceVendor":"Kaspersky","DeviceAddress":"192.168.51.14","DeviceProduct":"KUMA","SourceAddress":"113.161.104.10","BaseEventCount":1,"DeviceHostName":"windu","DeviceTimeZone":"+02:00","DestinationPort":445,"DeviceExternalID":"FGT60FTK22032234","CorrelationRuleID":"e2a20430-e50f-4f70-8970-8c799793a934","DeviceReceiptTime":1760061249591,"TransportProtocol":"6","DestinationAddress":"192.168.1.222","DeviceEventClassID":"local","ApplicationProtocol":"SMB","CorrelationRuleName":"Connection. Inbound connection from external host using SMB, RPC ports","DeviceCustomString1":"local-in-policy","DeviceEventCategory":"traffic","DeviceInboundInterface":"wan2","DeviceOutboundInterface":"root","DeviceCustomNumber2Label":"policyid","DeviceCustomString1Label":"policytype"}],"ExternalID":"R445_03","SourcePort":56498,"ServiceName":"[OOTB] Correlator","DeviceAction":"deny","DeviceVendor":"Kaspersky","DeviceAddress":"192.168.51.14","DeviceProduct":"KUMA","SourceAddress":"113.161.104.10","BaseEventCount":1,"DeviceHostName":"windu","DeviceTimeZone":"+02:00","DestinationPort":445,"DeviceExternalID":"FGT60FTK22032234","CorrelationRuleID":"49182bb8-1dd3-44cd-b561-101a5bd0e58d","DeviceReceiptTime":1760061249591,"TransportProtocol":"6","DestinationAddress":"192.168.1.222","DeviceEventClassID":"local","ApplicationProtocol":"SMB","CorrelationRuleName":"R445_03_Inbound connection from external host via SMB, RPC port","DeviceCustomString1":"local-in-policy","DeviceEventCategory":"traffic","DestinationServiceName":"Microsoft-DS (Directory Services) SMB file sharing","DeviceInboundInterface":"wan2","DeviceOutboundInterface":"root","DeviceCustomNumber2Label":"policyid","DeviceCustomString1Label":"policytype"}],"Rules":[{"Confidence":"medium","Custom":false,"ID":"49182bb8-1dd3-44cd-b561-101a5bd0e58d","Name":"R445_03_Inbound connection from external host via SMB, RPC port","Severity":"medium","Type":""}],"Severity":"low","SourceCreatedAt":"2025-10-10T01:54:04.95Z","SourceID":"30fa423d-c55e-400a-81bb-6da3d7ef7b91;cdf4d34f-9f6e-4d88-b104-66e12c480389","Status":"new","StatusChangedAt":"2025-10-10T01:54:05.046Z","StatusResolution":"","TenantID":"3d6c4203-7328-4fb2-98fa-f37d385ffbde","UpdatedAt":"2025-10-10T01:54:05.046Z"},{"Assets":null,"Assignee":{"ID":"nobody","Name":"Not assigned","Type":""},"CreatedAt":"2025-10-10T01:55:35.052Z","DetectionTechnologies":null,"ExternalRef":"","Extra":null,"FirstEventTime":"2025-10-10T01:55:32.701Z","HistoryRecords":null,"ID":18929,"IncidentID":"","IncidentLinkType":"","InternalID":"2bf7b828-bb81-4af1-ab29-44a12092dfbb","IsCII":false,"LastEventTime":"2025-10-10T01:55:34.986Z","MITRETactics":null,"MITRETechniques":null,"Name":"R445_05_Inbound connection from external host via management port","Observables":[{"Details":"","Type":"ip","Value":"65.49.1.125"},{"Details":"","Type":"hostname","Value":"windu"}],"OriginalEvents":[{"N":{"KL_CorrelationRulePriority":1},"ID":"2bf7b828-bb81-4af1-ab29-44a12092dfbb","Name":"R445_05_Inbound connection from external host via management port","Type":3,"EndTime":1760061334986,"Message":"The external host 65.49.1.125 remotely connected to the internal node 192.168.1.222 on port 22 using the remote administration tool: SSH","Priority":1,"Severity":"notice","TenantID":"3d6c4203-7328-4fb2-98fa-f37d385ffbde","GroupedBy":["Message","DeviceAddress","DeviceHostName","SourceAddress","SourceHostName","SourceUserName","DestinationAddress","DestinationHostName","DestinationUserName","ApplicationProtocol","TransportProtocol","BytesIn","BytesOut","DeviceAction","DeviceAssetID","DeviceCity","DeviceCountry","DeviceDirection","DeviceDnsDomain","DeviceEventCategory","DeviceEventClassID","DeviceExternalID","DeviceFacility","DeviceHostName","DeviceInboundInterface","DeviceLatitude","DeviceLongitude","DeviceMacAddress","DeviceNtDomain","DeviceOutboundInterface","DevicePayloadID","DeviceProcessID","DeviceProcessName","DeviceReceiptTime","DeviceRegion","DeviceTimeZone","DeviceTranslatedAddress","DeviceVersion","EventOutcome","Reason","Severity","SourceAccountID","SourceAssetID","SourceCity","SourceCountry","SourceDnsDomain","SourceLatitude","SourceLongitude","SourceMacAddress","SourceNtDomain","SourcePort","SourceProcessID","SourceProcessName","SourceRegion","SourceServiceName","SourceTranslatedAddress","SourceTranslatedPort","SourceUserID","SourceUserPrivileges","DestinationAccountID","DestinationAssetID","DestinationCity","DestinationCountry","DestinationDnsDomain","DestinationLatitude","DestinationLongitude","DestinationMacAddress","DestinationNtDomain","DestinationPort","DestinationProcessID","DestinationProcessName","DestinationRegion","DestinationServiceName","DestinationTranslatedAddress","DestinationTranslatedPort","DestinationUserID","DestinationUserPrivileges","RequestClientApplication","RequestContext","RequestCookies","RequestMethod","RequestUrl","FileCreateTime","FileHash","FileID","FileModificationTime","FileName","FilePath","FilePermission","FileSize","FileType","OldFileCreateTime","OldFileHash","OldFileID","OldFileModificationTime","OldFileName","OldFilePath","OldFilePermission","OldFileSize","OldFileType","DeviceCustomDate1","DeviceCustomDate2","DeviceCustomFloatingPoint1","DeviceCustomFloatingPoint2","DeviceCustomFloatingPoint2Label","DeviceCustomFloatingPoint3","DeviceCustomFloatingPoint3Label","DeviceCustomFloatingPoint4","DeviceCustomFloatingPoint4Label","DeviceCustomIPv6Address1","DeviceCustomIPv6Address1Label","DeviceCustomIPv6Address3","DeviceCustomIPv6Address3Label","DeviceCustomIPv6Address4","DeviceCustomIPv6Address4Label","DeviceCustomNumber2","DeviceCustomNumber2Label","DeviceCustomNumber3","DeviceCustomString1","DeviceCustomNumber3Label","DeviceCustomString1Label","DeviceCustomString2","DeviceCustomString2Label","DeviceCustomString3","DeviceCustomString3Label","DeviceCustomString4","DeviceCustomString4Label","DeviceCustomString5","DeviceCustomString5Label","DeviceCustomString6","DeviceCustomString6Label","FlexDate1","FlexDate1Label","FlexNumber1","FlexNumber1Label","FlexNumber2","FlexNumber2Label","FlexString1","FlexString1Label","FlexString2","timestamp_just_added","timestamp_profiling_finished"],"ServiceID":"7a75f41d-313b-4f68-a99d-6427546cc799","StartTime":1760061334986,"Timestamp":1760061334986,"BaseEvents":[{"N":{"KL_CorrelationRulePriority":1},"ID":"fd068c8e-4015-45b0-9625-294e9e6d6b84","Name":"Connection. Inbound connection from external host using management ports","Type":3,"EndTime":1760061332702,"Message":"Connection Failed","Priority":1,"Severity":"notice","TenantID":"3d6c4203-7328-4fb2-98fa-f37d385ffbde","GroupedBy":["Message","DeviceAddress","DeviceHostName","SourceAddress","SourceHostName","SourceUserName","DestinationAddress","DestinationHostName","DestinationUserName","ApplicationProtocol","TransportProtocol","BytesIn","BytesOut","DeviceAction","DeviceAssetID","DeviceCity","DeviceCountry","DeviceDirection","DeviceDnsDomain","DeviceEventCategory","DeviceEventClassID","DeviceExternalID","DeviceFacility","DeviceHostName","DeviceInboundInterface","DeviceLatitude","DeviceLongitude","DeviceMacAddress","DeviceNtDomain","DeviceOutboundInterface","DevicePayloadID","DeviceProcessID","DeviceProcessName","DeviceReceiptTime","DeviceRegion","DeviceTimeZone","DeviceTranslatedAddress","DeviceVersion","EventOutcome","Reason","Severity","SourceAccountID","SourceAssetID","SourceCity","SourceCountry","SourceDnsDomain","SourceLatitude","SourceLongitude","SourceMacAddress","SourceNtDomain","SourcePort","SourceProcessID","SourceProcessName","SourceRegion","SourceServiceName","SourceTranslatedAddress","SourceTranslatedPort","SourceUserID","SourceUserPrivileges","DestinationAccountID","DestinationAssetID","DestinationCity","DestinationCountry","DestinationDnsDomain","DestinationLatitude","DestinationLongitude","DestinationMacAddress","DestinationNtDomain","DestinationPort","DestinationProcessID","DestinationProcessName","DestinationRegion","DestinationServiceName","DestinationTranslatedAddress","DestinationTranslatedPort","DestinationUserID","DestinationUserPrivileges","RequestClientApplication","RequestContext","RequestCookies","RequestMethod","RequestUrl","FileCreateTime","FileHash","FileID","FileModificationTime","FileName","FilePath","FilePermission","FileSize","FileType","OldFileCreateTime","OldFileHash","OldFileID","OldFileModificationTime","OldFileName","OldFilePath","OldFilePermission","OldFileSize","OldFileType","DeviceCustomDate1","DeviceCustomDate2","DeviceCustomFloatingPoint1","DeviceCustomFloatingPoint2","DeviceCustomFloatingPoint2Label","DeviceCustomFloatingPoint3","DeviceCustomFloatingPoint3Label","DeviceCustomFloatingPoint4","DeviceCustomFloatingPoint4Label","DeviceCustomIPv6Address1","DeviceCustomIPv6Address1Label","DeviceCustomIPv6Address3","DeviceCustomIPv6Address3Label","DeviceCustomIPv6Address4","DeviceCustomIPv6Address4Label","DeviceCustomNumber2","DeviceCustomNumber2Label","DeviceCustomNumber3","DeviceCustomString1","DeviceCustomNumber3Label","DeviceCustomString1Label","DeviceCustomString2","DeviceCustomString2Label","DeviceCustomString3","DeviceCustomString3Label","DeviceCustomString4","DeviceCustomString4Label","DeviceCustomString5","DeviceCustomString5Label","DeviceCustomString6","DeviceCustomString6Label","FlexDate1","FlexDate1Label","FlexNumber1","FlexNumber1Label","FlexNumber2","FlexNumber2Label","FlexString1","FlexString1Label","FlexString2"],"ServiceID":"7a75f41d-313b-4f68-a99d-6427546cc799","StartTime":1760061332702,"Timestamp":1760061334986,"BaseEvents":[{"ID":"2b3cdc1c-2ad0-469f-9a75-61d93e575027","Name":"traffic","Type":1,"EndTime":1760061332000,"Message":"Connection Failed","Priority":0,"Severity":"notice","TenantID":"3d6c4203-7328-4fb2-98fa-f37d385ffbde","ServiceID":"71d3be03-d996-4ec6-a03d-223288e5abc8","Timestamp":1760061332702,"ExternalID":"71823330","SourcePort":48715,"ServiceName":"Fortigate","DeviceAction":"deny","DeviceVendor":"Fortninet","DeviceAddress":"192.168.51.14","DeviceProduct":"Fortigate","SourceAddress":"65.49.1.125","DeviceHostName":"windu","DeviceTimeZone":"+02:00","DestinationPort":22,"DeviceExternalID":"FGT60FTK22032234","DeviceReceiptTime":1760061332702,"TransportProtocol":"6","DestinationAddress":"192.168.1.222","DeviceEventClassID":"local","ApplicationProtocol":"SSH","DeviceCustomString1":"local-in-policy","DeviceEventCategory":"traffic","DeviceInboundInterface":"wan2","DeviceOutboundInterface":"root","DeviceCustomNumber1Label":"duration","DeviceCustomNumber2Label":"policyid","DeviceCustomString1Label":"policytype"}],"SourcePort":48715,"ServiceName":"[OOTB] Correlator","DeviceAction":"deny","DeviceVendor":"Kaspersky","DeviceAddress":"192.168.51.14","DeviceProduct":"KUMA","SourceAddress":"65.49.1.125","BaseEventCount":1,"DeviceHostName":"windu","DeviceTimeZone":"+02:00","DestinationPort":22,"DeviceExternalID":"FGT60FTK22032234","CorrelationRuleID":"83fea516-0ec2-4fd2-96c0-1136c65378bb","DeviceReceiptTime":1760061332702,"TransportProtocol":"6","DestinationAddress":"192.168.1.222","DeviceEventClassID":"local","ApplicationProtocol":"SSH","CorrelationRuleName":"Connection. Inbound connection from external host using management ports","DeviceCustomString1":"local-in-policy","DeviceEventCategory":"traffic","DeviceInboundInterface":"wan2","DeviceOutboundInterface":"root","DeviceCustomNumber2Label":"policyid","DeviceCustomString1Label":"policytype"}],"ExternalID":"R445_05","SourcePort":48715,"ServiceName":"[OOTB] Correlator","DeviceAction":"deny","DeviceVendor":"Kaspersky","DeviceAddress":"192.168.51.14","DeviceProduct":"KUMA","SourceAddress":"65.49.1.125","BaseEventCount":1,"DeviceHostName":"windu","DeviceTimeZone":"+02:00","DestinationPort":22,"DeviceExternalID":"FGT60FTK22032234","CorrelationRuleID":"4eeda10b-8ef6-4725-846d-62b00bfa7561","DeviceReceiptTime":1760061332702,"TransportProtocol":"6","DestinationAddress":"192.168.1.222","DeviceEventClassID":"local","ApplicationProtocol":"SSH","CorrelationRuleName":"R445_05_Inbound connection from external host via management port","DeviceCustomString1":"local-in-policy","DeviceEventCategory":"traffic","DestinationServiceName":"SSH","DeviceInboundInterface":"wan2","DeviceOutboundInterface":"root","DeviceCustomNumber2Label":"policyid","DeviceCustomString1Label":"policytype"}],"Rules":[{"Confidence":"medium","Custom":false,"ID":"4eeda10b-8ef6-4725-846d-62b00bfa7561","Name":"R445_05_Inbound connection from external host via management port","Severity":"medium","Type":""}],"Severity":"low","SourceCreatedAt":"2025-10-10T01:55:34.986Z","SourceID":"2bf7b828-bb81-4af1-ab29-44a12092dfbb","Status":"new","StatusChangedAt":"2025-10-10T01:55:35.052Z","StatusResolution":"","TenantID":"3d6c4203-7328-4fb2-98fa-f37d385ffbde","UpdatedAt":"2025-10-10T01:55:35.052Z"},{"Assets":null,"Assignee":{"ID":"nobody","Name":"Not assigned","Type":""},"CreatedAt":"2025-10-10T01:56:45.062Z","DetectionTechnologies":null,"ExternalRef":"","Extra":null,"FirstEventTime":"2025-10-10T01:56:42.697Z","HistoryRecords":null,"ID":18930,"IncidentID":"","IncidentLinkType":"","InternalID":"82aa1863-a80f-4132-a3ac-8557ed663def","IsCII":false,"LastEventTime":"2025-10-10T01:56:45.015Z","MITRETactics":null,"MITRETechniques":null,"Name":"R445_05_Inbound connection from external host via management port","Observables":[{"Details":"","Type":"ip","Value":"101.200.236.207"},{"Details":"","Type":"hostname","Value":"windu"}],"OriginalEvents":[{"N":{"KL_CorrelationRulePriority":1},"ID":"82aa1863-a80f-4132-a3ac-8557ed663def","Name":"R445_05_Inbound connection from external host via management port","Type":3,"EndTime":1760061405014,"Message":"The external host 101.200.236.207 remotely connected to the internal node 192.168.1.222 on port 22 using the remote administration tool: SSH","Priority":1,"Severity":"notice","TenantID":"3d6c4203-7328-4fb2-98fa-f37d385ffbde","GroupedBy":["Message","DeviceAddress","DeviceHostName","SourceAddress","SourceHostName","SourceUserName","DestinationAddress","DestinationHostName","DestinationUserName","ApplicationProtocol","TransportProtocol","BytesIn","BytesOut","DeviceAction","DeviceAssetID","DeviceCity","DeviceCountry","DeviceDirection","DeviceDnsDomain","DeviceEventCategory","DeviceEventClassID","DeviceExternalID","DeviceFacility","DeviceHostName","DeviceInboundInterface","DeviceLatitude","DeviceLongitude","DeviceMacAddress","DeviceNtDomain","DeviceOutboundInterface","DevicePayloadID","DeviceProcessID","DeviceProcessName","DeviceReceiptTime","DeviceRegion","DeviceTimeZone","DeviceTranslatedAddress","DeviceVersion","EventOutcome","Reason","Severity","SourceAccountID","SourceAssetID","SourceCity","SourceCountry","SourceDnsDomain","SourceLatitude","SourceLongitude","SourceMacAddress","SourceNtDomain","SourcePort","SourceProcessID","SourceProcessName","SourceRegion","SourceServiceName","SourceTranslatedAddress","SourceTranslatedPort","SourceUserID","SourceUserPrivileges","DestinationAccountID","DestinationAssetID","DestinationCity","DestinationCountry","DestinationDnsDomain","DestinationLatitude","DestinationLongitude","DestinationMacAddress","DestinationNtDomain","DestinationPort","DestinationProcessID","DestinationProcessName","DestinationRegion","DestinationServiceName","DestinationTranslatedAddress","DestinationTranslatedPort","DestinationUserID","DestinationUserPrivileges","RequestClientApplication","RequestContext","RequestCookies","RequestMethod","RequestUrl","FileCreateTime","FileHash","FileID","FileModificationTime","FileName","FilePath","FilePermission","FileSize","FileType","OldFileCreateTime","OldFileHash","OldFileID","OldFileModificationTime","OldFileName","OldFilePath","OldFilePermission","OldFileSize","OldFileType","DeviceCustomDate1","DeviceCustomDate2","DeviceCustomFloatingPoint1","DeviceCustomFloatingPoint2","DeviceCustomFloatingPoint2Label","DeviceCustomFloatingPoint3","DeviceCustomFloatingPoint3Label","DeviceCustomFloatingPoint4","DeviceCustomFloatingPoint4Label","DeviceCustomIPv6Address1","DeviceCustomIPv6Address1Label","DeviceCustomIPv6Address3","DeviceCustomIPv6Address3Label","DeviceCustomIPv6Address4","DeviceCustomIPv6Address4Label","DeviceCustomNumber2","DeviceCustomNumber2Label","DeviceCustomNumber3","DeviceCustomString1","DeviceCustomNumber3Label","DeviceCustomString1Label","DeviceCustomString2","DeviceCustomString2Label","DeviceCustomString3","DeviceCustomString3Label","DeviceCustomString4","DeviceCustomString4Label","DeviceCustomString5","DeviceCustomString5Label","DeviceCustomString6","DeviceCustomString6Label","FlexDate1","FlexDate1Label","FlexNumber1","FlexNumber1Label","FlexNumber2","FlexNumber2Label","FlexString1","FlexString1Label","FlexString2","timestamp_just_added","timestamp_profiling_finished"],"ServiceID":"7a75f41d-313b-4f68-a99d-6427546cc799","StartTime":1760061405014,"Timestamp":1760061405015,"BaseEvents":[{"N":{"KL_CorrelationRulePriority":1},"ID":"74c35e4c-dbe4-4a06-9c54-d4c002aa08ec","Name":"Connection. Inbound connection from external host using management ports","Type":3,"EndTime":1760061402698,"Message":"Connection Failed","Priority":1,"Severity":"notice","TenantID":"3d6c4203-7328-4fb2-98fa-f37d385ffbde","GroupedBy":["Message","DeviceAddress","DeviceHostName","SourceAddress","SourceHostName","SourceUserName","DestinationAddress","DestinationHostName","DestinationUserName","ApplicationProtocol","TransportProtocol","BytesIn","BytesOut","DeviceAction","DeviceAssetID","DeviceCity","DeviceCountry","DeviceDirection","DeviceDnsDomain","DeviceEventCategory","DeviceEventClassID","DeviceExternalID","DeviceFacility","DeviceHostName","DeviceInboundInterface","DeviceLatitude","DeviceLongitude","DeviceMacAddress","DeviceNtDomain","DeviceOutboundInterface","DevicePayloadID","DeviceProcessID","DeviceProcessName","DeviceReceiptTime","DeviceRegion","DeviceTimeZone","DeviceTranslatedAddress","DeviceVersion","EventOutcome","Reason","Severity","SourceAccountID","SourceAssetID","SourceCity","SourceCountry","SourceDnsDomain","SourceLatitude","SourceLongitude","SourceMacAddress","SourceNtDomain","SourcePort","SourceProcessID","SourceProcessName","SourceRegion","SourceServiceName","SourceTranslatedAddress","SourceTranslatedPort","SourceUserID","SourceUserPrivileges","DestinationAccountID","DestinationAssetID","DestinationCity","DestinationCountry","DestinationDnsDomain","DestinationLatitude","DestinationLongitude","DestinationMacAddress","DestinationNtDomain","DestinationPort","DestinationProcessID","DestinationProcessName","DestinationRegion","DestinationServiceName","DestinationTranslatedAddress","DestinationTranslatedPort","DestinationUserID","DestinationUserPrivileges","RequestClientApplication","RequestContext","RequestCookies","RequestMethod","RequestUrl","FileCreateTime","FileHash","FileID","FileModificationTime","FileName","FilePath","FilePermission","FileSize","FileType","OldFileCreateTime","OldFileHash","OldFileID","OldFileModificationTime","OldFileName","OldFilePath","OldFilePermission","OldFileSize","OldFileType","DeviceCustomDate1","DeviceCustomDate2","DeviceCustomFloatingPoint1","DeviceCustomFloatingPoint2","DeviceCustomFloatingPoint2Label","DeviceCustomFloatingPoint3","DeviceCustomFloatingPoint3Label","DeviceCustomFloatingPoint4","DeviceCustomFloatingPoint4Label","DeviceCustomIPv6Address1","DeviceCustomIPv6Address1Label","DeviceCustomIPv6Address3","DeviceCustomIPv6Address3Label","DeviceCustomIPv6Address4","DeviceCustomIPv6Address4Label","DeviceCustomNumber2","DeviceCustomNumber2Label","DeviceCustomNumber3","DeviceCustomString1","DeviceCustomNumber3Label","DeviceCustomString1Label","DeviceCustomString2","DeviceCustomString2Label","DeviceCustomString3","DeviceCustomString3Label","DeviceCustomString4","DeviceCustomString4Label","DeviceCustomString5","DeviceCustomString5Label","DeviceCustomString6","DeviceCustomString6Label","FlexDate1","FlexDate1Label","FlexNumber1","FlexNumber1Label","FlexNumber2","FlexNumber2Label","FlexString1","FlexString1Label","FlexString2"],"ServiceID":"7a75f41d-313b-4f68-a99d-6427546cc799","StartTime":1760061402698,"Timestamp":1760061405014,"BaseEvents":[{"ID":"744e4d94-2e80-414c-9195-93002fe69765","Name":"traffic","Type":1,"EndTime":1760061402000,"Message":"Connection Failed","Priority":0,"Severity":"notice","TenantID":"3d6c4203-7328-4fb2-98fa-f37d385ffbde","ServiceID":"71d3be03-d996-4ec6-a03d-223288e5abc8","Timestamp":1760061402698,"ExternalID":"71824816","SourcePort":39333,"ServiceName":"Fortigate","DeviceAction":"deny","DeviceVendor":"Fortninet","DeviceAddress":"192.168.51.14","DeviceProduct":"Fortigate","SourceAddress":"101.200.236.207","DeviceHostName":"windu","DeviceTimeZone":"+02:00","DestinationPort":22,"DeviceExternalID":"FGT60FTK22032234","DeviceReceiptTime":1760061402698,"TransportProtocol":"6","DestinationAddress":"192.168.1.222","DeviceEventClassID":"local","ApplicationProtocol":"SSH","DeviceCustomString1":"local-in-policy","DeviceEventCategory":"traffic","DeviceInboundInterface":"wan2","DeviceOutboundInterface":"root","DeviceCustomNumber1Label":"duration","DeviceCustomNumber2Label":"policyid","DeviceCustomString1Label":"policytype"}],"SourcePort":39333,"ServiceName":"[OOTB] Correlator","DeviceAction":"deny","DeviceVendor":"Kaspersky","DeviceAddress":"192.168.51.14","DeviceProduct":"KUMA","SourceAddress":"101.200.236.207","BaseEventCount":1,"DeviceHostName":"windu","DeviceTimeZone":"+02:00","DestinationPort":22,"DeviceExternalID":"FGT60FTK22032234","CorrelationRuleID":"83fea516-0ec2-4fd2-96c0-1136c65378bb","DeviceReceiptTime":1760061402698,"TransportProtocol":"6","DestinationAddress":"192.168.1.222","DeviceEventClassID":"local","ApplicationProtocol":"SSH","CorrelationRuleName":"Connection. Inbound connection from external host using management ports","DeviceCustomString1":"local-in-policy","DeviceEventCategory":"traffic","DeviceInboundInterface":"wan2","DeviceOutboundInterface":"root","DeviceCustomNumber2Label":"policyid","DeviceCustomString1Label":"policytype"}],"ExternalID":"R445_05","SourcePort":39333,"ServiceName":"[OOTB] Correlator","DeviceAction":"deny","DeviceVendor":"Kaspersky","DeviceAddress":"192.168.51.14","DeviceProduct":"KUMA","SourceAddress":"101.200.236.207","BaseEventCount":1,"DeviceHostName":"windu","DeviceTimeZone":"+02:00","DestinationPort":22,"DeviceExternalID":"FGT60FTK22032234","CorrelationRuleID":"4eeda10b-8ef6-4725-846d-62b00bfa7561","DeviceReceiptTime":1760061402698,"TransportProtocol":"6","DestinationAddress":"192.168.1.222","DeviceEventClassID":"local","ApplicationProtocol":"SSH","CorrelationRuleName":"R445_05_Inbound connection from external host via management port","DeviceCustomString1":"local-in-policy","DeviceEventCategory":"traffic","DestinationServiceName":"SSH","DeviceInboundInterface":"wan2","DeviceOutboundInterface":"root","DeviceCustomNumber2Label":"policyid","DeviceCustomString1Label":"policytype"}],"Rules":[{"Confidence":"medium","Custom":false,"ID":"4eeda10b-8ef6-4725-846d-62b00bfa7561","Name":"R445_05_Inbound connection from external host via management port","Severity":"medium","Type":""}],"Severity":"low","SourceCreatedAt":"2025-10-10T01:56:45.015Z","SourceID":"82aa1863-a80f-4132-a3ac-8557ed663def","Status":"new","StatusChangedAt":"2025-10-10T01:56:45.062Z","StatusResolution":"","TenantID":"3d6c4203-7328-4fb2-98fa-f37d385ffbde","UpdatedAt":"2025-10-10T01:56:45.062Z"},{"Assets":null,"Assignee":{"ID":"nobody","Name":"Not assigned","Type":""},"CreatedAt":"2025-10-10T01:59:05.085Z","DetectionTechnologies":null,"ExternalRef":"","Extra":null,"FirstEventTime":"2025-10-10T01:59:00.595Z","HistoryRecords":null,"ID":18931,"IncidentID":"","IncidentLinkType":"","InternalID":"f1fd110b-14a2-4e00-9384-92600b96e634","IsCII":false,"LastEventTime":"2025-10-10T01:59:05.013Z","MITRETactics":null,"MITRETechniques":null,"Name":"R445_03_Inbound connection from external host via SMB, RPC port","Observables":[{"Details":"","Type":"ip","Value":"114.143.208.138"},{"Details":"","Type":"hostname","Value":"windu"}],"OriginalEvents":[{"N":{"KL_CorrelationRulePriority":1},"ID":"f1fd110b-14a2-4e00-9384-92600b96e634","Name":"R445_03_Inbound connection from external host via SMB, RPC port","Type":3,"EndTime":1760061545012,"Message":"The external host 114.143.208.138 remotely connected to the internal node 192.168.1.222 on port 445 which is used in SMB, RPC protocols: Microsoft-DS (Directory Services) SMB file sharing","Priority":1,"Severity":"notice","TenantID":"3d6c4203-7328-4fb2-98fa-f37d385ffbde","GroupedBy":["Message","DeviceAddress","DeviceHostName","SourceAddress","SourceHostName","SourceUserName","DestinationAddress","DestinationHostName","DestinationUserName","ApplicationProtocol","TransportProtocol","BytesIn","BytesOut","DeviceAction","DeviceAssetID","DeviceCity","DeviceCountry","DeviceDirection","DeviceDnsDomain","DeviceEventCategory","DeviceEventClassID","DeviceExternalID","DeviceFacility","DeviceHostName","DeviceInboundInterface","DeviceLatitude","DeviceLongitude","DeviceMacAddress","DeviceNtDomain","DeviceOutboundInterface","DevicePayloadID","DeviceProcessID","DeviceProcessName","DeviceReceiptTime","DeviceRegion","DeviceTimeZone","DeviceTranslatedAddress","DeviceVersion","EventOutcome","Reason","Severity","SourceAccountID","SourceAssetID","SourceCity","SourceCountry","SourceDnsDomain","SourceLatitude","SourceLongitude","SourceMacAddress","SourceNtDomain","SourcePort","SourceProcessID","SourceProcessName","SourceRegion","SourceServiceName","SourceTranslatedAddress","SourceTranslatedPort","SourceUserID","SourceUserPrivileges","DestinationAccountID","DestinationAssetID","DestinationCity","DestinationCountry","DestinationDnsDomain","DestinationLatitude","DestinationLongitude","DestinationMacAddress","DestinationNtDomain","DestinationPort","DestinationProcessID","DestinationProcessName","DestinationRegion","DestinationServiceName","DestinationTranslatedAddress","DestinationTranslatedPort","DestinationUserID","DestinationUserPrivileges","RequestClientApplication","RequestContext","RequestCookies","RequestMethod","RequestUrl","FileCreateTime","FileHash","FileID","FileModificationTime","FileName","FilePath","FilePermission","FileSize","FileType","OldFileCreateTime","OldFileHash","OldFileID","OldFileModificationTime","OldFileName","OldFilePath","OldFilePermission","OldFileSize","OldFileType","DeviceCustomDate1","DeviceCustomDate2","DeviceCustomFloatingPoint1","DeviceCustomFloatingPoint2","DeviceCustomFloatingPoint2Label","DeviceCustomFloatingPoint3","DeviceCustomFloatingPoint3Label","DeviceCustomFloatingPoint4","DeviceCustomFloatingPoint4Label","DeviceCustomIPv6Address1","DeviceCustomIPv6Address1Label","DeviceCustomIPv6Address3","DeviceCustomIPv6Address3Label","DeviceCustomIPv6Address4","DeviceCustomIPv6Address4Label","DeviceCustomNumber2","DeviceCustomNumber2Label","DeviceCustomNumber3","DeviceCustomString1","DeviceCustomNumber3Label","DeviceCustomString1Label","DeviceCustomString2","DeviceCustomString2Label","DeviceCustomString3","DeviceCustomString3Label","DeviceCustomString4","DeviceCustomString4Label","DeviceCustomString5","DeviceCustomString5Label","DeviceCustomString6","DeviceCustomString6Label","FlexDate1","FlexDate1Label","FlexNumber1","FlexNumber1Label","FlexNumber2","FlexNumber2Label","FlexString1","FlexString1Label","FlexString2","timestamp_just_added","timestamp_profiling_finished"],"ServiceID":"7a75f41d-313b-4f68-a99d-6427546cc799","StartTime":1760061545012,"Timestamp":1760061545013,"BaseEvents":[{"N":{"KL_CorrelationRulePriority":1},"ID":"3810fd29-bbd6-48a9-9ff6-5da08b5c7313","Name":"Connection. Inbound connection from external host using SMB, RPC ports","Type":3,"EndTime":1760061540595,"Message":"Connection Failed","Priority":1,"Severity":"notice","TenantID":"3d6c4203-7328-4fb2-98fa-f37d385ffbde","GroupedBy":["Message","DeviceAddress","DeviceHostName","SourceAddress","SourceHostName","SourceUserName","DestinationAddress","DestinationHostName","DestinationUserName","ApplicationProtocol","TransportProtocol","BytesIn","BytesOut","DeviceAction","DeviceAssetID","DeviceCity","DeviceCountry","DeviceDirection","DeviceDnsDomain","DeviceEventCategory","DeviceEventClassID","DeviceExternalID","DeviceFacility","DeviceHostName","DeviceInboundInterface","DeviceLatitude","DeviceLongitude","DeviceMacAddress","DeviceNtDomain","DeviceOutboundInterface","DevicePayloadID","DeviceProcessID","DeviceProcessName","DeviceReceiptTime","DeviceRegion","DeviceTimeZone","DeviceTranslatedAddress","DeviceVersion","EventOutcome","Reason","Severity","SourceAccountID","SourceAssetID","SourceCity","SourceCountry","SourceDnsDomain","SourceLatitude","SourceLongitude","SourceMacAddress","SourceNtDomain","SourcePort","SourceProcessID","SourceProcessName","SourceRegion","SourceServiceName","SourceTranslatedAddress","SourceTranslatedPort","SourceUserID","SourceUserPrivileges","DestinationAccountID","DestinationAssetID","DestinationCity","DestinationCountry","DestinationDnsDomain","DestinationLatitude","DestinationLongitude","DestinationMacAddress","DestinationNtDomain","DestinationPort","DestinationProcessID","DestinationProcessName","DestinationRegion","DestinationServiceName","DestinationTranslatedAddress","DestinationTranslatedPort","DestinationUserID","DestinationUserPrivileges","RequestClientApplication","RequestContext","RequestCookies","RequestMethod","RequestUrl","FileCreateTime","FileHash","FileID","FileModificationTime","FileName","FilePath","FilePermission","FileSize","FileType","OldFileCreateTime","OldFileHash","OldFileID","OldFileModificationTime","OldFileName","OldFilePath","OldFilePermission","OldFileSize","OldFileType","DeviceCustomDate1","DeviceCustomDate2","DeviceCustomFloatingPoint1","DeviceCustomFloatingPoint2","DeviceCustomFloatingPoint2Label","DeviceCustomFloatingPoint3","DeviceCustomFloatingPoint3Label","DeviceCustomFloatingPoint4","DeviceCustomFloatingPoint4Label","DeviceCustomIPv6Address1","DeviceCustomIPv6Address1Label","DeviceCustomIPv6Address3","DeviceCustomIPv6Address3Label","DeviceCustomIPv6Address4","DeviceCustomIPv6Address4Label","DeviceCustomNumber2","DeviceCustomNumber2Label","DeviceCustomNumber3","DeviceCustomString1","DeviceCustomNumber3Label","DeviceCustomString1Label","DeviceCustomString2","DeviceCustomString2Label","DeviceCustomString3","DeviceCustomString3Label","DeviceCustomString4","DeviceCustomString4Label","DeviceCustomString5","DeviceCustomString5Label","DeviceCustomString6","DeviceCustomString6Label","FlexDate1","FlexDate1Label","FlexNumber1","FlexNumber1Label","FlexNumber2","FlexNumber2Label","FlexString1","FlexString1Label","FlexString2"],"ServiceID":"7a75f41d-313b-4f68-a99d-6427546cc799","StartTime":1760061540595,"Timestamp":1760061545012,"BaseEvents":[{"ID":"a26cacb8-0107-4d3a-97d8-05328ca06b5a","Name":"traffic","Type":1,"EndTime":1760061540000,"Message":"Connection Failed","Priority":0,"Severity":"notice","TenantID":"3d6c4203-7328-4fb2-98fa-f37d385ffbde","ServiceID":"71d3be03-d996-4ec6-a03d-223288e5abc8","Timestamp":1760061540595,"ExternalID":"71827672","SourcePort":51444,"ServiceName":"Fortigate","DeviceAction":"deny","DeviceVendor":"Fortninet","DeviceAddress":"192.168.51.14","DeviceProduct":"Fortigate","SourceAddress":"114.143.208.138","DeviceHostName":"windu","DeviceTimeZone":"+02:00","DestinationPort":445,"DeviceExternalID":"FGT60FTK22032234","DeviceReceiptTime":1760061540595,"TransportProtocol":"6","DestinationAddress":"192.168.1.222","DeviceEventClassID":"local","ApplicationProtocol":"SMB","DeviceCustomString1":"local-in-policy","DeviceEventCategory":"traffic","DeviceInboundInterface":"wan2","DeviceOutboundInterface":"root","DeviceCustomNumber1Label":"duration","DeviceCustomNumber2Label":"policyid","DeviceCustomString1Label":"policytype"}],"SourcePort":51444,"ServiceName":"[OOTB] Correlator","DeviceAction":"deny","DeviceVendor":"Kaspersky","DeviceAddress":"192.168.51.14","DeviceProduct":"KUMA","SourceAddress":"114.143.208.138","BaseEventCount":1,"DeviceHostName":"windu","DeviceTimeZone":"+02:00","DestinationPort":445,"DeviceExternalID":"FGT60FTK22032234","CorrelationRuleID":"e2a20430-e50f-4f70-8970-8c799793a934","DeviceReceiptTime":1760061540595,"TransportProtocol":"6","DestinationAddress":"192.168.1.222","DeviceEventClassID":"local","ApplicationProtocol":"SMB","CorrelationRuleName":"Connection. Inbound connection from external host using SMB, RPC ports","DeviceCustomString1":"local-in-policy","DeviceEventCategory":"traffic","DeviceInboundInterface":"wan2","DeviceOutboundInterface":"root","DeviceCustomNumber2Label":"policyid","DeviceCustomString1Label":"policytype"}],"ExternalID":"R445_03","SourcePort":51444,"ServiceName":"[OOTB] Correlator","DeviceAction":"deny","DeviceVendor":"Kaspersky","DeviceAddress":"192.168.51.14","DeviceProduct":"KUMA","SourceAddress":"114.143.208.138","BaseEventCount":1,"DeviceHostName":"windu","DeviceTimeZone":"+02:00","DestinationPort":445,"DeviceExternalID":"FGT60FTK22032234","CorrelationRuleID":"49182bb8-1dd3-44cd-b561-101a5bd0e58d","DeviceReceiptTime":1760061540595,"TransportProtocol":"6","DestinationAddress":"192.168.1.222","DeviceEventClassID":"local","ApplicationProtocol":"SMB","CorrelationRuleName":"R445_03_Inbound connection from external host via SMB, RPC port","DeviceCustomString1":"local-in-policy","DeviceEventCategory":"traffic","DestinationServiceName":"Microsoft-DS (Directory Services) SMB file sharing","DeviceInboundInterface":"wan2","DeviceOutboundInterface":"root","DeviceCustomNumber2Label":"policyid","DeviceCustomString1Label":"policytype"}],"Rules":[{"Confidence":"medium","Custom":false,"ID":"49182bb8-1dd3-44cd-b561-101a5bd0e58d","Name":"R445_03_Inbound connection from external host via SMB, RPC port","Severity":"medium","Type":""}],"Severity":"low","SourceCreatedAt":"2025-10-10T01:59:05.013Z","SourceID":"f1fd110b-14a2-4e00-9384-92600b96e634","Status":"new","StatusChangedAt":"2025-10-10T01:59:05.085Z","StatusResolution":"","TenantID":"3d6c4203-7328-4fb2-98fa-f37d385ffbde","UpdatedAt":"2025-10-10T01:59:05.085Z"},{"Assets":null,"Assignee":{"ID":"nobody","Name":"Not assigned","Type":""},"CreatedAt":"2025-10-10T01:59:55.096Z","DetectionTechnologies":null,"ExternalRef":"","Extra":null,"FirstEventTime":"2025-10-04T07:53:38.78Z","HistoryRecords":null,"ID":18932,"IncidentID":"","IncidentLinkType":"","InternalID":"1640f78d-4de6-44aa-a755-4398353d3533","IsCII":false,"LastEventTime":"2025-10-10T01:59:55.051Z","MITRETactics":null,"MITRETechniques":null,"Name":"R445_03_Inbound connection from external host via SMB, RPC port","Observables":[{"Details":"","Type":"ip","Value":"183.203.156.217"},{"Details":"","Type":"hostname","Value":"windu"}],"OriginalEvents":[{"N":{"KL_CorrelationRulePriority":1},"ID":"1640f78d-4de6-44aa-a755-4398353d3533","Name":"R445_03_Inbound connection from external host via SMB, RPC port","Type":3,"EndTime":1760061595050,"Message":"The external host 183.203.156.217 remotely connected to the internal node 192.168.1.222 on port 445 which is used in SMB, RPC protocols: Microsoft-DS (Directory Services) SMB file sharing","Priority":1,"Severity":"notice","TenantID":"3d6c4203-7328-4fb2-98fa-f37d385ffbde","GroupedBy":["Message","DeviceAddress","DeviceHostName","SourceAddress","SourceHostName","SourceUserName","DestinationAddress","DestinationHostName","DestinationUserName","ApplicationProtocol","TransportProtocol","BytesIn","BytesOut","DeviceAction","DeviceAssetID","DeviceCity","DeviceCountry","DeviceDirection","DeviceDnsDomain","DeviceEventCategory","DeviceEventClassID","DeviceExternalID","DeviceFacility","DeviceHostName","DeviceInboundInterface","DeviceLatitude","DeviceLongitude","DeviceMacAddress","DeviceNtDomain","DeviceOutboundInterface","DevicePayloadID","DeviceProcessID","DeviceProcessName","DeviceReceiptTime","DeviceRegion","DeviceTimeZone","DeviceTranslatedAddress","DeviceVersion","EventOutcome","Reason","Severity","SourceAccountID","SourceAssetID","SourceCity","SourceCountry","SourceDnsDomain","SourceLatitude","SourceLongitude","SourceMacAddress","SourceNtDomain","SourcePort","SourceProcessID","SourceProcessName","SourceRegion","SourceServiceName","SourceTranslatedAddress","SourceTranslatedPort","SourceUserID","SourceUserPrivileges","DestinationAccountID","DestinationAssetID","DestinationCity","DestinationCountry","DestinationDnsDomain","DestinationLatitude","DestinationLongitude","DestinationMacAddress","DestinationNtDomain","DestinationPort","DestinationProcessID","DestinationProcessName","DestinationRegion","DestinationServiceName","DestinationTranslatedAddress","DestinationTranslatedPort","DestinationUserID","DestinationUserPrivileges","RequestClientApplication","RequestContext","RequestCookies","RequestMethod","RequestUrl","FileCreateTime","FileHash","FileID","FileModificationTime","FileName","FilePath","FilePermission","FileSize","FileType","OldFileCreateTime","OldFileHash","OldFileID","OldFileModificationTime","OldFileName","OldFilePath","OldFilePermission","OldFileSize","OldFileType","DeviceCustomDate1","DeviceCustomDate2","DeviceCustomFloatingPoint1","DeviceCustomFloatingPoint2","DeviceCustomFloatingPoint2Label","DeviceCustomFloatingPoint3","DeviceCustomFloatingPoint3Label","DeviceCustomFloatingPoint4","DeviceCustomFloatingPoint4Label","DeviceCustomIPv6Address1","DeviceCustomIPv6Address1Label","DeviceCustomIPv6Address3","DeviceCustomIPv6Address3Label","DeviceCustomIPv6Address4","DeviceCustomIPv6Address4Label","DeviceCustomNumber2","DeviceCustomNumber2Label","DeviceCustomNumber3","DeviceCustomString1","DeviceCustomNumber3Label","DeviceCustomString1Label","DeviceCustomString2","DeviceCustomString2Label","DeviceCustomString3","DeviceCustomString3Label","DeviceCustomString4","DeviceCustomString4Label","DeviceCustomString5","DeviceCustomString5Label","DeviceCustomString6","DeviceCustomString6Label","FlexDate1","FlexDate1Label","FlexNumber1","FlexNumber1Label","FlexNumber2","FlexNumber2Label","FlexString1","FlexString1Label","FlexString2","timestamp_just_added","timestamp_profiling_finished"],"ServiceID":"7a75f41d-313b-4f68-a99d-6427546cc799","StartTime":1760061595050,"Timestamp":1760061595051,"BaseEvents":[{"N":{"KL_CorrelationRulePriority":1},"ID":"85f92579-eb22-4481-8f83-6aaad30fc941","Name":"Connection. Inbound connection from external host using SMB, RPC ports","Type":3,"EndTime":1759564418781,"Message":"Connection Failed","Priority":1,"Severity":"notice","TenantID":"3d6c4203-7328-4fb2-98fa-f37d385ffbde","GroupedBy":["Message","DeviceAddress","DeviceHostName","SourceAddress","SourceHostName","SourceUserName","DestinationAddress","DestinationHostName","DestinationUserName","ApplicationProtocol","TransportProtocol","BytesIn","BytesOut","DeviceAction","DeviceAssetID","DeviceCity","DeviceCountry","DeviceDirection","DeviceDnsDomain","DeviceEventCategory","DeviceEventClassID","DeviceExternalID","DeviceFacility","DeviceHostName","DeviceInboundInterface","DeviceLatitude","DeviceLongitude","DeviceMacAddress","DeviceNtDomain","DeviceOutboundInterface","DevicePayloadID","DeviceProcessID","DeviceProcessName","DeviceReceiptTime","DeviceRegion","DeviceTimeZone","DeviceTranslatedAddress","DeviceVersion","EventOutcome","Reason","Severity","SourceAccountID","SourceAssetID","SourceCity","SourceCountry","SourceDnsDomain","SourceLatitude","SourceLongitude","SourceMacAddress","SourceNtDomain","SourcePort","SourceProcessID","SourceProcessName","SourceRegion","SourceServiceName","SourceTranslatedAddress","SourceTranslatedPort","SourceUserID","SourceUserPrivileges","DestinationAccountID","DestinationAssetID","DestinationCity","DestinationCountry","DestinationDnsDomain","DestinationLatitude","DestinationLongitude","DestinationMacAddress","DestinationNtDomain","DestinationPort","DestinationProcessID","DestinationProcessName","DestinationRegion","DestinationServiceName","DestinationTranslatedAddress","DestinationTranslatedPort","DestinationUserID","DestinationUserPrivileges","RequestClientApplication","RequestContext","RequestCookies","RequestMethod","RequestUrl","FileCreateTime","FileHash","FileID","FileModificationTime","FileName","FilePath","FilePermission","FileSize","FileType","OldFileCreateTime","OldFileHash","OldFileID","OldFileModificationTime","OldFileName","OldFilePath","OldFilePermission","OldFileSize","OldFileType","DeviceCustomDate1","DeviceCustomDate2","DeviceCustomFloatingPoint1","DeviceCustomFloatingPoint2","DeviceCustomFloatingPoint2Label","DeviceCustomFloatingPoint3","DeviceCustomFloatingPoint3Label","DeviceCustomFloatingPoint4","DeviceCustomFloatingPoint4Label","DeviceCustomIPv6Address1","DeviceCustomIPv6Address1Label","DeviceCustomIPv6Address3","DeviceCustomIPv6Address3Label","DeviceCustomIPv6Address4","DeviceCustomIPv6Address4Label","DeviceCustomNumber2","DeviceCustomNumber2Label","DeviceCustomNumber3","DeviceCustomString1","DeviceCustomNumber3Label","DeviceCustomString1Label","DeviceCustomString2","DeviceCustomString2Label","DeviceCustomString3","DeviceCustomString3Label","DeviceCustomString4","DeviceCustomString4Label","DeviceCustomString5","DeviceCustomString5Label","DeviceCustomString6","DeviceCustomString6Label","FlexDate1","FlexDate1Label","FlexNumber1","FlexNumber1Label","FlexNumber2","FlexNumber2Label","FlexString1","FlexString1Label","FlexString2"],"ServiceID":"7a75f41d-313b-4f68-a99d-6427546cc799","StartTime":1759564418781,"Timestamp":1760061595050,"BaseEvents":[{"ID":"bc4c9c34-42c3-4c87-96c0-f255223817d7","Name":"traffic","Type":1,"EndTime":1759532018000,"Message":"Connection Failed","Priority":0,"Severity":"notice","TenantID":"3d6c4203-7328-4fb2-98fa-f37d385ffbde","ServiceID":"71d3be03-d996-4ec6-a03d-223288e5abc8","Timestamp":1759564418781,"ExternalID":"62817648","SourcePort":58213,"ServiceName":"Fortigate","DeviceAction":"deny","DeviceVendor":"Fortninet","DeviceAddress":"192.168.51.14","DeviceProduct":"Fortigate","SourceAddress":"183.203.156.217","DeviceHostName":"windu","DeviceTimeZone":"+02:00","DestinationPort":445,"DeviceExternalID":"FGT60FTK22032234","DeviceReceiptTime":1759564418781,"TransportProtocol":"6","DestinationAddress":"192.168.1.222","DeviceEventClassID":"local","ApplicationProtocol":"SMB","DeviceCustomString1":"local-in-policy","DeviceEventCategory":"traffic","DeviceInboundInterface":"wan2","DeviceOutboundInterface":"root","DeviceCustomNumber1Label":"duration","DeviceCustomNumber2Label":"policyid","DeviceCustomString1Label":"policytype"}],"SourcePort":58213,"ServiceName":"[OOTB] Correlator","DeviceAction":"deny","DeviceVendor":"Kaspersky","DeviceAddress":"192.168.51.14","DeviceProduct":"KUMA","SourceAddress":"183.203.156.217","BaseEventCount":1,"DeviceHostName":"windu","DeviceTimeZone":"+02:00","DestinationPort":445,"DeviceExternalID":"FGT60FTK22032234","CorrelationRuleID":"e2a20430-e50f-4f70-8970-8c799793a934","DeviceReceiptTime":1759564418781,"TransportProtocol":"6","DestinationAddress":"192.168.1.222","DeviceEventClassID":"local","ApplicationProtocol":"SMB","CorrelationRuleName":"Connection. Inbound connection from external host using SMB, RPC ports","DeviceCustomString1":"local-in-policy","DeviceEventCategory":"traffic","DeviceInboundInterface":"wan2","DeviceOutboundInterface":"root","DeviceCustomNumber2Label":"policyid","DeviceCustomString1Label":"policytype"}],"ExternalID":"R445_03","SourcePort":58213,"ServiceName":"[OOTB] Correlator","DeviceAction":"deny","DeviceVendor":"Kaspersky","DeviceAddress":"192.168.51.14","DeviceProduct":"KUMA","SourceAddress":"183.203.156.217","BaseEventCount":1,"DeviceHostName":"windu","DeviceTimeZone":"+02:00","DestinationPort":445,"DeviceExternalID":"FGT60FTK22032234","CorrelationRuleID":"49182bb8-1dd3-44cd-b561-101a5bd0e58d","DeviceReceiptTime":1759564418781,"TransportProtocol":"6","DestinationAddress":"192.168.1.222","DeviceEventClassID":"local","ApplicationProtocol":"SMB","CorrelationRuleName":"R445_03_Inbound connection from external host via SMB, RPC port","DeviceCustomString1":"local-in-policy","DeviceEventCategory":"traffic","DestinationServiceName":"Microsoft-DS (Directory Services) SMB file sharing","DeviceInboundInterface":"wan2","DeviceOutboundInterface":"root","DeviceCustomNumber2Label":"policyid","DeviceCustomString1Label":"policytype"}],"Rules":[{"Confidence":"medium","Custom":false,"ID":"49182bb8-1dd3-44cd-b561-101a5bd0e58d","Name":"R445_03_Inbound connection from external host via SMB, RPC port","Severity":"medium","Type":""}],"Severity":"low","SourceCreatedAt":"2025-10-10T01:59:55.051Z","SourceID":"1640f78d-4de6-44aa-a755-4398353d3533","Status":"new","StatusChangedAt":"2025-10-10T01:59:55.096Z","StatusResolution":"","TenantID":"3d6c4203-7328-4fb2-98fa-f37d385ffbde","UpdatedAt":"2025-10-10T01:59:55.096Z"},{"Assets":null,"Assignee":{"ID":"nobody","Name":"Not assigned","Type":""},"CreatedAt":"2025-10-10T02:02:55.12Z","DetectionTechnologies":null,"ExternalRef":"","Extra":null,"FirstEventTime":"2025-10-04T07:56:33.453Z","HistoryRecords":null,"ID":18936,"IncidentID":"","IncidentLinkType":"","InternalID":"c519cf1d-9e92-4079-8590-1ebf4ad74fd5","IsCII":false,"LastEventTime":"2025-10-10T02:02:55.062Z","MITRETactics":null,"MITRETechniques":null,"Name":"R445_03_Inbound connection from external host via SMB, RPC port","Observables":[{"Details":"","Type":"ip","Value":"103.119.179.193"},{"Details":"","Type":"hostname","Value":"windu"}],"OriginalEvents":[{"N":{"KL_CorrelationRulePriority":1},"ID":"c519cf1d-9e92-4079-8590-1ebf4ad74fd5","Name":"R445_03_Inbound connection from external host via SMB, RPC port","Type":3,"EndTime":1760061775061,"Message":"The external host 103.119.179.193 remotely connected to the internal node 192.168.1.222 on port 445 which is used in SMB, RPC protocols: Microsoft-DS (Directory Services) SMB file sharing","Priority":1,"Severity":"notice","TenantID":"3d6c4203-7328-4fb2-98fa-f37d385ffbde","GroupedBy":["Message","DeviceAddress","DeviceHostName","SourceAddress","SourceHostName","SourceUserName","DestinationAddress","DestinationHostName","DestinationUserName","ApplicationProtocol","TransportProtocol","BytesIn","BytesOut","DeviceAction","DeviceAssetID","DeviceCity","DeviceCountry","DeviceDirection","DeviceDnsDomain","DeviceEventCategory","DeviceEventClassID","DeviceExternalID","DeviceFacility","DeviceHostName","DeviceInboundInterface","DeviceLatitude","DeviceLongitude","DeviceMacAddress","DeviceNtDomain","DeviceOutboundInterface","DevicePayloadID","DeviceProcessID","DeviceProcessName","DeviceReceiptTime","DeviceRegion","DeviceTimeZone","DeviceTranslatedAddress","DeviceVersion","EventOutcome","Reason","Severity","SourceAccountID","SourceAssetID","SourceCity","SourceCountry","SourceDnsDomain","SourceLatitude","SourceLongitude","SourceMacAddress","SourceNtDomain","SourcePort","SourceProcessID","SourceProcessName","SourceRegion","SourceServiceName","SourceTranslatedAddress","SourceTranslatedPort","SourceUserID","SourceUserPrivileges","DestinationAccountID","DestinationAssetID","DestinationCity","DestinationCountry","DestinationDnsDomain","DestinationLatitude","DestinationLongitude","DestinationMacAddress","DestinationNtDomain","DestinationPort","DestinationProcessID","DestinationProcessName","DestinationRegion","DestinationServiceName","DestinationTranslatedAddress","DestinationTranslatedPort","DestinationUserID","DestinationUserPrivileges","RequestClientApplication","RequestContext","RequestCookies","RequestMethod","RequestUrl","FileCreateTime","FileHash","FileID","FileModificationTime","FileName","FilePath","FilePermission","FileSize","FileType","OldFileCreateTime","OldFileHash","OldFileID","OldFileModificationTime","OldFileName","OldFilePath","OldFilePermission","OldFileSize","OldFileType","DeviceCustomDate1","DeviceCustomDate2","DeviceCustomFloatingPoint1","DeviceCustomFloatingPoint2","DeviceCustomFloatingPoint2Label","DeviceCustomFloatingPoint3","DeviceCustomFloatingPoint3Label","DeviceCustomFloatingPoint4","DeviceCustomFloatingPoint4Label","DeviceCustomIPv6Address1","DeviceCustomIPv6Address1Label","DeviceCustomIPv6Address3","DeviceCustomIPv6Address3Label","DeviceCustomIPv6Address4","DeviceCustomIPv6Address4Label","DeviceCustomNumber2","DeviceCustomNumber2Label","DeviceCustomNumber3","DeviceCustomString1","DeviceCustomNumber3Label","DeviceCustomString1Label","DeviceCustomString2","DeviceCustomString2Label","DeviceCustomString3","DeviceCustomString3Label","DeviceCustomString4","DeviceCustomString4Label","DeviceCustomString5","DeviceCustomString5Label","DeviceCustomString6","DeviceCustomString6Label","FlexDate1","FlexDate1Label","FlexNumber1","FlexNumber1Label","FlexNumber2","FlexNumber2Label","FlexString1","FlexString1Label","FlexString2","timestamp_just_added","timestamp_profiling_finished"],"ServiceID":"7a75f41d-313b-4f68-a99d-6427546cc799","StartTime":1760061775061,"Timestamp":1760061775063,"BaseEvents":[{"N":{"KL_CorrelationRulePriority":1},"ID":"f978f597-c0df-478f-bbd3-3db667d7228d","Name":"Connection. Inbound connection from external host using SMB, RPC ports","Type":3,"EndTime":1759564593454,"Message":"Connection Failed","Priority":1,"Severity":"notice","TenantID":"3d6c4203-7328-4fb2-98fa-f37d385ffbde","GroupedBy":["Message","DeviceAddress","DeviceHostName","SourceAddress","SourceHostName","SourceUserName","DestinationAddress","DestinationHostName","DestinationUserName","ApplicationProtocol","TransportProtocol","BytesIn","BytesOut","DeviceAction","DeviceAssetID","DeviceCity","DeviceCountry","DeviceDirection","DeviceDnsDomain","DeviceEventCategory","DeviceEventClassID","DeviceExternalID","DeviceFacility","DeviceHostName","DeviceInboundInterface","DeviceLatitude","DeviceLongitude","DeviceMacAddress","DeviceNtDomain","DeviceOutboundInterface","DevicePayloadID","DeviceProcessID","DeviceProcessName","DeviceReceiptTime","DeviceRegion","DeviceTimeZone","DeviceTranslatedAddress","DeviceVersion","EventOutcome","Reason","Severity","SourceAccountID","SourceAssetID","SourceCity","SourceCountry","SourceDnsDomain","SourceLatitude","SourceLongitude","SourceMacAddress","SourceNtDomain","SourcePort","SourceProcessID","SourceProcessName","SourceRegion","SourceServiceName","SourceTranslatedAddress","SourceTranslatedPort","SourceUserID","SourceUserPrivileges","DestinationAccountID","DestinationAssetID","DestinationCity","DestinationCountry","DestinationDnsDomain","DestinationLatitude","DestinationLongitude","DestinationMacAddress","DestinationNtDomain","DestinationPort","DestinationProcessID","DestinationProcessName","DestinationRegion","DestinationServiceName","DestinationTranslatedAddress","DestinationTranslatedPort","DestinationUserID","DestinationUserPrivileges","RequestClientApplication","RequestContext","RequestCookies","RequestMethod","RequestUrl","FileCreateTime","FileHash","FileID","FileModificationTime","FileName","FilePath","FilePermission","FileSize","FileType","OldFileCreateTime","OldFileHash","OldFileID","OldFileModificationTime","OldFileName","OldFilePath","OldFilePermission","OldFileSize","OldFileType","DeviceCustomDate1","DeviceCustomDate2","DeviceCustomFloatingPoint1","DeviceCustomFloatingPoint2","DeviceCustomFloatingPoint2Label","DeviceCustomFloatingPoint3","DeviceCustomFloatingPoint3Label","DeviceCustomFloatingPoint4","DeviceCustomFloatingPoint4Label","DeviceCustomIPv6Address1","DeviceCustomIPv6Address1Label","DeviceCustomIPv6Address3","DeviceCustomIPv6Address3Label","DeviceCustomIPv6Address4","DeviceCustomIPv6Address4Label","DeviceCustomNumber2","DeviceCustomNumber2Label","DeviceCustomNumber3","DeviceCustomString1","DeviceCustomNumber3Label","DeviceCustomString1Label","DeviceCustomString2","DeviceCustomString2Label","DeviceCustomString3","DeviceCustomString3Label","DeviceCustomString4","DeviceCustomString4Label","DeviceCustomString5","DeviceCustomString5Label","DeviceCustomString6","DeviceCustomString6Label","FlexDate1","FlexDate1Label","FlexNumber1","FlexNumber1Label","FlexNumber2","FlexNumber2Label","FlexString1","FlexString1Label","FlexString2"],"ServiceID":"7a75f41d-313b-4f68-a99d-6427546cc799","StartTime":1759564593454,"Timestamp":1760061775061,"BaseEvents":[{"ID":"f5584d2d-b7c4-4546-b93b-ee60e898e830","Name":"traffic","Type":1,"EndTime":1759532193000,"Message":"Connection Failed","Priority":0,"Severity":"notice","TenantID":"3d6c4203-7328-4fb2-98fa-f37d385ffbde","ServiceID":"71d3be03-d996-4ec6-a03d-223288e5abc8","Timestamp":1759564593454,"ExternalID":"62820314","SourcePort":60580,"ServiceName":"Fortigate","DeviceAction":"deny","DeviceVendor":"Fortninet","DeviceAddress":"192.168.51.14","DeviceProduct":"Fortigate","SourceAddress":"103.119.179.193","DeviceHostName":"windu","DeviceTimeZone":"+02:00","DestinationPort":445,"DeviceExternalID":"FGT60FTK22032234","DeviceReceiptTime":1759564593454,"TransportProtocol":"6","DestinationAddress":"192.168.1.222","DeviceEventClassID":"local","ApplicationProtocol":"SMB","DeviceCustomString1":"local-in-policy","DeviceEventCategory":"traffic","DeviceInboundInterface":"wan2","DeviceOutboundInterface":"root","DeviceCustomNumber1Label":"duration","DeviceCustomNumber2Label":"policyid","DeviceCustomString1Label":"policytype"}],"SourcePort":60580,"ServiceName":"[OOTB] Correlator","DeviceAction":"deny","DeviceVendor":"Kaspersky","DeviceAddress":"192.168.51.14","DeviceProduct":"KUMA","SourceAddress":"103.119.179.193","BaseEventCount":1,"DeviceHostName":"windu","DeviceTimeZone":"+02:00","DestinationPort":445,"DeviceExternalID":"FGT60FTK22032234","CorrelationRuleID":"e2a20430-e50f-4f70-8970-8c799793a934","DeviceReceiptTime":1759564593454,"TransportProtocol":"6","DestinationAddress":"192.168.1.222","DeviceEventClassID":"local","ApplicationProtocol":"SMB","CorrelationRuleName":"Connection. Inbound connection from external host using SMB, RPC ports","DeviceCustomString1":"local-in-policy","DeviceEventCategory":"traffic","DeviceInboundInterface":"wan2","DeviceOutboundInterface":"root","DeviceCustomNumber2Label":"policyid","DeviceCustomString1Label":"policytype"}],"ExternalID":"R445_03","SourcePort":60580,"ServiceName":"[OOTB] Correlator","DeviceAction":"deny","DeviceVendor":"Kaspersky","DeviceAddress":"192.168.51.14","DeviceProduct":"KUMA","SourceAddress":"103.119.179.193","BaseEventCount":1,"DeviceHostName":"windu","DeviceTimeZone":"+02:00","DestinationPort":445,"DeviceExternalID":"FGT60FTK22032234","CorrelationRuleID":"49182bb8-1dd3-44cd-b561-101a5bd0e58d","DeviceReceiptTime":1759564593454,"TransportProtocol":"6","DestinationAddress":"192.168.1.222","DeviceEventClassID":"local","ApplicationProtocol":"SMB","CorrelationRuleName":"R445_03_Inbound connection from external host via SMB, RPC port","DeviceCustomString1":"local-in-policy","DeviceEventCategory":"traffic","DestinationServiceName":"Microsoft-DS (Directory Services) SMB file sharing","DeviceInboundInterface":"wan2","DeviceOutboundInterface":"root","DeviceCustomNumber2Label":"policyid","DeviceCustomString1Label":"policytype"}],"Rules":[{"Confidence":"medium","Custom":false,"ID":"49182bb8-1dd3-44cd-b561-101a5bd0e58d","Name":"R445_03_Inbound connection from external host via SMB, RPC port","Severity":"medium","Type":""}],"Severity":"low","SourceCreatedAt":"2025-10-10T02:02:55.062Z","SourceID":"c519cf1d-9e92-4079-8590-1ebf4ad74fd5","Status":"new","StatusChangedAt":"2025-10-10T02:02:55.12Z","StatusResolution":"","TenantID":"3d6c4203-7328-4fb2-98fa-f37d385ffbde","UpdatedAt":"2025-10-10T02:02:55.12Z"},{"Assets":null,"Assignee":{"ID":"nobody","Name":"Not assigned","Type":""},"CreatedAt":"2025-10-10T02:06:20.142Z","DetectionTechnologies":null,"ExternalRef":"","Extra":null,"FirstEventTime":"2025-10-10T02:06:16.369Z","HistoryRecords":null,"ID":18939,"IncidentID":"","IncidentLinkType":"","InternalID":"c057a56a-41cf-4425-814a-69ed608e4016","IsCII":false,"LastEventTime":"2025-10-10T02:06:20.112Z","MITRETactics":null,"MITRETechniques":null,"Name":"R445_03_Inbound connection from external host via SMB, RPC port","Observables":[{"Details":"","Type":"ip","Value":"93.190.241.212"},{"Details":"","Type":"hostname","Value":"windu"}],"OriginalEvents":[{"N":{"KL_CorrelationRulePriority":1},"ID":"c057a56a-41cf-4425-814a-69ed608e4016","Name":"R445_03_Inbound connection from external host via SMB, RPC port","Type":3,"EndTime":1760061980112,"Message":"The external host 93.190.241.212 remotely connected to the internal node 192.168.1.222 on port 445 which is used in SMB, RPC protocols: Microsoft-DS (Directory Services) SMB file sharing","Priority":1,"Severity":"notice","TenantID":"3d6c4203-7328-4fb2-98fa-f37d385ffbde","GroupedBy":["Message","DeviceAddress","DeviceHostName","SourceAddress","SourceHostName","SourceUserName","DestinationAddress","DestinationHostName","DestinationUserName","ApplicationProtocol","TransportProtocol","BytesIn","BytesOut","DeviceAction","DeviceAssetID","DeviceCity","DeviceCountry","DeviceDirection","DeviceDnsDomain","DeviceEventCategory","DeviceEventClassID","DeviceExternalID","DeviceFacility","DeviceHostName","DeviceInboundInterface","DeviceLatitude","DeviceLongitude","DeviceMacAddress","DeviceNtDomain","DeviceOutboundInterface","DevicePayloadID","DeviceProcessID","DeviceProcessName","DeviceReceiptTime","DeviceRegion","DeviceTimeZone","DeviceTranslatedAddress","DeviceVersion","EventOutcome","Reason","Severity","SourceAccountID","SourceAssetID","SourceCity","SourceCountry","SourceDnsDomain","SourceLatitude","SourceLongitude","SourceMacAddress","SourceNtDomain","SourcePort","SourceProcessID","SourceProcessName","SourceRegion","SourceServiceName","SourceTranslatedAddress","SourceTranslatedPort","SourceUserID","SourceUserPrivileges","DestinationAccountID","DestinationAssetID","DestinationCity","DestinationCountry","DestinationDnsDomain","DestinationLatitude","DestinationLongitude","DestinationMacAddress","DestinationNtDomain","DestinationPort","DestinationProcessID","DestinationProcessName","DestinationRegion","DestinationServiceName","DestinationTranslatedAddress","DestinationTranslatedPort","DestinationUserID","DestinationUserPrivileges","RequestClientApplication","RequestContext","RequestCookies","RequestMethod","RequestUrl","FileCreateTime","FileHash","FileID","FileModificationTime","FileName","FilePath","FilePermission","FileSize","FileType","OldFileCreateTime","OldFileHash","OldFileID","OldFileModificationTime","OldFileName","OldFilePath","OldFilePermission","OldFileSize","OldFileType","DeviceCustomDate1","DeviceCustomDate2","DeviceCustomFloatingPoint1","DeviceCustomFloatingPoint2","DeviceCustomFloatingPoint2Label","DeviceCustomFloatingPoint3","DeviceCustomFloatingPoint3Label","DeviceCustomFloatingPoint4","DeviceCustomFloatingPoint4Label","DeviceCustomIPv6Address1","DeviceCustomIPv6Address1Label","DeviceCustomIPv6Address3","DeviceCustomIPv6Address3Label","DeviceCustomIPv6Address4","DeviceCustomIPv6Address4Label","DeviceCustomNumber2","DeviceCustomNumber2Label","DeviceCustomNumber3","DeviceCustomString1","DeviceCustomNumber3Label","DeviceCustomString1Label","DeviceCustomString2","DeviceCustomString2Label","DeviceCustomString3","DeviceCustomString3Label","DeviceCustomString4","DeviceCustomString4Label","DeviceCustomString5","DeviceCustomString5Label","DeviceCustomString6","DeviceCustomString6Label","FlexDate1","FlexDate1Label","FlexNumber1","FlexNumber1Label","FlexNumber2","FlexNumber2Label","FlexString1","FlexString1Label","FlexString2","timestamp_just_added","timestamp_profiling_finished"],"ServiceID":"7a75f41d-313b-4f68-a99d-6427546cc799","StartTime":1760061980112,"Timestamp":1760061980113,"BaseEvents":[{"N":{"KL_CorrelationRulePriority":1},"ID":"83c0cbcd-1292-43b8-86fb-7ccac912bd74","Name":"Connection. Inbound connection from external host using SMB, RPC ports","Type":3,"EndTime":1760061976370,"Message":"Connection Failed","Priority":1,"Severity":"notice","TenantID":"3d6c4203-7328-4fb2-98fa-f37d385ffbde","GroupedBy":["Message","DeviceAddress","DeviceHostName","SourceAddress","SourceHostName","SourceUserName","DestinationAddress","DestinationHostName","DestinationUserName","ApplicationProtocol","TransportProtocol","BytesIn","BytesOut","DeviceAction","DeviceAssetID","DeviceCity","DeviceCountry","DeviceDirection","DeviceDnsDomain","DeviceEventCategory","DeviceEventClassID","DeviceExternalID","DeviceFacility","DeviceHostName","DeviceInboundInterface","DeviceLatitude","DeviceLongitude","DeviceMacAddress","DeviceNtDomain","DeviceOutboundInterface","DevicePayloadID","DeviceProcessID","DeviceProcessName","DeviceReceiptTime","DeviceRegion","DeviceTimeZone","DeviceTranslatedAddress","DeviceVersion","EventOutcome","Reason","Severity","SourceAccountID","SourceAssetID","SourceCity","SourceCountry","SourceDnsDomain","SourceLatitude","SourceLongitude","SourceMacAddress","SourceNtDomain","SourcePort","SourceProcessID","SourceProcessName","SourceRegion","SourceServiceName","SourceTranslatedAddress","SourceTranslatedPort","SourceUserID","SourceUserPrivileges","DestinationAccountID","DestinationAssetID","DestinationCity","DestinationCountry","DestinationDnsDomain","DestinationLatitude","DestinationLongitude","DestinationMacAddress","DestinationNtDomain","DestinationPort","DestinationProcessID","DestinationProcessName","DestinationRegion","DestinationServiceName","DestinationTranslatedAddress","DestinationTranslatedPort","DestinationUserID","DestinationUserPrivileges","RequestClientApplication","RequestContext","RequestCookies","RequestMethod","RequestUrl","FileCreateTime","FileHash","FileID","FileModificationTime","FileName","FilePath","FilePermission","FileSize","FileType","OldFileCreateTime","OldFileHash","OldFileID","OldFileModificationTime","OldFileName","OldFilePath","OldFilePermission","OldFileSize","OldFileType","DeviceCustomDate1","DeviceCustomDate2","DeviceCustomFloatingPoint1","DeviceCustomFloatingPoint2","DeviceCustomFloatingPoint2Label","DeviceCustomFloatingPoint3","DeviceCustomFloatingPoint3Label","DeviceCustomFloatingPoint4","DeviceCustomFloatingPoint4Label","DeviceCustomIPv6Address1","DeviceCustomIPv6Address1Label","DeviceCustomIPv6Address3","DeviceCustomIPv6Address3Label","DeviceCustomIPv6Address4","DeviceCustomIPv6Address4Label","DeviceCustomNumber2","DeviceCustomNumber2Label","DeviceCustomNumber3","DeviceCustomString1","DeviceCustomNumber3Label","DeviceCustomString1Label","DeviceCustomString2","DeviceCustomString2Label","DeviceCustomString3","DeviceCustomString3Label","DeviceCustomString4","DeviceCustomString4Label","DeviceCustomString5","DeviceCustomString5Label","DeviceCustomString6","DeviceCustomString6Label","FlexDate1","FlexDate1Label","FlexNumber1","FlexNumber1Label","FlexNumber2","FlexNumber2Label","FlexString1","FlexString1Label","FlexString2"],"ServiceID":"7a75f41d-313b-4f68-a99d-6427546cc799","StartTime":1760061976370,"Timestamp":1760061980112,"BaseEvents":[{"ID":"3ddfa768-d1a8-4802-b9d2-7ea5a7da7f7b","Name":"traffic","Type":1,"EndTime":1760047575000,"Message":"Connection Failed","Priority":0,"Severity":"notice","TenantID":"3d6c4203-7328-4fb2-98fa-f37d385ffbde","ServiceID":"71d3be03-d996-4ec6-a03d-223288e5abc8","Timestamp":1760061976370,"ExternalID":"71836030","SourcePort":54592,"ServiceName":"Fortigate","DeviceAction":"deny","DeviceVendor":"Fortninet","DeviceAddress":"192.168.51.14","DeviceProduct":"Fortigate","SourceAddress":"93.190.241.212","DeviceHostName":"windu","DeviceTimeZone":"+02:00","DestinationPort":445,"DeviceExternalID":"FGT60FTK22032234","DeviceReceiptTime":1760061976370,"TransportProtocol":"6","DestinationAddress":"192.168.1.222","DeviceEventClassID":"local","ApplicationProtocol":"SMB","DeviceCustomString1":"local-in-policy","DeviceEventCategory":"traffic","DeviceInboundInterface":"wan2","DeviceOutboundInterface":"root","DeviceCustomNumber1Label":"duration","DeviceCustomNumber2Label":"policyid","DeviceCustomString1Label":"policytype"}],"SourcePort":54592,"ServiceName":"[OOTB] Correlator","DeviceAction":"deny","DeviceVendor":"Kaspersky","DeviceAddress":"192.168.51.14","DeviceProduct":"KUMA","SourceAddress":"93.190.241.212","BaseEventCount":1,"DeviceHostName":"windu","DeviceTimeZone":"+02:00","DestinationPort":445,"DeviceExternalID":"FGT60FTK22032234","CorrelationRuleID":"e2a20430-e50f-4f70-8970-8c799793a934","DeviceReceiptTime":1760061976370,"TransportProtocol":"6","DestinationAddress":"192.168.1.222","DeviceEventClassID":"local","ApplicationProtocol":"SMB","CorrelationRuleName":"Connection. Inbound connection from external host using SMB, RPC ports","DeviceCustomString1":"local-in-policy","DeviceEventCategory":"traffic","DeviceInboundInterface":"wan2","DeviceOutboundInterface":"root","DeviceCustomNumber2Label":"policyid","DeviceCustomString1Label":"policytype"}],"ExternalID":"R445_03","SourcePort":54592,"ServiceName":"[OOTB] Correlator","DeviceAction":"deny","DeviceVendor":"Kaspersky","DeviceAddress":"192.168.51.14","DeviceProduct":"KUMA","SourceAddress":"93.190.241.212","BaseEventCount":1,"DeviceHostName":"windu","DeviceTimeZone":"+02:00","DestinationPort":445,"DeviceExternalID":"FGT60FTK22032234","CorrelationRuleID":"49182bb8-1dd3-44cd-b561-101a5bd0e58d","DeviceReceiptTime":1760061976370,"TransportProtocol":"6","DestinationAddress":"192.168.1.222","DeviceEventClassID":"local","ApplicationProtocol":"SMB","CorrelationRuleName":"R445_03_Inbound connection from external host via SMB, RPC port","DeviceCustomString1":"local-in-policy","DeviceEventCategory":"traffic","DestinationServiceName":"Microsoft-DS (Directory Services) SMB file sharing","DeviceInboundInterface":"wan2","DeviceOutboundInterface":"root","DeviceCustomNumber2Label":"policyid","DeviceCustomString1Label":"policytype"}],"Rules":[{"Confidence":"medium","Custom":false,"ID":"49182bb8-1dd3-44cd-b561-101a5bd0e58d","Name":"R445_03_Inbound connection from external host via SMB, RPC port","Severity":"medium","Type":""}],"Severity":"low","SourceCreatedAt":"2025-10-10T02:06:20.112Z","SourceID":"c057a56a-41cf-4425-814a-69ed608e4016","Status":"new","StatusChangedAt":"2025-10-10T02:06:20.142Z","StatusResolution":"","TenantID":"3d6c4203-7328-4fb2-98fa-f37d385ffbde","UpdatedAt":"2025-10-10T02:06:20.142Z"},{"Assets":null,"Assignee":{"ID":"nobody","Name":"Not assigned","Type":""},"CreatedAt":"2025-10-10T02:09:55.165Z","DetectionTechnologies":null,"ExternalRef":"","Extra":null,"FirstEventTime":"2025-10-04T08:03:30.664Z","HistoryRecords":null,"ID":18941,"IncidentID":"","IncidentLinkType":"","InternalID":"fbb1ce7a-b9a9-4d0d-8775-aecfd05dbe0c","IsCII":false,"LastEventTime":"2025-10-10T02:09:50.16Z","MITRETactics":null,"MITRETechniques":null,"Name":"R445_03_Inbound connection from external host via SMB, RPC port","Observables":[{"Details":"","Type":"ip","Value":"167.94.146.31"},{"Details":"","Type":"hostname","Value":"windu"}],"OriginalEvents":[{"N":{"KL_CorrelationRulePriority":1},"ID":"fbb1ce7a-b9a9-4d0d-8775-aecfd05dbe0c","Name":"R445_03_Inbound connection from external host via SMB, RPC port","Type":3,"EndTime":1760062190158,"Message":"The external host 167.94.146.31 remotely connected to the internal node 192.168.1.222 on port 135 which is used in SMB, RPC protocols: Remote Procedure Call (RPC) Endpoint Mapper service","Priority":1,"Severity":"notice","TenantID":"3d6c4203-7328-4fb2-98fa-f37d385ffbde","GroupedBy":["Message","DeviceAddress","DeviceHostName","SourceAddress","SourceHostName","SourceUserName","DestinationAddress","DestinationHostName","DestinationUserName","ApplicationProtocol","TransportProtocol","BytesIn","BytesOut","DeviceAction","DeviceAssetID","DeviceCity","DeviceCountry","DeviceDirection","DeviceDnsDomain","DeviceEventCategory","DeviceEventClassID","DeviceExternalID","DeviceFacility","DeviceHostName","DeviceInboundInterface","DeviceLatitude","DeviceLongitude","DeviceMacAddress","DeviceNtDomain","DeviceOutboundInterface","DevicePayloadID","DeviceProcessID","DeviceProcessName","DeviceReceiptTime","DeviceRegion","DeviceTimeZone","DeviceTranslatedAddress","DeviceVersion","EventOutcome","Reason","Severity","SourceAccountID","SourceAssetID","SourceCity","SourceCountry","SourceDnsDomain","SourceLatitude","SourceLongitude","SourceMacAddress","SourceNtDomain","SourcePort","SourceProcessID","SourceProcessName","SourceRegion","SourceServiceName","SourceTranslatedAddress","SourceTranslatedPort","SourceUserID","SourceUserPrivileges","DestinationAccountID","DestinationAssetID","DestinationCity","DestinationCountry","DestinationDnsDomain","DestinationLatitude","DestinationLongitude","DestinationMacAddress","DestinationNtDomain","DestinationPort","DestinationProcessID","DestinationProcessName","DestinationRegion","DestinationServiceName","DestinationTranslatedAddress","DestinationTranslatedPort","DestinationUserID","DestinationUserPrivileges","RequestClientApplication","RequestContext","RequestCookies","RequestMethod","RequestUrl","FileCreateTime","FileHash","FileID","FileModificationTime","FileName","FilePath","FilePermission","FileSize","FileType","OldFileCreateTime","OldFileHash","OldFileID","OldFileModificationTime","OldFileName","OldFilePath","OldFilePermission","OldFileSize","OldFileType","DeviceCustomDate1","DeviceCustomDate2","DeviceCustomFloatingPoint1","DeviceCustomFloatingPoint2","DeviceCustomFloatingPoint2Label","DeviceCustomFloatingPoint3","DeviceCustomFloatingPoint3Label","DeviceCustomFloatingPoint4","DeviceCustomFloatingPoint4Label","DeviceCustomIPv6Address1","DeviceCustomIPv6Address1Label","DeviceCustomIPv6Address3","DeviceCustomIPv6Address3Label","DeviceCustomIPv6Address4","DeviceCustomIPv6Address4Label","DeviceCustomNumber2","DeviceCustomNumber2Label","DeviceCustomNumber3","DeviceCustomString1","DeviceCustomNumber3Label","DeviceCustomString1Label","DeviceCustomString2","DeviceCustomString2Label","DeviceCustomString3","DeviceCustomString3Label","DeviceCustomString4","DeviceCustomString4Label","DeviceCustomString5","DeviceCustomString5Label","DeviceCustomString6","DeviceCustomString6Label","FlexDate1","FlexDate1Label","FlexNumber1","FlexNumber1Label","FlexNumber2","FlexNumber2Label","FlexString1","FlexString1Label","FlexString2","timestamp_just_added","timestamp_profiling_finished"],"ServiceID":"7a75f41d-313b-4f68-a99d-6427546cc799","StartTime":1760062190158,"Timestamp":1760062190160,"BaseEvents":[{"N":{"KL_CorrelationRulePriority":1},"ID":"2183385a-34b6-4495-ab9e-1a62e2a7502c","Name":"Connection. Inbound connection from external host using SMB, RPC ports","Type":3,"EndTime":1759565010664,"Message":"Connection Failed","Priority":1,"Severity":"notice","TenantID":"3d6c4203-7328-4fb2-98fa-f37d385ffbde","GroupedBy":["Message","DeviceAddress","DeviceHostName","SourceAddress","SourceHostName","SourceUserName","DestinationAddress","DestinationHostName","DestinationUserName","ApplicationProtocol","TransportProtocol","BytesIn","BytesOut","DeviceAction","DeviceAssetID","DeviceCity","DeviceCountry","DeviceDirection","DeviceDnsDomain","DeviceEventCategory","DeviceEventClassID","DeviceExternalID","DeviceFacility","DeviceHostName","DeviceInboundInterface","DeviceLatitude","DeviceLongitude","DeviceMacAddress","DeviceNtDomain","DeviceOutboundInterface","DevicePayloadID","DeviceProcessID","DeviceProcessName","DeviceReceiptTime","DeviceRegion","DeviceTimeZone","DeviceTranslatedAddress","DeviceVersion","EventOutcome","Reason","Severity","SourceAccountID","SourceAssetID","SourceCity","SourceCountry","SourceDnsDomain","SourceLatitude","SourceLongitude","SourceMacAddress","SourceNtDomain","SourcePort","SourceProcessID","SourceProcessName","SourceRegion","SourceServiceName","SourceTranslatedAddress","SourceTranslatedPort","SourceUserID","SourceUserPrivileges","DestinationAccountID","DestinationAssetID","DestinationCity","DestinationCountry","DestinationDnsDomain","DestinationLatitude","DestinationLongitude","DestinationMacAddress","DestinationNtDomain","DestinationPort","DestinationProcessID","DestinationProcessName","DestinationRegion","DestinationServiceName","DestinationTranslatedAddress","DestinationTranslatedPort","DestinationUserID","DestinationUserPrivileges","RequestClientApplication","RequestContext","RequestCookies","RequestMethod","RequestUrl","FileCreateTime","FileHash","FileID","FileModificationTime","FileName","FilePath","FilePermission","FileSize","FileType","OldFileCreateTime","OldFileHash","OldFileID","OldFileModificationTime","OldFileName","OldFilePath","OldFilePermission","OldFileSize","OldFileType","DeviceCustomDate1","DeviceCustomDate2","DeviceCustomFloatingPoint1","DeviceCustomFloatingPoint2","DeviceCustomFloatingPoint2Label","DeviceCustomFloatingPoint3","DeviceCustomFloatingPoint3Label","DeviceCustomFloatingPoint4","DeviceCustomFloatingPoint4Label","DeviceCustomIPv6Address1","DeviceCustomIPv6Address1Label","DeviceCustomIPv6Address3","DeviceCustomIPv6Address3Label","DeviceCustomIPv6Address4","DeviceCustomIPv6Address4Label","DeviceCustomNumber2","DeviceCustomNumber2Label","DeviceCustomNumber3","DeviceCustomString1","DeviceCustomNumber3Label","DeviceCustomString1Label","DeviceCustomString2","DeviceCustomString2Label","DeviceCustomString3","DeviceCustomString3Label","DeviceCustomString4","DeviceCustomString4Label","DeviceCustomString5","DeviceCustomString5Label","DeviceCustomString6","DeviceCustomString6Label","FlexDate1","FlexDate1Label","FlexNumber1","FlexNumber1Label","FlexNumber2","FlexNumber2Label","FlexString1","FlexString1Label","FlexString2"],"ServiceID":"7a75f41d-313b-4f68-a99d-6427546cc799","StartTime":1759565010664,"Timestamp":1760062190158,"BaseEvents":[{"ID":"eeceab1e-a0b1-465c-8b64-864caa9767dc","Name":"traffic","Type":1,"EndTime":1759565010664,"Message":"Connection Failed","Priority":0,"Severity":"notice","TenantID":"3d6c4203-7328-4fb2-98fa-f37d385ffbde","ServiceID":"71d3be03-d996-4ec6-a03d-223288e5abc8","Timestamp":1759565010664,"ExternalID":"62826679","SourcePort":56225,"ServiceName":"Fortigate","DeviceAction":"deny","DeviceVendor":"Fortninet","DeviceAddress":"192.168.51.14","DeviceProduct":"Fortigate","SourceAddress":"167.94.146.31","DeviceHostName":"windu","DeviceTimeZone":"+02:00","DestinationPort":135,"DeviceExternalID":"FGT60FTK22032234","DeviceReceiptTime":1759565010664,"TransportProtocol":"6","DestinationAddress":"192.168.1.222","DeviceEventClassID":"local","ApplicationProtocol":"DCE-RPC","DeviceCustomString1":"local-in-policy","DeviceEventCategory":"traffic","DeviceInboundInterface":"wan2","DeviceOutboundInterface":"root","DeviceCustomNumber1Label":"duration","DeviceCustomNumber2Label":"policyid","DeviceCustomString1Label":"policytype"}],"SourcePort":56225,"ServiceName":"[OOTB] Correlator","DeviceAction":"deny","DeviceVendor":"Kaspersky","DeviceAddress":"192.168.51.14","DeviceProduct":"KUMA","SourceAddress":"167.94.146.31","BaseEventCount":1,"DeviceHostName":"windu","DeviceTimeZone":"+02:00","DestinationPort":135,"DeviceExternalID":"FGT60FTK22032234","CorrelationRuleID":"e2a20430-e50f-4f70-8970-8c799793a934","DeviceReceiptTime":1759565010664,"TransportProtocol":"6","DestinationAddress":"192.168.1.222","DeviceEventClassID":"local","ApplicationProtocol":"DCE-RPC","CorrelationRuleName":"Connection. Inbound connection from external host using SMB, RPC ports","DeviceCustomString1":"local-in-policy","DeviceEventCategory":"traffic","DeviceInboundInterface":"wan2","DeviceOutboundInterface":"root","DeviceCustomNumber2Label":"policyid","DeviceCustomString1Label":"policytype"}],"ExternalID":"R445_03","SourcePort":56225,"ServiceName":"[OOTB] Correlator","DeviceAction":"deny","DeviceVendor":"Kaspersky","DeviceAddress":"192.168.51.14","DeviceProduct":"KUMA","SourceAddress":"167.94.146.31","BaseEventCount":1,"DeviceHostName":"windu","DeviceTimeZone":"+02:00","DestinationPort":135,"DeviceExternalID":"FGT60FTK22032234","CorrelationRuleID":"49182bb8-1dd3-44cd-b561-101a5bd0e58d","DeviceReceiptTime":1759565010664,"TransportProtocol":"6","DestinationAddress":"192.168.1.222","DeviceEventClassID":"local","ApplicationProtocol":"DCE-RPC","CorrelationRuleName":"R445_03_Inbound connection from external host via SMB, RPC port","DeviceCustomString1":"local-in-policy","DeviceEventCategory":"traffic","DestinationServiceName":"Remote Procedure Call (RPC) Endpoint Mapper service","DeviceInboundInterface":"wan2","DeviceOutboundInterface":"root","DeviceCustomNumber2Label":"policyid","DeviceCustomString1Label":"policytype"}],"Rules":[{"Confidence":"medium","Custom":false,"ID":"49182bb8-1dd3-44cd-b561-101a5bd0e58d","Name":"R445_03_Inbound connection from external host via SMB, RPC port","Severity":"medium","Type":""}],"Severity":"low","SourceCreatedAt":"2025-10-10T02:09:50.16Z","SourceID":"fbb1ce7a-b9a9-4d0d-8775-aecfd05dbe0c","Status":"new","StatusChangedAt":"2025-10-10T02:09:55.165Z","StatusResolution":"","TenantID":"3d6c4203-7328-4fb2-98fa-f37d385ffbde","UpdatedAt":"2025-10-10T02:09:55.165Z"},{"Assets":null,"Assignee":{"ID":"nobody","Name":"Not assigned","Type":""},"CreatedAt":"2025-10-11T08:29:15.018Z","DetectionTechnologies":null,"ExternalRef":"","Extra":null,"FirstEventTime":"2025-10-11T08:29:13.153Z","HistoryRecords":null,"ID":20664,"IncidentID":"","IncidentLinkType":"","InternalID":"d3dbc902-39ec-4ef0-8bcb-0996c2b4a613","IsCII":false,"LastEventTime":"2025-10-11T08:29:14.882Z","MITRETactics":null,"MITRETechniques":null,"Name":"R219_Use of VPN ports","Observables":[{"Details":"","Type":"ip","Value":"62.201.149.81"},{"Details":"","Type":"hostname","Value":"windu"}],"OriginalEvents":[{"N":{"KL_CorrelationRulePriority":2},"ID":"d3dbc902-39ec-4ef0-8bcb-0996c2b4a613","Name":"R219_Use of VPN ports","Type":3,"EndTime":1760171354883,"Priority":2,"TenantID":"3d6c4203-7328-4fb2-98fa-f37d385ffbde","GroupedBy":["SourceAddress","SourceAssetID","SourceHostName","SourceNtDomain","SourcePort","DestinationAddress","DestinationAssetID","DestinationHostName","DestinationNtDomain","DestinationPort","TransportProtocol"],"ServiceID":"7a75f41d-313b-4f68-a99d-6427546cc799","StartTime":1760171353153,"Timestamp":1760171354883,"BaseEvents":[{"ID":"e9000cf0-379e-4e7d-a5df-43e4632926dc","Name":"traffic","Type":1,"BytesIn":14379,"EndTime":1760171353153,"BytesOut":14501,"Priority":0,"Severity":"notice","TenantID":"3d6c4203-7328-4fb2-98fa-f37d385ffbde","ServiceID":"71d3be03-d996-4ec6-a03d-223288e5abc8","Timestamp":1760171353153,"ExternalID":"74365815","SourcePort":4500,"ServiceName":"Fortigate","DeviceAction":"accept","DeviceVendor":"Fortninet","DeviceAddress":"192.168.51.14","DeviceProduct":"Fortigate","SourceAddress":"192.168.10.66","DeviceHostName":"windu","DeviceTimeZone":"+02:00","DestinationPort":4500,"DeviceExternalID":"FGT60FTK22032234","DeviceReceiptTime":1760171353153,"TransportProtocol":"17","DestinationAddress":"62.201.149.81","DeviceEventClassID":"forward","ApplicationProtocol":"MMS","DeviceCustomNumber1":1519,"DeviceCustomNumber2":33,"DeviceCustomString1":"policy","DeviceEventCategory":"traffic","DeviceInboundInterface":"Loulou_Boulot","DeviceOutboundInterface":"Prod0Root1_0","DeviceCustomNumber1Label":"duration","DeviceCustomNumber2Label":"policyid","DeviceCustomString1Label":"policytype"}],"ExternalID":"R219","SourcePort":4500,"ServiceName":"[OOTB] Correlator","DeviceVendor":"Kaspersky","DeviceProduct":"KUMA","SourceAddress":"192.168.10.66","BaseEventCount":1,"DeviceTimeZone":"+02:00","DestinationPort":4500,"CorrelationRuleID":"b896c0f9-c5f8-4996-96d1-7811fc66e8c7","TransportProtocol":"17","DestinationAddress":"62.201.149.81","CorrelationRuleName":"R219_Use of VPN ports"}],"Rules":[{"Confidence":"medium","Custom":false,"ID":"b896c0f9-c5f8-4996-96d1-7811fc66e8c7","Name":"R219_Use of VPN ports","Severity":"high","Type":""}],"Severity":"medium","SourceCreatedAt":"2025-10-11T08:29:14.882Z","SourceID":"d3dbc902-39ec-4ef0-8bcb-0996c2b4a613","Status":"new","StatusChangedAt":"2025-10-11T08:29:15.018Z","StatusResolution":"","TenantID":"3d6c4203-7328-4fb2-98fa-f37d385ffbde","UpdatedAt":"2025-10-11T08:29:15.018Z"},{"Assets":null,"Assignee":{"ID":"nobody","Name":"Not assigned","Type":""},"CreatedAt":"2025-10-11T08:30:45.022Z","DetectionTechnologies":null,"ExternalRef":"","Extra":null,"FirstEventTime":"2025-10-11T08:30:40.164Z","HistoryRecords":null,"ID":20666,"IncidentID":"","IncidentLinkType":"","InternalID":"79c6c5aa-48bc-492f-abac-bc2d34425665","IsCII":false,"LastEventTime":"2025-10-11T08:30:44.862Z","MITRETactics":null,"MITRETechniques":null,"Name":"R445_03_Inbound connection from external host via SMB, RPC port","Observables":[{"Details":"","Type":"ip","Value":"110.49.8.18"},{"Details":"","Type":"hostname","Value":"windu"}],"OriginalEvents":[{"N":{"KL_CorrelationRulePriority":1},"ID":"79c6c5aa-48bc-492f-abac-bc2d34425665","Name":"R445_03_Inbound connection from external host via SMB, RPC port","Type":3,"EndTime":1760171444862,"Message":"The external host 110.49.8.18 remotely connected to the internal node 192.168.1.222 on port 445 which is used in SMB, RPC protocols: Microsoft-DS (Directory Services) SMB file sharing","Priority":1,"Severity":"notice","TenantID":"3d6c4203-7328-4fb2-98fa-f37d385ffbde","GroupedBy":["Message","DeviceAddress","DeviceHostName","SourceAddress","SourceHostName","SourceUserName","DestinationAddress","DestinationHostName","DestinationUserName","ApplicationProtocol","TransportProtocol","BytesIn","BytesOut","DeviceAction","DeviceAssetID","DeviceCity","DeviceCountry","DeviceDirection","DeviceDnsDomain","DeviceEventCategory","DeviceEventClassID","DeviceExternalID","DeviceFacility","DeviceHostName","DeviceInboundInterface","DeviceLatitude","DeviceLongitude","DeviceMacAddress","DeviceNtDomain","DeviceOutboundInterface","DevicePayloadID","DeviceProcessID","DeviceProcessName","DeviceReceiptTime","DeviceRegion","DeviceTimeZone","DeviceTranslatedAddress","DeviceVersion","EventOutcome","Reason","Severity","SourceAccountID","SourceAssetID","SourceCity","SourceCountry","SourceDnsDomain","SourceLatitude","SourceLongitude","SourceMacAddress","SourceNtDomain","SourcePort","SourceProcessID","SourceProcessName","SourceRegion","SourceServiceName","SourceTranslatedAddress","SourceTranslatedPort","SourceUserID","SourceUserPrivileges","DestinationAccountID","DestinationAssetID","DestinationCity","DestinationCountry","DestinationDnsDomain","DestinationLatitude","DestinationLongitude","DestinationMacAddress","DestinationNtDomain","DestinationPort","DestinationProcessID","DestinationProcessName","DestinationRegion","DestinationServiceName","DestinationTranslatedAddress","DestinationTranslatedPort","DestinationUserID","DestinationUserPrivileges","RequestClientApplication","RequestContext","RequestCookies","RequestMethod","RequestUrl","FileCreateTime","FileHash","FileID","FileModificationTime","FileName","FilePath","FilePermission","FileSize","FileType","OldFileCreateTime","OldFileHash","OldFileID","OldFileModificationTime","OldFileName","OldFilePath","OldFilePermission","OldFileSize","OldFileType","DeviceCustomDate1","DeviceCustomDate2","DeviceCustomFloatingPoint1","DeviceCustomFloatingPoint2","DeviceCustomFloatingPoint2Label","DeviceCustomFloatingPoint3","DeviceCustomFloatingPoint3Label","DeviceCustomFloatingPoint4","DeviceCustomFloatingPoint4Label","DeviceCustomIPv6Address1","DeviceCustomIPv6Address1Label","DeviceCustomIPv6Address3","DeviceCustomIPv6Address3Label","DeviceCustomIPv6Address4","DeviceCustomIPv6Address4Label","DeviceCustomNumber2","DeviceCustomNumber2Label","DeviceCustomNumber3","DeviceCustomString1","DeviceCustomNumber3Label","DeviceCustomString1Label","DeviceCustomString2","DeviceCustomString2Label","DeviceCustomString3","DeviceCustomString3Label","DeviceCustomString4","DeviceCustomString4Label","DeviceCustomString5","DeviceCustomString5Label","DeviceCustomString6","DeviceCustomString6Label","FlexDate1","FlexDate1Label","FlexNumber1","FlexNumber1Label","FlexNumber2","FlexNumber2Label","FlexString1","FlexString1Label","FlexString2","timestamp_just_added","timestamp_profiling_finished"],"ServiceID":"7a75f41d-313b-4f68-a99d-6427546cc799","StartTime":1760171444862,"Timestamp":1760171444863,"BaseEvents":[{"N":{"KL_CorrelationRulePriority":1},"ID":"874b3157-3129-499f-af9b-b751e0de1bb0","Name":"Connection. Inbound connection from external host using SMB, RPC ports","Type":3,"EndTime":1760171440164,"Message":"Connection Failed","Priority":1,"Severity":"notice","TenantID":"3d6c4203-7328-4fb2-98fa-f37d385ffbde","GroupedBy":["Message","DeviceAddress","DeviceHostName","SourceAddress","SourceHostName","SourceUserName","DestinationAddress","DestinationHostName","DestinationUserName","ApplicationProtocol","TransportProtocol","BytesIn","BytesOut","DeviceAction","DeviceAssetID","DeviceCity","DeviceCountry","DeviceDirection","DeviceDnsDomain","DeviceEventCategory","DeviceEventClassID","DeviceExternalID","DeviceFacility","DeviceHostName","DeviceInboundInterface","DeviceLatitude","DeviceLongitude","DeviceMacAddress","DeviceNtDomain","DeviceOutboundInterface","DevicePayloadID","DeviceProcessID","DeviceProcessName","DeviceReceiptTime","DeviceRegion","DeviceTimeZone","DeviceTranslatedAddress","DeviceVersion","EventOutcome","Reason","Severity","SourceAccountID","SourceAssetID","SourceCity","SourceCountry","SourceDnsDomain","SourceLatitude","SourceLongitude","SourceMacAddress","SourceNtDomain","SourcePort","SourceProcessID","SourceProcessName","SourceRegion","SourceServiceName","SourceTranslatedAddress","SourceTranslatedPort","SourceUserID","SourceUserPrivileges","DestinationAccountID","DestinationAssetID","DestinationCity","DestinationCountry","DestinationDnsDomain","DestinationLatitude","DestinationLongitude","DestinationMacAddress","DestinationNtDomain","DestinationPort","DestinationProcessID","DestinationProcessName","DestinationRegion","DestinationServiceName","DestinationTranslatedAddress","DestinationTranslatedPort","DestinationUserID","DestinationUserPrivileges","RequestClientApplication","RequestContext","RequestCookies","RequestMethod","RequestUrl","FileCreateTime","FileHash","FileID","FileModificationTime","FileName","FilePath","FilePermission","FileSize","FileType","OldFileCreateTime","OldFileHash","OldFileID","OldFileModificationTime","OldFileName","OldFilePath","OldFilePermission","OldFileSize","OldFileType","DeviceCustomDate1","DeviceCustomDate2","DeviceCustomFloatingPoint1","DeviceCustomFloatingPoint2","DeviceCustomFloatingPoint2Label","DeviceCustomFloatingPoint3","DeviceCustomFloatingPoint3Label","DeviceCustomFloatingPoint4","DeviceCustomFloatingPoint4Label","DeviceCustomIPv6Address1","DeviceCustomIPv6Address1Label","DeviceCustomIPv6Address3","DeviceCustomIPv6Address3Label","DeviceCustomIPv6Address4","DeviceCustomIPv6Address4Label","DeviceCustomNumber2","DeviceCustomNumber2Label","DeviceCustomNumber3","DeviceCustomString1","DeviceCustomNumber3Label","DeviceCustomString1Label","DeviceCustomString2","DeviceCustomString2Label","DeviceCustomString3","DeviceCustomString3Label","DeviceCustomString4","DeviceCustomString4Label","DeviceCustomString5","DeviceCustomString5Label","DeviceCustomString6","DeviceCustomString6Label","FlexDate1","FlexDate1Label","FlexNumber1","FlexNumber1Label","FlexNumber2","FlexNumber2Label","FlexString1","FlexString1Label","FlexString2"],"ServiceID":"7a75f41d-313b-4f68-a99d-6427546cc799","StartTime":1760171440164,"Timestamp":1760171444862,"BaseEvents":[{"ID":"ed4d91b0-4d5a-49b2-84e5-b005c0d7eb0e","Name":"traffic","Type":1,"EndTime":1760171440164,"Message":"Connection Failed","Priority":0,"Severity":"notice","TenantID":"3d6c4203-7328-4fb2-98fa-f37d385ffbde","ServiceID":"71d3be03-d996-4ec6-a03d-223288e5abc8","Timestamp":1760171440164,"ExternalID":"74398450","SourcePort":55616,"ServiceName":"Fortigate","DeviceAction":"deny","DeviceVendor":"Fortninet","DeviceAddress":"192.168.51.14","DeviceProduct":"Fortigate","SourceAddress":"110.49.8.18","DeviceHostName":"windu","DeviceTimeZone":"+02:00","DestinationPort":445,"DeviceExternalID":"FGT60FTK22032234","DeviceReceiptTime":1760171440164,"TransportProtocol":"6","DestinationAddress":"192.168.1.222","DeviceEventClassID":"local","ApplicationProtocol":"SMB","DeviceCustomString1":"local-in-policy","DeviceEventCategory":"traffic","DeviceInboundInterface":"wan2","DeviceOutboundInterface":"root","DeviceCustomNumber1Label":"duration","DeviceCustomNumber2Label":"policyid","DeviceCustomString1Label":"policytype"}],"SourcePort":55616,"ServiceName":"[OOTB] Correlator","DeviceAction":"deny","DeviceVendor":"Kaspersky","DeviceAddress":"192.168.51.14","DeviceProduct":"KUMA","SourceAddress":"110.49.8.18","BaseEventCount":1,"DeviceHostName":"windu","DeviceTimeZone":"+02:00","DestinationPort":445,"DeviceExternalID":"FGT60FTK22032234","CorrelationRuleID":"e2a20430-e50f-4f70-8970-8c799793a934","DeviceReceiptTime":1760171440164,"TransportProtocol":"6","DestinationAddress":"192.168.1.222","DeviceEventClassID":"local","ApplicationProtocol":"SMB","CorrelationRuleName":"Connection. Inbound connection from external host using SMB, RPC ports","DeviceCustomString1":"local-in-policy","DeviceEventCategory":"traffic","DeviceInboundInterface":"wan2","DeviceOutboundInterface":"root","DeviceCustomNumber2Label":"policyid","DeviceCustomString1Label":"policytype"}],"ExternalID":"R445_03","SourcePort":55616,"ServiceName":"[OOTB] Correlator","DeviceAction":"deny","DeviceVendor":"Kaspersky","DeviceAddress":"192.168.51.14","DeviceProduct":"KUMA","SourceAddress":"110.49.8.18","BaseEventCount":1,"DeviceHostName":"windu","DeviceTimeZone":"+02:00","DestinationPort":445,"DeviceExternalID":"FGT60FTK22032234","CorrelationRuleID":"49182bb8-1dd3-44cd-b561-101a5bd0e58d","DeviceReceiptTime":1760171440164,"TransportProtocol":"6","DestinationAddress":"192.168.1.222","DeviceEventClassID":"local","ApplicationProtocol":"SMB","CorrelationRuleName":"R445_03_Inbound connection from external host via SMB, RPC port","DeviceCustomString1":"local-in-policy","DeviceEventCategory":"traffic","DestinationServiceName":"Microsoft-DS (Directory Services) SMB file sharing","DeviceInboundInterface":"wan2","DeviceOutboundInterface":"root","DeviceCustomNumber2Label":"policyid","DeviceCustomString1Label":"policytype"}],"Rules":[{"Confidence":"medium","Custom":false,"ID":"49182bb8-1dd3-44cd-b561-101a5bd0e58d","Name":"R445_03_Inbound connection from external host via SMB, RPC port","Severity":"medium","Type":""}],"Severity":"low","SourceCreatedAt":"2025-10-11T08:30:44.862Z","SourceID":"79c6c5aa-48bc-492f-abac-bc2d34425665","Status":"new","StatusChangedAt":"2025-10-11T08:30:45.022Z","StatusResolution":"","TenantID":"3d6c4203-7328-4fb2-98fa-f37d385ffbde","UpdatedAt":"2025-10-11T08:30:45.022Z"},{"Assets":null,"Assignee":{"ID":"nobody","Name":"Not assigned","Type":""},"CreatedAt":"2025-10-11T08:31:20.028Z","DetectionTechnologies":null,"ExternalRef":"","Extra":null,"FirstEventTime":"2025-10-11T08:31:16.055Z","HistoryRecords":null,"ID":20667,"IncidentID":"","IncidentLinkType":"","InternalID":"c5612273-0e2c-49b0-a56c-f08e9d1a4b52","IsCII":false,"LastEventTime":"2025-10-11T08:31:19.885Z","MITRETactics":null,"MITRETechniques":null,"Name":"R219_Use of VPN ports","Observables":[{"Details":"","Type":"ip","Value":"62.201.149.81"},{"Details":"","Type":"hostname","Value":"windu"}],"OriginalEvents":[{"N":{"KL_CorrelationRulePriority":2},"ID":"c5612273-0e2c-49b0-a56c-f08e9d1a4b52","Name":"R219_Use of VPN ports","Type":3,"EndTime":1760171479886,"Priority":2,"TenantID":"3d6c4203-7328-4fb2-98fa-f37d385ffbde","GroupedBy":["SourceAddress","SourceAssetID","SourceHostName","SourceNtDomain","SourcePort","DestinationAddress","DestinationAssetID","DestinationHostName","DestinationNtDomain","DestinationPort","TransportProtocol"],"ServiceID":"7a75f41d-313b-4f68-a99d-6427546cc799","StartTime":1760171476055,"Timestamp":1760171479886,"BaseEvents":[{"ID":"1607ac58-791f-4183-bd3b-c21b6a016420","Name":"traffic","Type":1,"BytesIn":14693,"EndTime":1760171476055,"BytesOut":14931,"Priority":0,"Severity":"notice","TenantID":"3d6c4203-7328-4fb2-98fa-f37d385ffbde","ServiceID":"71d3be03-d996-4ec6-a03d-223288e5abc8","Timestamp":1760171476055,"ExternalID":"74365815","SourcePort":4500,"ServiceName":"Fortigate","DeviceAction":"accept","DeviceVendor":"Fortninet","DeviceAddress":"192.168.51.14","DeviceProduct":"Fortigate","SourceAddress":"192.168.10.66","DeviceHostName":"windu","DeviceTimeZone":"+02:00","DestinationPort":4500,"DeviceExternalID":"FGT60FTK22032234","DeviceReceiptTime":1760171476055,"TransportProtocol":"17","DestinationAddress":"62.201.149.81","DeviceEventClassID":"forward","ApplicationProtocol":"MMS","DeviceCustomNumber1":1642,"DeviceCustomNumber2":33,"DeviceCustomString1":"policy","DeviceEventCategory":"traffic","DeviceInboundInterface":"Loulou_Boulot","DeviceOutboundInterface":"Prod0Root1_0","DeviceCustomNumber1Label":"duration","DeviceCustomNumber2Label":"policyid","DeviceCustomString1Label":"policytype"}],"ExternalID":"R219","SourcePort":4500,"ServiceName":"[OOTB] Correlator","DeviceVendor":"Kaspersky","DeviceProduct":"KUMA","SourceAddress":"192.168.10.66","BaseEventCount":1,"DeviceTimeZone":"+02:00","DestinationPort":4500,"CorrelationRuleID":"b896c0f9-c5f8-4996-96d1-7811fc66e8c7","TransportProtocol":"17","DestinationAddress":"62.201.149.81","CorrelationRuleName":"R219_Use of VPN ports"}],"Rules":[{"Confidence":"medium","Custom":false,"ID":"b896c0f9-c5f8-4996-96d1-7811fc66e8c7","Name":"R219_Use of VPN ports","Severity":"high","Type":""}],"Severity":"medium","SourceCreatedAt":"2025-10-11T08:31:19.885Z","SourceID":"c5612273-0e2c-49b0-a56c-f08e9d1a4b52","Status":"new","StatusChangedAt":"2025-10-11T08:31:20.028Z","StatusResolution":"","TenantID":"3d6c4203-7328-4fb2-98fa-f37d385ffbde","UpdatedAt":"2025-10-11T08:31:20.028Z"},{"Assets":null,"Assignee":{"ID":"nobody","Name":"Not assigned","Type":""},"CreatedAt":"2025-10-11T08:32:35.04Z","DetectionTechnologies":null,"ExternalRef":"","Extra":null,"FirstEventTime":"2025-10-11T08:32:33.936Z","HistoryRecords":null,"ID":20668,"IncidentID":"","IncidentLinkType":"","InternalID":"2f9ab6e1-e738-42c2-8658-8a3e707655f9","IsCII":false,"LastEventTime":"2025-10-11T08:32:34.927Z","MITRETactics":null,"MITRETechniques":null,"Name":"R445_05_Inbound connection from external host via management port","Observables":[{"Details":"","Type":"ip","Value":"91.191.209.74"},{"Details":"","Type":"hostname","Value":"windu"}],"OriginalEvents":[{"N":{"KL_CorrelationRulePriority":1},"ID":"2f9ab6e1-e738-42c2-8658-8a3e707655f9","Name":"R445_05_Inbound connection from external host via management port","Type":3,"EndTime":1760171554926,"Message":"The external host 91.191.209.74 remotely connected to the internal node 192.168.1.222 on port 3389 using the remote administration tool: RDP","Priority":1,"Severity":"notice","TenantID":"3d6c4203-7328-4fb2-98fa-f37d385ffbde","GroupedBy":["Message","DeviceAddress","DeviceHostName","SourceAddress","SourceHostName","SourceUserName","DestinationAddress","DestinationHostName","DestinationUserName","ApplicationProtocol","TransportProtocol","BytesIn","BytesOut","DeviceAction","DeviceAssetID","DeviceCity","DeviceCountry","DeviceDirection","DeviceDnsDomain","DeviceEventCategory","DeviceEventClassID","DeviceExternalID","DeviceFacility","DeviceHostName","DeviceInboundInterface","DeviceLatitude","DeviceLongitude","DeviceMacAddress","DeviceNtDomain","DeviceOutboundInterface","DevicePayloadID","DeviceProcessID","DeviceProcessName","DeviceReceiptTime","DeviceRegion","DeviceTimeZone","DeviceTranslatedAddress","DeviceVersion","EventOutcome","Reason","Severity","SourceAccountID","SourceAssetID","SourceCity","SourceCountry","SourceDnsDomain","SourceLatitude","SourceLongitude","SourceMacAddress","SourceNtDomain","SourcePort","SourceProcessID","SourceProcessName","SourceRegion","SourceServiceName","SourceTranslatedAddress","SourceTranslatedPort","SourceUserID","SourceUserPrivileges","DestinationAccountID","DestinationAssetID","DestinationCity","DestinationCountry","DestinationDnsDomain","DestinationLatitude","DestinationLongitude","DestinationMacAddress","DestinationNtDomain","DestinationPort","DestinationProcessID","DestinationProcessName","DestinationRegion","DestinationServiceName","DestinationTranslatedAddress","DestinationTranslatedPort","DestinationUserID","DestinationUserPrivileges","RequestClientApplication","RequestContext","RequestCookies","RequestMethod","RequestUrl","FileCreateTime","FileHash","FileID","FileModificationTime","FileName","FilePath","FilePermission","FileSize","FileType","OldFileCreateTime","OldFileHash","OldFileID","OldFileModificationTime","OldFileName","OldFilePath","OldFilePermission","OldFileSize","OldFileType","DeviceCustomDate1","DeviceCustomDate2","DeviceCustomFloatingPoint1","DeviceCustomFloatingPoint2","DeviceCustomFloatingPoint2Label","DeviceCustomFloatingPoint3","DeviceCustomFloatingPoint3Label","DeviceCustomFloatingPoint4","DeviceCustomFloatingPoint4Label","DeviceCustomIPv6Address1","DeviceCustomIPv6Address1Label","DeviceCustomIPv6Address3","DeviceCustomIPv6Address3Label","DeviceCustomIPv6Address4","DeviceCustomIPv6Address4Label","DeviceCustomNumber2","DeviceCustomNumber2Label","DeviceCustomNumber3","DeviceCustomString1","DeviceCustomNumber3Label","DeviceCustomString1Label","DeviceCustomString2","DeviceCustomString2Label","DeviceCustomString3","DeviceCustomString3Label","DeviceCustomString4","DeviceCustomString4Label","DeviceCustomString5","DeviceCustomString5Label","DeviceCustomString6","DeviceCustomString6Label","FlexDate1","FlexDate1Label","FlexNumber1","FlexNumber1Label","FlexNumber2","FlexNumber2Label","FlexString1","FlexString1Label","FlexString2","timestamp_just_added","timestamp_profiling_finished"],"ServiceID":"7a75f41d-313b-4f68-a99d-6427546cc799","StartTime":1760171554926,"Timestamp":1760171554927,"BaseEvents":[{"N":{"KL_CorrelationRulePriority":1},"ID":"52a8b3b5-1020-4dcd-913b-5822af07ce64","Name":"Connection. Inbound connection from external host using management ports","Type":3,"EndTime":1760171553936,"Message":"Connection Failed","Priority":1,"Severity":"notice","TenantID":"3d6c4203-7328-4fb2-98fa-f37d385ffbde","GroupedBy":["Message","DeviceAddress","DeviceHostName","SourceAddress","SourceHostName","SourceUserName","DestinationAddress","DestinationHostName","DestinationUserName","ApplicationProtocol","TransportProtocol","BytesIn","BytesOut","DeviceAction","DeviceAssetID","DeviceCity","DeviceCountry","DeviceDirection","DeviceDnsDomain","DeviceEventCategory","DeviceEventClassID","DeviceExternalID","DeviceFacility","DeviceHostName","DeviceInboundInterface","DeviceLatitude","DeviceLongitude","DeviceMacAddress","DeviceNtDomain","DeviceOutboundInterface","DevicePayloadID","DeviceProcessID","DeviceProcessName","DeviceReceiptTime","DeviceRegion","DeviceTimeZone","DeviceTranslatedAddress","DeviceVersion","EventOutcome","Reason","Severity","SourceAccountID","SourceAssetID","SourceCity","SourceCountry","SourceDnsDomain","SourceLatitude","SourceLongitude","SourceMacAddress","SourceNtDomain","SourcePort","SourceProcessID","SourceProcessName","SourceRegion","SourceServiceName","SourceTranslatedAddress","SourceTranslatedPort","SourceUserID","SourceUserPrivileges","DestinationAccountID","DestinationAssetID","DestinationCity","DestinationCountry","DestinationDnsDomain","DestinationLatitude","DestinationLongitude","DestinationMacAddress","DestinationNtDomain","DestinationPort","DestinationProcessID","DestinationProcessName","DestinationRegion","DestinationServiceName","DestinationTranslatedAddress","DestinationTranslatedPort","DestinationUserID","DestinationUserPrivileges","RequestClientApplication","RequestContext","RequestCookies","RequestMethod","RequestUrl","FileCreateTime","FileHash","FileID","FileModificationTime","FileName","FilePath","FilePermission","FileSize","FileType","OldFileCreateTime","OldFileHash","OldFileID","OldFileModificationTime","OldFileName","OldFilePath","OldFilePermission","OldFileSize","OldFileType","DeviceCustomDate1","DeviceCustomDate2","DeviceCustomFloatingPoint1","DeviceCustomFloatingPoint2","DeviceCustomFloatingPoint2Label","DeviceCustomFloatingPoint3","DeviceCustomFloatingPoint3Label","DeviceCustomFloatingPoint4","DeviceCustomFloatingPoint4Label","DeviceCustomIPv6Address1","DeviceCustomIPv6Address1Label","DeviceCustomIPv6Address3","DeviceCustomIPv6Address3Label","DeviceCustomIPv6Address4","DeviceCustomIPv6Address4Label","DeviceCustomNumber2","DeviceCustomNumber2Label","DeviceCustomNumber3","DeviceCustomString1","DeviceCustomNumber3Label","DeviceCustomString1Label","DeviceCustomString2","DeviceCustomString2Label","DeviceCustomString3","DeviceCustomString3Label","DeviceCustomString4","DeviceCustomString4Label","DeviceCustomString5","DeviceCustomString5Label","DeviceCustomString6","DeviceCustomString6Label","FlexDate1","FlexDate1Label","FlexNumber1","FlexNumber1Label","FlexNumber2","FlexNumber2Label","FlexString1","FlexString1Label","FlexString2"],"ServiceID":"7a75f41d-313b-4f68-a99d-6427546cc799","StartTime":1760171553936,"Timestamp":1760171554926,"BaseEvents":[{"ID":"f13ef0c0-c9ba-403a-a7d7-779a067e1f1b","Name":"traffic","Type":1,"EndTime":1760171553936,"Message":"Connection Failed","Priority":0,"Severity":"notice","TenantID":"3d6c4203-7328-4fb2-98fa-f37d385ffbde","ServiceID":"71d3be03-d996-4ec6-a03d-223288e5abc8","Timestamp":1760171553936,"ExternalID":"74400764","SourcePort":49791,"ServiceName":"Fortigate","DeviceAction":"deny","DeviceVendor":"Fortninet","DeviceAddress":"192.168.51.14","DeviceProduct":"Fortigate","SourceAddress":"91.191.209.74","DeviceHostName":"windu","DeviceTimeZone":"+02:00","DestinationPort":3389,"DeviceExternalID":"FGT60FTK22032234","DeviceReceiptTime":1760171553936,"TransportProtocol":"6","DestinationAddress":"192.168.1.222","DeviceEventClassID":"local","ApplicationProtocol":"RDP","DeviceCustomString1":"local-in-policy","DeviceEventCategory":"traffic","DeviceInboundInterface":"wan2","DeviceOutboundInterface":"root","DeviceCustomNumber1Label":"duration","DeviceCustomNumber2Label":"policyid","DeviceCustomString1Label":"policytype"}],"SourcePort":49791,"ServiceName":"[OOTB] Correlator","DeviceAction":"deny","DeviceVendor":"Kaspersky","DeviceAddress":"192.168.51.14","DeviceProduct":"KUMA","SourceAddress":"91.191.209.74","BaseEventCount":1,"DeviceHostName":"windu","DeviceTimeZone":"+02:00","DestinationPort":3389,"DeviceExternalID":"FGT60FTK22032234","CorrelationRuleID":"83fea516-0ec2-4fd2-96c0-1136c65378bb","DeviceReceiptTime":1760171553936,"TransportProtocol":"6","DestinationAddress":"192.168.1.222","DeviceEventClassID":"local","ApplicationProtocol":"RDP","CorrelationRuleName":"Connection. Inbound connection from external host using management ports","DeviceCustomString1":"local-in-policy","DeviceEventCategory":"traffic","DeviceInboundInterface":"wan2","DeviceOutboundInterface":"root","DeviceCustomNumber2Label":"policyid","DeviceCustomString1Label":"policytype"}],"ExternalID":"R445_05","SourcePort":49791,"ServiceName":"[OOTB] Correlator","DeviceAction":"deny","DeviceVendor":"Kaspersky","DeviceAddress":"192.168.51.14","DeviceProduct":"KUMA","SourceAddress":"91.191.209.74","BaseEventCount":1,"DeviceHostName":"windu","DeviceTimeZone":"+02:00","DestinationPort":3389,"DeviceExternalID":"FGT60FTK22032234","CorrelationRuleID":"4eeda10b-8ef6-4725-846d-62b00bfa7561","DeviceReceiptTime":1760171553936,"TransportProtocol":"6","DestinationAddress":"192.168.1.222","DeviceEventClassID":"local","ApplicationProtocol":"RDP","CorrelationRuleName":"R445_05_Inbound connection from external host via management port","DeviceCustomString1":"local-in-policy","DeviceEventCategory":"traffic","DestinationServiceName":"RDP","DeviceInboundInterface":"wan2","DeviceOutboundInterface":"root","DeviceCustomNumber2Label":"policyid","DeviceCustomString1Label":"policytype"}],"Rules":[{"Confidence":"medium","Custom":false,"ID":"4eeda10b-8ef6-4725-846d-62b00bfa7561","Name":"R445_05_Inbound connection from external host via management port","Severity":"medium","Type":""}],"Severity":"low","SourceCreatedAt":"2025-10-11T08:32:34.927Z","SourceID":"2f9ab6e1-e738-42c2-8658-8a3e707655f9","Status":"new","StatusChangedAt":"2025-10-11T08:32:35.04Z","StatusResolution":"","TenantID":"3d6c4203-7328-4fb2-98fa-f37d385ffbde","UpdatedAt":"2025-10-11T08:32:35.04Z"},{"Assets":null,"Assignee":{"ID":"nobody","Name":"Not assigned","Type":""},"CreatedAt":"2025-10-10T02:00:45.097Z","DetectionTechnologies":null,"ExternalRef":"","Extra":null,"FirstEventTime":"2025-10-10T02:00:43.094Z","HistoryRecords":null,"ID":18933,"IncidentID":"","IncidentLinkType":"","InternalID":"c4540b0e-f3da-4501-a8e6-7cdab09a3e32","IsCII":false,"LastEventTime":"2025-10-10T02:00:45.063Z","MITRETactics":null,"MITRETechniques":null,"Name":"R445_03_Inbound connection from external host via SMB, RPC port","Observables":[{"Details":"","Type":"ip","Value":"202.183.158.26"},{"Details":"","Type":"hostname","Value":"windu"}],"OriginalEvents":[{"N":{"KL_CorrelationRulePriority":1},"ID":"c4540b0e-f3da-4501-a8e6-7cdab09a3e32","Name":"R445_03_Inbound connection from external host via SMB, RPC port","Type":3,"EndTime":1760061645062,"Message":"The external host 202.183.158.26 remotely connected to the internal node 192.168.1.222 on port 445 which is used in SMB, RPC protocols: Microsoft-DS (Directory Services) SMB file sharing","Priority":1,"Severity":"notice","TenantID":"3d6c4203-7328-4fb2-98fa-f37d385ffbde","GroupedBy":["Message","DeviceAddress","DeviceHostName","SourceAddress","SourceHostName","SourceUserName","DestinationAddress","DestinationHostName","DestinationUserName","ApplicationProtocol","TransportProtocol","BytesIn","BytesOut","DeviceAction","DeviceAssetID","DeviceCity","DeviceCountry","DeviceDirection","DeviceDnsDomain","DeviceEventCategory","DeviceEventClassID","DeviceExternalID","DeviceFacility","DeviceHostName","DeviceInboundInterface","DeviceLatitude","DeviceLongitude","DeviceMacAddress","DeviceNtDomain","DeviceOutboundInterface","DevicePayloadID","DeviceProcessID","DeviceProcessName","DeviceReceiptTime","DeviceRegion","DeviceTimeZone","DeviceTranslatedAddress","DeviceVersion","EventOutcome","Reason","Severity","SourceAccountID","SourceAssetID","SourceCity","SourceCountry","SourceDnsDomain","SourceLatitude","SourceLongitude","SourceMacAddress","SourceNtDomain","SourcePort","SourceProcessID","SourceProcessName","SourceRegion","SourceServiceName","SourceTranslatedAddress","SourceTranslatedPort","SourceUserID","SourceUserPrivileges","DestinationAccountID","DestinationAssetID","DestinationCity","DestinationCountry","DestinationDnsDomain","DestinationLatitude","DestinationLongitude","DestinationMacAddress","DestinationNtDomain","DestinationPort","DestinationProcessID","DestinationProcessName","DestinationRegion","DestinationServiceName","DestinationTranslatedAddress","DestinationTranslatedPort","DestinationUserID","DestinationUserPrivileges","RequestClientApplication","RequestContext","RequestCookies","RequestMethod","RequestUrl","FileCreateTime","FileHash","FileID","FileModificationTime","FileName","FilePath","FilePermission","FileSize","FileType","OldFileCreateTime","OldFileHash","OldFileID","OldFileModificationTime","OldFileName","OldFilePath","OldFilePermission","OldFileSize","OldFileType","DeviceCustomDate1","DeviceCustomDate2","DeviceCustomFloatingPoint1","DeviceCustomFloatingPoint2","DeviceCustomFloatingPoint2Label","DeviceCustomFloatingPoint3","DeviceCustomFloatingPoint3Label","DeviceCustomFloatingPoint4","DeviceCustomFloatingPoint4Label","DeviceCustomIPv6Address1","DeviceCustomIPv6Address1Label","DeviceCustomIPv6Address3","DeviceCustomIPv6Address3Label","DeviceCustomIPv6Address4","DeviceCustomIPv6Address4Label","DeviceCustomNumber2","DeviceCustomNumber2Label","DeviceCustomNumber3","DeviceCustomString1","DeviceCustomNumber3Label","DeviceCustomString1Label","DeviceCustomString2","DeviceCustomString2Label","DeviceCustomString3","DeviceCustomString3Label","DeviceCustomString4","DeviceCustomString4Label","DeviceCustomString5","DeviceCustomString5Label","DeviceCustomString6","DeviceCustomString6Label","FlexDate1","FlexDate1Label","FlexNumber1","FlexNumber1Label","FlexNumber2","FlexNumber2Label","FlexString1","FlexString1Label","FlexString2","timestamp_just_added","timestamp_profiling_finished"],"ServiceID":"7a75f41d-313b-4f68-a99d-6427546cc799","StartTime":1760061645062,"Timestamp":1760061645064,"BaseEvents":[{"N":{"KL_CorrelationRulePriority":1},"ID":"8eb00b7c-3dea-41b5-a310-55b952d92d6e","Name":"Connection. Inbound connection from external host using SMB, RPC ports","Type":3,"EndTime":1760061643094,"Message":"Connection Failed","Priority":1,"Severity":"notice","TenantID":"3d6c4203-7328-4fb2-98fa-f37d385ffbde","GroupedBy":["Message","DeviceAddress","DeviceHostName","SourceAddress","SourceHostName","SourceUserName","DestinationAddress","DestinationHostName","DestinationUserName","ApplicationProtocol","TransportProtocol","BytesIn","BytesOut","DeviceAction","DeviceAssetID","DeviceCity","DeviceCountry","DeviceDirection","DeviceDnsDomain","DeviceEventCategory","DeviceEventClassID","DeviceExternalID","DeviceFacility","DeviceHostName","DeviceInboundInterface","DeviceLatitude","DeviceLongitude","DeviceMacAddress","DeviceNtDomain","DeviceOutboundInterface","DevicePayloadID","DeviceProcessID","DeviceProcessName","DeviceReceiptTime","DeviceRegion","DeviceTimeZone","DeviceTranslatedAddress","DeviceVersion","EventOutcome","Reason","Severity","SourceAccountID","SourceAssetID","SourceCity","SourceCountry","SourceDnsDomain","SourceLatitude","SourceLongitude","SourceMacAddress","SourceNtDomain","SourcePort","SourceProcessID","SourceProcessName","SourceRegion","SourceServiceName","SourceTranslatedAddress","SourceTranslatedPort","SourceUserID","SourceUserPrivileges","DestinationAccountID","DestinationAssetID","DestinationCity","DestinationCountry","DestinationDnsDomain","DestinationLatitude","DestinationLongitude","DestinationMacAddress","DestinationNtDomain","DestinationPort","DestinationProcessID","DestinationProcessName","DestinationRegion","DestinationServiceName","DestinationTranslatedAddress","DestinationTranslatedPort","DestinationUserID","DestinationUserPrivileges","RequestClientApplication","RequestContext","RequestCookies","RequestMethod","RequestUrl","FileCreateTime","FileHash","FileID","FileModificationTime","FileName","FilePath","FilePermission","FileSize","FileType","OldFileCreateTime","OldFileHash","OldFileID","OldFileModificationTime","OldFileName","OldFilePath","OldFilePermission","OldFileSize","OldFileType","DeviceCustomDate1","DeviceCustomDate2","DeviceCustomFloatingPoint1","DeviceCustomFloatingPoint2","DeviceCustomFloatingPoint2Label","DeviceCustomFloatingPoint3","DeviceCustomFloatingPoint3Label","DeviceCustomFloatingPoint4","DeviceCustomFloatingPoint4Label","DeviceCustomIPv6Address1","DeviceCustomIPv6Address1Label","DeviceCustomIPv6Address3","DeviceCustomIPv6Address3Label","DeviceCustomIPv6Address4","DeviceCustomIPv6Address4Label","DeviceCustomNumber2","DeviceCustomNumber2Label","DeviceCustomNumber3","DeviceCustomString1","DeviceCustomNumber3Label","DeviceCustomString1Label","DeviceCustomString2","DeviceCustomString2Label","DeviceCustomString3","DeviceCustomString3Label","DeviceCustomString4","DeviceCustomString4Label","DeviceCustomString5","DeviceCustomString5Label","DeviceCustomString6","DeviceCustomString6Label","FlexDate1","FlexDate1Label","FlexNumber1","FlexNumber1Label","FlexNumber2","FlexNumber2Label","FlexString1","FlexString1Label","FlexString2"],"ServiceID":"7a75f41d-313b-4f68-a99d-6427546cc799","StartTime":1760061643094,"Timestamp":1760061645062,"BaseEvents":[{"ID":"513dfe67-e9ef-4746-8fd3-907c60b1d847","Name":"traffic","Type":1,"EndTime":1760047243000,"Message":"Connection Failed","Priority":0,"Severity":"notice","TenantID":"3d6c4203-7328-4fb2-98fa-f37d385ffbde","ServiceID":"71d3be03-d996-4ec6-a03d-223288e5abc8","Timestamp":1760061643094,"ExternalID":"71829739","SourcePort":55765,"ServiceName":"Fortigate","DeviceAction":"deny","DeviceVendor":"Fortninet","DeviceAddress":"192.168.51.14","DeviceProduct":"Fortigate","SourceAddress":"202.183.158.26","DeviceHostName":"windu","DeviceTimeZone":"+02:00","DestinationPort":445,"DeviceExternalID":"FGT60FTK22032234","DeviceReceiptTime":1760061643094,"TransportProtocol":"6","DestinationAddress":"192.168.1.222","DeviceEventClassID":"local","ApplicationProtocol":"SMB","DeviceCustomString1":"local-in-policy","DeviceEventCategory":"traffic","DeviceInboundInterface":"wan2","DeviceOutboundInterface":"root","DeviceCustomNumber1Label":"duration","DeviceCustomNumber2Label":"policyid","DeviceCustomString1Label":"policytype"}],"SourcePort":55765,"ServiceName":"[OOTB] Correlator","DeviceAction":"deny","DeviceVendor":"Kaspersky","DeviceAddress":"192.168.51.14","DeviceProduct":"KUMA","SourceAddress":"202.183.158.26","BaseEventCount":1,"DeviceHostName":"windu","DeviceTimeZone":"+02:00","DestinationPort":445,"DeviceExternalID":"FGT60FTK22032234","CorrelationRuleID":"e2a20430-e50f-4f70-8970-8c799793a934","DeviceReceiptTime":1760061643094,"TransportProtocol":"6","DestinationAddress":"192.168.1.222","DeviceEventClassID":"local","ApplicationProtocol":"SMB","CorrelationRuleName":"Connection. Inbound connection from external host using SMB, RPC ports","DeviceCustomString1":"local-in-policy","DeviceEventCategory":"traffic","DeviceInboundInterface":"wan2","DeviceOutboundInterface":"root","DeviceCustomNumber2Label":"policyid","DeviceCustomString1Label":"policytype"}],"ExternalID":"R445_03","SourcePort":55765,"ServiceName":"[OOTB] Correlator","DeviceAction":"deny","DeviceVendor":"Kaspersky","DeviceAddress":"192.168.51.14","DeviceProduct":"KUMA","SourceAddress":"202.183.158.26","BaseEventCount":1,"DeviceHostName":"windu","DeviceTimeZone":"+02:00","DestinationPort":445,"DeviceExternalID":"FGT60FTK22032234","CorrelationRuleID":"49182bb8-1dd3-44cd-b561-101a5bd0e58d","DeviceReceiptTime":1760061643094,"TransportProtocol":"6","DestinationAddress":"192.168.1.222","DeviceEventClassID":"local","ApplicationProtocol":"SMB","CorrelationRuleName":"R445_03_Inbound connection from external host via SMB, RPC port","DeviceCustomString1":"local-in-policy","DeviceEventCategory":"traffic","DestinationServiceName":"Microsoft-DS (Directory Services) SMB file sharing","DeviceInboundInterface":"wan2","DeviceOutboundInterface":"root","DeviceCustomNumber2Label":"policyid","DeviceCustomString1Label":"policytype"}],"Rules":[{"Confidence":"medium","Custom":false,"ID":"49182bb8-1dd3-44cd-b561-101a5bd0e58d","Name":"R445_03_Inbound connection from external host via SMB, RPC port","Severity":"medium","Type":""}],"Severity":"low","SourceCreatedAt":"2025-10-10T02:00:45.063Z","SourceID":"c4540b0e-f3da-4501-a8e6-7cdab09a3e32","Status":"new","StatusChangedAt":"2025-10-10T02:00:45.097Z","StatusResolution":"","TenantID":"3d6c4203-7328-4fb2-98fa-f37d385ffbde","UpdatedAt":"2025-10-10T02:00:45.097Z"},{"Assets":null,"Assignee":{"ID":"nobody","Name":"Not assigned","Type":""},"CreatedAt":"2025-10-10T02:01:45.11Z","DetectionTechnologies":null,"ExternalRef":"","Extra":null,"FirstEventTime":"2025-10-10T02:01:40.141Z","HistoryRecords":null,"ID":18934,"IncidentID":"","IncidentLinkType":"","InternalID":"9ece1d5a-3ba4-4a9b-8979-3d15dbc84472","IsCII":false,"LastEventTime":"2025-10-10T02:01:45.066Z","MITRETactics":null,"MITRETechniques":null,"Name":"R204_Use of an external DNS server","Observables":[{"Details":"","Type":"ip","Value":"150.171.21.3"},{"Details":"","Type":"hostname","Value":"windu"},{"Details":"","Type":"ip","Value":"199.249.121.1"},{"Details":"","Type":"ip","Value":"150.171.21.4"},{"Details":"","Type":"ip","Value":"208.84.5.1"},{"Details":"","Type":"ip","Value":"199.249.120.1"},{"Details":"","Type":"ip","Value":"192.35.51.30"},{"Details":"","Type":"ip","Value":"150.171.10.39"},{"Details":"","Type":"ip","Value":"13.107.206.39"},{"Details":"","Type":"ip","Value":"13.107.236.2"},{"Details":"","Type":"ip","Value":"150.171.21.1"},{"Details":"","Type":"ip","Value":"204.14.183.3"},{"Details":"","Type":"ip","Value":"13.107.236.9"},{"Details":"","Type":"ip","Value":"208.84.5.4"},{"Details":"","Type":"ip","Value":"204.14.183.4"},{"Details":"","Type":"ip","Value":"199.249.113.1"},{"Details":"","Type":"ip","Value":"204.14.183.1"},{"Details":"","Type":"ip","Value":"204.14.183.201"},{"Details":"","Type":"ip","Value":"13.107.222.39"},{"Details":"","Type":"ip","Value":"150.171.16.39"},{"Details":"","Type":"ip","Value":"192.54.112.30"},{"Details":"","Type":"ip","Value":"208.84.5.2"},{"Details":"","Type":"ip","Value":"192.55.83.30"},{"Details":"","Type":"ip","Value":"150.171.10.240"},{"Details":"","Type":"ip","Value":"150.171.21.2"}],"OriginalEvents":[{"N":{"KL_CorrelationRulePriority":2},"ID":"9ece1d5a-3ba4-4a9b-8979-3d15dbc84472","Name":"R204_Use of an external DNS server","Type":3,"EndTime":1760061705046,"Priority":2,"TenantID":"3d6c4203-7328-4fb2-98fa-f37d385ffbde","GroupedBy":["DestinationAddress","DestinationAssetID","DestinationHostName","DestinationPort","SourceAddress","SourceAssetID","SourceHostName","SourceNtDomain","TransportProtocol"],"ServiceID":"7a75f41d-313b-4f68-a99d-6427546cc799","StartTime":1760061700142,"Timestamp":1760061705046,"BaseEvents":[{"ID":"207d601f-124d-414d-9070-9c899d48a23f","Name":"traffic","Type":1,"BytesIn":94,"EndTime":1760047299000,"BytesOut":90,"Priority":0,"Severity":"notice","TenantID":"3d6c4203-7328-4fb2-98fa-f37d385ffbde","ServiceID":"71d3be03-d996-4ec6-a03d-223288e5abc8","Timestamp":1760061700142,"ExternalID":"71827218","SourcePort":58286,"ServiceName":"Fortigate","DeviceAction":"accept","DeviceVendor":"Fortninet","DeviceAddress":"192.168.51.14","DeviceProduct":"Fortigate","SourceAddress":"172.16.210.1","DeviceHostName":"windu","DeviceTimeZone":"+02:00","DestinationPort":53,"DeviceExternalID":"FGT60FTK22032234","DeviceReceiptTime":1760061700142,"TransportProtocol":"17","DestinationAddress":"150.171.21.3","DeviceEventClassID":"forward","ApplicationProtocol":"DNS","DeviceCustomNumber1":180,"DeviceCustomNumber2":13,"DeviceCustomString1":"policy","DeviceEventCategory":"traffic","DeviceInboundInterface":"KSB","DeviceOutboundInterface":"Susp0Root1_0","DeviceCustomNumber1Label":"duration","DeviceCustomNumber2Label":"policyid","DeviceCustomString1Label":"policytype"}],"ExternalID":"R204","ServiceName":"[OOTB] Correlator","DeviceVendor":"Kaspersky","DeviceProduct":"KUMA","SourceAddress":"172.16.210.1","BaseEventCount":1,"DeviceTimeZone":"+02:00","DestinationPort":53,"CorrelationRuleID":"501d865f-6430-4175-9490-62f2e3d203e2","TransportProtocol":"17","DestinationAddress":"150.171.21.3","CorrelationRuleName":"R204_Use of an external DNS server"},{"N":{"KL_CorrelationRulePriority":2},"ID":"68197f03-def1-4c7f-8fba-0c395a3f47d4","Name":"R204_Use of an external DNS server","Type":3,"EndTime":1760061705047,"Priority":2,"TenantID":"3d6c4203-7328-4fb2-98fa-f37d385ffbde","GroupedBy":["DestinationAddress","DestinationAssetID","DestinationHostName","DestinationPort","SourceAddress","SourceAssetID","SourceHostName","SourceNtDomain","TransportProtocol"],"ServiceID":"7a75f41d-313b-4f68-a99d-6427546cc799","StartTime":1760061700142,"Timestamp":1760061705047,"BaseEvents":[{"ID":"0eeb46c8-58d3-44d8-b5dd-3909c801535d","Name":"traffic","Type":1,"BytesIn":746,"EndTime":1760047299000,"BytesOut":88,"Priority":0,"Severity":"notice","TenantID":"3d6c4203-7328-4fb2-98fa-f37d385ffbde","ServiceID":"71d3be03-d996-4ec6-a03d-223288e5abc8","Timestamp":1760061700142,"ExternalID":"71827188","SourcePort":58554,"ServiceName":"Fortigate","DeviceAction":"accept","DeviceVendor":"Fortninet","DeviceAddress":"192.168.51.14","DeviceProduct":"Fortigate","SourceAddress":"172.16.210.1","DeviceHostName":"windu","DeviceTimeZone":"+02:00","DestinationPort":53,"DeviceExternalID":"FGT60FTK22032234","DeviceReceiptTime":1760061700142,"TransportProtocol":"17","DestinationAddress":"199.249.121.1","DeviceEventClassID":"forward","ApplicationProtocol":"DNS","DeviceCustomNumber1":180,"DeviceCustomNumber2":13,"DeviceCustomString1":"policy","DeviceEventCategory":"traffic","DeviceInboundInterface":"KSB","DeviceOutboundInterface":"Susp0Root1_0","DeviceCustomNumber1Label":"duration","DeviceCustomNumber2Label":"policyid","DeviceCustomString1Label":"policytype"}],"ExternalID":"R204","ServiceName":"[OOTB] Correlator","DeviceVendor":"Kaspersky","DeviceProduct":"KUMA","SourceAddress":"172.16.210.1","BaseEventCount":1,"DeviceTimeZone":"+02:00","DestinationPort":53,"CorrelationRuleID":"501d865f-6430-4175-9490-62f2e3d203e2","TransportProtocol":"17","DestinationAddress":"199.249.121.1","CorrelationRuleName":"R204_Use of an external DNS server"},{"N":{"KL_CorrelationRulePriority":2},"ID":"2fbf97fc-dfb1-4af9-ba11-4dc0df567695","Name":"R204_Use of an external DNS server","Type":3,"EndTime":1760061705048,"Priority":2,"TenantID":"3d6c4203-7328-4fb2-98fa-f37d385ffbde","GroupedBy":["DestinationAddress","DestinationAssetID","DestinationHostName","DestinationPort","SourceAddress","SourceAssetID","SourceHostName","SourceNtDomain","TransportProtocol"],"ServiceID":"7a75f41d-313b-4f68-a99d-6427546cc799","StartTime":1760061700142,"Timestamp":1760061705048,"BaseEvents":[{"ID":"a6d18cb0-fc70-40e9-8f68-be7b01dc6918","Name":"traffic","Type":1,"BytesIn":92,"EndTime":1760047299000,"BytesOut":88,"Priority":0,"Severity":"notice","TenantID":"3d6c4203-7328-4fb2-98fa-f37d385ffbde","ServiceID":"71d3be03-d996-4ec6-a03d-223288e5abc8","Timestamp":1760061700142,"ExternalID":"71827204","SourcePort":43304,"ServiceName":"Fortigate","DeviceAction":"accept","DeviceVendor":"Fortninet","DeviceAddress":"192.168.51.14","DeviceProduct":"Fortigate","SourceAddress":"172.16.210.1","DeviceHostName":"windu","DeviceTimeZone":"+02:00","DestinationPort":53,"DeviceExternalID":"FGT60FTK22032234","DeviceReceiptTime":1760061700142,"TransportProtocol":"17","DestinationAddress":"150.171.21.4","DeviceEventClassID":"forward","ApplicationProtocol":"DNS","DeviceCustomNumber1":180,"DeviceCustomNumber2":13,"DeviceCustomString1":"policy","DeviceEventCategory":"traffic","DeviceInboundInterface":"KSB","DeviceOutboundInterface":"Susp0Root1_0","DeviceCustomNumber1Label":"duration","DeviceCustomNumber2Label":"policyid","DeviceCustomString1Label":"policytype"}],"ExternalID":"R204","ServiceName":"[OOTB] Correlator","DeviceVendor":"Kaspersky","DeviceProduct":"KUMA","SourceAddress":"172.16.210.1","BaseEventCount":1,"DeviceTimeZone":"+02:00","DestinationPort":53,"CorrelationRuleID":"501d865f-6430-4175-9490-62f2e3d203e2","TransportProtocol":"17","DestinationAddress":"150.171.21.4","CorrelationRuleName":"R204_Use of an external DNS server"},{"N":{"KL_CorrelationRulePriority":2},"ID":"fc664621-958e-4b1f-a165-5d495e66fa01","Name":"R204_Use of an external DNS server","Type":3,"EndTime":1760061705049,"Priority":2,"TenantID":"3d6c4203-7328-4fb2-98fa-f37d385ffbde","GroupedBy":["DestinationAddress","DestinationAssetID","DestinationHostName","DestinationPort","SourceAddress","SourceAssetID","SourceHostName","SourceNtDomain","TransportProtocol"],"ServiceID":"7a75f41d-313b-4f68-a99d-6427546cc799","StartTime":1760061700142,"Timestamp":1760061705049,"BaseEvents":[{"ID":"1a94a1d5-8e85-4dc1-9190-405f91acb6f7","Name":"traffic","Type":1,"BytesIn":94,"EndTime":1760047299000,"BytesOut":90,"Priority":0,"Severity":"notice","TenantID":"3d6c4203-7328-4fb2-98fa-f37d385ffbde","ServiceID":"71d3be03-d996-4ec6-a03d-223288e5abc8","Timestamp":1760061700142,"ExternalID":"71827182","SourcePort":45355,"ServiceName":"Fortigate","DeviceAction":"accept","DeviceVendor":"Fortninet","DeviceAddress":"192.168.51.14","DeviceProduct":"Fortigate","SourceAddress":"172.16.210.1","DeviceHostName":"windu","DeviceTimeZone":"+02:00","DestinationPort":53,"DeviceExternalID":"FGT60FTK22032234","DeviceReceiptTime":1760061700142,"TransportProtocol":"17","DestinationAddress":"208.84.5.1","DeviceEventClassID":"forward","ApplicationProtocol":"DNS","DeviceCustomNumber1":180,"DeviceCustomNumber2":35,"DeviceCustomString1":"policy","DeviceEventCategory":"traffic","SourceTranslatedPort":45355,"DeviceInboundInterface":"Susp0Root1_1","DeviceOutboundInterface":"wan2","SourceTranslatedAddress":"192.168.1.222","DeviceCustomNumber1Label":"duration","DeviceCustomNumber2Label":"policyid","DeviceCustomString1Label":"policytype"}],"ExternalID":"R204","ServiceName":"[OOTB] Correlator","DeviceVendor":"Kaspersky","DeviceProduct":"KUMA","SourceAddress":"172.16.210.1","BaseEventCount":1,"DeviceTimeZone":"+02:00","DestinationPort":53,"CorrelationRuleID":"501d865f-6430-4175-9490-62f2e3d203e2","TransportProtocol":"17","DestinationAddress":"208.84.5.1","CorrelationRuleName":"R204_Use of an external DNS server"},{"N":{"KL_CorrelationRulePriority":2},"ID":"3ddf93e5-c109-499b-9ee9-afb39c2fb3dc","Name":"R204_Use of an external DNS server","Type":3,"EndTime":1760061705050,"Priority":2,"TenantID":"3d6c4203-7328-4fb2-98fa-f37d385ffbde","GroupedBy":["DestinationAddress","DestinationAssetID","DestinationHostName","DestinationPort","SourceAddress","SourceAssetID","SourceHostName","SourceNtDomain","TransportProtocol"],"ServiceID":"7a75f41d-313b-4f68-a99d-6427546cc799","StartTime":1760061700142,"Timestamp":1760061705050,"BaseEvents":[{"ID":"98e90c6b-b913-4494-9481-f14e7021a30b","Name":"traffic","Type":1,"BytesIn":838,"EndTime":1760047299000,"BytesOut":89,"Priority":0,"Severity":"notice","TenantID":"3d6c4203-7328-4fb2-98fa-f37d385ffbde","ServiceID":"71d3be03-d996-4ec6-a03d-223288e5abc8","Timestamp":1760061700142,"ExternalID":"71827172","SourcePort":34687,"ServiceName":"Fortigate","DeviceAction":"accept","DeviceVendor":"Fortninet","DeviceAddress":"192.168.51.14","DeviceProduct":"Fortigate","SourceAddress":"172.16.210.1","DeviceHostName":"windu","DeviceTimeZone":"+02:00","DestinationPort":53,"DeviceExternalID":"FGT60FTK22032234","DeviceReceiptTime":1760061700142,"TransportProtocol":"17","DestinationAddress":"199.249.120.1","DeviceEventClassID":"forward","ApplicationProtocol":"DNS","DeviceCustomNumber1":180,"DeviceCustomNumber2":35,"DeviceCustomString1":"policy","DeviceEventCategory":"traffic","SourceTranslatedPort":34687,"DeviceInboundInterface":"Susp0Root1_1","DeviceOutboundInterface":"wan2","SourceTranslatedAddress":"192.168.1.222","DeviceCustomNumber1Label":"duration","DeviceCustomNumber2Label":"policyid","DeviceCustomString1Label":"policytype"}],"ExternalID":"R204","ServiceName":"[OOTB] Correlator","DeviceVendor":"Kaspersky","DeviceProduct":"KUMA","SourceAddress":"172.16.210.1","BaseEventCount":1,"DeviceTimeZone":"+02:00","DestinationPort":53,"CorrelationRuleID":"501d865f-6430-4175-9490-62f2e3d203e2","TransportProtocol":"17","DestinationAddress":"199.249.120.1","CorrelationRuleName":"R204_Use of an external DNS server"},{"N":{"KL_CorrelationRulePriority":2},"ID":"4f50a1c6-32e5-4675-8819-5224a86d9194","Name":"R204_Use of an external DNS server","Type":3,"EndTime":1760061705052,"Priority":2,"TenantID":"3d6c4203-7328-4fb2-98fa-f37d385ffbde","GroupedBy":["DestinationAddress","DestinationAssetID","DestinationHostName","DestinationPort","SourceAddress","SourceAssetID","SourceHostName","SourceNtDomain","TransportProtocol"],"ServiceID":"7a75f41d-313b-4f68-a99d-6427546cc799","StartTime":1760061700142,"Timestamp":1760061705052,"BaseEvents":[{"ID":"e82719d2-4a91-4bf1-a6ad-a0ca532bbc4a","Name":"traffic","Type":1,"BytesIn":599,"EndTime":1760047299000,"BytesOut":82,"Priority":0,"Severity":"notice","TenantID":"3d6c4203-7328-4fb2-98fa-f37d385ffbde","ServiceID":"71d3be03-d996-4ec6-a03d-223288e5abc8","Timestamp":1760061700142,"ExternalID":"71827184","SourcePort":42416,"ServiceName":"Fortigate","DeviceAction":"accept","DeviceVendor":"Fortninet","DeviceAddress":"192.168.51.14","DeviceProduct":"Fortigate","SourceAddress":"172.16.210.1","DeviceHostName":"windu","DeviceTimeZone":"+02:00","DestinationPort":53,"DeviceExternalID":"FGT60FTK22032234","DeviceReceiptTime":1760061700142,"TransportProtocol":"17","DestinationAddress":"192.35.51.30","DeviceEventClassID":"forward","ApplicationProtocol":"DNS","DeviceCustomNumber1":180,"DeviceCustomNumber2":13,"DeviceCustomString1":"policy","DeviceEventCategory":"traffic","DeviceInboundInterface":"KSB","DeviceOutboundInterface":"Susp0Root1_0","DeviceCustomNumber1Label":"duration","DeviceCustomNumber2Label":"policyid","DeviceCustomString1Label":"policytype"}],"ExternalID":"R204","ServiceName":"[OOTB] Correlator","DeviceVendor":"Kaspersky","DeviceProduct":"KUMA","SourceAddress":"172.16.210.1","BaseEventCount":1,"DeviceTimeZone":"+02:00","DestinationPort":53,"CorrelationRuleID":"501d865f-6430-4175-9490-62f2e3d203e2","TransportProtocol":"17","DestinationAddress":"192.35.51.30","CorrelationRuleName":"R204_Use of an external DNS server"},{"N":{"KL_CorrelationRulePriority":2},"ID":"13019610-918e-451a-b7ed-7f56223d45d9","Name":"R204_Use of an external DNS server","Type":3,"EndTime":1760061705052,"Priority":2,"TenantID":"3d6c4203-7328-4fb2-98fa-f37d385ffbde","GroupedBy":["DestinationAddress","DestinationAssetID","DestinationHostName","DestinationPort","SourceAddress","SourceAssetID","SourceHostName","SourceNtDomain","TransportProtocol"],"ServiceID":"7a75f41d-313b-4f68-a99d-6427546cc799","StartTime":1760061700142,"Timestamp":1760061705052,"BaseEvents":[{"ID":"84368ff6-1528-4b6c-82ff-9ad3feeabdb3","Name":"traffic","Type":1,"BytesIn":148,"EndTime":1760047299000,"BytesOut":87,"Priority":0,"Severity":"notice","TenantID":"3d6c4203-7328-4fb2-98fa-f37d385ffbde","ServiceID":"71d3be03-d996-4ec6-a03d-223288e5abc8","Timestamp":1760061700142,"ExternalID":"71827170","SourcePort":43649,"ServiceName":"Fortigate","DeviceAction":"accept","DeviceVendor":"Fortninet","DeviceAddress":"192.168.51.14","DeviceProduct":"Fortigate","SourceAddress":"172.16.210.1","DeviceHostName":"windu","DeviceTimeZone":"+02:00","DestinationPort":53,"DeviceExternalID":"FGT60FTK22032234","DeviceReceiptTime":1760061700142,"TransportProtocol":"17","DestinationAddress":"150.171.10.39","DeviceEventClassID":"forward","ApplicationProtocol":"DNS","DeviceCustomNumber1":180,"DeviceCustomNumber2":13,"DeviceCustomString1":"policy","DeviceEventCategory":"traffic","DeviceInboundInterface":"KSB","DeviceOutboundInterface":"Susp0Root1_0","DeviceCustomNumber1Label":"duration","DeviceCustomNumber2Label":"policyid","DeviceCustomString1Label":"policytype"}],"ExternalID":"R204","ServiceName":"[OOTB] Correlator","DeviceVendor":"Kaspersky","DeviceProduct":"KUMA","SourceAddress":"172.16.210.1","BaseEventCount":1,"DeviceTimeZone":"+02:00","DestinationPort":53,"CorrelationRuleID":"501d865f-6430-4175-9490-62f2e3d203e2","TransportProtocol":"17","DestinationAddress":"150.171.10.39","CorrelationRuleName":"R204_Use of an external DNS server"},{"N":{"KL_CorrelationRulePriority":2},"ID":"583978ce-bd22-4a70-93fa-fe0dcae7ae87","Name":"R204_Use of an external DNS server","Type":3,"EndTime":1760061705053,"Priority":2,"TenantID":"3d6c4203-7328-4fb2-98fa-f37d385ffbde","GroupedBy":["DestinationAddress","DestinationAssetID","DestinationHostName","DestinationPort","SourceAddress","SourceAssetID","SourceHostName","SourceNtDomain","TransportProtocol"],"ServiceID":"7a75f41d-313b-4f68-a99d-6427546cc799","StartTime":1760061700142,"Timestamp":1760061705053,"BaseEvents":[{"ID":"0a6cbdd1-4926-4f99-ae7c-ec716e0d3907","Name":"traffic","Type":1,"BytesIn":145,"EndTime":1760047299000,"BytesOut":100,"Priority":0,"Severity":"notice","TenantID":"3d6c4203-7328-4fb2-98fa-f37d385ffbde","ServiceID":"71d3be03-d996-4ec6-a03d-223288e5abc8","Timestamp":1760061700142,"ExternalID":"71827186","SourcePort":53378,"ServiceName":"Fortigate","DeviceAction":"accept","DeviceVendor":"Fortninet","DeviceAddress":"192.168.51.14","DeviceProduct":"Fortigate","SourceAddress":"172.16.210.1","DeviceHostName":"windu","DeviceTimeZone":"+02:00","DestinationPort":53,"DeviceExternalID":"FGT60FTK22032234","DeviceReceiptTime":1760061700142,"TransportProtocol":"17","DestinationAddress":"13.107.206.39","DeviceEventClassID":"forward","ApplicationProtocol":"DNS","DeviceCustomNumber1":180,"DeviceCustomNumber2":13,"DeviceCustomString1":"policy","DeviceEventCategory":"traffic","DeviceInboundInterface":"KSB","DeviceOutboundInterface":"Susp0Root1_0","DeviceCustomNumber1Label":"duration","DeviceCustomNumber2Label":"policyid","DeviceCustomString1Label":"policytype"}],"ExternalID":"R204","ServiceName":"[OOTB] Correlator","DeviceVendor":"Kaspersky","DeviceProduct":"KUMA","SourceAddress":"172.16.210.1","BaseEventCount":1,"DeviceTimeZone":"+02:00","DestinationPort":53,"CorrelationRuleID":"501d865f-6430-4175-9490-62f2e3d203e2","TransportProtocol":"17","DestinationAddress":"13.107.206.39","CorrelationRuleName":"R204_Use of an external DNS server"},{"N":{"KL_CorrelationRulePriority":2},"ID":"90d33801-dfa7-4ba3-a682-b866738319bf","Name":"R204_Use of an external DNS server","Type":3,"EndTime":1760061705053,"Priority":2,"TenantID":"3d6c4203-7328-4fb2-98fa-f37d385ffbde","GroupedBy":["DestinationAddress","DestinationAssetID","DestinationHostName","DestinationPort","SourceAddress","SourceAssetID","SourceHostName","SourceNtDomain","TransportProtocol"],"ServiceID":"7a75f41d-313b-4f68-a99d-6427546cc799","StartTime":1760061700142,"Timestamp":1760061705053,"BaseEvents":[{"ID":"7a578043-7a18-43a6-b53d-af0d43459caa","Name":"traffic","Type":1,"BytesIn":94,"EndTime":1760047299000,"BytesOut":90,"Priority":0,"Severity":"notice","TenantID":"3d6c4203-7328-4fb2-98fa-f37d385ffbde","ServiceID":"71d3be03-d996-4ec6-a03d-223288e5abc8","Timestamp":1760061700142,"ExternalID":"71827222","SourcePort":50269,"ServiceName":"Fortigate","DeviceAction":"accept","DeviceVendor":"Fortninet","DeviceAddress":"192.168.51.14","DeviceProduct":"Fortigate","SourceAddress":"172.16.210.1","DeviceHostName":"windu","DeviceTimeZone":"+02:00","DestinationPort":53,"DeviceExternalID":"FGT60FTK22032234","DeviceReceiptTime":1760061700142,"TransportProtocol":"17","DestinationAddress":"13.107.236.2","DeviceEventClassID":"forward","ApplicationProtocol":"DNS","DeviceCustomNumber1":180,"DeviceCustomNumber2":13,"DeviceCustomString1":"policy","DeviceEventCategory":"traffic","DeviceInboundInterface":"KSB","DeviceOutboundInterface":"Susp0Root1_0","DeviceCustomNumber1Label":"duration","DeviceCustomNumber2Label":"policyid","DeviceCustomString1Label":"policytype"}],"ExternalID":"R204","ServiceName":"[OOTB] Correlator","DeviceVendor":"Kaspersky","DeviceProduct":"KUMA","SourceAddress":"172.16.210.1","BaseEventCount":1,"DeviceTimeZone":"+02:00","DestinationPort":53,"CorrelationRuleID":"501d865f-6430-4175-9490-62f2e3d203e2","TransportProtocol":"17","DestinationAddress":"13.107.236.2","CorrelationRuleName":"R204_Use of an external DNS server"},{"N":{"KL_CorrelationRulePriority":2},"ID":"31dec318-769c-424d-8afb-15fb236b4480","Name":"R204_Use of an external DNS server","Type":3,"EndTime":1760061705054,"Priority":2,"TenantID":"3d6c4203-7328-4fb2-98fa-f37d385ffbde","GroupedBy":["DestinationAddress","DestinationAssetID","DestinationHostName","DestinationPort","SourceAddress","SourceAssetID","SourceHostName","SourceNtDomain","TransportProtocol"],"ServiceID":"7a75f41d-313b-4f68-a99d-6427546cc799","StartTime":1760061700142,"Timestamp":1760061705054,"BaseEvents":[{"ID":"ff4c22e2-a908-4b6c-a316-41879b460eec","Name":"traffic","Type":1,"BytesIn":93,"EndTime":1760047299000,"BytesOut":89,"Priority":0,"Severity":"notice","TenantID":"3d6c4203-7328-4fb2-98fa-f37d385ffbde","ServiceID":"71d3be03-d996-4ec6-a03d-223288e5abc8","Timestamp":1760061700142,"ExternalID":"71827174","SourcePort":60203,"ServiceName":"Fortigate","DeviceAction":"accept","DeviceVendor":"Fortninet","DeviceAddress":"192.168.51.14","DeviceProduct":"Fortigate","SourceAddress":"172.16.210.1","DeviceHostName":"windu","DeviceTimeZone":"+02:00","DestinationPort":53,"DeviceExternalID":"FGT60FTK22032234","DeviceReceiptTime":1760061700142,"TransportProtocol":"17","DestinationAddress":"150.171.21.1","DeviceEventClassID":"forward","ApplicationProtocol":"DNS","DeviceCustomNumber1":180,"DeviceCustomNumber2":35,"DeviceCustomString1":"policy","DeviceEventCategory":"traffic","SourceTranslatedPort":60203,"DeviceInboundInterface":"Susp0Root1_1","DeviceOutboundInterface":"wan2","SourceTranslatedAddress":"192.168.1.222","DeviceCustomNumber1Label":"duration","DeviceCustomNumber2Label":"policyid","DeviceCustomString1Label":"policytype"}],"ExternalID":"R204","ServiceName":"[OOTB] Correlator","DeviceVendor":"Kaspersky","DeviceProduct":"KUMA","SourceAddress":"172.16.210.1","BaseEventCount":1,"DeviceTimeZone":"+02:00","DestinationPort":53,"CorrelationRuleID":"501d865f-6430-4175-9490-62f2e3d203e2","TransportProtocol":"17","DestinationAddress":"150.171.21.1","CorrelationRuleName":"R204_Use of an external DNS server"},{"N":{"KL_CorrelationRulePriority":2},"ID":"55ade7a4-6049-40b7-a3fb-6ca906f581a6","Name":"R204_Use of an external DNS server","Type":3,"EndTime":1760061705054,"Priority":2,"TenantID":"3d6c4203-7328-4fb2-98fa-f37d385ffbde","GroupedBy":["DestinationAddress","DestinationAssetID","DestinationHostName","DestinationPort","SourceAddress","SourceAssetID","SourceHostName","SourceNtDomain","TransportProtocol"],"ServiceID":"7a75f41d-313b-4f68-a99d-6427546cc799","StartTime":1760061700142,"Timestamp":1760061705054,"BaseEvents":[{"ID":"ca0b5c2b-ed52-47a0-84df-d6b298206ef2","Name":"traffic","Type":1,"BytesIn":93,"EndTime":1760047299000,"BytesOut":89,"Priority":0,"Severity":"notice","TenantID":"3d6c4203-7328-4fb2-98fa-f37d385ffbde","ServiceID":"71d3be03-d996-4ec6-a03d-223288e5abc8","Timestamp":1760061700142,"ExternalID":"71827194","SourcePort":57183,"ServiceName":"Fortigate","DeviceAction":"accept","DeviceVendor":"Fortninet","DeviceAddress":"192.168.51.14","DeviceProduct":"Fortigate","SourceAddress":"172.16.210.1","DeviceHostName":"windu","DeviceTimeZone":"+02:00","DestinationPort":53,"DeviceExternalID":"FGT60FTK22032234","DeviceReceiptTime":1760061700142,"TransportProtocol":"17","DestinationAddress":"204.14.183.3","DeviceEventClassID":"forward","ApplicationProtocol":"DNS","DeviceCustomNumber1":180,"DeviceCustomNumber2":35,"DeviceCustomString1":"policy","DeviceEventCategory":"traffic","SourceTranslatedPort":57183,"DeviceInboundInterface":"Susp0Root1_1","DeviceOutboundInterface":"wan2","SourceTranslatedAddress":"192.168.1.222","DeviceCustomNumber1Label":"duration","DeviceCustomNumber2Label":"policyid","DeviceCustomString1Label":"policytype"}],"ExternalID":"R204","ServiceName":"[OOTB] Correlator","DeviceVendor":"Kaspersky","DeviceProduct":"KUMA","SourceAddress":"172.16.210.1","BaseEventCount":1,"DeviceTimeZone":"+02:00","DestinationPort":53,"CorrelationRuleID":"501d865f-6430-4175-9490-62f2e3d203e2","TransportProtocol":"17","DestinationAddress":"204.14.183.3","CorrelationRuleName":"R204_Use of an external DNS server"},{"N":{"KL_CorrelationRulePriority":2},"ID":"cdf3691e-f782-4f8a-ab47-e07228ec62d5","Name":"R204_Use of an external DNS server","Type":3,"EndTime":1760061705055,"Priority":2,"TenantID":"3d6c4203-7328-4fb2-98fa-f37d385ffbde","GroupedBy":["DestinationAddress","DestinationAssetID","DestinationHostName","DestinationPort","SourceAddress","SourceAssetID","SourceHostName","SourceNtDomain","TransportProtocol"],"ServiceID":"7a75f41d-313b-4f68-a99d-6427546cc799","StartTime":1760061700142,"Timestamp":1760061705055,"BaseEvents":[{"ID":"dbb425ae-d10f-4a96-a337-a8ff763169e5","Name":"traffic","Type":1,"BytesIn":87,"EndTime":1760047299000,"BytesOut":83,"Priority":0,"Severity":"notice","TenantID":"3d6c4203-7328-4fb2-98fa-f37d385ffbde","ServiceID":"71d3be03-d996-4ec6-a03d-223288e5abc8","Timestamp":1760061700142,"ExternalID":"71827196","SourcePort":42240,"ServiceName":"Fortigate","DeviceAction":"accept","DeviceVendor":"Fortninet","DeviceAddress":"192.168.51.14","DeviceProduct":"Fortigate","SourceAddress":"172.16.210.1","DeviceHostName":"windu","DeviceTimeZone":"+02:00","DestinationPort":53,"DeviceExternalID":"FGT60FTK22032234","DeviceReceiptTime":1760061700142,"TransportProtocol":"17","DestinationAddress":"13.107.236.9","DeviceEventClassID":"forward","ApplicationProtocol":"DNS","DeviceCustomNumber1":180,"DeviceCustomNumber2":13,"DeviceCustomString1":"policy","DeviceEventCategory":"traffic","DeviceInboundInterface":"KSB","DeviceOutboundInterface":"Susp0Root1_0","DeviceCustomNumber1Label":"duration","DeviceCustomNumber2Label":"policyid","DeviceCustomString1Label":"policytype"}],"ExternalID":"R204","ServiceName":"[OOTB] Correlator","DeviceVendor":"Kaspersky","DeviceProduct":"KUMA","SourceAddress":"172.16.210.1","BaseEventCount":1,"DeviceTimeZone":"+02:00","DestinationPort":53,"CorrelationRuleID":"501d865f-6430-4175-9490-62f2e3d203e2","TransportProtocol":"17","DestinationAddress":"13.107.236.9","CorrelationRuleName":"R204_Use of an external DNS server"},{"N":{"KL_CorrelationRulePriority":2},"ID":"d86fa1df-cd78-44a2-b768-9eeded81fcec","Name":"R204_Use of an external DNS server","Type":3,"EndTime":1760061705056,"Priority":2,"TenantID":"3d6c4203-7328-4fb2-98fa-f37d385ffbde","GroupedBy":["DestinationAddress","DestinationAssetID","DestinationHostName","DestinationPort","SourceAddress","SourceAssetID","SourceHostName","SourceNtDomain","TransportProtocol"],"ServiceID":"7a75f41d-313b-4f68-a99d-6427546cc799","StartTime":1760061700142,"Timestamp":1760061705056,"BaseEvents":[{"ID":"4de5287d-ddc6-4264-a3ae-029c8582cfd3","Name":"traffic","Type":1,"BytesIn":94,"EndTime":1760047299000,"BytesOut":90,"Priority":0,"Severity":"notice","TenantID":"3d6c4203-7328-4fb2-98fa-f37d385ffbde","ServiceID":"71d3be03-d996-4ec6-a03d-223288e5abc8","Timestamp":1760061700142,"ExternalID":"71827200","SourcePort":58900,"ServiceName":"Fortigate","DeviceAction":"accept","DeviceVendor":"Fortninet","DeviceAddress":"192.168.51.14","DeviceProduct":"Fortigate","SourceAddress":"172.16.210.1","DeviceHostName":"windu","DeviceTimeZone":"+02:00","DestinationPort":53,"DeviceExternalID":"FGT60FTK22032234","DeviceReceiptTime":1760061700142,"TransportProtocol":"17","DestinationAddress":"208.84.5.4","DeviceEventClassID":"forward","ApplicationProtocol":"DNS","DeviceCustomNumber1":180,"DeviceCustomNumber2":13,"DeviceCustomString1":"policy","DeviceEventCategory":"traffic","DeviceInboundInterface":"KSB","DeviceOutboundInterface":"Susp0Root1_0","DeviceCustomNumber1Label":"duration","DeviceCustomNumber2Label":"policyid","DeviceCustomString1Label":"policytype"}],"ExternalID":"R204","ServiceName":"[OOTB] Correlator","DeviceVendor":"Kaspersky","DeviceProduct":"KUMA","SourceAddress":"172.16.210.1","BaseEventCount":1,"DeviceTimeZone":"+02:00","DestinationPort":53,"CorrelationRuleID":"501d865f-6430-4175-9490-62f2e3d203e2","TransportProtocol":"17","DestinationAddress":"208.84.5.4","CorrelationRuleName":"R204_Use of an external DNS server"},{"N":{"KL_CorrelationRulePriority":2},"ID":"f11e496e-3019-44a9-8e26-e1578e02bae8","Name":"R204_Use of an external DNS server","Type":3,"EndTime":1760061705056,"Priority":2,"TenantID":"3d6c4203-7328-4fb2-98fa-f37d385ffbde","GroupedBy":["DestinationAddress","DestinationAssetID","DestinationHostName","DestinationPort","SourceAddress","SourceAssetID","SourceHostName","SourceNtDomain","TransportProtocol"],"ServiceID":"7a75f41d-313b-4f68-a99d-6427546cc799","StartTime":1760061700142,"Timestamp":1760061705056,"BaseEvents":[{"ID":"872de500-9b38-41e4-8e43-cea8d986c42f","Name":"traffic","Type":1,"BytesIn":94,"EndTime":1760047299000,"BytesOut":90,"Priority":0,"Severity":"notice","TenantID":"3d6c4203-7328-4fb2-98fa-f37d385ffbde","ServiceID":"71d3be03-d996-4ec6-a03d-223288e5abc8","Timestamp":1760061700142,"ExternalID":"71827220","SourcePort":55328,"ServiceName":"Fortigate","DeviceAction":"accept","DeviceVendor":"Fortninet","DeviceAddress":"192.168.51.14","DeviceProduct":"Fortigate","SourceAddress":"172.16.210.1","DeviceHostName":"windu","DeviceTimeZone":"+02:00","DestinationPort":53,"DeviceExternalID":"FGT60FTK22032234","DeviceReceiptTime":1760061700142,"TransportProtocol":"17","DestinationAddress":"204.14.183.4","DeviceEventClassID":"forward","ApplicationProtocol":"DNS","DeviceCustomNumber1":180,"DeviceCustomNumber2":13,"DeviceCustomString1":"policy","DeviceEventCategory":"traffic","DeviceInboundInterface":"KSB","DeviceOutboundInterface":"Susp0Root1_0","DeviceCustomNumber1Label":"duration","DeviceCustomNumber2Label":"policyid","DeviceCustomString1Label":"policytype"}],"ExternalID":"R204","ServiceName":"[OOTB] Correlator","DeviceVendor":"Kaspersky","DeviceProduct":"KUMA","SourceAddress":"172.16.210.1","BaseEventCount":1,"DeviceTimeZone":"+02:00","DestinationPort":53,"CorrelationRuleID":"501d865f-6430-4175-9490-62f2e3d203e2","TransportProtocol":"17","DestinationAddress":"204.14.183.4","CorrelationRuleName":"R204_Use of an external DNS server"},{"N":{"KL_CorrelationRulePriority":2},"ID":"55f17f9a-1067-4bbc-932c-1360a74c793a","Name":"R204_Use of an external DNS server","Type":3,"EndTime":1760061705057,"Priority":2,"TenantID":"3d6c4203-7328-4fb2-98fa-f37d385ffbde","GroupedBy":["DestinationAddress","DestinationAssetID","DestinationHostName","DestinationPort","SourceAddress","SourceAssetID","SourceHostName","SourceNtDomain","TransportProtocol"],"ServiceID":"7a75f41d-313b-4f68-a99d-6427546cc799","StartTime":1760061700142,"Timestamp":1760061705057,"BaseEvents":[{"ID":"dd0387ef-9716-4a45-8a77-4b45441acb03","Name":"traffic","Type":1,"BytesIn":827,"EndTime":1760047299000,"BytesOut":90,"Priority":0,"Severity":"notice","TenantID":"3d6c4203-7328-4fb2-98fa-f37d385ffbde","ServiceID":"71d3be03-d996-4ec6-a03d-223288e5abc8","Timestamp":1760061700142,"ExternalID":"71827176","SourcePort":52197,"ServiceName":"Fortigate","DeviceAction":"accept","DeviceVendor":"Fortninet","DeviceAddress":"192.168.51.14","DeviceProduct":"Fortigate","SourceAddress":"172.16.210.1","DeviceHostName":"windu","DeviceTimeZone":"+02:00","DestinationPort":53,"DeviceExternalID":"FGT60FTK22032234","DeviceReceiptTime":1760061700142,"TransportProtocol":"17","DestinationAddress":"199.249.113.1","DeviceEventClassID":"forward","ApplicationProtocol":"DNS","DeviceCustomNumber1":180,"DeviceCustomNumber2":35,"DeviceCustomString1":"policy","DeviceEventCategory":"traffic","SourceTranslatedPort":52197,"DeviceInboundInterface":"Susp0Root1_1","DeviceOutboundInterface":"wan2","SourceTranslatedAddress":"192.168.1.222","DeviceCustomNumber1Label":"duration","DeviceCustomNumber2Label":"policyid","DeviceCustomString1Label":"policytype"}],"ExternalID":"R204","ServiceName":"[OOTB] Correlator","DeviceVendor":"Kaspersky","DeviceProduct":"KUMA","SourceAddress":"172.16.210.1","BaseEventCount":1,"DeviceTimeZone":"+02:00","DestinationPort":53,"CorrelationRuleID":"501d865f-6430-4175-9490-62f2e3d203e2","TransportProtocol":"17","DestinationAddress":"199.249.113.1","CorrelationRuleName":"R204_Use of an external DNS server"},{"N":{"KL_CorrelationRulePriority":2},"ID":"42b287e1-ce46-42f4-93f6-4fb31bb5c5a1","Name":"R204_Use of an external DNS server","Type":3,"EndTime":1760061705057,"Priority":2,"TenantID":"3d6c4203-7328-4fb2-98fa-f37d385ffbde","GroupedBy":["DestinationAddress","DestinationAssetID","DestinationHostName","DestinationPort","SourceAddress","SourceAssetID","SourceHostName","SourceNtDomain","TransportProtocol"],"ServiceID":"7a75f41d-313b-4f68-a99d-6427546cc799","StartTime":1760061700142,"Timestamp":1760061705057,"BaseEvents":[{"ID":"e8b50cbb-1663-47c2-872e-e5c307437d07","Name":"traffic","Type":1,"BytesIn":93,"EndTime":1760047299000,"BytesOut":89,"Priority":0,"Severity":"notice","TenantID":"3d6c4203-7328-4fb2-98fa-f37d385ffbde","ServiceID":"71d3be03-d996-4ec6-a03d-223288e5abc8","Timestamp":1760061700142,"ExternalID":"71827180","SourcePort":55959,"ServiceName":"Fortigate","DeviceAction":"accept","DeviceVendor":"Fortninet","DeviceAddress":"192.168.51.14","DeviceProduct":"Fortigate","SourceAddress":"172.16.210.1","DeviceHostName":"windu","DeviceTimeZone":"+02:00","DestinationPort":53,"DeviceExternalID":"FGT60FTK22032234","DeviceReceiptTime":1760061700142,"TransportProtocol":"17","DestinationAddress":"204.14.183.1","DeviceEventClassID":"forward","ApplicationProtocol":"DNS","DeviceCustomNumber1":180,"DeviceCustomNumber2":35,"DeviceCustomString1":"policy","DeviceEventCategory":"traffic","SourceTranslatedPort":55959,"DeviceInboundInterface":"Susp0Root1_1","DeviceOutboundInterface":"wan2","SourceTranslatedAddress":"192.168.1.222","DeviceCustomNumber1Label":"duration","DeviceCustomNumber2Label":"policyid","DeviceCustomString1Label":"policytype"}],"ExternalID":"R204","ServiceName":"[OOTB] Correlator","DeviceVendor":"Kaspersky","DeviceProduct":"KUMA","SourceAddress":"172.16.210.1","BaseEventCount":1,"DeviceTimeZone":"+02:00","DestinationPort":53,"CorrelationRuleID":"501d865f-6430-4175-9490-62f2e3d203e2","TransportProtocol":"17","DestinationAddress":"204.14.183.1","CorrelationRuleName":"R204_Use of an external DNS server"},{"N":{"KL_CorrelationRulePriority":2},"ID":"22d69103-48b0-4e0f-acba-8036375a590c","Name":"R204_Use of an external DNS server","Type":3,"EndTime":1760061705058,"Priority":2,"TenantID":"3d6c4203-7328-4fb2-98fa-f37d385ffbde","GroupedBy":["DestinationAddress","DestinationAssetID","DestinationHostName","DestinationPort","SourceAddress","SourceAssetID","SourceHostName","SourceNtDomain","TransportProtocol"],"ServiceID":"7a75f41d-313b-4f68-a99d-6427546cc799","StartTime":1760061700142,"Timestamp":1760061705058,"BaseEvents":[{"ID":"51b8d7ea-c80b-4b57-8942-68589ebe9a57","Name":"traffic","Type":1,"BytesIn":123,"EndTime":1760047299000,"BytesOut":119,"Priority":0,"Severity":"notice","TenantID":"3d6c4203-7328-4fb2-98fa-f37d385ffbde","ServiceID":"71d3be03-d996-4ec6-a03d-223288e5abc8","Timestamp":1760061700142,"ExternalID":"71827226","SourcePort":55760,"ServiceName":"Fortigate","DeviceAction":"accept","DeviceVendor":"Fortninet","DeviceAddress":"192.168.51.14","DeviceProduct":"Fortigate","SourceAddress":"172.16.210.1","DeviceHostName":"windu","DeviceTimeZone":"+02:00","DestinationPort":53,"DeviceExternalID":"FGT60FTK22032234","DeviceReceiptTime":1760061700142,"TransportProtocol":"17","DestinationAddress":"204.14.183.201","DeviceEventClassID":"forward","ApplicationProtocol":"DNS","DeviceCustomNumber1":180,"DeviceCustomNumber2":13,"DeviceCustomString1":"policy","DeviceEventCategory":"traffic","DeviceInboundInterface":"KSB","DeviceOutboundInterface":"Susp0Root1_0","DeviceCustomNumber1Label":"duration","DeviceCustomNumber2Label":"policyid","DeviceCustomString1Label":"policytype"}],"ExternalID":"R204","ServiceName":"[OOTB] Correlator","DeviceVendor":"Kaspersky","DeviceProduct":"KUMA","SourceAddress":"172.16.210.1","BaseEventCount":1,"DeviceTimeZone":"+02:00","DestinationPort":53,"CorrelationRuleID":"501d865f-6430-4175-9490-62f2e3d203e2","TransportProtocol":"17","DestinationAddress":"204.14.183.201","CorrelationRuleName":"R204_Use of an external DNS server"},{"N":{"KL_CorrelationRulePriority":2},"ID":"7f3d6288-677b-489c-8b63-e565167286c3","Name":"R204_Use of an external DNS server","Type":3,"EndTime":1760061705058,"Priority":2,"TenantID":"3d6c4203-7328-4fb2-98fa-f37d385ffbde","GroupedBy":["DestinationAddress","DestinationAssetID","DestinationHostName","DestinationPort","SourceAddress","SourceAssetID","SourceHostName","SourceNtDomain","TransportProtocol"],"ServiceID":"7a75f41d-313b-4f68-a99d-6427546cc799","StartTime":1760061700142,"Timestamp":1760061705058,"BaseEvents":[{"ID":"d587cad8-4b8c-44df-8aef-597e1966f036","Name":"traffic","Type":1,"BytesIn":225,"EndTime":1760047299000,"BytesOut":99,"Priority":0,"Severity":"notice","TenantID":"3d6c4203-7328-4fb2-98fa-f37d385ffbde","ServiceID":"71d3be03-d996-4ec6-a03d-223288e5abc8","Timestamp":1760061700142,"ExternalID":"71827216","SourcePort":33534,"ServiceName":"Fortigate","DeviceAction":"accept","DeviceVendor":"Fortninet","DeviceAddress":"192.168.51.14","DeviceProduct":"Fortigate","SourceAddress":"172.16.210.1","DeviceHostName":"windu","DeviceTimeZone":"+02:00","DestinationPort":53,"DeviceExternalID":"FGT60FTK22032234","DeviceReceiptTime":1760061700142,"TransportProtocol":"17","DestinationAddress":"13.107.222.39","DeviceEventClassID":"forward","ApplicationProtocol":"DNS","DeviceCustomNumber1":180,"DeviceCustomNumber2":13,"DeviceCustomString1":"policy","DeviceEventCategory":"traffic","DeviceInboundInterface":"KSB","DeviceOutboundInterface":"Susp0Root1_0","DeviceCustomNumber1Label":"duration","DeviceCustomNumber2Label":"policyid","DeviceCustomString1Label":"policytype"}],"ExternalID":"R204","ServiceName":"[OOTB] Correlator","DeviceVendor":"Kaspersky","DeviceProduct":"KUMA","SourceAddress":"172.16.210.1","BaseEventCount":1,"DeviceTimeZone":"+02:00","DestinationPort":53,"CorrelationRuleID":"501d865f-6430-4175-9490-62f2e3d203e2","TransportProtocol":"17","DestinationAddress":"13.107.222.39","CorrelationRuleName":"R204_Use of an external DNS server"},{"N":{"KL_CorrelationRulePriority":2},"ID":"78f80e15-32ab-4a93-9708-9a0c040e00b8","Name":"R204_Use of an external DNS server","Type":3,"EndTime":1760061705059,"Priority":2,"TenantID":"3d6c4203-7328-4fb2-98fa-f37d385ffbde","GroupedBy":["DestinationAddress","DestinationAssetID","DestinationHostName","DestinationPort","SourceAddress","SourceAssetID","SourceHostName","SourceNtDomain","TransportProtocol"],"ServiceID":"7a75f41d-313b-4f68-a99d-6427546cc799","StartTime":1760061700142,"Timestamp":1760061705059,"BaseEvents":[{"ID":"0f50a313-9e98-40db-b654-0607d1add1c2","Name":"traffic","Type":1,"BytesIn":158,"EndTime":1760047299000,"BytesOut":87,"Priority":0,"Severity":"notice","TenantID":"3d6c4203-7328-4fb2-98fa-f37d385ffbde","ServiceID":"71d3be03-d996-4ec6-a03d-223288e5abc8","Timestamp":1760061700142,"ExternalID":"71827212","SourcePort":34664,"ServiceName":"Fortigate","DeviceAction":"accept","DeviceVendor":"Fortninet","DeviceAddress":"192.168.51.14","DeviceProduct":"Fortigate","SourceAddress":"172.16.210.1","DeviceHostName":"windu","DeviceTimeZone":"+02:00","DestinationPort":53,"DeviceExternalID":"FGT60FTK22032234","DeviceReceiptTime":1760061700142,"TransportProtocol":"17","DestinationAddress":"150.171.16.39","DeviceEventClassID":"forward","ApplicationProtocol":"DNS","DeviceCustomNumber1":180,"DeviceCustomNumber2":13,"DeviceCustomString1":"policy","DeviceEventCategory":"traffic","DeviceInboundInterface":"KSB","DeviceOutboundInterface":"Susp0Root1_0","DeviceCustomNumber1Label":"duration","DeviceCustomNumber2Label":"policyid","DeviceCustomString1Label":"policytype"}],"ExternalID":"R204","ServiceName":"[OOTB] Correlator","DeviceVendor":"Kaspersky","DeviceProduct":"KUMA","SourceAddress":"172.16.210.1","BaseEventCount":1,"DeviceTimeZone":"+02:00","DestinationPort":53,"CorrelationRuleID":"501d865f-6430-4175-9490-62f2e3d203e2","TransportProtocol":"17","DestinationAddress":"150.171.16.39","CorrelationRuleName":"R204_Use of an external DNS server"},{"N":{"KL_CorrelationRulePriority":2},"ID":"1363397b-dcb3-4314-b96c-01df1f19340b","Name":"R204_Use of an external DNS server","Type":3,"EndTime":1760061705060,"Priority":2,"TenantID":"3d6c4203-7328-4fb2-98fa-f37d385ffbde","GroupedBy":["DestinationAddress","DestinationAssetID","DestinationHostName","DestinationPort","SourceAddress","SourceAssetID","SourceHostName","SourceNtDomain","TransportProtocol"],"ServiceID":"7a75f41d-313b-4f68-a99d-6427546cc799","StartTime":1760061700142,"Timestamp":1760061705060,"BaseEvents":[{"ID":"c704f4d6-18dc-47d1-8cc1-6da1c5e8a9b2","Name":"traffic","Type":1,"BytesIn":604,"EndTime":1760047299000,"BytesOut":87,"Priority":0,"Severity":"notice","TenantID":"3d6c4203-7328-4fb2-98fa-f37d385ffbde","ServiceID":"71d3be03-d996-4ec6-a03d-223288e5abc8","Timestamp":1760061700142,"ExternalID":"71827208","SourcePort":54834,"ServiceName":"Fortigate","DeviceAction":"accept","DeviceVendor":"Fortninet","DeviceAddress":"192.168.51.14","DeviceProduct":"Fortigate","SourceAddress":"172.16.210.1","DeviceHostName":"windu","DeviceTimeZone":"+02:00","DestinationPort":53,"DeviceExternalID":"FGT60FTK22032234","DeviceReceiptTime":1760061700142,"TransportProtocol":"17","DestinationAddress":"192.54.112.30","DeviceEventClassID":"forward","ApplicationProtocol":"DNS","DeviceCustomNumber1":180,"DeviceCustomNumber2":13,"DeviceCustomString1":"policy","DeviceEventCategory":"traffic","DeviceInboundInterface":"KSB","DeviceOutboundInterface":"Susp0Root1_0","DeviceCustomNumber1Label":"duration","DeviceCustomNumber2Label":"policyid","DeviceCustomString1Label":"policytype"}],"ExternalID":"R204","ServiceName":"[OOTB] Correlator","DeviceVendor":"Kaspersky","DeviceProduct":"KUMA","SourceAddress":"172.16.210.1","BaseEventCount":1,"DeviceTimeZone":"+02:00","DestinationPort":53,"CorrelationRuleID":"501d865f-6430-4175-9490-62f2e3d203e2","TransportProtocol":"17","DestinationAddress":"192.54.112.30","CorrelationRuleName":"R204_Use of an external DNS server"},{"N":{"KL_CorrelationRulePriority":2},"ID":"0fc9802c-46b4-48da-988a-15e6f2590ede","Name":"R204_Use of an external DNS server","Type":3,"EndTime":1760061705060,"Priority":2,"TenantID":"3d6c4203-7328-4fb2-98fa-f37d385ffbde","GroupedBy":["DestinationAddress","DestinationAssetID","DestinationHostName","DestinationPort","SourceAddress","SourceAssetID","SourceHostName","SourceNtDomain","TransportProtocol"],"ServiceID":"7a75f41d-313b-4f68-a99d-6427546cc799","StartTime":1760061700142,"Timestamp":1760061705060,"BaseEvents":[{"ID":"7ad7d09d-ddb8-4792-8a39-c9ac56b0c277","Name":"traffic","Type":1,"BytesIn":95,"EndTime":1760047299000,"BytesOut":91,"Priority":0,"Severity":"notice","TenantID":"3d6c4203-7328-4fb2-98fa-f37d385ffbde","ServiceID":"71d3be03-d996-4ec6-a03d-223288e5abc8","Timestamp":1760061700142,"ExternalID":"71827224","SourcePort":42888,"ServiceName":"Fortigate","DeviceAction":"accept","DeviceVendor":"Fortninet","DeviceAddress":"192.168.51.14","DeviceProduct":"Fortigate","SourceAddress":"172.16.210.1","DeviceHostName":"windu","DeviceTimeZone":"+02:00","DestinationPort":53,"DeviceExternalID":"FGT60FTK22032234","DeviceReceiptTime":1760061700142,"TransportProtocol":"17","DestinationAddress":"208.84.5.2","DeviceEventClassID":"forward","ApplicationProtocol":"DNS","DeviceCustomNumber1":180,"DeviceCustomNumber2":13,"DeviceCustomString1":"policy","DeviceEventCategory":"traffic","DeviceInboundInterface":"KSB","DeviceOutboundInterface":"Susp0Root1_0","DeviceCustomNumber1Label":"duration","DeviceCustomNumber2Label":"policyid","DeviceCustomString1Label":"policytype"}],"ExternalID":"R204","ServiceName":"[OOTB] Correlator","DeviceVendor":"Kaspersky","DeviceProduct":"KUMA","SourceAddress":"172.16.210.1","BaseEventCount":1,"DeviceTimeZone":"+02:00","DestinationPort":53,"CorrelationRuleID":"501d865f-6430-4175-9490-62f2e3d203e2","TransportProtocol":"17","DestinationAddress":"208.84.5.2","CorrelationRuleName":"R204_Use of an external DNS server"},{"N":{"KL_CorrelationRulePriority":2},"ID":"5ab530a6-4138-4065-81bf-1085a4b8e9fd","Name":"R204_Use of an external DNS server","Type":3,"EndTime":1760061705061,"Priority":2,"TenantID":"3d6c4203-7328-4fb2-98fa-f37d385ffbde","GroupedBy":["DestinationAddress","DestinationAssetID","DestinationHostName","DestinationPort","SourceAddress","SourceAssetID","SourceHostName","SourceNtDomain","TransportProtocol"],"ServiceID":"7a75f41d-313b-4f68-a99d-6427546cc799","StartTime":1760061700143,"Timestamp":1760061705061,"BaseEvents":[{"ID":"4f6739e2-2ab2-4b4c-a264-d8a0cffe9997","Name":"traffic","Type":1,"BytesIn":595,"EndTime":1760047299000,"BytesOut":78,"Priority":0,"Severity":"notice","TenantID":"3d6c4203-7328-4fb2-98fa-f37d385ffbde","ServiceID":"71d3be03-d996-4ec6-a03d-223288e5abc8","Timestamp":1760061700143,"ExternalID":"71827214","SourcePort":60078,"ServiceName":"Fortigate","DeviceAction":"accept","DeviceVendor":"Fortninet","DeviceAddress":"192.168.51.14","DeviceProduct":"Fortigate","SourceAddress":"172.16.210.1","DeviceHostName":"windu","DeviceTimeZone":"+02:00","DestinationPort":53,"DeviceExternalID":"FGT60FTK22032234","DeviceReceiptTime":1760061700143,"TransportProtocol":"17","DestinationAddress":"192.55.83.30","DeviceEventClassID":"forward","ApplicationProtocol":"DNS","DeviceCustomNumber1":180,"DeviceCustomNumber2":13,"DeviceCustomString1":"policy","DeviceEventCategory":"traffic","DeviceInboundInterface":"KSB","DeviceOutboundInterface":"Susp0Root1_0","DeviceCustomNumber1Label":"duration","DeviceCustomNumber2Label":"policyid","DeviceCustomString1Label":"policytype"}],"ExternalID":"R204","ServiceName":"[OOTB] Correlator","DeviceVendor":"Kaspersky","DeviceProduct":"KUMA","SourceAddress":"172.16.210.1","BaseEventCount":1,"DeviceTimeZone":"+02:00","DestinationPort":53,"CorrelationRuleID":"501d865f-6430-4175-9490-62f2e3d203e2","TransportProtocol":"17","DestinationAddress":"192.55.83.30","CorrelationRuleName":"R204_Use of an external DNS server"},{"N":{"KL_CorrelationRulePriority":2},"ID":"c358f67c-5c51-4be5-9b41-550e8b626856","Name":"R204_Use of an external DNS server","Type":3,"EndTime":1760061705061,"Priority":2,"TenantID":"3d6c4203-7328-4fb2-98fa-f37d385ffbde","GroupedBy":["DestinationAddress","DestinationAssetID","DestinationHostName","DestinationPort","SourceAddress","SourceAssetID","SourceHostName","SourceNtDomain","TransportProtocol"],"ServiceID":"7a75f41d-313b-4f68-a99d-6427546cc799","StartTime":1760061700143,"Timestamp":1760061705061,"BaseEvents":[{"ID":"6ff56d39-c79f-4cfb-baf3-0ad00f22185d","Name":"traffic","Type":1,"BytesIn":164,"EndTime":1760047299000,"BytesOut":112,"Priority":0,"Severity":"notice","TenantID":"3d6c4203-7328-4fb2-98fa-f37d385ffbde","ServiceID":"71d3be03-d996-4ec6-a03d-223288e5abc8","Timestamp":1760061700143,"ExternalID":"71827206","SourcePort":57654,"ServiceName":"Fortigate","DeviceAction":"accept","DeviceVendor":"Fortninet","DeviceAddress":"192.168.51.14","DeviceProduct":"Fortigate","SourceAddress":"172.16.210.1","DeviceHostName":"windu","DeviceTimeZone":"+02:00","DestinationPort":53,"DeviceExternalID":"FGT60FTK22032234","DeviceReceiptTime":1760061700143,"TransportProtocol":"17","DestinationAddress":"150.171.10.240","DeviceEventClassID":"forward","ApplicationProtocol":"DNS","DeviceCustomNumber1":180,"DeviceCustomNumber2":13,"DeviceCustomString1":"policy","DeviceEventCategory":"traffic","DeviceInboundInterface":"KSB","DeviceOutboundInterface":"Susp0Root1_0","DeviceCustomNumber1Label":"duration","DeviceCustomNumber2Label":"policyid","DeviceCustomString1Label":"policytype"}],"ExternalID":"R204","ServiceName":"[OOTB] Correlator","DeviceVendor":"Kaspersky","DeviceProduct":"KUMA","SourceAddress":"172.16.210.1","BaseEventCount":1,"DeviceTimeZone":"+02:00","DestinationPort":53,"CorrelationRuleID":"501d865f-6430-4175-9490-62f2e3d203e2","TransportProtocol":"17","DestinationAddress":"150.171.10.240","CorrelationRuleName":"R204_Use of an external DNS server"},{"N":{"KL_CorrelationRulePriority":2},"ID":"81a09596-0590-4783-b34b-b1dd0a2f7700","Name":"R204_Use of an external DNS server","Type":3,"EndTime":1760061705067,"Priority":2,"TenantID":"3d6c4203-7328-4fb2-98fa-f37d385ffbde","GroupedBy":["DestinationAddress","DestinationAssetID","DestinationHostName","DestinationPort","SourceAddress","SourceAssetID","SourceHostName","SourceNtDomain","TransportProtocol"],"ServiceID":"7a75f41d-313b-4f68-a99d-6427546cc799","StartTime":1760061700848,"Timestamp":1760061705067,"BaseEvents":[{"ID":"49bf1829-cc12-4adb-9751-f653a435eedc","Name":"traffic","Type":1,"BytesIn":93,"EndTime":1760047300000,"BytesOut":89,"Priority":0,"Severity":"notice","TenantID":"3d6c4203-7328-4fb2-98fa-f37d385ffbde","ServiceID":"71d3be03-d996-4ec6-a03d-223288e5abc8","Timestamp":1760061700848,"ExternalID":"71827191","SourcePort":41533,"ServiceName":"Fortigate","DeviceAction":"accept","DeviceVendor":"Fortninet","DeviceAddress":"192.168.51.14","DeviceProduct":"Fortigate","SourceAddress":"172.16.210.1","DeviceHostName":"windu","DeviceTimeZone":"+02:00","DestinationPort":53,"DeviceExternalID":"FGT60FTK22032234","DeviceReceiptTime":1760061700848,"TransportProtocol":"17","DestinationAddress":"150.171.21.2","DeviceEventClassID":"forward","ApplicationProtocol":"DNS","DeviceCustomNumber1":180,"DeviceCustomNumber2":13,"DeviceCustomString1":"policy","DeviceEventCategory":"traffic","DeviceInboundInterface":"KSB","DeviceOutboundInterface":"Susp0Root1_0","DeviceCustomNumber1Label":"duration","DeviceCustomNumber2Label":"policyid","DeviceCustomString1Label":"policytype"}],"ExternalID":"R204","ServiceName":"[OOTB] Correlator","DeviceVendor":"Kaspersky","DeviceProduct":"KUMA","SourceAddress":"172.16.210.1","BaseEventCount":1,"DeviceTimeZone":"+02:00","DestinationPort":53,"CorrelationRuleID":"501d865f-6430-4175-9490-62f2e3d203e2","TransportProtocol":"17","DestinationAddress":"150.171.21.2","CorrelationRuleName":"R204_Use of an external DNS server"}],"Rules":[{"Confidence":"medium","Custom":false,"ID":"501d865f-6430-4175-9490-62f2e3d203e2","Name":"R204_Use of an external DNS server","Severity":"high","Type":""}],"Severity":"medium","SourceCreatedAt":"2025-10-10T02:01:45.046Z","SourceID":"0fc9802c-46b4-48da-988a-15e6f2590ede;13019610-918e-451a-b7ed-7f56223d45d9;1363397b-dcb3-4314-b96c-01df1f19340b;22d69103-48b0-4e0f-acba-8036375a590c;2fbf97fc-dfb1-4af9-ba11-4dc0df567695;31dec318-769c-424d-8afb-15fb236b4480;3ddf93e5-c109-499b-9ee9-afb39c2fb3dc;42b287e1-ce46-42f4-93f6-4fb31bb5c5a1;4f50a1c6-32e5-4675-8819-5224a86d9194;55ade7a4-6049-40b7-a3fb-6ca906f581a6;55f17f9a-1067-4bbc-932c-1360a74c793a;583978ce-bd22-4a70-93fa-fe0dcae7ae87;5ab530a6-4138-4065-81bf-1085a4b8e9fd;68197f03-def1-4c7f-8fba-0c395a3f47d4;78f80e15-32ab-4a93-9708-9a0c040e00b8;7f3d6288-677b-489c-8b63-e565167286c3;81a09596-0590-4783-b34b-b1dd0a2f7700;90d33801-dfa7-4ba3-a682-b866738319bf;9ece1d5a-3ba4-4a9b-8979-3d15dbc84472;c358f67c-5c51-4be5-9b41-550e8b626856;cdf3691e-f782-4f8a-ab47-e07228ec62d5;d86fa1df-cd78-44a2-b768-9eeded81fcec;f11e496e-3019-44a9-8e26-e1578e02bae8;fc664621-958e-4b1f-a165-5d495e66fa01","Status":"new","StatusChangedAt":"2025-10-10T02:01:45.11Z","StatusResolution":"","TenantID":"3d6c4203-7328-4fb2-98fa-f37d385ffbde","UpdatedAt":"2025-10-10T02:01:45.11Z"},{"Assets":null,"Assignee":{"ID":"nobody","Name":"Not assigned","Type":""},"CreatedAt":"2025-10-10T02:02:20.116Z","DetectionTechnologies":null,"ExternalRef":"","Extra":null,"FirstEventTime":"2025-10-10T02:02:18.786Z","HistoryRecords":null,"ID":18935,"IncidentID":"","IncidentLinkType":"","InternalID":"62fe7b42-6d8b-4208-b295-c980919944fe","IsCII":false,"LastEventTime":"2025-10-10T02:02:20.081Z","MITRETactics":null,"MITRETechniques":null,"Name":"R445_03_Inbound connection from external host via SMB, RPC port","Observables":[{"Details":"","Type":"ip","Value":"36.71.153.143"},{"Details":"","Type":"hostname","Value":"windu"}],"OriginalEvents":[{"N":{"KL_CorrelationRulePriority":1},"ID":"62fe7b42-6d8b-4208-b295-c980919944fe","Name":"R445_03_Inbound connection from external host via SMB, RPC port","Type":3,"EndTime":1760061740081,"Message":"The external host 36.71.153.143 remotely connected to the internal node 192.168.1.222 on port 445 which is used in SMB, RPC protocols: Microsoft-DS (Directory Services) SMB file sharing","Priority":1,"Severity":"notice","TenantID":"3d6c4203-7328-4fb2-98fa-f37d385ffbde","GroupedBy":["Message","DeviceAddress","DeviceHostName","SourceAddress","SourceHostName","SourceUserName","DestinationAddress","DestinationHostName","DestinationUserName","ApplicationProtocol","TransportProtocol","BytesIn","BytesOut","DeviceAction","DeviceAssetID","DeviceCity","DeviceCountry","DeviceDirection","DeviceDnsDomain","DeviceEventCategory","DeviceEventClassID","DeviceExternalID","DeviceFacility","DeviceHostName","DeviceInboundInterface","DeviceLatitude","DeviceLongitude","DeviceMacAddress","DeviceNtDomain","DeviceOutboundInterface","DevicePayloadID","DeviceProcessID","DeviceProcessName","DeviceReceiptTime","DeviceRegion","DeviceTimeZone","DeviceTranslatedAddress","DeviceVersion","EventOutcome","Reason","Severity","SourceAccountID","SourceAssetID","SourceCity","SourceCountry","SourceDnsDomain","SourceLatitude","SourceLongitude","SourceMacAddress","SourceNtDomain","SourcePort","SourceProcessID","SourceProcessName","SourceRegion","SourceServiceName","SourceTranslatedAddress","SourceTranslatedPort","SourceUserID","SourceUserPrivileges","DestinationAccountID","DestinationAssetID","DestinationCity","DestinationCountry","DestinationDnsDomain","DestinationLatitude","DestinationLongitude","DestinationMacAddress","DestinationNtDomain","DestinationPort","DestinationProcessID","DestinationProcessName","DestinationRegion","DestinationServiceName","DestinationTranslatedAddress","DestinationTranslatedPort","DestinationUserID","DestinationUserPrivileges","RequestClientApplication","RequestContext","RequestCookies","RequestMethod","RequestUrl","FileCreateTime","FileHash","FileID","FileModificationTime","FileName","FilePath","FilePermission","FileSize","FileType","OldFileCreateTime","OldFileHash","OldFileID","OldFileModificationTime","OldFileName","OldFilePath","OldFilePermission","OldFileSize","OldFileType","DeviceCustomDate1","DeviceCustomDate2","DeviceCustomFloatingPoint1","DeviceCustomFloatingPoint2","DeviceCustomFloatingPoint2Label","DeviceCustomFloatingPoint3","DeviceCustomFloatingPoint3Label","DeviceCustomFloatingPoint4","DeviceCustomFloatingPoint4Label","DeviceCustomIPv6Address1","DeviceCustomIPv6Address1Label","DeviceCustomIPv6Address3","DeviceCustomIPv6Address3Label","DeviceCustomIPv6Address4","DeviceCustomIPv6Address4Label","DeviceCustomNumber2","DeviceCustomNumber2Label","DeviceCustomNumber3","DeviceCustomString1","DeviceCustomNumber3Label","DeviceCustomString1Label","DeviceCustomString2","DeviceCustomString2Label","DeviceCustomString3","DeviceCustomString3Label","DeviceCustomString4","DeviceCustomString4Label","DeviceCustomString5","DeviceCustomString5Label","DeviceCustomString6","DeviceCustomString6Label","FlexDate1","FlexDate1Label","FlexNumber1","FlexNumber1Label","FlexNumber2","FlexNumber2Label","FlexString1","FlexString1Label","FlexString2","timestamp_just_added","timestamp_profiling_finished"],"ServiceID":"7a75f41d-313b-4f68-a99d-6427546cc799","StartTime":1760061740081,"Timestamp":1760061740081,"BaseEvents":[{"N":{"KL_CorrelationRulePriority":1},"ID":"52e34131-892a-434b-ad4a-9dd971cfe62f","Name":"Connection. Inbound connection from external host using SMB, RPC ports","Type":3,"EndTime":1760061738787,"Message":"Connection Failed","Priority":1,"Severity":"notice","TenantID":"3d6c4203-7328-4fb2-98fa-f37d385ffbde","GroupedBy":["Message","DeviceAddress","DeviceHostName","SourceAddress","SourceHostName","SourceUserName","DestinationAddress","DestinationHostName","DestinationUserName","ApplicationProtocol","TransportProtocol","BytesIn","BytesOut","DeviceAction","DeviceAssetID","DeviceCity","DeviceCountry","DeviceDirection","DeviceDnsDomain","DeviceEventCategory","DeviceEventClassID","DeviceExternalID","DeviceFacility","DeviceHostName","DeviceInboundInterface","DeviceLatitude","DeviceLongitude","DeviceMacAddress","DeviceNtDomain","DeviceOutboundInterface","DevicePayloadID","DeviceProcessID","DeviceProcessName","DeviceReceiptTime","DeviceRegion","DeviceTimeZone","DeviceTranslatedAddress","DeviceVersion","EventOutcome","Reason","Severity","SourceAccountID","SourceAssetID","SourceCity","SourceCountry","SourceDnsDomain","SourceLatitude","SourceLongitude","SourceMacAddress","SourceNtDomain","SourcePort","SourceProcessID","SourceProcessName","SourceRegion","SourceServiceName","SourceTranslatedAddress","SourceTranslatedPort","SourceUserID","SourceUserPrivileges","DestinationAccountID","DestinationAssetID","DestinationCity","DestinationCountry","DestinationDnsDomain","DestinationLatitude","DestinationLongitude","DestinationMacAddress","DestinationNtDomain","DestinationPort","DestinationProcessID","DestinationProcessName","DestinationRegion","DestinationServiceName","DestinationTranslatedAddress","DestinationTranslatedPort","DestinationUserID","DestinationUserPrivileges","RequestClientApplication","RequestContext","RequestCookies","RequestMethod","RequestUrl","FileCreateTime","FileHash","FileID","FileModificationTime","FileName","FilePath","FilePermission","FileSize","FileType","OldFileCreateTime","OldFileHash","OldFileID","OldFileModificationTime","OldFileName","OldFilePath","OldFilePermission","OldFileSize","OldFileType","DeviceCustomDate1","DeviceCustomDate2","DeviceCustomFloatingPoint1","DeviceCustomFloatingPoint2","DeviceCustomFloatingPoint2Label","DeviceCustomFloatingPoint3","DeviceCustomFloatingPoint3Label","DeviceCustomFloatingPoint4","DeviceCustomFloatingPoint4Label","DeviceCustomIPv6Address1","DeviceCustomIPv6Address1Label","DeviceCustomIPv6Address3","DeviceCustomIPv6Address3Label","DeviceCustomIPv6Address4","DeviceCustomIPv6Address4Label","DeviceCustomNumber2","DeviceCustomNumber2Label","DeviceCustomNumber3","DeviceCustomString1","DeviceCustomNumber3Label","DeviceCustomString1Label","DeviceCustomString2","DeviceCustomString2Label","DeviceCustomString3","DeviceCustomString3Label","DeviceCustomString4","DeviceCustomString4Label","DeviceCustomString5","DeviceCustomString5Label","DeviceCustomString6","DeviceCustomString6Label","FlexDate1","FlexDate1Label","FlexNumber1","FlexNumber1Label","FlexNumber2","FlexNumber2Label","FlexString1","FlexString1Label","FlexString2"],"ServiceID":"7a75f41d-313b-4f68-a99d-6427546cc799","StartTime":1760061738787,"Timestamp":1760061740081,"BaseEvents":[{"ID":"0038e6b2-936c-46af-ba4a-423e465f9d03","Name":"traffic","Type":1,"EndTime":1760047338000,"Message":"Connection Failed","Priority":0,"Severity":"notice","TenantID":"3d6c4203-7328-4fb2-98fa-f37d385ffbde","ServiceID":"71d3be03-d996-4ec6-a03d-223288e5abc8","Timestamp":1760061738787,"ExternalID":"71831664","SourcePort":57598,"ServiceName":"Fortigate","DeviceAction":"deny","DeviceVendor":"Fortninet","DeviceAddress":"192.168.51.14","DeviceProduct":"Fortigate","SourceAddress":"36.71.153.143","DeviceHostName":"windu","DeviceTimeZone":"+02:00","DestinationPort":445,"DeviceExternalID":"FGT60FTK22032234","DeviceReceiptTime":1760061738787,"TransportProtocol":"6","DestinationAddress":"192.168.1.222","DeviceEventClassID":"local","ApplicationProtocol":"SMB","DeviceCustomString1":"local-in-policy","DeviceEventCategory":"traffic","DeviceInboundInterface":"wan2","DeviceOutboundInterface":"root","DeviceCustomNumber1Label":"duration","DeviceCustomNumber2Label":"policyid","DeviceCustomString1Label":"policytype"}],"SourcePort":57598,"ServiceName":"[OOTB] Correlator","DeviceAction":"deny","DeviceVendor":"Kaspersky","DeviceAddress":"192.168.51.14","DeviceProduct":"KUMA","SourceAddress":"36.71.153.143","BaseEventCount":1,"DeviceHostName":"windu","DeviceTimeZone":"+02:00","DestinationPort":445,"DeviceExternalID":"FGT60FTK22032234","CorrelationRuleID":"e2a20430-e50f-4f70-8970-8c799793a934","DeviceReceiptTime":1760061738787,"TransportProtocol":"6","DestinationAddress":"192.168.1.222","DeviceEventClassID":"local","ApplicationProtocol":"SMB","CorrelationRuleName":"Connection. Inbound connection from external host using SMB, RPC ports","DeviceCustomString1":"local-in-policy","DeviceEventCategory":"traffic","DeviceInboundInterface":"wan2","DeviceOutboundInterface":"root","DeviceCustomNumber2Label":"policyid","DeviceCustomString1Label":"policytype"}],"ExternalID":"R445_03","SourcePort":57598,"ServiceName":"[OOTB] Correlator","DeviceAction":"deny","DeviceVendor":"Kaspersky","DeviceAddress":"192.168.51.14","DeviceProduct":"KUMA","SourceAddress":"36.71.153.143","BaseEventCount":1,"DeviceHostName":"windu","DeviceTimeZone":"+02:00","DestinationPort":445,"DeviceExternalID":"FGT60FTK22032234","CorrelationRuleID":"49182bb8-1dd3-44cd-b561-101a5bd0e58d","DeviceReceiptTime":1760061738787,"TransportProtocol":"6","DestinationAddress":"192.168.1.222","DeviceEventClassID":"local","ApplicationProtocol":"SMB","CorrelationRuleName":"R445_03_Inbound connection from external host via SMB, RPC port","DeviceCustomString1":"local-in-policy","DeviceEventCategory":"traffic","DestinationServiceName":"Microsoft-DS (Directory Services) SMB file sharing","DeviceInboundInterface":"wan2","DeviceOutboundInterface":"root","DeviceCustomNumber2Label":"policyid","DeviceCustomString1Label":"policytype"}],"Rules":[{"Confidence":"medium","Custom":false,"ID":"49182bb8-1dd3-44cd-b561-101a5bd0e58d","Name":"R445_03_Inbound connection from external host via SMB, RPC port","Severity":"medium","Type":""}],"Severity":"low","SourceCreatedAt":"2025-10-10T02:02:20.081Z","SourceID":"62fe7b42-6d8b-4208-b295-c980919944fe","Status":"new","StatusChangedAt":"2025-10-10T02:02:20.116Z","StatusResolution":"","TenantID":"3d6c4203-7328-4fb2-98fa-f37d385ffbde","UpdatedAt":"2025-10-10T02:02:20.116Z"},{"Assets":null,"Assignee":{"ID":"nobody","Name":"Not assigned","Type":""},"CreatedAt":"2025-10-10T02:03:25.124Z","DetectionTechnologies":null,"ExternalRef":"","Extra":null,"FirstEventTime":"2025-10-04T07:56:59.861Z","HistoryRecords":null,"ID":18937,"IncidentID":"","IncidentLinkType":"","InternalID":"30f6de15-226d-45ec-8d2e-f7d29cb4c9ff","IsCII":false,"LastEventTime":"2025-10-10T02:03:20.101Z","MITRETactics":null,"MITRETechniques":null,"Name":"R445_03_Inbound connection from external host via SMB, RPC port","Observables":[{"Details":"","Type":"ip","Value":"62.193.5.107"},{"Details":"","Type":"hostname","Value":"windu"}],"OriginalEvents":[{"N":{"KL_CorrelationRulePriority":1},"ID":"30f6de15-226d-45ec-8d2e-f7d29cb4c9ff","Name":"R445_03_Inbound connection from external host via SMB, RPC port","Type":3,"EndTime":1760061800100,"Message":"The external host 62.193.5.107 remotely connected to the internal node 192.168.1.222 on port 445 which is used in SMB, RPC protocols: Microsoft-DS (Directory Services) SMB file sharing","Priority":1,"Severity":"notice","TenantID":"3d6c4203-7328-4fb2-98fa-f37d385ffbde","GroupedBy":["Message","DeviceAddress","DeviceHostName","SourceAddress","SourceHostName","SourceUserName","DestinationAddress","DestinationHostName","DestinationUserName","ApplicationProtocol","TransportProtocol","BytesIn","BytesOut","DeviceAction","DeviceAssetID","DeviceCity","DeviceCountry","DeviceDirection","DeviceDnsDomain","DeviceEventCategory","DeviceEventClassID","DeviceExternalID","DeviceFacility","DeviceHostName","DeviceInboundInterface","DeviceLatitude","DeviceLongitude","DeviceMacAddress","DeviceNtDomain","DeviceOutboundInterface","DevicePayloadID","DeviceProcessID","DeviceProcessName","DeviceReceiptTime","DeviceRegion","DeviceTimeZone","DeviceTranslatedAddress","DeviceVersion","EventOutcome","Reason","Severity","SourceAccountID","SourceAssetID","SourceCity","SourceCountry","SourceDnsDomain","SourceLatitude","SourceLongitude","SourceMacAddress","SourceNtDomain","SourcePort","SourceProcessID","SourceProcessName","SourceRegion","SourceServiceName","SourceTranslatedAddress","SourceTranslatedPort","SourceUserID","SourceUserPrivileges","DestinationAccountID","DestinationAssetID","DestinationCity","DestinationCountry","DestinationDnsDomain","DestinationLatitude","DestinationLongitude","DestinationMacAddress","DestinationNtDomain","DestinationPort","DestinationProcessID","DestinationProcessName","DestinationRegion","DestinationServiceName","DestinationTranslatedAddress","DestinationTranslatedPort","DestinationUserID","DestinationUserPrivileges","RequestClientApplication","RequestContext","RequestCookies","RequestMethod","RequestUrl","FileCreateTime","FileHash","FileID","FileModificationTime","FileName","FilePath","FilePermission","FileSize","FileType","OldFileCreateTime","OldFileHash","OldFileID","OldFileModificationTime","OldFileName","OldFilePath","OldFilePermission","OldFileSize","OldFileType","DeviceCustomDate1","DeviceCustomDate2","DeviceCustomFloatingPoint1","DeviceCustomFloatingPoint2","DeviceCustomFloatingPoint2Label","DeviceCustomFloatingPoint3","DeviceCustomFloatingPoint3Label","DeviceCustomFloatingPoint4","DeviceCustomFloatingPoint4Label","DeviceCustomIPv6Address1","DeviceCustomIPv6Address1Label","DeviceCustomIPv6Address3","DeviceCustomIPv6Address3Label","DeviceCustomIPv6Address4","DeviceCustomIPv6Address4Label","DeviceCustomNumber2","DeviceCustomNumber2Label","DeviceCustomNumber3","DeviceCustomString1","DeviceCustomNumber3Label","DeviceCustomString1Label","DeviceCustomString2","DeviceCustomString2Label","DeviceCustomString3","DeviceCustomString3Label","DeviceCustomString4","DeviceCustomString4Label","DeviceCustomString5","DeviceCustomString5Label","DeviceCustomString6","DeviceCustomString6Label","FlexDate1","FlexDate1Label","FlexNumber1","FlexNumber1Label","FlexNumber2","FlexNumber2Label","FlexString1","FlexString1Label","FlexString2","timestamp_just_added","timestamp_profiling_finished"],"ServiceID":"7a75f41d-313b-4f68-a99d-6427546cc799","StartTime":1760061800100,"Timestamp":1760061800101,"BaseEvents":[{"N":{"KL_CorrelationRulePriority":1},"ID":"5518afea-ab3e-4288-8023-87f98bf4ccd0","Name":"Connection. Inbound connection from external host using SMB, RPC ports","Type":3,"EndTime":1759564619862,"Message":"Connection Failed","Priority":1,"Severity":"notice","TenantID":"3d6c4203-7328-4fb2-98fa-f37d385ffbde","GroupedBy":["Message","DeviceAddress","DeviceHostName","SourceAddress","SourceHostName","SourceUserName","DestinationAddress","DestinationHostName","DestinationUserName","ApplicationProtocol","TransportProtocol","BytesIn","BytesOut","DeviceAction","DeviceAssetID","DeviceCity","DeviceCountry","DeviceDirection","DeviceDnsDomain","DeviceEventCategory","DeviceEventClassID","DeviceExternalID","DeviceFacility","DeviceHostName","DeviceInboundInterface","DeviceLatitude","DeviceLongitude","DeviceMacAddress","DeviceNtDomain","DeviceOutboundInterface","DevicePayloadID","DeviceProcessID","DeviceProcessName","DeviceReceiptTime","DeviceRegion","DeviceTimeZone","DeviceTranslatedAddress","DeviceVersion","EventOutcome","Reason","Severity","SourceAccountID","SourceAssetID","SourceCity","SourceCountry","SourceDnsDomain","SourceLatitude","SourceLongitude","SourceMacAddress","SourceNtDomain","SourcePort","SourceProcessID","SourceProcessName","SourceRegion","SourceServiceName","SourceTranslatedAddress","SourceTranslatedPort","SourceUserID","SourceUserPrivileges","DestinationAccountID","DestinationAssetID","DestinationCity","DestinationCountry","DestinationDnsDomain","DestinationLatitude","DestinationLongitude","DestinationMacAddress","DestinationNtDomain","DestinationPort","DestinationProcessID","DestinationProcessName","DestinationRegion","DestinationServiceName","DestinationTranslatedAddress","DestinationTranslatedPort","DestinationUserID","DestinationUserPrivileges","RequestClientApplication","RequestContext","RequestCookies","RequestMethod","RequestUrl","FileCreateTime","FileHash","FileID","FileModificationTime","FileName","FilePath","FilePermission","FileSize","FileType","OldFileCreateTime","OldFileHash","OldFileID","OldFileModificationTime","OldFileName","OldFilePath","OldFilePermission","OldFileSize","OldFileType","DeviceCustomDate1","DeviceCustomDate2","DeviceCustomFloatingPoint1","DeviceCustomFloatingPoint2","DeviceCustomFloatingPoint2Label","DeviceCustomFloatingPoint3","DeviceCustomFloatingPoint3Label","DeviceCustomFloatingPoint4","DeviceCustomFloatingPoint4Label","DeviceCustomIPv6Address1","DeviceCustomIPv6Address1Label","DeviceCustomIPv6Address3","DeviceCustomIPv6Address3Label","DeviceCustomIPv6Address4","DeviceCustomIPv6Address4Label","DeviceCustomNumber2","DeviceCustomNumber2Label","DeviceCustomNumber3","DeviceCustomString1","DeviceCustomNumber3Label","DeviceCustomString1Label","DeviceCustomString2","DeviceCustomString2Label","DeviceCustomString3","DeviceCustomString3Label","DeviceCustomString4","DeviceCustomString4Label","DeviceCustomString5","DeviceCustomString5Label","DeviceCustomString6","DeviceCustomString6Label","FlexDate1","FlexDate1Label","FlexNumber1","FlexNumber1Label","FlexNumber2","FlexNumber2Label","FlexString1","FlexString1Label","FlexString2"],"ServiceID":"7a75f41d-313b-4f68-a99d-6427546cc799","StartTime":1759564619862,"Timestamp":1760061800100,"BaseEvents":[{"ID":"2af9ed03-7a17-4428-be09-1abac319a262","Name":"traffic","Type":1,"EndTime":1759532219000,"Message":"Connection Failed","Priority":0,"Severity":"notice","TenantID":"3d6c4203-7328-4fb2-98fa-f37d385ffbde","ServiceID":"71d3be03-d996-4ec6-a03d-223288e5abc8","Timestamp":1759564619862,"ExternalID":"62820708","SourcePort":54514,"ServiceName":"Fortigate","DeviceAction":"deny","DeviceVendor":"Fortninet","DeviceAddress":"192.168.51.14","DeviceProduct":"Fortigate","SourceAddress":"62.193.5.107","DeviceHostName":"windu","DeviceTimeZone":"+02:00","DestinationPort":445,"DeviceExternalID":"FGT60FTK22032234","DeviceReceiptTime":1759564619862,"TransportProtocol":"6","DestinationAddress":"192.168.1.222","DeviceEventClassID":"local","ApplicationProtocol":"SMB","DeviceCustomString1":"local-in-policy","DeviceEventCategory":"traffic","DeviceInboundInterface":"wan2","DeviceOutboundInterface":"root","DeviceCustomNumber1Label":"duration","DeviceCustomNumber2Label":"policyid","DeviceCustomString1Label":"policytype"}],"SourcePort":54514,"ServiceName":"[OOTB] Correlator","DeviceAction":"deny","DeviceVendor":"Kaspersky","DeviceAddress":"192.168.51.14","DeviceProduct":"KUMA","SourceAddress":"62.193.5.107","BaseEventCount":1,"DeviceHostName":"windu","DeviceTimeZone":"+02:00","DestinationPort":445,"DeviceExternalID":"FGT60FTK22032234","CorrelationRuleID":"e2a20430-e50f-4f70-8970-8c799793a934","DeviceReceiptTime":1759564619862,"TransportProtocol":"6","DestinationAddress":"192.168.1.222","DeviceEventClassID":"local","ApplicationProtocol":"SMB","CorrelationRuleName":"Connection. Inbound connection from external host using SMB, RPC ports","DeviceCustomString1":"local-in-policy","DeviceEventCategory":"traffic","DeviceInboundInterface":"wan2","DeviceOutboundInterface":"root","DeviceCustomNumber2Label":"policyid","DeviceCustomString1Label":"policytype"}],"ExternalID":"R445_03","SourcePort":54514,"ServiceName":"[OOTB] Correlator","DeviceAction":"deny","DeviceVendor":"Kaspersky","DeviceAddress":"192.168.51.14","DeviceProduct":"KUMA","SourceAddress":"62.193.5.107","BaseEventCount":1,"DeviceHostName":"windu","DeviceTimeZone":"+02:00","DestinationPort":445,"DeviceExternalID":"FGT60FTK22032234","CorrelationRuleID":"49182bb8-1dd3-44cd-b561-101a5bd0e58d","DeviceReceiptTime":1759564619862,"TransportProtocol":"6","DestinationAddress":"192.168.1.222","DeviceEventClassID":"local","ApplicationProtocol":"SMB","CorrelationRuleName":"R445_03_Inbound connection from external host via SMB, RPC port","DeviceCustomString1":"local-in-policy","DeviceEventCategory":"traffic","DestinationServiceName":"Microsoft-DS (Directory Services) SMB file sharing","DeviceInboundInterface":"wan2","DeviceOutboundInterface":"root","DeviceCustomNumber2Label":"policyid","DeviceCustomString1Label":"policytype"}],"Rules":[{"Confidence":"medium","Custom":false,"ID":"49182bb8-1dd3-44cd-b561-101a5bd0e58d","Name":"R445_03_Inbound connection from external host via SMB, RPC port","Severity":"medium","Type":""}],"Severity":"low","SourceCreatedAt":"2025-10-10T02:03:20.101Z","SourceID":"30f6de15-226d-45ec-8d2e-f7d29cb4c9ff","Status":"new","StatusChangedAt":"2025-10-10T02:03:25.124Z","StatusResolution":"","TenantID":"3d6c4203-7328-4fb2-98fa-f37d385ffbde","UpdatedAt":"2025-10-10T02:03:25.124Z"},{"Assets":null,"Assignee":{"ID":"nobody","Name":"Not assigned","Type":""},"CreatedAt":"2025-10-10T02:04:20.113Z","DetectionTechnologies":null,"ExternalRef":"","Extra":null,"FirstEventTime":"2025-10-04T07:57:53.575Z","HistoryRecords":null,"ID":18938,"IncidentID":"","IncidentLinkType":"","InternalID":"51f73f8d-5b2e-4fcb-a078-1032c9491b45","IsCII":false,"LastEventTime":"2025-10-10T02:04:45.102Z","MITRETactics":null,"MITRETechniques":null,"Name":"R204_Use of an external DNS server","Observables":[{"Details":"","Type":"ip","Value":"204.14.183.4"},{"Details":"","Type":"hostname","Value":"windu"},{"Details":"","Type":"ip","Value":"208.84.5.4"},{"Details":"","Type":"ip","Value":"208.84.5.3"}],"OriginalEvents":[{"N":{"KL_CorrelationRulePriority":2},"ID":"51f73f8d-5b2e-4fcb-a078-1032c9491b45","Name":"R204_Use of an external DNS server","Type":3,"EndTime":1760061855113,"Priority":2,"TenantID":"3d6c4203-7328-4fb2-98fa-f37d385ffbde","GroupedBy":["DestinationAddress","DestinationAssetID","DestinationHostName","DestinationPort","SourceAddress","SourceAssetID","SourceHostName","SourceNtDomain","TransportProtocol"],"ServiceID":"7a75f41d-313b-4f68-a99d-6427546cc799","StartTime":1759564673575,"Timestamp":1760061855113,"BaseEvents":[{"ID":"f35c68a8-ca91-4c9f-97e4-99e7d06e399a","Name":"traffic","Type":1,"BytesIn":93,"EndTime":1759532273000,"BytesOut":89,"Priority":0,"Severity":"notice","TenantID":"3d6c4203-7328-4fb2-98fa-f37d385ffbde","ServiceID":"71d3be03-d996-4ec6-a03d-223288e5abc8","Timestamp":1759564673575,"ExternalID":"62818712","SourcePort":42444,"ServiceName":"Fortigate","DeviceAction":"accept","DeviceVendor":"Fortninet","DeviceAddress":"192.168.51.14","DeviceProduct":"Fortigate","SourceAddress":"172.16.210.1","DeviceHostName":"windu","DeviceTimeZone":"+02:00","DestinationPort":53,"DeviceExternalID":"FGT60FTK22032234","DeviceReceiptTime":1759564673575,"TransportProtocol":"17","DestinationAddress":"204.14.183.4","DeviceEventClassID":"forward","ApplicationProtocol":"DNS","DeviceCustomNumber1":180,"DeviceCustomNumber2":13,"DeviceCustomString1":"policy","DeviceEventCategory":"traffic","DeviceInboundInterface":"KSB","DeviceOutboundInterface":"Susp0Root1_0","DeviceCustomNumber1Label":"duration","DeviceCustomNumber2Label":"policyid","DeviceCustomString1Label":"policytype"}],"ExternalID":"R204","ServiceName":"[OOTB] Correlator","DeviceVendor":"Kaspersky","DeviceProduct":"KUMA","SourceAddress":"172.16.210.1","BaseEventCount":1,"DeviceTimeZone":"+02:00","DestinationPort":53,"CorrelationRuleID":"501d865f-6430-4175-9490-62f2e3d203e2","TransportProtocol":"17","DestinationAddress":"204.14.183.4","CorrelationRuleName":"R204_Use of an external DNS server"},{"N":{"KL_CorrelationRulePriority":2},"ID":"7f494c97-3d26-400f-8c12-a1cbb791955e","Name":"R204_Use of an external DNS server","Type":3,"EndTime":1760061885101,"Priority":2,"TenantID":"3d6c4203-7328-4fb2-98fa-f37d385ffbde","GroupedBy":["DestinationAddress","DestinationAssetID","DestinationHostName","DestinationPort","SourceAddress","SourceAssetID","SourceHostName","SourceNtDomain","TransportProtocol"],"ServiceID":"7a75f41d-313b-4f68-a99d-6427546cc799","StartTime":1759564701980,"Timestamp":1760061885101,"BaseEvents":[{"ID":"55e8fdc1-f85d-4aae-8778-c6f11c2124a2","Name":"traffic","Type":1,"BytesIn":95,"EndTime":1759532301000,"BytesOut":91,"Priority":0,"Severity":"notice","TenantID":"3d6c4203-7328-4fb2-98fa-f37d385ffbde","ServiceID":"71d3be03-d996-4ec6-a03d-223288e5abc8","Timestamp":1759564701980,"ExternalID":"62819178","SourcePort":47897,"ServiceName":"Fortigate","DeviceAction":"accept","DeviceVendor":"Fortninet","DeviceAddress":"192.168.51.14","DeviceProduct":"Fortigate","SourceAddress":"172.16.210.1","DeviceHostName":"windu","DeviceTimeZone":"+02:00","DestinationPort":53,"DeviceExternalID":"FGT60FTK22032234","DeviceReceiptTime":1759564701980,"TransportProtocol":"17","DestinationAddress":"208.84.5.4","DeviceEventClassID":"forward","ApplicationProtocol":"DNS","DeviceCustomNumber1":180,"DeviceCustomNumber2":13,"DeviceCustomString1":"policy","DeviceEventCategory":"traffic","DeviceInboundInterface":"KSB","DeviceOutboundInterface":"Susp0Root1_0","DeviceCustomNumber1Label":"duration","DeviceCustomNumber2Label":"policyid","DeviceCustomString1Label":"policytype"}],"ExternalID":"R204","ServiceName":"[OOTB] Correlator","DeviceVendor":"Kaspersky","DeviceProduct":"KUMA","SourceAddress":"172.16.210.1","BaseEventCount":1,"DeviceTimeZone":"+02:00","DestinationPort":53,"CorrelationRuleID":"501d865f-6430-4175-9490-62f2e3d203e2","TransportProtocol":"17","DestinationAddress":"208.84.5.4","CorrelationRuleName":"R204_Use of an external DNS server"},{"N":{"KL_CorrelationRulePriority":2},"ID":"acf42e50-21f6-4a7d-818e-f4991adca75a","Name":"R204_Use of an external DNS server","Type":3,"EndTime":1760061885103,"Priority":2,"TenantID":"3d6c4203-7328-4fb2-98fa-f37d385ffbde","GroupedBy":["DestinationAddress","DestinationAssetID","DestinationHostName","DestinationPort","SourceAddress","SourceAssetID","SourceHostName","SourceNtDomain","TransportProtocol"],"ServiceID":"7a75f41d-313b-4f68-a99d-6427546cc799","StartTime":1759564701981,"Timestamp":1760061885103,"BaseEvents":[{"ID":"61f19961-0234-409e-a9be-846068882dc7","Name":"traffic","Type":1,"BytesIn":94,"EndTime":1759532301000,"BytesOut":90,"Priority":0,"Severity":"notice","TenantID":"3d6c4203-7328-4fb2-98fa-f37d385ffbde","ServiceID":"71d3be03-d996-4ec6-a03d-223288e5abc8","Timestamp":1759564701981,"ExternalID":"62819158","SourcePort":50069,"ServiceName":"Fortigate","DeviceAction":"accept","DeviceVendor":"Fortninet","DeviceAddress":"192.168.51.14","DeviceProduct":"Fortigate","SourceAddress":"172.16.210.1","DeviceHostName":"windu","DeviceTimeZone":"+02:00","DestinationPort":53,"DeviceExternalID":"FGT60FTK22032234","DeviceReceiptTime":1759564701981,"TransportProtocol":"17","DestinationAddress":"208.84.5.3","DeviceEventClassID":"forward","ApplicationProtocol":"DNS","DeviceCustomNumber1":180,"DeviceCustomNumber2":13,"DeviceCustomString1":"policy","DeviceEventCategory":"traffic","DeviceInboundInterface":"KSB","DeviceOutboundInterface":"Susp0Root1_0","DeviceCustomNumber1Label":"duration","DeviceCustomNumber2Label":"policyid","DeviceCustomString1Label":"policytype"}],"ExternalID":"R204","ServiceName":"[OOTB] Correlator","DeviceVendor":"Kaspersky","DeviceProduct":"KUMA","SourceAddress":"172.16.210.1","BaseEventCount":1,"DeviceTimeZone":"+02:00","DestinationPort":53,"CorrelationRuleID":"501d865f-6430-4175-9490-62f2e3d203e2","TransportProtocol":"17","DestinationAddress":"208.84.5.3","CorrelationRuleName":"R204_Use of an external DNS server"}],"Rules":[{"Confidence":"medium","Custom":false,"ID":"501d865f-6430-4175-9490-62f2e3d203e2","Name":"R204_Use of an external DNS server","Severity":"high","Type":""}],"Severity":"medium","SourceCreatedAt":"2025-10-10T02:04:15.112Z","SourceID":"51f73f8d-5b2e-4fcb-a078-1032c9491b45;7f494c97-3d26-400f-8c12-a1cbb791955e;acf42e50-21f6-4a7d-818e-f4991adca75a","Status":"new","StatusChangedAt":"2025-10-10T02:04:20.113Z","StatusResolution":"","TenantID":"3d6c4203-7328-4fb2-98fa-f37d385ffbde","UpdatedAt":"2025-10-10T02:04:20.113Z"},{"Assets":null,"Assignee":{"ID":"nobody","Name":"Not assigned","Type":""},"CreatedAt":"2025-10-10T02:08:50.166Z","DetectionTechnologies":null,"ExternalRef":"","Extra":null,"FirstEventTime":"2025-10-04T08:02:19.233Z","HistoryRecords":null,"ID":18940,"IncidentID":"","IncidentLinkType":"","InternalID":"d2831f7d-eb0f-4ee1-9619-23f95597a0b8","IsCII":false,"LastEventTime":"2025-10-10T02:08:45.165Z","MITRETactics":null,"MITRETechniques":null,"Name":"R445_03_Inbound connection from external host via SMB, RPC port","Observables":[{"Details":"","Type":"ip","Value":"156.207.178.133"},{"Details":"","Type":"hostname","Value":"windu"}],"OriginalEvents":[{"N":{"KL_CorrelationRulePriority":1},"ID":"d2831f7d-eb0f-4ee1-9619-23f95597a0b8","Name":"R445_03_Inbound connection from external host via SMB, RPC port","Type":3,"EndTime":1760062125165,"Message":"The external host 156.207.178.133 remotely connected to the internal node 192.168.1.222 on port 445 which is used in SMB, RPC protocols: Microsoft-DS (Directory Services) SMB file sharing","Priority":1,"Severity":"notice","TenantID":"3d6c4203-7328-4fb2-98fa-f37d385ffbde","GroupedBy":["Message","DeviceAddress","DeviceHostName","SourceAddress","SourceHostName","SourceUserName","DestinationAddress","DestinationHostName","DestinationUserName","ApplicationProtocol","TransportProtocol","BytesIn","BytesOut","DeviceAction","DeviceAssetID","DeviceCity","DeviceCountry","DeviceDirection","DeviceDnsDomain","DeviceEventCategory","DeviceEventClassID","DeviceExternalID","DeviceFacility","DeviceHostName","DeviceInboundInterface","DeviceLatitude","DeviceLongitude","DeviceMacAddress","DeviceNtDomain","DeviceOutboundInterface","DevicePayloadID","DeviceProcessID","DeviceProcessName","DeviceReceiptTime","DeviceRegion","DeviceTimeZone","DeviceTranslatedAddress","DeviceVersion","EventOutcome","Reason","Severity","SourceAccountID","SourceAssetID","SourceCity","SourceCountry","SourceDnsDomain","SourceLatitude","SourceLongitude","SourceMacAddress","SourceNtDomain","SourcePort","SourceProcessID","SourceProcessName","SourceRegion","SourceServiceName","SourceTranslatedAddress","SourceTranslatedPort","SourceUserID","SourceUserPrivileges","DestinationAccountID","DestinationAssetID","DestinationCity","DestinationCountry","DestinationDnsDomain","DestinationLatitude","DestinationLongitude","DestinationMacAddress","DestinationNtDomain","DestinationPort","DestinationProcessID","DestinationProcessName","DestinationRegion","DestinationServiceName","DestinationTranslatedAddress","DestinationTranslatedPort","DestinationUserID","DestinationUserPrivileges","RequestClientApplication","RequestContext","RequestCookies","RequestMethod","RequestUrl","FileCreateTime","FileHash","FileID","FileModificationTime","FileName","FilePath","FilePermission","FileSize","FileType","OldFileCreateTime","OldFileHash","OldFileID","OldFileModificationTime","OldFileName","OldFilePath","OldFilePermission","OldFileSize","OldFileType","DeviceCustomDate1","DeviceCustomDate2","DeviceCustomFloatingPoint1","DeviceCustomFloatingPoint2","DeviceCustomFloatingPoint2Label","DeviceCustomFloatingPoint3","DeviceCustomFloatingPoint3Label","DeviceCustomFloatingPoint4","DeviceCustomFloatingPoint4Label","DeviceCustomIPv6Address1","DeviceCustomIPv6Address1Label","DeviceCustomIPv6Address3","DeviceCustomIPv6Address3Label","DeviceCustomIPv6Address4","DeviceCustomIPv6Address4Label","DeviceCustomNumber2","DeviceCustomNumber2Label","DeviceCustomNumber3","DeviceCustomString1","DeviceCustomNumber3Label","DeviceCustomString1Label","DeviceCustomString2","DeviceCustomString2Label","DeviceCustomString3","DeviceCustomString3Label","DeviceCustomString4","DeviceCustomString4Label","DeviceCustomString5","DeviceCustomString5Label","DeviceCustomString6","DeviceCustomString6Label","FlexDate1","FlexDate1Label","FlexNumber1","FlexNumber1Label","FlexNumber2","FlexNumber2Label","FlexString1","FlexString1Label","FlexString2","timestamp_just_added","timestamp_profiling_finished"],"ServiceID":"7a75f41d-313b-4f68-a99d-6427546cc799","StartTime":1760062125165,"Timestamp":1760062125166,"BaseEvents":[{"N":{"KL_CorrelationRulePriority":1},"ID":"9ca758ab-1689-4f68-9946-47dd17bf838a","Name":"Connection. Inbound connection from external host using SMB, RPC ports","Type":3,"EndTime":1759564939234,"Message":"Connection Failed","Priority":1,"Severity":"notice","TenantID":"3d6c4203-7328-4fb2-98fa-f37d385ffbde","GroupedBy":["Message","DeviceAddress","DeviceHostName","SourceAddress","SourceHostName","SourceUserName","DestinationAddress","DestinationHostName","DestinationUserName","ApplicationProtocol","TransportProtocol","BytesIn","BytesOut","DeviceAction","DeviceAssetID","DeviceCity","DeviceCountry","DeviceDirection","DeviceDnsDomain","DeviceEventCategory","DeviceEventClassID","DeviceExternalID","DeviceFacility","DeviceHostName","DeviceInboundInterface","DeviceLatitude","DeviceLongitude","DeviceMacAddress","DeviceNtDomain","DeviceOutboundInterface","DevicePayloadID","DeviceProcessID","DeviceProcessName","DeviceReceiptTime","DeviceRegion","DeviceTimeZone","DeviceTranslatedAddress","DeviceVersion","EventOutcome","Reason","Severity","SourceAccountID","SourceAssetID","SourceCity","SourceCountry","SourceDnsDomain","SourceLatitude","SourceLongitude","SourceMacAddress","SourceNtDomain","SourcePort","SourceProcessID","SourceProcessName","SourceRegion","SourceServiceName","SourceTranslatedAddress","SourceTranslatedPort","SourceUserID","SourceUserPrivileges","DestinationAccountID","DestinationAssetID","DestinationCity","DestinationCountry","DestinationDnsDomain","DestinationLatitude","DestinationLongitude","DestinationMacAddress","DestinationNtDomain","DestinationPort","DestinationProcessID","DestinationProcessName","DestinationRegion","DestinationServiceName","DestinationTranslatedAddress","DestinationTranslatedPort","DestinationUserID","DestinationUserPrivileges","RequestClientApplication","RequestContext","RequestCookies","RequestMethod","RequestUrl","FileCreateTime","FileHash","FileID","FileModificationTime","FileName","FilePath","FilePermission","FileSize","FileType","OldFileCreateTime","OldFileHash","OldFileID","OldFileModificationTime","OldFileName","OldFilePath","OldFilePermission","OldFileSize","OldFileType","DeviceCustomDate1","DeviceCustomDate2","DeviceCustomFloatingPoint1","DeviceCustomFloatingPoint2","DeviceCustomFloatingPoint2Label","DeviceCustomFloatingPoint3","DeviceCustomFloatingPoint3Label","DeviceCustomFloatingPoint4","DeviceCustomFloatingPoint4Label","DeviceCustomIPv6Address1","DeviceCustomIPv6Address1Label","DeviceCustomIPv6Address3","DeviceCustomIPv6Address3Label","DeviceCustomIPv6Address4","DeviceCustomIPv6Address4Label","DeviceCustomNumber2","DeviceCustomNumber2Label","DeviceCustomNumber3","DeviceCustomString1","DeviceCustomNumber3Label","DeviceCustomString1Label","DeviceCustomString2","DeviceCustomString2Label","DeviceCustomString3","DeviceCustomString3Label","DeviceCustomString4","DeviceCustomString4Label","DeviceCustomString5","DeviceCustomString5Label","DeviceCustomString6","DeviceCustomString6Label","FlexDate1","FlexDate1Label","FlexNumber1","FlexNumber1Label","FlexNumber2","FlexNumber2Label","FlexString1","FlexString1Label","FlexString2"],"ServiceID":"7a75f41d-313b-4f68-a99d-6427546cc799","StartTime":1759564939234,"Timestamp":1760062125165,"BaseEvents":[{"ID":"0c19628d-fc70-41ee-978f-bb5d2d047639","Name":"traffic","Type":1,"EndTime":1759564939234,"Message":"Connection Failed","Priority":0,"Severity":"notice","TenantID":"3d6c4203-7328-4fb2-98fa-f37d385ffbde","ServiceID":"71d3be03-d996-4ec6-a03d-223288e5abc8","Timestamp":1759564939234,"ExternalID":"62825676","SourcePort":6647,"ServiceName":"Fortigate","DeviceAction":"deny","DeviceVendor":"Fortninet","DeviceAddress":"192.168.51.14","DeviceProduct":"Fortigate","SourceAddress":"156.207.178.133","DeviceHostName":"windu","DeviceTimeZone":"+02:00","DestinationPort":445,"DeviceExternalID":"FGT60FTK22032234","DeviceReceiptTime":1759564939234,"TransportProtocol":"6","DestinationAddress":"192.168.1.222","DeviceEventClassID":"local","ApplicationProtocol":"SMB","DeviceCustomString1":"local-in-policy","DeviceEventCategory":"traffic","DeviceInboundInterface":"wan2","DeviceOutboundInterface":"root","DeviceCustomNumber1Label":"duration","DeviceCustomNumber2Label":"policyid","DeviceCustomString1Label":"policytype"}],"SourcePort":6647,"ServiceName":"[OOTB] Correlator","DeviceAction":"deny","DeviceVendor":"Kaspersky","DeviceAddress":"192.168.51.14","DeviceProduct":"KUMA","SourceAddress":"156.207.178.133","BaseEventCount":1,"DeviceHostName":"windu","DeviceTimeZone":"+02:00","DestinationPort":445,"DeviceExternalID":"FGT60FTK22032234","CorrelationRuleID":"e2a20430-e50f-4f70-8970-8c799793a934","DeviceReceiptTime":1759564939234,"TransportProtocol":"6","DestinationAddress":"192.168.1.222","DeviceEventClassID":"local","ApplicationProtocol":"SMB","CorrelationRuleName":"Connection. Inbound connection from external host using SMB, RPC ports","DeviceCustomString1":"local-in-policy","DeviceEventCategory":"traffic","DeviceInboundInterface":"wan2","DeviceOutboundInterface":"root","DeviceCustomNumber2Label":"policyid","DeviceCustomString1Label":"policytype"}],"ExternalID":"R445_03","SourcePort":6647,"ServiceName":"[OOTB] Correlator","DeviceAction":"deny","DeviceVendor":"Kaspersky","DeviceAddress":"192.168.51.14","DeviceProduct":"KUMA","SourceAddress":"156.207.178.133","BaseEventCount":1,"DeviceHostName":"windu","DeviceTimeZone":"+02:00","DestinationPort":445,"DeviceExternalID":"FGT60FTK22032234","CorrelationRuleID":"49182bb8-1dd3-44cd-b561-101a5bd0e58d","DeviceReceiptTime":1759564939234,"TransportProtocol":"6","DestinationAddress":"192.168.1.222","DeviceEventClassID":"local","ApplicationProtocol":"SMB","CorrelationRuleName":"R445_03_Inbound connection from external host via SMB, RPC port","DeviceCustomString1":"local-in-policy","DeviceEventCategory":"traffic","DestinationServiceName":"Microsoft-DS (Directory Services) SMB file sharing","DeviceInboundInterface":"wan2","DeviceOutboundInterface":"root","DeviceCustomNumber2Label":"policyid","DeviceCustomString1Label":"policytype"}],"Rules":[{"Confidence":"medium","Custom":false,"ID":"49182bb8-1dd3-44cd-b561-101a5bd0e58d","Name":"R445_03_Inbound connection from external host via SMB, RPC port","Severity":"medium","Type":""}],"Severity":"low","SourceCreatedAt":"2025-10-10T02:08:45.165Z","SourceID":"d2831f7d-eb0f-4ee1-9619-23f95597a0b8","Status":"new","StatusChangedAt":"2025-10-10T02:08:50.166Z","StatusResolution":"","TenantID":"3d6c4203-7328-4fb2-98fa-f37d385ffbde","UpdatedAt":"2025-10-10T02:08:50.166Z"},{"Assets":null,"Assignee":{"ID":"nobody","Name":"Not assigned","Type":""},"CreatedAt":"2025-10-10T02:12:25.186Z","DetectionTechnologies":null,"ExternalRef":"","Extra":null,"FirstEventTime":"2025-10-10T02:12:16.154Z","HistoryRecords":null,"ID":18942,"IncidentID":"","IncidentLinkType":"","InternalID":"a637e4cc-9073-4077-a937-0800cb59a58e","IsCII":false,"LastEventTime":"2025-10-10T02:12:20.197Z","MITRETactics":null,"MITRETechniques":null,"Name":"R445_03_Inbound connection from external host via SMB, RPC port","Observables":[{"Details":"","Type":"ip","Value":"58.147.185.107"},{"Details":"","Type":"hostname","Value":"windu"}],"OriginalEvents":[{"N":{"KL_CorrelationRulePriority":1},"ID":"a637e4cc-9073-4077-a937-0800cb59a58e","Name":"R445_03_Inbound connection from external host via SMB, RPC port","Type":3,"EndTime":1760062340196,"Message":"The external host 58.147.185.107 remotely connected to the internal node 192.168.1.222 on port 445 which is used in SMB, RPC protocols: Microsoft-DS (Directory Services) SMB file sharing","Priority":1,"Severity":"notice","TenantID":"3d6c4203-7328-4fb2-98fa-f37d385ffbde","GroupedBy":["Message","DeviceAddress","DeviceHostName","SourceAddress","SourceHostName","SourceUserName","DestinationAddress","DestinationHostName","DestinationUserName","ApplicationProtocol","TransportProtocol","BytesIn","BytesOut","DeviceAction","DeviceAssetID","DeviceCity","DeviceCountry","DeviceDirection","DeviceDnsDomain","DeviceEventCategory","DeviceEventClassID","DeviceExternalID","DeviceFacility","DeviceHostName","DeviceInboundInterface","DeviceLatitude","DeviceLongitude","DeviceMacAddress","DeviceNtDomain","DeviceOutboundInterface","DevicePayloadID","DeviceProcessID","DeviceProcessName","DeviceReceiptTime","DeviceRegion","DeviceTimeZone","DeviceTranslatedAddress","DeviceVersion","EventOutcome","Reason","Severity","SourceAccountID","SourceAssetID","SourceCity","SourceCountry","SourceDnsDomain","SourceLatitude","SourceLongitude","SourceMacAddress","SourceNtDomain","SourcePort","SourceProcessID","SourceProcessName","SourceRegion","SourceServiceName","SourceTranslatedAddress","SourceTranslatedPort","SourceUserID","SourceUserPrivileges","DestinationAccountID","DestinationAssetID","DestinationCity","DestinationCountry","DestinationDnsDomain","DestinationLatitude","DestinationLongitude","DestinationMacAddress","DestinationNtDomain","DestinationPort","DestinationProcessID","DestinationProcessName","DestinationRegion","DestinationServiceName","DestinationTranslatedAddress","DestinationTranslatedPort","DestinationUserID","DestinationUserPrivileges","RequestClientApplication","RequestContext","RequestCookies","RequestMethod","RequestUrl","FileCreateTime","FileHash","FileID","FileModificationTime","FileName","FilePath","FilePermission","FileSize","FileType","OldFileCreateTime","OldFileHash","OldFileID","OldFileModificationTime","OldFileName","OldFilePath","OldFilePermission","OldFileSize","OldFileType","DeviceCustomDate1","DeviceCustomDate2","DeviceCustomFloatingPoint1","DeviceCustomFloatingPoint2","DeviceCustomFloatingPoint2Label","DeviceCustomFloatingPoint3","DeviceCustomFloatingPoint3Label","DeviceCustomFloatingPoint4","DeviceCustomFloatingPoint4Label","DeviceCustomIPv6Address1","DeviceCustomIPv6Address1Label","DeviceCustomIPv6Address3","DeviceCustomIPv6Address3Label","DeviceCustomIPv6Address4","DeviceCustomIPv6Address4Label","DeviceCustomNumber2","DeviceCustomNumber2Label","DeviceCustomNumber3","DeviceCustomString1","DeviceCustomNumber3Label","DeviceCustomString1Label","DeviceCustomString2","DeviceCustomString2Label","DeviceCustomString3","DeviceCustomString3Label","DeviceCustomString4","DeviceCustomString4Label","DeviceCustomString5","DeviceCustomString5Label","DeviceCustomString6","DeviceCustomString6Label","FlexDate1","FlexDate1Label","FlexNumber1","FlexNumber1Label","FlexNumber2","FlexNumber2Label","FlexString1","FlexString1Label","FlexString2","timestamp_just_added","timestamp_profiling_finished"],"ServiceID":"7a75f41d-313b-4f68-a99d-6427546cc799","StartTime":1760062340196,"Timestamp":1760062340197,"BaseEvents":[{"N":{"KL_CorrelationRulePriority":1},"ID":"07686deb-12c9-450b-80a0-d120f2fcbb45","Name":"Connection. Inbound connection from external host using SMB, RPC ports","Type":3,"EndTime":1760062336155,"Message":"Connection Failed","Priority":1,"Severity":"notice","TenantID":"3d6c4203-7328-4fb2-98fa-f37d385ffbde","GroupedBy":["Message","DeviceAddress","DeviceHostName","SourceAddress","SourceHostName","SourceUserName","DestinationAddress","DestinationHostName","DestinationUserName","ApplicationProtocol","TransportProtocol","BytesIn","BytesOut","DeviceAction","DeviceAssetID","DeviceCity","DeviceCountry","DeviceDirection","DeviceDnsDomain","DeviceEventCategory","DeviceEventClassID","DeviceExternalID","DeviceFacility","DeviceHostName","DeviceInboundInterface","DeviceLatitude","DeviceLongitude","DeviceMacAddress","DeviceNtDomain","DeviceOutboundInterface","DevicePayloadID","DeviceProcessID","DeviceProcessName","DeviceReceiptTime","DeviceRegion","DeviceTimeZone","DeviceTranslatedAddress","DeviceVersion","EventOutcome","Reason","Severity","SourceAccountID","SourceAssetID","SourceCity","SourceCountry","SourceDnsDomain","SourceLatitude","SourceLongitude","SourceMacAddress","SourceNtDomain","SourcePort","SourceProcessID","SourceProcessName","SourceRegion","SourceServiceName","SourceTranslatedAddress","SourceTranslatedPort","SourceUserID","SourceUserPrivileges","DestinationAccountID","DestinationAssetID","DestinationCity","DestinationCountry","DestinationDnsDomain","DestinationLatitude","DestinationLongitude","DestinationMacAddress","DestinationNtDomain","DestinationPort","DestinationProcessID","DestinationProcessName","DestinationRegion","DestinationServiceName","DestinationTranslatedAddress","DestinationTranslatedPort","DestinationUserID","DestinationUserPrivileges","RequestClientApplication","RequestContext","RequestCookies","RequestMethod","RequestUrl","FileCreateTime","FileHash","FileID","FileModificationTime","FileName","FilePath","FilePermission","FileSize","FileType","OldFileCreateTime","OldFileHash","OldFileID","OldFileModificationTime","OldFileName","OldFilePath","OldFilePermission","OldFileSize","OldFileType","DeviceCustomDate1","DeviceCustomDate2","DeviceCustomFloatingPoint1","DeviceCustomFloatingPoint2","DeviceCustomFloatingPoint2Label","DeviceCustomFloatingPoint3","DeviceCustomFloatingPoint3Label","DeviceCustomFloatingPoint4","DeviceCustomFloatingPoint4Label","DeviceCustomIPv6Address1","DeviceCustomIPv6Address1Label","DeviceCustomIPv6Address3","DeviceCustomIPv6Address3Label","DeviceCustomIPv6Address4","DeviceCustomIPv6Address4Label","DeviceCustomNumber2","DeviceCustomNumber2Label","DeviceCustomNumber3","DeviceCustomString1","DeviceCustomNumber3Label","DeviceCustomString1Label","DeviceCustomString2","DeviceCustomString2Label","DeviceCustomString3","DeviceCustomString3Label","DeviceCustomString4","DeviceCustomString4Label","DeviceCustomString5","DeviceCustomString5Label","DeviceCustomString6","DeviceCustomString6Label","FlexDate1","FlexDate1Label","FlexNumber1","FlexNumber1Label","FlexNumber2","FlexNumber2Label","FlexString1","FlexString1Label","FlexString2"],"ServiceID":"7a75f41d-313b-4f68-a99d-6427546cc799","StartTime":1760062336155,"Timestamp":1760062340196,"BaseEvents":[{"ID":"2ba0e872-7ca5-408b-8d50-e0c9352173b9","Name":"traffic","Type":1,"EndTime":1760047936000,"Message":"Connection Failed","Priority":0,"Severity":"notice","TenantID":"3d6c4203-7328-4fb2-98fa-f37d385ffbde","ServiceID":"71d3be03-d996-4ec6-a03d-223288e5abc8","Timestamp":1760062336155,"ExternalID":"71842967","SourcePort":54680,"ServiceName":"Fortigate","DeviceAction":"deny","DeviceVendor":"Fortninet","DeviceAddress":"192.168.51.14","DeviceProduct":"Fortigate","SourceAddress":"58.147.185.107","DeviceHostName":"windu","DeviceTimeZone":"+02:00","DestinationPort":445,"DeviceExternalID":"FGT60FTK22032234","DeviceReceiptTime":1760062336155,"TransportProtocol":"6","DestinationAddress":"192.168.1.222","DeviceEventClassID":"local","ApplicationProtocol":"SMB","DeviceCustomString1":"local-in-policy","DeviceEventCategory":"traffic","DeviceInboundInterface":"wan2","DeviceOutboundInterface":"root","DeviceCustomNumber1Label":"duration","DeviceCustomNumber2Label":"policyid","DeviceCustomString1Label":"policytype"}],"SourcePort":54680,"ServiceName":"[OOTB] Correlator","DeviceAction":"deny","DeviceVendor":"Kaspersky","DeviceAddress":"192.168.51.14","DeviceProduct":"KUMA","SourceAddress":"58.147.185.107","BaseEventCount":1,"DeviceHostName":"windu","DeviceTimeZone":"+02:00","DestinationPort":445,"DeviceExternalID":"FGT60FTK22032234","CorrelationRuleID":"e2a20430-e50f-4f70-8970-8c799793a934","DeviceReceiptTime":1760062336155,"TransportProtocol":"6","DestinationAddress":"192.168.1.222","DeviceEventClassID":"local","ApplicationProtocol":"SMB","CorrelationRuleName":"Connection. Inbound connection from external host using SMB, RPC ports","DeviceCustomString1":"local-in-policy","DeviceEventCategory":"traffic","DeviceInboundInterface":"wan2","DeviceOutboundInterface":"root","DeviceCustomNumber2Label":"policyid","DeviceCustomString1Label":"policytype"}],"ExternalID":"R445_03","SourcePort":54680,"ServiceName":"[OOTB] Correlator","DeviceAction":"deny","DeviceVendor":"Kaspersky","DeviceAddress":"192.168.51.14","DeviceProduct":"KUMA","SourceAddress":"58.147.185.107","BaseEventCount":1,"DeviceHostName":"windu","DeviceTimeZone":"+02:00","DestinationPort":445,"DeviceExternalID":"FGT60FTK22032234","CorrelationRuleID":"49182bb8-1dd3-44cd-b561-101a5bd0e58d","DeviceReceiptTime":1760062336155,"TransportProtocol":"6","DestinationAddress":"192.168.1.222","DeviceEventClassID":"local","ApplicationProtocol":"SMB","CorrelationRuleName":"R445_03_Inbound connection from external host via SMB, RPC port","DeviceCustomString1":"local-in-policy","DeviceEventCategory":"traffic","DestinationServiceName":"Microsoft-DS (Directory Services) SMB file sharing","DeviceInboundInterface":"wan2","DeviceOutboundInterface":"root","DeviceCustomNumber2Label":"policyid","DeviceCustomString1Label":"policytype"}],"Rules":[{"Confidence":"medium","Custom":false,"ID":"49182bb8-1dd3-44cd-b561-101a5bd0e58d","Name":"R445_03_Inbound connection from external host via SMB, RPC port","Severity":"medium","Type":""}],"Severity":"low","SourceCreatedAt":"2025-10-10T02:12:20.197Z","SourceID":"a637e4cc-9073-4077-a937-0800cb59a58e","Status":"new","StatusChangedAt":"2025-10-10T02:12:25.186Z","StatusResolution":"","TenantID":"3d6c4203-7328-4fb2-98fa-f37d385ffbde","UpdatedAt":"2025-10-10T02:12:25.186Z"},{"Assets":null,"Assignee":{"ID":"nobody","Name":"Not assigned","Type":""},"CreatedAt":"2025-10-10T02:15:30.212Z","DetectionTechnologies":null,"ExternalRef":"","Extra":null,"FirstEventTime":"2025-10-04T08:09:05.948Z","HistoryRecords":null,"ID":18943,"IncidentID":"","IncidentLinkType":"","InternalID":"4a04fb24-301b-4588-a86d-2b277f7aaa07","IsCII":false,"LastEventTime":"2025-10-10T02:15:25.236Z","MITRETactics":null,"MITRETechniques":null,"Name":"R445_03_Inbound connection from external host via SMB, RPC port","Observables":[{"Details":"","Type":"ip","Value":"103.215.205.143"},{"Details":"","Type":"hostname","Value":"windu"}],"OriginalEvents":[{"N":{"KL_CorrelationRulePriority":1},"ID":"4a04fb24-301b-4588-a86d-2b277f7aaa07","Name":"R445_03_Inbound connection from external host via SMB, RPC port","Type":3,"EndTime":1760062525236,"Message":"The external host 103.215.205.143 remotely connected to the internal node 192.168.1.222 on port 445 which is used in SMB, RPC protocols: Microsoft-DS (Directory Services) SMB file sharing","Priority":1,"Severity":"notice","TenantID":"3d6c4203-7328-4fb2-98fa-f37d385ffbde","GroupedBy":["Message","DeviceAddress","DeviceHostName","SourceAddress","SourceHostName","SourceUserName","DestinationAddress","DestinationHostName","DestinationUserName","ApplicationProtocol","TransportProtocol","BytesIn","BytesOut","DeviceAction","DeviceAssetID","DeviceCity","DeviceCountry","DeviceDirection","DeviceDnsDomain","DeviceEventCategory","DeviceEventClassID","DeviceExternalID","DeviceFacility","DeviceHostName","DeviceInboundInterface","DeviceLatitude","DeviceLongitude","DeviceMacAddress","DeviceNtDomain","DeviceOutboundInterface","DevicePayloadID","DeviceProcessID","DeviceProcessName","DeviceReceiptTime","DeviceRegion","DeviceTimeZone","DeviceTranslatedAddress","DeviceVersion","EventOutcome","Reason","Severity","SourceAccountID","SourceAssetID","SourceCity","SourceCountry","SourceDnsDomain","SourceLatitude","SourceLongitude","SourceMacAddress","SourceNtDomain","SourcePort","SourceProcessID","SourceProcessName","SourceRegion","SourceServiceName","SourceTranslatedAddress","SourceTranslatedPort","SourceUserID","SourceUserPrivileges","DestinationAccountID","DestinationAssetID","DestinationCity","DestinationCountry","DestinationDnsDomain","DestinationLatitude","DestinationLongitude","DestinationMacAddress","DestinationNtDomain","DestinationPort","DestinationProcessID","DestinationProcessName","DestinationRegion","DestinationServiceName","DestinationTranslatedAddress","DestinationTranslatedPort","DestinationUserID","DestinationUserPrivileges","RequestClientApplication","RequestContext","RequestCookies","RequestMethod","RequestUrl","FileCreateTime","FileHash","FileID","FileModificationTime","FileName","FilePath","FilePermission","FileSize","FileType","OldFileCreateTime","OldFileHash","OldFileID","OldFileModificationTime","OldFileName","OldFilePath","OldFilePermission","OldFileSize","OldFileType","DeviceCustomDate1","DeviceCustomDate2","DeviceCustomFloatingPoint1","DeviceCustomFloatingPoint2","DeviceCustomFloatingPoint2Label","DeviceCustomFloatingPoint3","DeviceCustomFloatingPoint3Label","DeviceCustomFloatingPoint4","DeviceCustomFloatingPoint4Label","DeviceCustomIPv6Address1","DeviceCustomIPv6Address1Label","DeviceCustomIPv6Address3","DeviceCustomIPv6Address3Label","DeviceCustomIPv6Address4","DeviceCustomIPv6Address4Label","DeviceCustomNumber2","DeviceCustomNumber2Label","DeviceCustomNumber3","DeviceCustomString1","DeviceCustomNumber3Label","DeviceCustomString1Label","DeviceCustomString2","DeviceCustomString2Label","DeviceCustomString3","DeviceCustomString3Label","DeviceCustomString4","DeviceCustomString4Label","DeviceCustomString5","DeviceCustomString5Label","DeviceCustomString6","DeviceCustomString6Label","FlexDate1","FlexDate1Label","FlexNumber1","FlexNumber1Label","FlexNumber2","FlexNumber2Label","FlexString1","FlexString1Label","FlexString2","timestamp_just_added","timestamp_profiling_finished"],"ServiceID":"7a75f41d-313b-4f68-a99d-6427546cc799","StartTime":1760062525236,"Timestamp":1760062525237,"BaseEvents":[{"N":{"KL_CorrelationRulePriority":1},"ID":"275dbe53-dd73-4d25-89c6-4e174adf8ed2","Name":"Connection. Inbound connection from external host using SMB, RPC ports","Type":3,"EndTime":1759565345949,"Message":"Connection Failed","Priority":1,"Severity":"notice","TenantID":"3d6c4203-7328-4fb2-98fa-f37d385ffbde","GroupedBy":["Message","DeviceAddress","DeviceHostName","SourceAddress","SourceHostName","SourceUserName","DestinationAddress","DestinationHostName","DestinationUserName","ApplicationProtocol","TransportProtocol","BytesIn","BytesOut","DeviceAction","DeviceAssetID","DeviceCity","DeviceCountry","DeviceDirection","DeviceDnsDomain","DeviceEventCategory","DeviceEventClassID","DeviceExternalID","DeviceFacility","DeviceHostName","DeviceInboundInterface","DeviceLatitude","DeviceLongitude","DeviceMacAddress","DeviceNtDomain","DeviceOutboundInterface","DevicePayloadID","DeviceProcessID","DeviceProcessName","DeviceReceiptTime","DeviceRegion","DeviceTimeZone","DeviceTranslatedAddress","DeviceVersion","EventOutcome","Reason","Severity","SourceAccountID","SourceAssetID","SourceCity","SourceCountry","SourceDnsDomain","SourceLatitude","SourceLongitude","SourceMacAddress","SourceNtDomain","SourcePort","SourceProcessID","SourceProcessName","SourceRegion","SourceServiceName","SourceTranslatedAddress","SourceTranslatedPort","SourceUserID","SourceUserPrivileges","DestinationAccountID","DestinationAssetID","DestinationCity","DestinationCountry","DestinationDnsDomain","DestinationLatitude","DestinationLongitude","DestinationMacAddress","DestinationNtDomain","DestinationPort","DestinationProcessID","DestinationProcessName","DestinationRegion","DestinationServiceName","DestinationTranslatedAddress","DestinationTranslatedPort","DestinationUserID","DestinationUserPrivileges","RequestClientApplication","RequestContext","RequestCookies","RequestMethod","RequestUrl","FileCreateTime","FileHash","FileID","FileModificationTime","FileName","FilePath","FilePermission","FileSize","FileType","OldFileCreateTime","OldFileHash","OldFileID","OldFileModificationTime","OldFileName","OldFilePath","OldFilePermission","OldFileSize","OldFileType","DeviceCustomDate1","DeviceCustomDate2","DeviceCustomFloatingPoint1","DeviceCustomFloatingPoint2","DeviceCustomFloatingPoint2Label","DeviceCustomFloatingPoint3","DeviceCustomFloatingPoint3Label","DeviceCustomFloatingPoint4","DeviceCustomFloatingPoint4Label","DeviceCustomIPv6Address1","DeviceCustomIPv6Address1Label","DeviceCustomIPv6Address3","DeviceCustomIPv6Address3Label","DeviceCustomIPv6Address4","DeviceCustomIPv6Address4Label","DeviceCustomNumber2","DeviceCustomNumber2Label","DeviceCustomNumber3","DeviceCustomString1","DeviceCustomNumber3Label","DeviceCustomString1Label","DeviceCustomString2","DeviceCustomString2Label","DeviceCustomString3","DeviceCustomString3Label","DeviceCustomString4","DeviceCustomString4Label","DeviceCustomString5","DeviceCustomString5Label","DeviceCustomString6","DeviceCustomString6Label","FlexDate1","FlexDate1Label","FlexNumber1","FlexNumber1Label","FlexNumber2","FlexNumber2Label","FlexString1","FlexString1Label","FlexString2"],"ServiceID":"7a75f41d-313b-4f68-a99d-6427546cc799","StartTime":1759565345949,"Timestamp":1760062525236,"BaseEvents":[{"ID":"13cc8877-4f62-49a0-981d-34fc40a7a301","Name":"traffic","Type":1,"EndTime":1759565345949,"Message":"Connection Failed","Priority":0,"Severity":"notice","TenantID":"3d6c4203-7328-4fb2-98fa-f37d385ffbde","ServiceID":"71d3be03-d996-4ec6-a03d-223288e5abc8","Timestamp":1759565345949,"ExternalID":"62831120","SourcePort":51988,"ServiceName":"Fortigate","DeviceAction":"deny","DeviceVendor":"Fortninet","DeviceAddress":"192.168.51.14","DeviceProduct":"Fortigate","SourceAddress":"103.215.205.143","DeviceHostName":"windu","DeviceTimeZone":"+02:00","DestinationPort":445,"DeviceExternalID":"FGT60FTK22032234","DeviceReceiptTime":1759565345949,"TransportProtocol":"6","DestinationAddress":"192.168.1.222","DeviceEventClassID":"local","ApplicationProtocol":"SMB","DeviceCustomString1":"local-in-policy","DeviceEventCategory":"traffic","DeviceInboundInterface":"wan2","DeviceOutboundInterface":"root","DeviceCustomNumber1Label":"duration","DeviceCustomNumber2Label":"policyid","DeviceCustomString1Label":"policytype"}],"SourcePort":51988,"ServiceName":"[OOTB] Correlator","DeviceAction":"deny","DeviceVendor":"Kaspersky","DeviceAddress":"192.168.51.14","DeviceProduct":"KUMA","SourceAddress":"103.215.205.143","BaseEventCount":1,"DeviceHostName":"windu","DeviceTimeZone":"+02:00","DestinationPort":445,"DeviceExternalID":"FGT60FTK22032234","CorrelationRuleID":"e2a20430-e50f-4f70-8970-8c799793a934","DeviceReceiptTime":1759565345949,"TransportProtocol":"6","DestinationAddress":"192.168.1.222","DeviceEventClassID":"local","ApplicationProtocol":"SMB","CorrelationRuleName":"Connection. Inbound connection from external host using SMB, RPC ports","DeviceCustomString1":"local-in-policy","DeviceEventCategory":"traffic","DeviceInboundInterface":"wan2","DeviceOutboundInterface":"root","DeviceCustomNumber2Label":"policyid","DeviceCustomString1Label":"policytype"}],"ExternalID":"R445_03","SourcePort":51988,"ServiceName":"[OOTB] Correlator","DeviceAction":"deny","DeviceVendor":"Kaspersky","DeviceAddress":"192.168.51.14","DeviceProduct":"KUMA","SourceAddress":"103.215.205.143","BaseEventCount":1,"DeviceHostName":"windu","DeviceTimeZone":"+02:00","DestinationPort":445,"DeviceExternalID":"FGT60FTK22032234","CorrelationRuleID":"49182bb8-1dd3-44cd-b561-101a5bd0e58d","DeviceReceiptTime":1759565345949,"TransportProtocol":"6","DestinationAddress":"192.168.1.222","DeviceEventClassID":"local","ApplicationProtocol":"SMB","CorrelationRuleName":"R445_03_Inbound connection from external host via SMB, RPC port","DeviceCustomString1":"local-in-policy","DeviceEventCategory":"traffic","DestinationServiceName":"Microsoft-DS (Directory Services) SMB file sharing","DeviceInboundInterface":"wan2","DeviceOutboundInterface":"root","DeviceCustomNumber2Label":"policyid","DeviceCustomString1Label":"policytype"}],"Rules":[{"Confidence":"medium","Custom":false,"ID":"49182bb8-1dd3-44cd-b561-101a5bd0e58d","Name":"R445_03_Inbound connection from external host via SMB, RPC port","Severity":"medium","Type":""}],"Severity":"low","SourceCreatedAt":"2025-10-10T02:15:25.236Z","SourceID":"4a04fb24-301b-4588-a86d-2b277f7aaa07","Status":"new","StatusChangedAt":"2025-10-10T02:15:30.212Z","StatusResolution":"","TenantID":"3d6c4203-7328-4fb2-98fa-f37d385ffbde","UpdatedAt":"2025-10-10T02:15:30.212Z"},{"Assets":null,"Assignee":{"ID":"nobody","Name":"Not assigned","Type":""},"CreatedAt":"2025-10-10T02:16:25.22Z","DetectionTechnologies":null,"ExternalRef":"","Extra":null,"FirstEventTime":"2025-10-04T08:10:02.709Z","HistoryRecords":null,"ID":18944,"IncidentID":"","IncidentLinkType":"","InternalID":"34b8fc1c-f857-4f80-857d-b3ca1cebe2f8","IsCII":false,"LastEventTime":"2025-10-10T02:16:40.259Z","MITRETactics":null,"MITRETechniques":null,"Name":"R445_03_Inbound connection from external host via SMB, RPC port","Observables":[{"Details":"","Type":"ip","Value":"205.250.39.230"},{"Details":"","Type":"hostname","Value":"windu"},{"Details":"","Type":"ip","Value":"2.63.137.229"}],"OriginalEvents":[{"N":{"KL_CorrelationRulePriority":1},"ID":"34b8fc1c-f857-4f80-857d-b3ca1cebe2f8","Name":"R445_03_Inbound connection from external host via SMB, RPC port","Type":3,"EndTime":1760062580256,"Message":"The external host 205.250.39.230 remotely connected to the internal node 192.168.1.222 on port 445 which is used in SMB, RPC protocols: Microsoft-DS (Directory Services) SMB file sharing","Priority":1,"Severity":"notice","TenantID":"3d6c4203-7328-4fb2-98fa-f37d385ffbde","GroupedBy":["Message","DeviceAddress","DeviceHostName","SourceAddress","SourceHostName","SourceUserName","DestinationAddress","DestinationHostName","DestinationUserName","ApplicationProtocol","TransportProtocol","BytesIn","BytesOut","DeviceAction","DeviceAssetID","DeviceCity","DeviceCountry","DeviceDirection","DeviceDnsDomain","DeviceEventCategory","DeviceEventClassID","DeviceExternalID","DeviceFacility","DeviceHostName","DeviceInboundInterface","DeviceLatitude","DeviceLongitude","DeviceMacAddress","DeviceNtDomain","DeviceOutboundInterface","DevicePayloadID","DeviceProcessID","DeviceProcessName","DeviceReceiptTime","DeviceRegion","DeviceTimeZone","DeviceTranslatedAddress","DeviceVersion","EventOutcome","Reason","Severity","SourceAccountID","SourceAssetID","SourceCity","SourceCountry","SourceDnsDomain","SourceLatitude","SourceLongitude","SourceMacAddress","SourceNtDomain","SourcePort","SourceProcessID","SourceProcessName","SourceRegion","SourceServiceName","SourceTranslatedAddress","SourceTranslatedPort","SourceUserID","SourceUserPrivileges","DestinationAccountID","DestinationAssetID","DestinationCity","DestinationCountry","DestinationDnsDomain","DestinationLatitude","DestinationLongitude","DestinationMacAddress","DestinationNtDomain","DestinationPort","DestinationProcessID","DestinationProcessName","DestinationRegion","DestinationServiceName","DestinationTranslatedAddress","DestinationTranslatedPort","DestinationUserID","DestinationUserPrivileges","RequestClientApplication","RequestContext","RequestCookies","RequestMethod","RequestUrl","FileCreateTime","FileHash","FileID","FileModificationTime","FileName","FilePath","FilePermission","FileSize","FileType","OldFileCreateTime","OldFileHash","OldFileID","OldFileModificationTime","OldFileName","OldFilePath","OldFilePermission","OldFileSize","OldFileType","DeviceCustomDate1","DeviceCustomDate2","DeviceCustomFloatingPoint1","DeviceCustomFloatingPoint2","DeviceCustomFloatingPoint2Label","DeviceCustomFloatingPoint3","DeviceCustomFloatingPoint3Label","DeviceCustomFloatingPoint4","DeviceCustomFloatingPoint4Label","DeviceCustomIPv6Address1","DeviceCustomIPv6Address1Label","DeviceCustomIPv6Address3","DeviceCustomIPv6Address3Label","DeviceCustomIPv6Address4","DeviceCustomIPv6Address4Label","DeviceCustomNumber2","DeviceCustomNumber2Label","DeviceCustomNumber3","DeviceCustomString1","DeviceCustomNumber3Label","DeviceCustomString1Label","DeviceCustomString2","DeviceCustomString2Label","DeviceCustomString3","DeviceCustomString3Label","DeviceCustomString4","DeviceCustomString4Label","DeviceCustomString5","DeviceCustomString5Label","DeviceCustomString6","DeviceCustomString6Label","FlexDate1","FlexDate1Label","FlexNumber1","FlexNumber1Label","FlexNumber2","FlexNumber2Label","FlexString1","FlexString1Label","FlexString2","timestamp_just_added","timestamp_profiling_finished"],"ServiceID":"7a75f41d-313b-4f68-a99d-6427546cc799","StartTime":1760062580256,"Timestamp":1760062580257,"BaseEvents":[{"N":{"KL_CorrelationRulePriority":1},"ID":"7131ba94-685f-4de8-95c1-9a02fd2affe1","Name":"Connection. Inbound connection from external host using SMB, RPC ports","Type":3,"EndTime":1759565402709,"Message":"Connection Failed","Priority":1,"Severity":"notice","TenantID":"3d6c4203-7328-4fb2-98fa-f37d385ffbde","GroupedBy":["Message","DeviceAddress","DeviceHostName","SourceAddress","SourceHostName","SourceUserName","DestinationAddress","DestinationHostName","DestinationUserName","ApplicationProtocol","TransportProtocol","BytesIn","BytesOut","DeviceAction","DeviceAssetID","DeviceCity","DeviceCountry","DeviceDirection","DeviceDnsDomain","DeviceEventCategory","DeviceEventClassID","DeviceExternalID","DeviceFacility","DeviceHostName","DeviceInboundInterface","DeviceLatitude","DeviceLongitude","DeviceMacAddress","DeviceNtDomain","DeviceOutboundInterface","DevicePayloadID","DeviceProcessID","DeviceProcessName","DeviceReceiptTime","DeviceRegion","DeviceTimeZone","DeviceTranslatedAddress","DeviceVersion","EventOutcome","Reason","Severity","SourceAccountID","SourceAssetID","SourceCity","SourceCountry","SourceDnsDomain","SourceLatitude","SourceLongitude","SourceMacAddress","SourceNtDomain","SourcePort","SourceProcessID","SourceProcessName","SourceRegion","SourceServiceName","SourceTranslatedAddress","SourceTranslatedPort","SourceUserID","SourceUserPrivileges","DestinationAccountID","DestinationAssetID","DestinationCity","DestinationCountry","DestinationDnsDomain","DestinationLatitude","DestinationLongitude","DestinationMacAddress","DestinationNtDomain","DestinationPort","DestinationProcessID","DestinationProcessName","DestinationRegion","DestinationServiceName","DestinationTranslatedAddress","DestinationTranslatedPort","DestinationUserID","DestinationUserPrivileges","RequestClientApplication","RequestContext","RequestCookies","RequestMethod","RequestUrl","FileCreateTime","FileHash","FileID","FileModificationTime","FileName","FilePath","FilePermission","FileSize","FileType","OldFileCreateTime","OldFileHash","OldFileID","OldFileModificationTime","OldFileName","OldFilePath","OldFilePermission","OldFileSize","OldFileType","DeviceCustomDate1","DeviceCustomDate2","DeviceCustomFloatingPoint1","DeviceCustomFloatingPoint2","DeviceCustomFloatingPoint2Label","DeviceCustomFloatingPoint3","DeviceCustomFloatingPoint3Label","DeviceCustomFloatingPoint4","DeviceCustomFloatingPoint4Label","DeviceCustomIPv6Address1","DeviceCustomIPv6Address1Label","DeviceCustomIPv6Address3","DeviceCustomIPv6Address3Label","DeviceCustomIPv6Address4","DeviceCustomIPv6Address4Label","DeviceCustomNumber2","DeviceCustomNumber2Label","DeviceCustomNumber3","DeviceCustomString1","DeviceCustomNumber3Label","DeviceCustomString1Label","DeviceCustomString2","DeviceCustomString2Label","DeviceCustomString3","DeviceCustomString3Label","DeviceCustomString4","DeviceCustomString4Label","DeviceCustomString5","DeviceCustomString5Label","DeviceCustomString6","DeviceCustomString6Label","FlexDate1","FlexDate1Label","FlexNumber1","FlexNumber1Label","FlexNumber2","FlexNumber2Label","FlexString1","FlexString1Label","FlexString2"],"ServiceID":"7a75f41d-313b-4f68-a99d-6427546cc799","StartTime":1759565402709,"Timestamp":1760062580256,"BaseEvents":[{"ID":"96cb14c5-6e7d-4c22-92e5-b653196d234e","Name":"traffic","Type":1,"EndTime":1759565402709,"Message":"Connection Failed","Priority":0,"Severity":"notice","TenantID":"3d6c4203-7328-4fb2-98fa-f37d385ffbde","ServiceID":"71d3be03-d996-4ec6-a03d-223288e5abc8","Timestamp":1759565402709,"ExternalID":"62831910","SourcePort":55387,"ServiceName":"Fortigate","DeviceAction":"deny","DeviceVendor":"Fortninet","DeviceAddress":"192.168.51.14","DeviceProduct":"Fortigate","SourceAddress":"205.250.39.230","DeviceHostName":"windu","DeviceTimeZone":"+02:00","DestinationPort":445,"DeviceExternalID":"FGT60FTK22032234","DeviceReceiptTime":1759565402709,"TransportProtocol":"6","DestinationAddress":"192.168.1.222","DeviceEventClassID":"local","ApplicationProtocol":"SMB","DeviceCustomString1":"local-in-policy","DeviceEventCategory":"traffic","DeviceInboundInterface":"wan2","DeviceOutboundInterface":"root","DeviceCustomNumber1Label":"duration","DeviceCustomNumber2Label":"policyid","DeviceCustomString1Label":"policytype"}],"SourcePort":55387,"ServiceName":"[OOTB] Correlator","DeviceAction":"deny","DeviceVendor":"Kaspersky","DeviceAddress":"192.168.51.14","DeviceProduct":"KUMA","SourceAddress":"205.250.39.230","BaseEventCount":1,"DeviceHostName":"windu","DeviceTimeZone":"+02:00","DestinationPort":445,"DeviceExternalID":"FGT60FTK22032234","CorrelationRuleID":"e2a20430-e50f-4f70-8970-8c799793a934","DeviceReceiptTime":1759565402709,"TransportProtocol":"6","DestinationAddress":"192.168.1.222","DeviceEventClassID":"local","ApplicationProtocol":"SMB","CorrelationRuleName":"Connection. Inbound connection from external host using SMB, RPC ports","DeviceCustomString1":"local-in-policy","DeviceEventCategory":"traffic","DeviceInboundInterface":"wan2","DeviceOutboundInterface":"root","DeviceCustomNumber2Label":"policyid","DeviceCustomString1Label":"policytype"}],"ExternalID":"R445_03","SourcePort":55387,"ServiceName":"[OOTB] Correlator","DeviceAction":"deny","DeviceVendor":"Kaspersky","DeviceAddress":"192.168.51.14","DeviceProduct":"KUMA","SourceAddress":"205.250.39.230","BaseEventCount":1,"DeviceHostName":"windu","DeviceTimeZone":"+02:00","DestinationPort":445,"DeviceExternalID":"FGT60FTK22032234","CorrelationRuleID":"49182bb8-1dd3-44cd-b561-101a5bd0e58d","DeviceReceiptTime":1759565402709,"TransportProtocol":"6","DestinationAddress":"192.168.1.222","DeviceEventClassID":"local","ApplicationProtocol":"SMB","CorrelationRuleName":"R445_03_Inbound connection from external host via SMB, RPC port","DeviceCustomString1":"local-in-policy","DeviceEventCategory":"traffic","DestinationServiceName":"Microsoft-DS (Directory Services) SMB file sharing","DeviceInboundInterface":"wan2","DeviceOutboundInterface":"root","DeviceCustomNumber2Label":"policyid","DeviceCustomString1Label":"policytype"},{"N":{"KL_CorrelationRulePriority":1},"ID":"32178bc2-16bf-4ef5-8c10-e62766073f7b","Name":"R445_03_Inbound connection from external host via SMB, RPC port","Type":3,"EndTime":1760062600259,"Message":"The external host 2.63.137.229 remotely connected to the internal node 192.168.1.222 on port 445 which is used in SMB, RPC protocols: Microsoft-DS (Directory Services) SMB file sharing","Priority":1,"Severity":"notice","TenantID":"3d6c4203-7328-4fb2-98fa-f37d385ffbde","GroupedBy":["Message","DeviceAddress","DeviceHostName","SourceAddress","SourceHostName","SourceUserName","DestinationAddress","DestinationHostName","DestinationUserName","ApplicationProtocol","TransportProtocol","BytesIn","BytesOut","DeviceAction","DeviceAssetID","DeviceCity","DeviceCountry","DeviceDirection","DeviceDnsDomain","DeviceEventCategory","DeviceEventClassID","DeviceExternalID","DeviceFacility","DeviceHostName","DeviceInboundInterface","DeviceLatitude","DeviceLongitude","DeviceMacAddress","DeviceNtDomain","DeviceOutboundInterface","DevicePayloadID","DeviceProcessID","DeviceProcessName","DeviceReceiptTime","DeviceRegion","DeviceTimeZone","DeviceTranslatedAddress","DeviceVersion","EventOutcome","Reason","Severity","SourceAccountID","SourceAssetID","SourceCity","SourceCountry","SourceDnsDomain","SourceLatitude","SourceLongitude","SourceMacAddress","SourceNtDomain","SourcePort","SourceProcessID","SourceProcessName","SourceRegion","SourceServiceName","SourceTranslatedAddress","SourceTranslatedPort","SourceUserID","SourceUserPrivileges","DestinationAccountID","DestinationAssetID","DestinationCity","DestinationCountry","DestinationDnsDomain","DestinationLatitude","DestinationLongitude","DestinationMacAddress","DestinationNtDomain","DestinationPort","DestinationProcessID","DestinationProcessName","DestinationRegion","DestinationServiceName","DestinationTranslatedAddress","DestinationTranslatedPort","DestinationUserID","DestinationUserPrivileges","RequestClientApplication","RequestContext","RequestCookies","RequestMethod","RequestUrl","FileCreateTime","FileHash","FileID","FileModificationTime","FileName","FilePath","FilePermission","FileSize","FileType","OldFileCreateTime","OldFileHash","OldFileID","OldFileModificationTime","OldFileName","OldFilePath","OldFilePermission","OldFileSize","OldFileType","DeviceCustomDate1","DeviceCustomDate2","DeviceCustomFloatingPoint1","DeviceCustomFloatingPoint2","DeviceCustomFloatingPoint2Label","DeviceCustomFloatingPoint3","DeviceCustomFloatingPoint3Label","DeviceCustomFloatingPoint4","DeviceCustomFloatingPoint4Label","DeviceCustomIPv6Address1","DeviceCustomIPv6Address1Label","DeviceCustomIPv6Address3","DeviceCustomIPv6Address3Label","DeviceCustomIPv6Address4","DeviceCustomIPv6Address4Label","DeviceCustomNumber2","DeviceCustomNumber2Label","DeviceCustomNumber3","DeviceCustomString1","DeviceCustomNumber3Label","DeviceCustomString1Label","DeviceCustomString2","DeviceCustomString2Label","DeviceCustomString3","DeviceCustomString3Label","DeviceCustomString4","DeviceCustomString4Label","DeviceCustomString5","DeviceCustomString5Label","DeviceCustomString6","DeviceCustomString6Label","FlexDate1","FlexDate1Label","FlexNumber1","FlexNumber1Label","FlexNumber2","FlexNumber2Label","FlexString1","FlexString1Label","FlexString2","timestamp_just_added","timestamp_profiling_finished"],"ServiceID":"7a75f41d-313b-4f68-a99d-6427546cc799","StartTime":1760062600259,"Timestamp":1760062600260,"BaseEvents":[{"N":{"KL_CorrelationRulePriority":1},"ID":"e32122e3-2ef8-4e76-bf03-a30496713497","Name":"Connection. Inbound connection from external host using SMB, RPC ports","Type":3,"EndTime":1760062597053,"Message":"Connection Failed","Priority":1,"Severity":"notice","TenantID":"3d6c4203-7328-4fb2-98fa-f37d385ffbde","GroupedBy":["Message","DeviceAddress","DeviceHostName","SourceAddress","SourceHostName","SourceUserName","DestinationAddress","DestinationHostName","DestinationUserName","ApplicationProtocol","TransportProtocol","BytesIn","BytesOut","DeviceAction","DeviceAssetID","DeviceCity","DeviceCountry","DeviceDirection","DeviceDnsDomain","DeviceEventCategory","DeviceEventClassID","DeviceExternalID","DeviceFacility","DeviceHostName","DeviceInboundInterface","DeviceLatitude","DeviceLongitude","DeviceMacAddress","DeviceNtDomain","DeviceOutboundInterface","DevicePayloadID","DeviceProcessID","DeviceProcessName","DeviceReceiptTime","DeviceRegion","DeviceTimeZone","DeviceTranslatedAddress","DeviceVersion","EventOutcome","Reason","Severity","SourceAccountID","SourceAssetID","SourceCity","SourceCountry","SourceDnsDomain","SourceLatitude","SourceLongitude","SourceMacAddress","SourceNtDomain","SourcePort","SourceProcessID","SourceProcessName","SourceRegion","SourceServiceName","SourceTranslatedAddress","SourceTranslatedPort","SourceUserID","SourceUserPrivileges","DestinationAccountID","DestinationAssetID","DestinationCity","DestinationCountry","DestinationDnsDomain","DestinationLatitude","DestinationLongitude","DestinationMacAddress","DestinationNtDomain","DestinationPort","DestinationProcessID","DestinationProcessName","DestinationRegion","DestinationServiceName","DestinationTranslatedAddress","DestinationTranslatedPort","DestinationUserID","DestinationUserPrivileges","RequestClientApplication","RequestContext","RequestCookies","RequestMethod","RequestUrl","FileCreateTime","FileHash","FileID","FileModificationTime","FileName","FilePath","FilePermission","FileSize","FileType","OldFileCreateTime","OldFileHash","OldFileID","OldFileModificationTime","OldFileName","OldFilePath","OldFilePermission","OldFileSize","OldFileType","DeviceCustomDate1","DeviceCustomDate2","DeviceCustomFloatingPoint1","DeviceCustomFloatingPoint2","DeviceCustomFloatingPoint2Label","DeviceCustomFloatingPoint3","DeviceCustomFloatingPoint3Label","DeviceCustomFloatingPoint4","DeviceCustomFloatingPoint4Label","DeviceCustomIPv6Address1","DeviceCustomIPv6Address1Label","DeviceCustomIPv6Address3","DeviceCustomIPv6Address3Label","DeviceCustomIPv6Address4","DeviceCustomIPv6Address4Label","DeviceCustomNumber2","DeviceCustomNumber2Label","DeviceCustomNumber3","DeviceCustomString1","DeviceCustomNumber3Label","DeviceCustomString1Label","DeviceCustomString2","DeviceCustomString2Label","DeviceCustomString3","DeviceCustomString3Label","DeviceCustomString4","DeviceCustomString4Label","DeviceCustomString5","DeviceCustomString5Label","DeviceCustomString6","DeviceCustomString6Label","FlexDate1","FlexDate1Label","FlexNumber1","FlexNumber1Label","FlexNumber2","FlexNumber2Label","FlexString1","FlexString1Label","FlexString2"],"ServiceID":"7a75f41d-313b-4f68-a99d-6427546cc799","StartTime":1760062597053,"Timestamp":1760062600259,"BaseEvents":[{"ID":"4917572a-931e-42f0-8358-09016ea2fb22","Name":"traffic","Type":1,"EndTime":1760048196000,"Message":"Connection Failed","Priority":0,"Severity":"notice","TenantID":"3d6c4203-7328-4fb2-98fa-f37d385ffbde","ServiceID":"71d3be03-d996-4ec6-a03d-223288e5abc8","Timestamp":1760062597053,"ExternalID":"71848109","SourcePort":4589,"ServiceName":"Fortigate","DeviceAction":"deny","DeviceVendor":"Fortninet","DeviceAddress":"192.168.51.14","DeviceProduct":"Fortigate","SourceAddress":"2.63.137.229","DeviceHostName":"windu","DeviceTimeZone":"+02:00","DestinationPort":445,"DeviceExternalID":"FGT60FTK22032234","DeviceReceiptTime":1760062597053,"TransportProtocol":"6","DestinationAddress":"192.168.1.222","DeviceEventClassID":"local","ApplicationProtocol":"SMB","DeviceCustomString1":"local-in-policy","DeviceEventCategory":"traffic","DeviceInboundInterface":"wan2","DeviceOutboundInterface":"root","DeviceCustomNumber1Label":"duration","DeviceCustomNumber2Label":"policyid","DeviceCustomString1Label":"policytype"}],"SourcePort":4589,"ServiceName":"[OOTB] Correlator","DeviceAction":"deny","DeviceVendor":"Kaspersky","DeviceAddress":"192.168.51.14","DeviceProduct":"KUMA","SourceAddress":"2.63.137.229","BaseEventCount":1,"DeviceHostName":"windu","DeviceTimeZone":"+02:00","DestinationPort":445,"DeviceExternalID":"FGT60FTK22032234","CorrelationRuleID":"e2a20430-e50f-4f70-8970-8c799793a934","DeviceReceiptTime":1760062597053,"TransportProtocol":"6","DestinationAddress":"192.168.1.222","DeviceEventClassID":"local","ApplicationProtocol":"SMB","CorrelationRuleName":"Connection. Inbound connection from external host using SMB, RPC ports","DeviceCustomString1":"local-in-policy","DeviceEventCategory":"traffic","DeviceInboundInterface":"wan2","DeviceOutboundInterface":"root","DeviceCustomNumber2Label":"policyid","DeviceCustomString1Label":"policytype"}],"ExternalID":"R445_03","SourcePort":4589,"ServiceName":"[OOTB] Correlator","DeviceAction":"deny","DeviceVendor":"Kaspersky","DeviceAddress":"192.168.51.14","DeviceProduct":"KUMA","SourceAddress":"2.63.137.229","BaseEventCount":1,"DeviceHostName":"windu","DeviceTimeZone":"+02:00","DestinationPort":445,"DeviceExternalID":"FGT60FTK22032234","CorrelationRuleID":"49182bb8-1dd3-44cd-b561-101a5bd0e58d","DeviceReceiptTime":1760062597053,"TransportProtocol":"6","DestinationAddress":"192.168.1.222","DeviceEventClassID":"local","ApplicationProtocol":"SMB","CorrelationRuleName":"R445_03_Inbound connection from external host via SMB, RPC port","DeviceCustomString1":"local-in-policy","DeviceEventCategory":"traffic","DestinationServiceName":"Microsoft-DS (Directory Services) SMB file sharing","DeviceInboundInterface":"wan2","DeviceOutboundInterface":"root","DeviceCustomNumber2Label":"policyid","DeviceCustomString1Label":"policytype"}],"Rules":[{"Confidence":"medium","Custom":false,"ID":"49182bb8-1dd3-44cd-b561-101a5bd0e58d","Name":"R445_03_Inbound connection from external host via SMB, RPC port","Severity":"medium","Type":""}],"Severity":"low","SourceCreatedAt":"2025-10-10T02:16:20.256Z","SourceID":"32178bc2-16bf-4ef5-8c10-e62766073f7b;34b8fc1c-f857-4f80-857d-b3ca1cebe2f8","Status":"new","StatusChangedAt":"2025-10-10T02:16:25.22Z","StatusResolution":"","TenantID":"3d6c4203-7328-4fb2-98fa-f37d385ffbde","UpdatedAt":"2025-10-10T02:16:25.22Z"},{"Assets":null,"Assignee":{"ID":"nobody","Name":"Not assigned","Type":""},"CreatedAt":"2025-10-10T02:20:25.25Z","DetectionTechnologies":null,"ExternalRef":"","Extra":null,"FirstEventTime":"2025-10-10T02:20:19.391Z","HistoryRecords":null,"ID":18945,"IncidentID":"","IncidentLinkType":"","InternalID":"400004fb-1610-4709-becd-113d1dd72282","IsCII":false,"LastEventTime":"2025-10-10T02:20:20.315Z","MITRETactics":null,"MITRETechniques":null,"Name":"R445_03_Inbound connection from external host via SMB, RPC port","Observables":[{"Details":"","Type":"ip","Value":"122.154.149.215"},{"Details":"","Type":"hostname","Value":"windu"},{"Details":"","Type":"ip","Value":"183.182.102.183"}],"OriginalEvents":[{"N":{"KL_CorrelationRulePriority":1},"ID":"400004fb-1610-4709-becd-113d1dd72282","Name":"R445_03_Inbound connection from external host via SMB, RPC port","Type":3,"EndTime":1760062820313,"Message":"The external host 122.154.149.215 remotely connected to the internal node 192.168.1.222 on port 445 which is used in SMB, RPC protocols: Microsoft-DS (Directory Services) SMB file sharing","Priority":1,"Severity":"notice","TenantID":"3d6c4203-7328-4fb2-98fa-f37d385ffbde","GroupedBy":["Message","DeviceAddress","DeviceHostName","SourceAddress","SourceHostName","SourceUserName","DestinationAddress","DestinationHostName","DestinationUserName","ApplicationProtocol","TransportProtocol","BytesIn","BytesOut","DeviceAction","DeviceAssetID","DeviceCity","DeviceCountry","DeviceDirection","DeviceDnsDomain","DeviceEventCategory","DeviceEventClassID","DeviceExternalID","DeviceFacility","DeviceHostName","DeviceInboundInterface","DeviceLatitude","DeviceLongitude","DeviceMacAddress","DeviceNtDomain","DeviceOutboundInterface","DevicePayloadID","DeviceProcessID","DeviceProcessName","DeviceReceiptTime","DeviceRegion","DeviceTimeZone","DeviceTranslatedAddress","DeviceVersion","EventOutcome","Reason","Severity","SourceAccountID","SourceAssetID","SourceCity","SourceCountry","SourceDnsDomain","SourceLatitude","SourceLongitude","SourceMacAddress","SourceNtDomain","SourcePort","SourceProcessID","SourceProcessName","SourceRegion","SourceServiceName","SourceTranslatedAddress","SourceTranslatedPort","SourceUserID","SourceUserPrivileges","DestinationAccountID","DestinationAssetID","DestinationCity","DestinationCountry","DestinationDnsDomain","DestinationLatitude","DestinationLongitude","DestinationMacAddress","DestinationNtDomain","DestinationPort","DestinationProcessID","DestinationProcessName","DestinationRegion","DestinationServiceName","DestinationTranslatedAddress","DestinationTranslatedPort","DestinationUserID","DestinationUserPrivileges","RequestClientApplication","RequestContext","RequestCookies","RequestMethod","RequestUrl","FileCreateTime","FileHash","FileID","FileModificationTime","FileName","FilePath","FilePermission","FileSize","FileType","OldFileCreateTime","OldFileHash","OldFileID","OldFileModificationTime","OldFileName","OldFilePath","OldFilePermission","OldFileSize","OldFileType","DeviceCustomDate1","DeviceCustomDate2","DeviceCustomFloatingPoint1","DeviceCustomFloatingPoint2","DeviceCustomFloatingPoint2Label","DeviceCustomFloatingPoint3","DeviceCustomFloatingPoint3Label","DeviceCustomFloatingPoint4","DeviceCustomFloatingPoint4Label","DeviceCustomIPv6Address1","DeviceCustomIPv6Address1Label","DeviceCustomIPv6Address3","DeviceCustomIPv6Address3Label","DeviceCustomIPv6Address4","DeviceCustomIPv6Address4Label","DeviceCustomNumber2","DeviceCustomNumber2Label","DeviceCustomNumber3","DeviceCustomString1","DeviceCustomNumber3Label","DeviceCustomString1Label","DeviceCustomString2","DeviceCustomString2Label","DeviceCustomString3","DeviceCustomString3Label","DeviceCustomString4","DeviceCustomString4Label","DeviceCustomString5","DeviceCustomString5Label","DeviceCustomString6","DeviceCustomString6Label","FlexDate1","FlexDate1Label","FlexNumber1","FlexNumber1Label","FlexNumber2","FlexNumber2Label","FlexString1","FlexString1Label","FlexString2","timestamp_just_added","timestamp_profiling_finished"],"ServiceID":"7a75f41d-313b-4f68-a99d-6427546cc799","StartTime":1760062820313,"Timestamp":1760062820313,"BaseEvents":[{"N":{"KL_CorrelationRulePriority":1},"ID":"b2884d9a-0513-4d3f-aa01-6b6449a23b71","Name":"Connection. Inbound connection from external host using SMB, RPC ports","Type":3,"EndTime":1760062819391,"Message":"Connection Failed","Priority":1,"Severity":"notice","TenantID":"3d6c4203-7328-4fb2-98fa-f37d385ffbde","GroupedBy":["Message","DeviceAddress","DeviceHostName","SourceAddress","SourceHostName","SourceUserName","DestinationAddress","DestinationHostName","DestinationUserName","ApplicationProtocol","TransportProtocol","BytesIn","BytesOut","DeviceAction","DeviceAssetID","DeviceCity","DeviceCountry","DeviceDirection","DeviceDnsDomain","DeviceEventCategory","DeviceEventClassID","DeviceExternalID","DeviceFacility","DeviceHostName","DeviceInboundInterface","DeviceLatitude","DeviceLongitude","DeviceMacAddress","DeviceNtDomain","DeviceOutboundInterface","DevicePayloadID","DeviceProcessID","DeviceProcessName","DeviceReceiptTime","DeviceRegion","DeviceTimeZone","DeviceTranslatedAddress","DeviceVersion","EventOutcome","Reason","Severity","SourceAccountID","SourceAssetID","SourceCity","SourceCountry","SourceDnsDomain","SourceLatitude","SourceLongitude","SourceMacAddress","SourceNtDomain","SourcePort","SourceProcessID","SourceProcessName","SourceRegion","SourceServiceName","SourceTranslatedAddress","SourceTranslatedPort","SourceUserID","SourceUserPrivileges","DestinationAccountID","DestinationAssetID","DestinationCity","DestinationCountry","DestinationDnsDomain","DestinationLatitude","DestinationLongitude","DestinationMacAddress","DestinationNtDomain","DestinationPort","DestinationProcessID","DestinationProcessName","DestinationRegion","DestinationServiceName","DestinationTranslatedAddress","DestinationTranslatedPort","DestinationUserID","DestinationUserPrivileges","RequestClientApplication","RequestContext","RequestCookies","RequestMethod","RequestUrl","FileCreateTime","FileHash","FileID","FileModificationTime","FileName","FilePath","FilePermission","FileSize","FileType","OldFileCreateTime","OldFileHash","OldFileID","OldFileModificationTime","OldFileName","OldFilePath","OldFilePermission","OldFileSize","OldFileType","DeviceCustomDate1","DeviceCustomDate2","DeviceCustomFloatingPoint1","DeviceCustomFloatingPoint2","DeviceCustomFloatingPoint2Label","DeviceCustomFloatingPoint3","DeviceCustomFloatingPoint3Label","DeviceCustomFloatingPoint4","DeviceCustomFloatingPoint4Label","DeviceCustomIPv6Address1","DeviceCustomIPv6Address1Label","DeviceCustomIPv6Address3","DeviceCustomIPv6Address3Label","DeviceCustomIPv6Address4","DeviceCustomIPv6Address4Label","DeviceCustomNumber2","DeviceCustomNumber2Label","DeviceCustomNumber3","DeviceCustomString1","DeviceCustomNumber3Label","DeviceCustomString1Label","DeviceCustomString2","DeviceCustomString2Label","DeviceCustomString3","DeviceCustomString3Label","DeviceCustomString4","DeviceCustomString4Label","DeviceCustomString5","DeviceCustomString5Label","DeviceCustomString6","DeviceCustomString6Label","FlexDate1","FlexDate1Label","FlexNumber1","FlexNumber1Label","FlexNumber2","FlexNumber2Label","FlexString1","FlexString1Label","FlexString2"],"ServiceID":"7a75f41d-313b-4f68-a99d-6427546cc799","StartTime":1760062819391,"Timestamp":1760062820313,"BaseEvents":[{"ID":"9966c115-4126-46f1-88a9-d15e2ae364d7","Name":"traffic","Type":1,"EndTime":1760048419000,"Message":"Connection Failed","Priority":0,"Severity":"notice","TenantID":"3d6c4203-7328-4fb2-98fa-f37d385ffbde","ServiceID":"71d3be03-d996-4ec6-a03d-223288e5abc8","Timestamp":1760062819391,"ExternalID":"71852343","SourcePort":62423,"ServiceName":"Fortigate","DeviceAction":"deny","DeviceVendor":"Fortninet","DeviceAddress":"192.168.51.14","DeviceProduct":"Fortigate","SourceAddress":"122.154.149.215","DeviceHostName":"windu","DeviceTimeZone":"+02:00","DestinationPort":445,"DeviceExternalID":"FGT60FTK22032234","DeviceReceiptTime":1760062819391,"TransportProtocol":"6","DestinationAddress":"192.168.1.222","DeviceEventClassID":"local","ApplicationProtocol":"SMB","DeviceCustomString1":"local-in-policy","DeviceEventCategory":"traffic","DeviceInboundInterface":"wan2","DeviceOutboundInterface":"root","DeviceCustomNumber1Label":"duration","DeviceCustomNumber2Label":"policyid","DeviceCustomString1Label":"policytype"}],"SourcePort":62423,"ServiceName":"[OOTB] Correlator","DeviceAction":"deny","DeviceVendor":"Kaspersky","DeviceAddress":"192.168.51.14","DeviceProduct":"KUMA","SourceAddress":"122.154.149.215","BaseEventCount":1,"DeviceHostName":"windu","DeviceTimeZone":"+02:00","DestinationPort":445,"DeviceExternalID":"FGT60FTK22032234","CorrelationRuleID":"e2a20430-e50f-4f70-8970-8c799793a934","DeviceReceiptTime":1760062819391,"TransportProtocol":"6","DestinationAddress":"192.168.1.222","DeviceEventClassID":"local","ApplicationProtocol":"SMB","CorrelationRuleName":"Connection. Inbound connection from external host using SMB, RPC ports","DeviceCustomString1":"local-in-policy","DeviceEventCategory":"traffic","DeviceInboundInterface":"wan2","DeviceOutboundInterface":"root","DeviceCustomNumber2Label":"policyid","DeviceCustomString1Label":"policytype"}],"ExternalID":"R445_03","SourcePort":62423,"ServiceName":"[OOTB] Correlator","DeviceAction":"deny","DeviceVendor":"Kaspersky","DeviceAddress":"192.168.51.14","DeviceProduct":"KUMA","SourceAddress":"122.154.149.215","BaseEventCount":1,"DeviceHostName":"windu","DeviceTimeZone":"+02:00","DestinationPort":445,"DeviceExternalID":"FGT60FTK22032234","CorrelationRuleID":"49182bb8-1dd3-44cd-b561-101a5bd0e58d","DeviceReceiptTime":1760062819391,"TransportProtocol":"6","DestinationAddress":"192.168.1.222","DeviceEventClassID":"local","ApplicationProtocol":"SMB","CorrelationRuleName":"R445_03_Inbound connection from external host via SMB, RPC port","DeviceCustomString1":"local-in-policy","DeviceEventCategory":"traffic","DestinationServiceName":"Microsoft-DS (Directory Services) SMB file sharing","DeviceInboundInterface":"wan2","DeviceOutboundInterface":"root","DeviceCustomNumber2Label":"policyid","DeviceCustomString1Label":"policytype"},{"N":{"KL_CorrelationRulePriority":1},"ID":"a636bd99-464f-45d9-87db-eb6ec935f0cf","Name":"R445_03_Inbound connection from external host via SMB, RPC port","Type":3,"EndTime":1760062820315,"Message":"The external host 183.182.102.183 remotely connected to the internal node 192.168.1.222 on port 445 which is used in SMB, RPC protocols: Microsoft-DS (Directory Services) SMB file sharing","Priority":1,"Severity":"notice","TenantID":"3d6c4203-7328-4fb2-98fa-f37d385ffbde","GroupedBy":["Message","DeviceAddress","DeviceHostName","SourceAddress","SourceHostName","SourceUserName","DestinationAddress","DestinationHostName","DestinationUserName","ApplicationProtocol","TransportProtocol","BytesIn","BytesOut","DeviceAction","DeviceAssetID","DeviceCity","DeviceCountry","DeviceDirection","DeviceDnsDomain","DeviceEventCategory","DeviceEventClassID","DeviceExternalID","DeviceFacility","DeviceHostName","DeviceInboundInterface","DeviceLatitude","DeviceLongitude","DeviceMacAddress","DeviceNtDomain","DeviceOutboundInterface","DevicePayloadID","DeviceProcessID","DeviceProcessName","DeviceReceiptTime","DeviceRegion","DeviceTimeZone","DeviceTranslatedAddress","DeviceVersion","EventOutcome","Reason","Severity","SourceAccountID","SourceAssetID","SourceCity","SourceCountry","SourceDnsDomain","SourceLatitude","SourceLongitude","SourceMacAddress","SourceNtDomain","SourcePort","SourceProcessID","SourceProcessName","SourceRegion","SourceServiceName","SourceTranslatedAddress","SourceTranslatedPort","SourceUserID","SourceUserPrivileges","DestinationAccountID","DestinationAssetID","DestinationCity","DestinationCountry","DestinationDnsDomain","DestinationLatitude","DestinationLongitude","DestinationMacAddress","DestinationNtDomain","DestinationPort","DestinationProcessID","DestinationProcessName","DestinationRegion","DestinationServiceName","DestinationTranslatedAddress","DestinationTranslatedPort","DestinationUserID","DestinationUserPrivileges","RequestClientApplication","RequestContext","RequestCookies","RequestMethod","RequestUrl","FileCreateTime","FileHash","FileID","FileModificationTime","FileName","FilePath","FilePermission","FileSize","FileType","OldFileCreateTime","OldFileHash","OldFileID","OldFileModificationTime","OldFileName","OldFilePath","OldFilePermission","OldFileSize","OldFileType","DeviceCustomDate1","DeviceCustomDate2","DeviceCustomFloatingPoint1","DeviceCustomFloatingPoint2","DeviceCustomFloatingPoint2Label","DeviceCustomFloatingPoint3","DeviceCustomFloatingPoint3Label","DeviceCustomFloatingPoint4","DeviceCustomFloatingPoint4Label","DeviceCustomIPv6Address1","DeviceCustomIPv6Address1Label","DeviceCustomIPv6Address3","DeviceCustomIPv6Address3Label","DeviceCustomIPv6Address4","DeviceCustomIPv6Address4Label","DeviceCustomNumber2","DeviceCustomNumber2Label","DeviceCustomNumber3","DeviceCustomString1","DeviceCustomNumber3Label","DeviceCustomString1Label","DeviceCustomString2","DeviceCustomString2Label","DeviceCustomString3","DeviceCustomString3Label","DeviceCustomString4","DeviceCustomString4Label","DeviceCustomString5","DeviceCustomString5Label","DeviceCustomString6","DeviceCustomString6Label","FlexDate1","FlexDate1Label","FlexNumber1","FlexNumber1Label","FlexNumber2","FlexNumber2Label","FlexString1","FlexString1Label","FlexString2","timestamp_just_added","timestamp_profiling_finished"],"ServiceID":"7a75f41d-313b-4f68-a99d-6427546cc799","StartTime":1760062820315,"Timestamp":1760062820316,"BaseEvents":[{"N":{"KL_CorrelationRulePriority":1},"ID":"e89f714d-f499-45d2-8dbf-dff9e36d997a","Name":"Connection. Inbound connection from external host using SMB, RPC ports","Type":3,"EndTime":1760062819681,"Message":"Connection Failed","Priority":1,"Severity":"notice","TenantID":"3d6c4203-7328-4fb2-98fa-f37d385ffbde","GroupedBy":["Message","DeviceAddress","DeviceHostName","SourceAddress","SourceHostName","SourceUserName","DestinationAddress","DestinationHostName","DestinationUserName","ApplicationProtocol","TransportProtocol","BytesIn","BytesOut","DeviceAction","DeviceAssetID","DeviceCity","DeviceCountry","DeviceDirection","DeviceDnsDomain","DeviceEventCategory","DeviceEventClassID","DeviceExternalID","DeviceFacility","DeviceHostName","DeviceInboundInterface","DeviceLatitude","DeviceLongitude","DeviceMacAddress","DeviceNtDomain","DeviceOutboundInterface","DevicePayloadID","DeviceProcessID","DeviceProcessName","DeviceReceiptTime","DeviceRegion","DeviceTimeZone","DeviceTranslatedAddress","DeviceVersion","EventOutcome","Reason","Severity","SourceAccountID","SourceAssetID","SourceCity","SourceCountry","SourceDnsDomain","SourceLatitude","SourceLongitude","SourceMacAddress","SourceNtDomain","SourcePort","SourceProcessID","SourceProcessName","SourceRegion","SourceServiceName","SourceTranslatedAddress","SourceTranslatedPort","SourceUserID","SourceUserPrivileges","DestinationAccountID","DestinationAssetID","DestinationCity","DestinationCountry","DestinationDnsDomain","DestinationLatitude","DestinationLongitude","DestinationMacAddress","DestinationNtDomain","DestinationPort","DestinationProcessID","DestinationProcessName","DestinationRegion","DestinationServiceName","DestinationTranslatedAddress","DestinationTranslatedPort","DestinationUserID","DestinationUserPrivileges","RequestClientApplication","RequestContext","RequestCookies","RequestMethod","RequestUrl","FileCreateTime","FileHash","FileID","FileModificationTime","FileName","FilePath","FilePermission","FileSize","FileType","OldFileCreateTime","OldFileHash","OldFileID","OldFileModificationTime","OldFileName","OldFilePath","OldFilePermission","OldFileSize","OldFileType","DeviceCustomDate1","DeviceCustomDate2","DeviceCustomFloatingPoint1","DeviceCustomFloatingPoint2","DeviceCustomFloatingPoint2Label","DeviceCustomFloatingPoint3","DeviceCustomFloatingPoint3Label","DeviceCustomFloatingPoint4","DeviceCustomFloatingPoint4Label","DeviceCustomIPv6Address1","DeviceCustomIPv6Address1Label","DeviceCustomIPv6Address3","DeviceCustomIPv6Address3Label","DeviceCustomIPv6Address4","DeviceCustomIPv6Address4Label","DeviceCustomNumber2","DeviceCustomNumber2Label","DeviceCustomNumber3","DeviceCustomString1","DeviceCustomNumber3Label","DeviceCustomString1Label","DeviceCustomString2","DeviceCustomString2Label","DeviceCustomString3","DeviceCustomString3Label","DeviceCustomString4","DeviceCustomString4Label","DeviceCustomString5","DeviceCustomString5Label","DeviceCustomString6","DeviceCustomString6Label","FlexDate1","FlexDate1Label","FlexNumber1","FlexNumber1Label","FlexNumber2","FlexNumber2Label","FlexString1","FlexString1Label","FlexString2"],"ServiceID":"7a75f41d-313b-4f68-a99d-6427546cc799","StartTime":1760062819681,"Timestamp":1760062820315,"BaseEvents":[{"ID":"0b0e5228-fdc5-4d78-b42e-a1d6a75b123f","Name":"traffic","Type":1,"EndTime":1760048419000,"Message":"Connection Failed","Priority":0,"Severity":"notice","TenantID":"3d6c4203-7328-4fb2-98fa-f37d385ffbde","ServiceID":"71d3be03-d996-4ec6-a03d-223288e5abc8","Timestamp":1760062819681,"ExternalID":"71852342","SourcePort":63001,"ServiceName":"Fortigate","DeviceAction":"deny","DeviceVendor":"Fortninet","DeviceAddress":"192.168.51.14","DeviceProduct":"Fortigate","SourceAddress":"183.182.102.183","DeviceHostName":"windu","DeviceTimeZone":"+02:00","DestinationPort":445,"DeviceExternalID":"FGT60FTK22032234","DeviceReceiptTime":1760062819681,"TransportProtocol":"6","DestinationAddress":"192.168.1.222","DeviceEventClassID":"local","ApplicationProtocol":"SMB","DeviceCustomString1":"local-in-policy","DeviceEventCategory":"traffic","DeviceInboundInterface":"wan2","DeviceOutboundInterface":"root","DeviceCustomNumber1Label":"duration","DeviceCustomNumber2Label":"policyid","DeviceCustomString1Label":"policytype"}],"SourcePort":63001,"ServiceName":"[OOTB] Correlator","DeviceAction":"deny","DeviceVendor":"Kaspersky","DeviceAddress":"192.168.51.14","DeviceProduct":"KUMA","SourceAddress":"183.182.102.183","BaseEventCount":1,"DeviceHostName":"windu","DeviceTimeZone":"+02:00","DestinationPort":445,"DeviceExternalID":"FGT60FTK22032234","CorrelationRuleID":"e2a20430-e50f-4f70-8970-8c799793a934","DeviceReceiptTime":1760062819681,"TransportProtocol":"6","DestinationAddress":"192.168.1.222","DeviceEventClassID":"local","ApplicationProtocol":"SMB","CorrelationRuleName":"Connection. Inbound connection from external host using SMB, RPC ports","DeviceCustomString1":"local-in-policy","DeviceEventCategory":"traffic","DeviceInboundInterface":"wan2","DeviceOutboundInterface":"root","DeviceCustomNumber2Label":"policyid","DeviceCustomString1Label":"policytype"}],"ExternalID":"R445_03","SourcePort":63001,"ServiceName":"[OOTB] Correlator","DeviceAction":"deny","DeviceVendor":"Kaspersky","DeviceAddress":"192.168.51.14","DeviceProduct":"KUMA","SourceAddress":"183.182.102.183","BaseEventCount":1,"DeviceHostName":"windu","DeviceTimeZone":"+02:00","DestinationPort":445,"DeviceExternalID":"FGT60FTK22032234","CorrelationRuleID":"49182bb8-1dd3-44cd-b561-101a5bd0e58d","DeviceReceiptTime":1760062819681,"TransportProtocol":"6","DestinationAddress":"192.168.1.222","DeviceEventClassID":"local","ApplicationProtocol":"SMB","CorrelationRuleName":"R445_03_Inbound connection from external host via SMB, RPC port","DeviceCustomString1":"local-in-policy","DeviceEventCategory":"traffic","DestinationServiceName":"Microsoft-DS (Directory Services) SMB file sharing","DeviceInboundInterface":"wan2","DeviceOutboundInterface":"root","DeviceCustomNumber2Label":"policyid","DeviceCustomString1Label":"policytype"}],"Rules":[{"Confidence":"medium","Custom":false,"ID":"49182bb8-1dd3-44cd-b561-101a5bd0e58d","Name":"R445_03_Inbound connection from external host via SMB, RPC port","Severity":"medium","Type":""}],"Severity":"low","SourceCreatedAt":"2025-10-10T02:20:20.312Z","SourceID":"400004fb-1610-4709-becd-113d1dd72282;a636bd99-464f-45d9-87db-eb6ec935f0cf","Status":"new","StatusChangedAt":"2025-10-10T02:20:25.25Z","StatusResolution":"","TenantID":"3d6c4203-7328-4fb2-98fa-f37d385ffbde","UpdatedAt":"2025-10-10T02:20:25.25Z"},{"Assets":null,"Assignee":{"ID":"nobody","Name":"Not assigned","Type":""},"CreatedAt":"2025-10-10T02:23:10.275Z","DetectionTechnologies":null,"ExternalRef":"","Extra":null,"FirstEventTime":"2025-10-10T02:23:04.803Z","HistoryRecords":null,"ID":18946,"IncidentID":"","IncidentLinkType":"","InternalID":"d836cf91-dac2-4ee2-b569-6bc80d50c98f","IsCII":false,"LastEventTime":"2025-10-10T02:23:05.344Z","MITRETactics":null,"MITRETechniques":null,"Name":"R445_03_Inbound connection from external host via SMB, RPC port","Observables":[{"Details":"","Type":"ip","Value":"171.246.98.250"},{"Details":"","Type":"hostname","Value":"windu"}],"OriginalEvents":[{"N":{"KL_CorrelationRulePriority":1},"ID":"d836cf91-dac2-4ee2-b569-6bc80d50c98f","Name":"R445_03_Inbound connection from external host via SMB, RPC port","Type":3,"EndTime":1760062985343,"Message":"The external host 171.246.98.250 remotely connected to the internal node 192.168.1.222 on port 445 which is used in SMB, RPC protocols: Microsoft-DS (Directory Services) SMB file sharing","Priority":1,"Severity":"notice","TenantID":"3d6c4203-7328-4fb2-98fa-f37d385ffbde","GroupedBy":["Message","DeviceAddress","DeviceHostName","SourceAddress","SourceHostName","SourceUserName","DestinationAddress","DestinationHostName","DestinationUserName","ApplicationProtocol","TransportProtocol","BytesIn","BytesOut","DeviceAction","DeviceAssetID","DeviceCity","DeviceCountry","DeviceDirection","DeviceDnsDomain","DeviceEventCategory","DeviceEventClassID","DeviceExternalID","DeviceFacility","DeviceHostName","DeviceInboundInterface","DeviceLatitude","DeviceLongitude","DeviceMacAddress","DeviceNtDomain","DeviceOutboundInterface","DevicePayloadID","DeviceProcessID","DeviceProcessName","DeviceReceiptTime","DeviceRegion","DeviceTimeZone","DeviceTranslatedAddress","DeviceVersion","EventOutcome","Reason","Severity","SourceAccountID","SourceAssetID","SourceCity","SourceCountry","SourceDnsDomain","SourceLatitude","SourceLongitude","SourceMacAddress","SourceNtDomain","SourcePort","SourceProcessID","SourceProcessName","SourceRegion","SourceServiceName","SourceTranslatedAddress","SourceTranslatedPort","SourceUserID","SourceUserPrivileges","DestinationAccountID","DestinationAssetID","DestinationCity","DestinationCountry","DestinationDnsDomain","DestinationLatitude","DestinationLongitude","DestinationMacAddress","DestinationNtDomain","DestinationPort","DestinationProcessID","DestinationProcessName","DestinationRegion","DestinationServiceName","DestinationTranslatedAddress","DestinationTranslatedPort","DestinationUserID","DestinationUserPrivileges","RequestClientApplication","RequestContext","RequestCookies","RequestMethod","RequestUrl","FileCreateTime","FileHash","FileID","FileModificationTime","FileName","FilePath","FilePermission","FileSize","FileType","OldFileCreateTime","OldFileHash","OldFileID","OldFileModificationTime","OldFileName","OldFilePath","OldFilePermission","OldFileSize","OldFileType","DeviceCustomDate1","DeviceCustomDate2","DeviceCustomFloatingPoint1","DeviceCustomFloatingPoint2","DeviceCustomFloatingPoint2Label","DeviceCustomFloatingPoint3","DeviceCustomFloatingPoint3Label","DeviceCustomFloatingPoint4","DeviceCustomFloatingPoint4Label","DeviceCustomIPv6Address1","DeviceCustomIPv6Address1Label","DeviceCustomIPv6Address3","DeviceCustomIPv6Address3Label","DeviceCustomIPv6Address4","DeviceCustomIPv6Address4Label","DeviceCustomNumber2","DeviceCustomNumber2Label","DeviceCustomNumber3","DeviceCustomString1","DeviceCustomNumber3Label","DeviceCustomString1Label","DeviceCustomString2","DeviceCustomString2Label","DeviceCustomString3","DeviceCustomString3Label","DeviceCustomString4","DeviceCustomString4Label","DeviceCustomString5","DeviceCustomString5Label","DeviceCustomString6","DeviceCustomString6Label","FlexDate1","FlexDate1Label","FlexNumber1","FlexNumber1Label","FlexNumber2","FlexNumber2Label","FlexString1","FlexString1Label","FlexString2","timestamp_just_added","timestamp_profiling_finished"],"ServiceID":"7a75f41d-313b-4f68-a99d-6427546cc799","StartTime":1760062985343,"Timestamp":1760062985344,"BaseEvents":[{"N":{"KL_CorrelationRulePriority":1},"ID":"fb3b9645-517d-4144-98e0-43cb79cec78f","Name":"Connection. Inbound connection from external host using SMB, RPC ports","Type":3,"EndTime":1760062984804,"Message":"Connection Failed","Priority":1,"Severity":"notice","TenantID":"3d6c4203-7328-4fb2-98fa-f37d385ffbde","GroupedBy":["Message","DeviceAddress","DeviceHostName","SourceAddress","SourceHostName","SourceUserName","DestinationAddress","DestinationHostName","DestinationUserName","ApplicationProtocol","TransportProtocol","BytesIn","BytesOut","DeviceAction","DeviceAssetID","DeviceCity","DeviceCountry","DeviceDirection","DeviceDnsDomain","DeviceEventCategory","DeviceEventClassID","DeviceExternalID","DeviceFacility","DeviceHostName","DeviceInboundInterface","DeviceLatitude","DeviceLongitude","DeviceMacAddress","DeviceNtDomain","DeviceOutboundInterface","DevicePayloadID","DeviceProcessID","DeviceProcessName","DeviceReceiptTime","DeviceRegion","DeviceTimeZone","DeviceTranslatedAddress","DeviceVersion","EventOutcome","Reason","Severity","SourceAccountID","SourceAssetID","SourceCity","SourceCountry","SourceDnsDomain","SourceLatitude","SourceLongitude","SourceMacAddress","SourceNtDomain","SourcePort","SourceProcessID","SourceProcessName","SourceRegion","SourceServiceName","SourceTranslatedAddress","SourceTranslatedPort","SourceUserID","SourceUserPrivileges","DestinationAccountID","DestinationAssetID","DestinationCity","DestinationCountry","DestinationDnsDomain","DestinationLatitude","DestinationLongitude","DestinationMacAddress","DestinationNtDomain","DestinationPort","DestinationProcessID","DestinationProcessName","DestinationRegion","DestinationServiceName","DestinationTranslatedAddress","DestinationTranslatedPort","DestinationUserID","DestinationUserPrivileges","RequestClientApplication","RequestContext","RequestCookies","RequestMethod","RequestUrl","FileCreateTime","FileHash","FileID","FileModificationTime","FileName","FilePath","FilePermission","FileSize","FileType","OldFileCreateTime","OldFileHash","OldFileID","OldFileModificationTime","OldFileName","OldFilePath","OldFilePermission","OldFileSize","OldFileType","DeviceCustomDate1","DeviceCustomDate2","DeviceCustomFloatingPoint1","DeviceCustomFloatingPoint2","DeviceCustomFloatingPoint2Label","DeviceCustomFloatingPoint3","DeviceCustomFloatingPoint3Label","DeviceCustomFloatingPoint4","DeviceCustomFloatingPoint4Label","DeviceCustomIPv6Address1","DeviceCustomIPv6Address1Label","DeviceCustomIPv6Address3","DeviceCustomIPv6Address3Label","DeviceCustomIPv6Address4","DeviceCustomIPv6Address4Label","DeviceCustomNumber2","DeviceCustomNumber2Label","DeviceCustomNumber3","DeviceCustomString1","DeviceCustomNumber3Label","DeviceCustomString1Label","DeviceCustomString2","DeviceCustomString2Label","DeviceCustomString3","DeviceCustomString3Label","DeviceCustomString4","DeviceCustomString4Label","DeviceCustomString5","DeviceCustomString5Label","DeviceCustomString6","DeviceCustomString6Label","FlexDate1","FlexDate1Label","FlexNumber1","FlexNumber1Label","FlexNumber2","FlexNumber2Label","FlexString1","FlexString1Label","FlexString2"],"ServiceID":"7a75f41d-313b-4f68-a99d-6427546cc799","StartTime":1760062984804,"Timestamp":1760062985343,"BaseEvents":[{"ID":"88895414-b623-4f29-a82f-2c73fe4c5f58","Name":"traffic","Type":1,"EndTime":1760048584000,"Message":"Connection Failed","Priority":0,"Severity":"notice","TenantID":"3d6c4203-7328-4fb2-98fa-f37d385ffbde","ServiceID":"71d3be03-d996-4ec6-a03d-223288e5abc8","Timestamp":1760062984804,"ExternalID":"71855465","SourcePort":49244,"ServiceName":"Fortigate","DeviceAction":"deny","DeviceVendor":"Fortninet","DeviceAddress":"192.168.51.14","DeviceProduct":"Fortigate","SourceAddress":"171.246.98.250","DeviceHostName":"windu","DeviceTimeZone":"+02:00","DestinationPort":445,"DeviceExternalID":"FGT60FTK22032234","DeviceReceiptTime":1760062984804,"TransportProtocol":"6","DestinationAddress":"192.168.1.222","DeviceEventClassID":"local","ApplicationProtocol":"SMB","DeviceCustomString1":"local-in-policy","DeviceEventCategory":"traffic","DeviceInboundInterface":"wan2","DeviceOutboundInterface":"root","DeviceCustomNumber1Label":"duration","DeviceCustomNumber2Label":"policyid","DeviceCustomString1Label":"policytype"}],"SourcePort":49244,"ServiceName":"[OOTB] Correlator","DeviceAction":"deny","DeviceVendor":"Kaspersky","DeviceAddress":"192.168.51.14","DeviceProduct":"KUMA","SourceAddress":"171.246.98.250","BaseEventCount":1,"DeviceHostName":"windu","DeviceTimeZone":"+02:00","DestinationPort":445,"DeviceExternalID":"FGT60FTK22032234","CorrelationRuleID":"e2a20430-e50f-4f70-8970-8c799793a934","DeviceReceiptTime":1760062984804,"TransportProtocol":"6","DestinationAddress":"192.168.1.222","DeviceEventClassID":"local","ApplicationProtocol":"SMB","CorrelationRuleName":"Connection. Inbound connection from external host using SMB, RPC ports","DeviceCustomString1":"local-in-policy","DeviceEventCategory":"traffic","DeviceInboundInterface":"wan2","DeviceOutboundInterface":"root","DeviceCustomNumber2Label":"policyid","DeviceCustomString1Label":"policytype"}],"ExternalID":"R445_03","SourcePort":49244,"ServiceName":"[OOTB] Correlator","DeviceAction":"deny","DeviceVendor":"Kaspersky","DeviceAddress":"192.168.51.14","DeviceProduct":"KUMA","SourceAddress":"171.246.98.250","BaseEventCount":1,"DeviceHostName":"windu","DeviceTimeZone":"+02:00","DestinationPort":445,"DeviceExternalID":"FGT60FTK22032234","CorrelationRuleID":"49182bb8-1dd3-44cd-b561-101a5bd0e58d","DeviceReceiptTime":1760062984804,"TransportProtocol":"6","DestinationAddress":"192.168.1.222","DeviceEventClassID":"local","ApplicationProtocol":"SMB","CorrelationRuleName":"R445_03_Inbound connection from external host via SMB, RPC port","DeviceCustomString1":"local-in-policy","DeviceEventCategory":"traffic","DestinationServiceName":"Microsoft-DS (Directory Services) SMB file sharing","DeviceInboundInterface":"wan2","DeviceOutboundInterface":"root","DeviceCustomNumber2Label":"policyid","DeviceCustomString1Label":"policytype"}],"Rules":[{"Confidence":"medium","Custom":false,"ID":"49182bb8-1dd3-44cd-b561-101a5bd0e58d","Name":"R445_03_Inbound connection from external host via SMB, RPC port","Severity":"medium","Type":""}],"Severity":"low","SourceCreatedAt":"2025-10-10T02:23:05.344Z","SourceID":"d836cf91-dac2-4ee2-b569-6bc80d50c98f","Status":"new","StatusChangedAt":"2025-10-10T02:23:10.275Z","StatusResolution":"","TenantID":"3d6c4203-7328-4fb2-98fa-f37d385ffbde","UpdatedAt":"2025-10-10T02:23:10.275Z"},{"Assets":null,"Assignee":{"ID":"nobody","Name":"Not assigned","Type":""},"CreatedAt":"2025-10-11T08:30:35.011Z","DetectionTechnologies":null,"ExternalRef":"","Extra":null,"FirstEventTime":"2025-10-05T14:13:17.815Z","HistoryRecords":null,"ID":20665,"IncidentID":"","IncidentLinkType":"","InternalID":"8539b31c-cc28-4c45-9407-4bed86c88a6f","IsCII":false,"LastEventTime":"2025-10-11T08:30:34.878Z","MITRETactics":null,"MITRETechniques":null,"Name":"R204_Use of an external DNS server","Observables":[{"Details":"","Type":"ip","Value":"204.14.183.2"},{"Details":"","Type":"hostname","Value":"windu"}],"OriginalEvents":[{"N":{"KL_CorrelationRulePriority":2},"ID":"8539b31c-cc28-4c45-9407-4bed86c88a6f","Name":"R204_Use of an external DNS server","Type":3,"EndTime":1760171434878,"Priority":2,"TenantID":"3d6c4203-7328-4fb2-98fa-f37d385ffbde","GroupedBy":["DestinationAddress","DestinationAssetID","DestinationHostName","DestinationPort","SourceAddress","SourceAssetID","SourceHostName","SourceNtDomain","TransportProtocol"],"ServiceID":"7a75f41d-313b-4f68-a99d-6427546cc799","StartTime":1759673597815,"Timestamp":1760171434878,"BaseEvents":[{"ID":"dcc9f1e9-56b1-4e64-8170-e81624ac327b","Name":"traffic","Type":1,"BytesIn":94,"EndTime":1759673597815,"BytesOut":90,"Priority":0,"Severity":"notice","TenantID":"3d6c4203-7328-4fb2-98fa-f37d385ffbde","ServiceID":"71d3be03-d996-4ec6-a03d-223288e5abc8","Timestamp":1759673597815,"ExternalID":"64496834","SourcePort":54344,"ServiceName":"Fortigate","DeviceAction":"accept","DeviceVendor":"Fortninet","DeviceAddress":"192.168.51.14","DeviceProduct":"Fortigate","SourceAddress":"172.16.210.1","DeviceHostName":"windu","DeviceTimeZone":"+02:00","DestinationPort":53,"DeviceExternalID":"FGT60FTK22032234","DeviceReceiptTime":1759673597815,"TransportProtocol":"17","DestinationAddress":"204.14.183.2","DeviceEventClassID":"forward","ApplicationProtocol":"DNS","DeviceCustomNumber1":180,"DeviceCustomNumber2":13,"DeviceCustomString1":"policy","DeviceEventCategory":"traffic","DeviceInboundInterface":"KSB","DeviceOutboundInterface":"Susp0Root1_0","DeviceCustomNumber1Label":"duration","DeviceCustomNumber2Label":"policyid","DeviceCustomString1Label":"policytype"}],"ExternalID":"R204","ServiceName":"[OOTB] Correlator","DeviceVendor":"Kaspersky","DeviceProduct":"KUMA","SourceAddress":"172.16.210.1","BaseEventCount":1,"DeviceTimeZone":"+02:00","DestinationPort":53,"CorrelationRuleID":"501d865f-6430-4175-9490-62f2e3d203e2","TransportProtocol":"17","DestinationAddress":"204.14.183.2","CorrelationRuleName":"R204_Use of an external DNS server"}],"Rules":[{"Confidence":"medium","Custom":false,"ID":"501d865f-6430-4175-9490-62f2e3d203e2","Name":"R204_Use of an external DNS server","Severity":"high","Type":""}],"Severity":"medium","SourceCreatedAt":"2025-10-11T08:30:34.878Z","SourceID":"8539b31c-cc28-4c45-9407-4bed86c88a6f","Status":"new","StatusChangedAt":"2025-10-11T08:30:35.011Z","StatusResolution":"","TenantID":"3d6c4203-7328-4fb2-98fa-f37d385ffbde","UpdatedAt":"2025-10-11T08:30:35.011Z"},{"Assets":null,"Assignee":{"ID":"nobody","Name":"Not assigned","Type":""},"CreatedAt":"2025-10-11T08:35:25.063Z","DetectionTechnologies":null,"ExternalRef":"","Extra":null,"FirstEventTime":"2025-10-11T08:35:20.236Z","HistoryRecords":null,"ID":20670,"IncidentID":"","IncidentLinkType":"","InternalID":"a1e1f0de-9c17-4a24-9acf-98f4d2f2fe1c","IsCII":false,"LastEventTime":"2025-10-11T08:35:24.921Z","MITRETactics":null,"MITRETechniques":null,"Name":"R219_Use of VPN ports","Observables":[{"Details":"","Type":"ip","Value":"62.201.149.81"},{"Details":"","Type":"hostname","Value":"windu"}],"OriginalEvents":[{"N":{"KL_CorrelationRulePriority":2},"ID":"a1e1f0de-9c17-4a24-9acf-98f4d2f2fe1c","Name":"R219_Use of VPN ports","Type":3,"EndTime":1760171724921,"Priority":2,"TenantID":"3d6c4203-7328-4fb2-98fa-f37d385ffbde","GroupedBy":["SourceAddress","SourceAssetID","SourceHostName","SourceNtDomain","SourcePort","DestinationAddress","DestinationAssetID","DestinationHostName","DestinationNtDomain","DestinationPort","TransportProtocol"],"ServiceID":"7a75f41d-313b-4f68-a99d-6427546cc799","StartTime":1760171720237,"Timestamp":1760171724921,"BaseEvents":[{"ID":"9592a4f9-3bc9-42cc-bebf-9461d87667c0","Name":"traffic","Type":1,"BytesIn":15292,"EndTime":1760171720237,"BytesOut":15791,"Priority":0,"Severity":"notice","TenantID":"3d6c4203-7328-4fb2-98fa-f37d385ffbde","ServiceID":"71d3be03-d996-4ec6-a03d-223288e5abc8","Timestamp":1760171720237,"ExternalID":"74365816","SourcePort":4500,"ServiceName":"Fortigate","DeviceAction":"accept","DeviceVendor":"Fortninet","DeviceAddress":"192.168.51.14","DeviceProduct":"Fortigate","SourceAddress":"192.168.10.66","DeviceHostName":"windu","DeviceTimeZone":"+02:00","DestinationPort":4500,"DeviceExternalID":"FGT60FTK22032234","DeviceReceiptTime":1760171720237,"TransportProtocol":"17","DestinationAddress":"62.201.149.81","DeviceEventClassID":"forward","ApplicationProtocol":"MMS","DeviceCustomNumber1":1886,"DeviceCustomNumber2":27,"DeviceCustomString1":"policy","DeviceEventCategory":"traffic","SourceTranslatedPort":64917,"DeviceInboundInterface":"Prod0Root1_1","DeviceOutboundInterface":"wan2","SourceTranslatedAddress":"192.168.1.222","DeviceCustomNumber1Label":"duration","DeviceCustomNumber2Label":"policyid","DeviceCustomString1Label":"policytype"}],"ExternalID":"R219","SourcePort":4500,"ServiceName":"[OOTB] Correlator","DeviceVendor":"Kaspersky","DeviceProduct":"KUMA","SourceAddress":"192.168.10.66","BaseEventCount":1,"DeviceTimeZone":"+02:00","DestinationPort":4500,"CorrelationRuleID":"b896c0f9-c5f8-4996-96d1-7811fc66e8c7","TransportProtocol":"17","DestinationAddress":"62.201.149.81","CorrelationRuleName":"R219_Use of VPN ports"}],"Rules":[{"Confidence":"medium","Custom":false,"ID":"b896c0f9-c5f8-4996-96d1-7811fc66e8c7","Name":"R219_Use of VPN ports","Severity":"high","Type":""}],"Severity":"medium","SourceCreatedAt":"2025-10-11T08:35:24.921Z","SourceID":"a1e1f0de-9c17-4a24-9acf-98f4d2f2fe1c","Status":"new","StatusChangedAt":"2025-10-11T08:35:25.063Z","StatusResolution":"","TenantID":"3d6c4203-7328-4fb2-98fa-f37d385ffbde","UpdatedAt":"2025-10-11T08:35:25.063Z"},{"Assets":null,"Assignee":{"ID":"nobody","Name":"Not assigned","Type":""},"CreatedAt":"2025-10-11T08:35:40.067Z","DetectionTechnologies":null,"ExternalRef":"","Extra":null,"FirstEventTime":"2025-10-11T08:35:36.667Z","HistoryRecords":null,"ID":20671,"IncidentID":"","IncidentLinkType":"","InternalID":"80ef9e10-69d1-4e62-843d-f3ff63aad8a0","IsCII":false,"LastEventTime":"2025-10-11T08:35:39.934Z","MITRETactics":null,"MITRETechniques":null,"Name":"R445_03_Inbound connection from external host via SMB, RPC port","Observables":[{"Details":"","Type":"ip","Value":"200.41.207.59"},{"Details":"","Type":"hostname","Value":"windu"}],"OriginalEvents":[{"N":{"KL_CorrelationRulePriority":1},"ID":"80ef9e10-69d1-4e62-843d-f3ff63aad8a0","Name":"R445_03_Inbound connection from external host via SMB, RPC port","Type":3,"EndTime":1760171739933,"Message":"The external host 200.41.207.59 remotely connected to the internal node 192.168.1.222 on port 445 which is used in SMB, RPC protocols: Microsoft-DS (Directory Services) SMB file sharing","Priority":1,"Severity":"notice","TenantID":"3d6c4203-7328-4fb2-98fa-f37d385ffbde","GroupedBy":["Message","DeviceAddress","DeviceHostName","SourceAddress","SourceHostName","SourceUserName","DestinationAddress","DestinationHostName","DestinationUserName","ApplicationProtocol","TransportProtocol","BytesIn","BytesOut","DeviceAction","DeviceAssetID","DeviceCity","DeviceCountry","DeviceDirection","DeviceDnsDomain","DeviceEventCategory","DeviceEventClassID","DeviceExternalID","DeviceFacility","DeviceHostName","DeviceInboundInterface","DeviceLatitude","DeviceLongitude","DeviceMacAddress","DeviceNtDomain","DeviceOutboundInterface","DevicePayloadID","DeviceProcessID","DeviceProcessName","DeviceReceiptTime","DeviceRegion","DeviceTimeZone","DeviceTranslatedAddress","DeviceVersion","EventOutcome","Reason","Severity","SourceAccountID","SourceAssetID","SourceCity","SourceCountry","SourceDnsDomain","SourceLatitude","SourceLongitude","SourceMacAddress","SourceNtDomain","SourcePort","SourceProcessID","SourceProcessName","SourceRegion","SourceServiceName","SourceTranslatedAddress","SourceTranslatedPort","SourceUserID","SourceUserPrivileges","DestinationAccountID","DestinationAssetID","DestinationCity","DestinationCountry","DestinationDnsDomain","DestinationLatitude","DestinationLongitude","DestinationMacAddress","DestinationNtDomain","DestinationPort","DestinationProcessID","DestinationProcessName","DestinationRegion","DestinationServiceName","DestinationTranslatedAddress","DestinationTranslatedPort","DestinationUserID","DestinationUserPrivileges","RequestClientApplication","RequestContext","RequestCookies","RequestMethod","RequestUrl","FileCreateTime","FileHash","FileID","FileModificationTime","FileName","FilePath","FilePermission","FileSize","FileType","OldFileCreateTime","OldFileHash","OldFileID","OldFileModificationTime","OldFileName","OldFilePath","OldFilePermission","OldFileSize","OldFileType","DeviceCustomDate1","DeviceCustomDate2","DeviceCustomFloatingPoint1","DeviceCustomFloatingPoint2","DeviceCustomFloatingPoint2Label","DeviceCustomFloatingPoint3","DeviceCustomFloatingPoint3Label","DeviceCustomFloatingPoint4","DeviceCustomFloatingPoint4Label","DeviceCustomIPv6Address1","DeviceCustomIPv6Address1Label","DeviceCustomIPv6Address3","DeviceCustomIPv6Address3Label","DeviceCustomIPv6Address4","DeviceCustomIPv6Address4Label","DeviceCustomNumber2","DeviceCustomNumber2Label","DeviceCustomNumber3","DeviceCustomString1","DeviceCustomNumber3Label","DeviceCustomString1Label","DeviceCustomString2","DeviceCustomString2Label","DeviceCustomString3","DeviceCustomString3Label","DeviceCustomString4","DeviceCustomString4Label","DeviceCustomString5","DeviceCustomString5Label","DeviceCustomString6","DeviceCustomString6Label","FlexDate1","FlexDate1Label","FlexNumber1","FlexNumber1Label","FlexNumber2","FlexNumber2Label","FlexString1","FlexString1Label","FlexString2","timestamp_just_added","timestamp_profiling_finished"],"ServiceID":"7a75f41d-313b-4f68-a99d-6427546cc799","StartTime":1760171739933,"Timestamp":1760171739934,"BaseEvents":[{"N":{"KL_CorrelationRulePriority":1},"ID":"32504676-d687-4827-b63e-d78530aadc89","Name":"Connection. Inbound connection from external host using SMB, RPC ports","Type":3,"EndTime":1760171736668,"Message":"Connection Failed","Priority":1,"Severity":"notice","TenantID":"3d6c4203-7328-4fb2-98fa-f37d385ffbde","GroupedBy":["Message","DeviceAddress","DeviceHostName","SourceAddress","SourceHostName","SourceUserName","DestinationAddress","DestinationHostName","DestinationUserName","ApplicationProtocol","TransportProtocol","BytesIn","BytesOut","DeviceAction","DeviceAssetID","DeviceCity","DeviceCountry","DeviceDirection","DeviceDnsDomain","DeviceEventCategory","DeviceEventClassID","DeviceExternalID","DeviceFacility","DeviceHostName","DeviceInboundInterface","DeviceLatitude","DeviceLongitude","DeviceMacAddress","DeviceNtDomain","DeviceOutboundInterface","DevicePayloadID","DeviceProcessID","DeviceProcessName","DeviceReceiptTime","DeviceRegion","DeviceTimeZone","DeviceTranslatedAddress","DeviceVersion","EventOutcome","Reason","Severity","SourceAccountID","SourceAssetID","SourceCity","SourceCountry","SourceDnsDomain","SourceLatitude","SourceLongitude","SourceMacAddress","SourceNtDomain","SourcePort","SourceProcessID","SourceProcessName","SourceRegion","SourceServiceName","SourceTranslatedAddress","SourceTranslatedPort","SourceUserID","SourceUserPrivileges","DestinationAccountID","DestinationAssetID","DestinationCity","DestinationCountry","DestinationDnsDomain","DestinationLatitude","DestinationLongitude","DestinationMacAddress","DestinationNtDomain","DestinationPort","DestinationProcessID","DestinationProcessName","DestinationRegion","DestinationServiceName","DestinationTranslatedAddress","DestinationTranslatedPort","DestinationUserID","DestinationUserPrivileges","RequestClientApplication","RequestContext","RequestCookies","RequestMethod","RequestUrl","FileCreateTime","FileHash","FileID","FileModificationTime","FileName","FilePath","FilePermission","FileSize","FileType","OldFileCreateTime","OldFileHash","OldFileID","OldFileModificationTime","OldFileName","OldFilePath","OldFilePermission","OldFileSize","OldFileType","DeviceCustomDate1","DeviceCustomDate2","DeviceCustomFloatingPoint1","DeviceCustomFloatingPoint2","DeviceCustomFloatingPoint2Label","DeviceCustomFloatingPoint3","DeviceCustomFloatingPoint3Label","DeviceCustomFloatingPoint4","DeviceCustomFloatingPoint4Label","DeviceCustomIPv6Address1","DeviceCustomIPv6Address1Label","DeviceCustomIPv6Address3","DeviceCustomIPv6Address3Label","DeviceCustomIPv6Address4","DeviceCustomIPv6Address4Label","DeviceCustomNumber2","DeviceCustomNumber2Label","DeviceCustomNumber3","DeviceCustomString1","DeviceCustomNumber3Label","DeviceCustomString1Label","DeviceCustomString2","DeviceCustomString2Label","DeviceCustomString3","DeviceCustomString3Label","DeviceCustomString4","DeviceCustomString4Label","DeviceCustomString5","DeviceCustomString5Label","DeviceCustomString6","DeviceCustomString6Label","FlexDate1","FlexDate1Label","FlexNumber1","FlexNumber1Label","FlexNumber2","FlexNumber2Label","FlexString1","FlexString1Label","FlexString2"],"ServiceID":"7a75f41d-313b-4f68-a99d-6427546cc799","StartTime":1760171736668,"Timestamp":1760171739933,"BaseEvents":[{"ID":"d0732f8c-18ea-45ca-8beb-24774a485268","Name":"traffic","Type":1,"EndTime":1760171736668,"Message":"Connection Failed","Priority":0,"Severity":"notice","TenantID":"3d6c4203-7328-4fb2-98fa-f37d385ffbde","ServiceID":"71d3be03-d996-4ec6-a03d-223288e5abc8","Timestamp":1760171736668,"ExternalID":"74404363","SourcePort":56123,"ServiceName":"Fortigate","DeviceAction":"deny","DeviceVendor":"Fortninet","DeviceAddress":"192.168.51.14","DeviceProduct":"Fortigate","SourceAddress":"200.41.207.59","DeviceHostName":"windu","DeviceTimeZone":"+02:00","DestinationPort":445,"DeviceExternalID":"FGT60FTK22032234","DeviceReceiptTime":1760171736668,"TransportProtocol":"6","DestinationAddress":"192.168.1.222","DeviceEventClassID":"local","ApplicationProtocol":"SMB","DeviceCustomString1":"local-in-policy","DeviceEventCategory":"traffic","DeviceInboundInterface":"wan2","DeviceOutboundInterface":"root","DeviceCustomNumber1Label":"duration","DeviceCustomNumber2Label":"policyid","DeviceCustomString1Label":"policytype"}],"SourcePort":56123,"ServiceName":"[OOTB] Correlator","DeviceAction":"deny","DeviceVendor":"Kaspersky","DeviceAddress":"192.168.51.14","DeviceProduct":"KUMA","SourceAddress":"200.41.207.59","BaseEventCount":1,"DeviceHostName":"windu","DeviceTimeZone":"+02:00","DestinationPort":445,"DeviceExternalID":"FGT60FTK22032234","CorrelationRuleID":"e2a20430-e50f-4f70-8970-8c799793a934","DeviceReceiptTime":1760171736668,"TransportProtocol":"6","DestinationAddress":"192.168.1.222","DeviceEventClassID":"local","ApplicationProtocol":"SMB","CorrelationRuleName":"Connection. Inbound connection from external host using SMB, RPC ports","DeviceCustomString1":"local-in-policy","DeviceEventCategory":"traffic","DeviceInboundInterface":"wan2","DeviceOutboundInterface":"root","DeviceCustomNumber2Label":"policyid","DeviceCustomString1Label":"policytype"}],"ExternalID":"R445_03","SourcePort":56123,"ServiceName":"[OOTB] Correlator","DeviceAction":"deny","DeviceVendor":"Kaspersky","DeviceAddress":"192.168.51.14","DeviceProduct":"KUMA","SourceAddress":"200.41.207.59","BaseEventCount":1,"DeviceHostName":"windu","DeviceTimeZone":"+02:00","DestinationPort":445,"DeviceExternalID":"FGT60FTK22032234","CorrelationRuleID":"49182bb8-1dd3-44cd-b561-101a5bd0e58d","DeviceReceiptTime":1760171736668,"TransportProtocol":"6","DestinationAddress":"192.168.1.222","DeviceEventClassID":"local","ApplicationProtocol":"SMB","CorrelationRuleName":"R445_03_Inbound connection from external host via SMB, RPC port","DeviceCustomString1":"local-in-policy","DeviceEventCategory":"traffic","DestinationServiceName":"Microsoft-DS (Directory Services) SMB file sharing","DeviceInboundInterface":"wan2","DeviceOutboundInterface":"root","DeviceCustomNumber2Label":"policyid","DeviceCustomString1Label":"policytype"}],"Rules":[{"Confidence":"medium","Custom":false,"ID":"49182bb8-1dd3-44cd-b561-101a5bd0e58d","Name":"R445_03_Inbound connection from external host via SMB, RPC port","Severity":"medium","Type":""}],"Severity":"low","SourceCreatedAt":"2025-10-11T08:35:39.934Z","SourceID":"80ef9e10-69d1-4e62-843d-f3ff63aad8a0","Status":"new","StatusChangedAt":"2025-10-11T08:35:40.067Z","StatusResolution":"","TenantID":"3d6c4203-7328-4fb2-98fa-f37d385ffbde","UpdatedAt":"2025-10-11T08:35:40.067Z"},{"Assets":null,"Assignee":{"ID":"nobody","Name":"Not assigned","Type":""},"CreatedAt":"2025-10-11T08:37:40.075Z","DetectionTechnologies":null,"ExternalRef":"","Extra":null,"FirstEventTime":"2025-10-11T08:37:36.25Z","HistoryRecords":null,"ID":20673,"IncidentID":"","IncidentLinkType":"","InternalID":"56a4d176-e537-49fe-9ead-cd31860e55ae","IsCII":false,"LastEventTime":"2025-10-11T08:37:39.96Z","MITRETactics":null,"MITRETechniques":null,"Name":"R219_Use of VPN ports","Observables":[{"Details":"","Type":"ip","Value":"62.201.149.81"},{"Details":"","Type":"hostname","Value":"windu"}],"OriginalEvents":[{"N":{"KL_CorrelationRulePriority":2},"ID":"56a4d176-e537-49fe-9ead-cd31860e55ae","Name":"R219_Use of VPN ports","Type":3,"EndTime":1760171859961,"Priority":2,"TenantID":"3d6c4203-7328-4fb2-98fa-f37d385ffbde","GroupedBy":["SourceAddress","SourceAssetID","SourceHostName","SourceNtDomain","SourcePort","DestinationAddress","DestinationAssetID","DestinationHostName","DestinationNtDomain","DestinationPort","TransportProtocol"],"ServiceID":"7a75f41d-313b-4f68-a99d-6427546cc799","StartTime":1760171856250,"Timestamp":1760171859961,"BaseEvents":[{"ID":"595e0784-344b-4f3e-9343-8caa84634634","Name":"traffic","Type":1,"BytesIn":15577,"EndTime":1760171856250,"BytesOut":16221,"Priority":0,"Severity":"notice","TenantID":"3d6c4203-7328-4fb2-98fa-f37d385ffbde","ServiceID":"71d3be03-d996-4ec6-a03d-223288e5abc8","Timestamp":1760171856250,"ExternalID":"74365816","SourcePort":4500,"ServiceName":"Fortigate","DeviceAction":"accept","DeviceVendor":"Fortninet","DeviceAddress":"192.168.51.14","DeviceProduct":"Fortigate","SourceAddress":"192.168.10.66","DeviceHostName":"windu","DeviceTimeZone":"+02:00","DestinationPort":4500,"DeviceExternalID":"FGT60FTK22032234","DeviceReceiptTime":1760171856250,"TransportProtocol":"17","DestinationAddress":"62.201.149.81","DeviceEventClassID":"forward","ApplicationProtocol":"MMS","DeviceCustomNumber1":2022,"DeviceCustomNumber2":27,"DeviceCustomString1":"policy","DeviceEventCategory":"traffic","SourceTranslatedPort":64917,"DeviceInboundInterface":"Prod0Root1_1","DeviceOutboundInterface":"wan2","SourceTranslatedAddress":"192.168.1.222","DeviceCustomNumber1Label":"duration","DeviceCustomNumber2Label":"policyid","DeviceCustomString1Label":"policytype"}],"ExternalID":"R219","SourcePort":4500,"ServiceName":"[OOTB] Correlator","DeviceVendor":"Kaspersky","DeviceProduct":"KUMA","SourceAddress":"192.168.10.66","BaseEventCount":1,"DeviceTimeZone":"+02:00","DestinationPort":4500,"CorrelationRuleID":"b896c0f9-c5f8-4996-96d1-7811fc66e8c7","TransportProtocol":"17","DestinationAddress":"62.201.149.81","CorrelationRuleName":"R219_Use of VPN ports"}],"Rules":[{"Confidence":"medium","Custom":false,"ID":"b896c0f9-c5f8-4996-96d1-7811fc66e8c7","Name":"R219_Use of VPN ports","Severity":"high","Type":""}],"Severity":"medium","SourceCreatedAt":"2025-10-11T08:37:39.96Z","SourceID":"56a4d176-e537-49fe-9ead-cd31860e55ae","Status":"new","StatusChangedAt":"2025-10-11T08:37:40.075Z","StatusResolution":"","TenantID":"3d6c4203-7328-4fb2-98fa-f37d385ffbde","UpdatedAt":"2025-10-11T08:37:40.075Z"},{"Assets":null,"Assignee":{"ID":"nobody","Name":"Not assigned","Type":""},"CreatedAt":"2025-10-11T08:39:15.094Z","DetectionTechnologies":null,"ExternalRef":"","Extra":null,"FirstEventTime":"2025-10-11T08:39:14.742Z","HistoryRecords":null,"ID":20676,"IncidentID":"","IncidentLinkType":"","InternalID":"8b4134dd-7c0e-4d01-80d2-288fca7da90b","IsCII":false,"LastEventTime":"2025-10-11T08:39:15.022Z","MITRETactics":null,"MITRETechniques":null,"Name":"R445_05_Inbound connection from external host via management port","Observables":[{"Details":"","Type":"ip","Value":"89.248.165.108"},{"Details":"","Type":"hostname","Value":"windu"}],"OriginalEvents":[{"N":{"KL_CorrelationRulePriority":1},"ID":"8b4134dd-7c0e-4d01-80d2-288fca7da90b","Name":"R445_05_Inbound connection from external host via management port","Type":3,"EndTime":1760171955020,"Message":"The external host 89.248.165.108 remotely connected to the internal node 192.168.1.222 on port 3389 using the remote administration tool: RDP","Priority":1,"Severity":"notice","TenantID":"3d6c4203-7328-4fb2-98fa-f37d385ffbde","GroupedBy":["Message","DeviceAddress","DeviceHostName","SourceAddress","SourceHostName","SourceUserName","DestinationAddress","DestinationHostName","DestinationUserName","ApplicationProtocol","TransportProtocol","BytesIn","BytesOut","DeviceAction","DeviceAssetID","DeviceCity","DeviceCountry","DeviceDirection","DeviceDnsDomain","DeviceEventCategory","DeviceEventClassID","DeviceExternalID","DeviceFacility","DeviceHostName","DeviceInboundInterface","DeviceLatitude","DeviceLongitude","DeviceMacAddress","DeviceNtDomain","DeviceOutboundInterface","DevicePayloadID","DeviceProcessID","DeviceProcessName","DeviceReceiptTime","DeviceRegion","DeviceTimeZone","DeviceTranslatedAddress","DeviceVersion","EventOutcome","Reason","Severity","SourceAccountID","SourceAssetID","SourceCity","SourceCountry","SourceDnsDomain","SourceLatitude","SourceLongitude","SourceMacAddress","SourceNtDomain","SourcePort","SourceProcessID","SourceProcessName","SourceRegion","SourceServiceName","SourceTranslatedAddress","SourceTranslatedPort","SourceUserID","SourceUserPrivileges","DestinationAccountID","DestinationAssetID","DestinationCity","DestinationCountry","DestinationDnsDomain","DestinationLatitude","DestinationLongitude","DestinationMacAddress","DestinationNtDomain","DestinationPort","DestinationProcessID","DestinationProcessName","DestinationRegion","DestinationServiceName","DestinationTranslatedAddress","DestinationTranslatedPort","DestinationUserID","DestinationUserPrivileges","RequestClientApplication","RequestContext","RequestCookies","RequestMethod","RequestUrl","FileCreateTime","FileHash","FileID","FileModificationTime","FileName","FilePath","FilePermission","FileSize","FileType","OldFileCreateTime","OldFileHash","OldFileID","OldFileModificationTime","OldFileName","OldFilePath","OldFilePermission","OldFileSize","OldFileType","DeviceCustomDate1","DeviceCustomDate2","DeviceCustomFloatingPoint1","DeviceCustomFloatingPoint2","DeviceCustomFloatingPoint2Label","DeviceCustomFloatingPoint3","DeviceCustomFloatingPoint3Label","DeviceCustomFloatingPoint4","DeviceCustomFloatingPoint4Label","DeviceCustomIPv6Address1","DeviceCustomIPv6Address1Label","DeviceCustomIPv6Address3","DeviceCustomIPv6Address3Label","DeviceCustomIPv6Address4","DeviceCustomIPv6Address4Label","DeviceCustomNumber2","DeviceCustomNumber2Label","DeviceCustomNumber3","DeviceCustomString1","DeviceCustomNumber3Label","DeviceCustomString1Label","DeviceCustomString2","DeviceCustomString2Label","DeviceCustomString3","DeviceCustomString3Label","DeviceCustomString4","DeviceCustomString4Label","DeviceCustomString5","DeviceCustomString5Label","DeviceCustomString6","DeviceCustomString6Label","FlexDate1","FlexDate1Label","FlexNumber1","FlexNumber1Label","FlexNumber2","FlexNumber2Label","FlexString1","FlexString1Label","FlexString2","timestamp_just_added","timestamp_profiling_finished"],"ServiceID":"7a75f41d-313b-4f68-a99d-6427546cc799","StartTime":1760171955020,"Timestamp":1760171955022,"BaseEvents":[{"N":{"KL_CorrelationRulePriority":1},"ID":"544f6ff1-91f6-41db-a0ed-b5776d6cb3f6","Name":"Connection. Inbound connection from external host using management ports","Type":3,"EndTime":1760171954742,"Message":"Connection Failed","Priority":1,"Severity":"notice","TenantID":"3d6c4203-7328-4fb2-98fa-f37d385ffbde","GroupedBy":["Message","DeviceAddress","DeviceHostName","SourceAddress","SourceHostName","SourceUserName","DestinationAddress","DestinationHostName","DestinationUserName","ApplicationProtocol","TransportProtocol","BytesIn","BytesOut","DeviceAction","DeviceAssetID","DeviceCity","DeviceCountry","DeviceDirection","DeviceDnsDomain","DeviceEventCategory","DeviceEventClassID","DeviceExternalID","DeviceFacility","DeviceHostName","DeviceInboundInterface","DeviceLatitude","DeviceLongitude","DeviceMacAddress","DeviceNtDomain","DeviceOutboundInterface","DevicePayloadID","DeviceProcessID","DeviceProcessName","DeviceReceiptTime","DeviceRegion","DeviceTimeZone","DeviceTranslatedAddress","DeviceVersion","EventOutcome","Reason","Severity","SourceAccountID","SourceAssetID","SourceCity","SourceCountry","SourceDnsDomain","SourceLatitude","SourceLongitude","SourceMacAddress","SourceNtDomain","SourcePort","SourceProcessID","SourceProcessName","SourceRegion","SourceServiceName","SourceTranslatedAddress","SourceTranslatedPort","SourceUserID","SourceUserPrivileges","DestinationAccountID","DestinationAssetID","DestinationCity","DestinationCountry","DestinationDnsDomain","DestinationLatitude","DestinationLongitude","DestinationMacAddress","DestinationNtDomain","DestinationPort","DestinationProcessID","DestinationProcessName","DestinationRegion","DestinationServiceName","DestinationTranslatedAddress","DestinationTranslatedPort","DestinationUserID","DestinationUserPrivileges","RequestClientApplication","RequestContext","RequestCookies","RequestMethod","RequestUrl","FileCreateTime","FileHash","FileID","FileModificationTime","FileName","FilePath","FilePermission","FileSize","FileType","OldFileCreateTime","OldFileHash","OldFileID","OldFileModificationTime","OldFileName","OldFilePath","OldFilePermission","OldFileSize","OldFileType","DeviceCustomDate1","DeviceCustomDate2","DeviceCustomFloatingPoint1","DeviceCustomFloatingPoint2","DeviceCustomFloatingPoint2Label","DeviceCustomFloatingPoint3","DeviceCustomFloatingPoint3Label","DeviceCustomFloatingPoint4","DeviceCustomFloatingPoint4Label","DeviceCustomIPv6Address1","DeviceCustomIPv6Address1Label","DeviceCustomIPv6Address3","DeviceCustomIPv6Address3Label","DeviceCustomIPv6Address4","DeviceCustomIPv6Address4Label","DeviceCustomNumber2","DeviceCustomNumber2Label","DeviceCustomNumber3","DeviceCustomString1","DeviceCustomNumber3Label","DeviceCustomString1Label","DeviceCustomString2","DeviceCustomString2Label","DeviceCustomString3","DeviceCustomString3Label","DeviceCustomString4","DeviceCustomString4Label","DeviceCustomString5","DeviceCustomString5Label","DeviceCustomString6","DeviceCustomString6Label","FlexDate1","FlexDate1Label","FlexNumber1","FlexNumber1Label","FlexNumber2","FlexNumber2Label","FlexString1","FlexString1Label","FlexString2"],"ServiceID":"7a75f41d-313b-4f68-a99d-6427546cc799","StartTime":1760171954742,"Timestamp":1760171955020,"BaseEvents":[{"ID":"a09e0522-7542-4e24-ae31-e96698ab42a4","Name":"traffic","Type":1,"EndTime":1760171954742,"Message":"Connection Failed","Priority":0,"Severity":"notice","TenantID":"3d6c4203-7328-4fb2-98fa-f37d385ffbde","ServiceID":"71d3be03-d996-4ec6-a03d-223288e5abc8","Timestamp":1760171954742,"ExternalID":"74409085","SourcePort":51858,"ServiceName":"Fortigate","DeviceAction":"deny","DeviceVendor":"Fortninet","DeviceAddress":"192.168.51.14","DeviceProduct":"Fortigate","SourceAddress":"89.248.165.108","DeviceHostName":"windu","DeviceTimeZone":"+02:00","DestinationPort":3389,"DeviceExternalID":"FGT60FTK22032234","DeviceReceiptTime":1760171954742,"TransportProtocol":"6","DestinationAddress":"192.168.1.222","DeviceEventClassID":"local","ApplicationProtocol":"RDP","DeviceCustomString1":"local-in-policy","DeviceEventCategory":"traffic","DeviceInboundInterface":"wan2","DeviceOutboundInterface":"root","DeviceCustomNumber1Label":"duration","DeviceCustomNumber2Label":"policyid","DeviceCustomString1Label":"policytype"}],"SourcePort":51858,"ServiceName":"[OOTB] Correlator","DeviceAction":"deny","DeviceVendor":"Kaspersky","DeviceAddress":"192.168.51.14","DeviceProduct":"KUMA","SourceAddress":"89.248.165.108","BaseEventCount":1,"DeviceHostName":"windu","DeviceTimeZone":"+02:00","DestinationPort":3389,"DeviceExternalID":"FGT60FTK22032234","CorrelationRuleID":"83fea516-0ec2-4fd2-96c0-1136c65378bb","DeviceReceiptTime":1760171954742,"TransportProtocol":"6","DestinationAddress":"192.168.1.222","DeviceEventClassID":"local","ApplicationProtocol":"RDP","CorrelationRuleName":"Connection. Inbound connection from external host using management ports","DeviceCustomString1":"local-in-policy","DeviceEventCategory":"traffic","DeviceInboundInterface":"wan2","DeviceOutboundInterface":"root","DeviceCustomNumber2Label":"policyid","DeviceCustomString1Label":"policytype"}],"ExternalID":"R445_05","SourcePort":51858,"ServiceName":"[OOTB] Correlator","DeviceAction":"deny","DeviceVendor":"Kaspersky","DeviceAddress":"192.168.51.14","DeviceProduct":"KUMA","SourceAddress":"89.248.165.108","BaseEventCount":1,"DeviceHostName":"windu","DeviceTimeZone":"+02:00","DestinationPort":3389,"DeviceExternalID":"FGT60FTK22032234","CorrelationRuleID":"4eeda10b-8ef6-4725-846d-62b00bfa7561","DeviceReceiptTime":1760171954742,"TransportProtocol":"6","DestinationAddress":"192.168.1.222","DeviceEventClassID":"local","ApplicationProtocol":"RDP","CorrelationRuleName":"R445_05_Inbound connection from external host via management port","DeviceCustomString1":"local-in-policy","DeviceEventCategory":"traffic","DestinationServiceName":"RDP","DeviceInboundInterface":"wan2","DeviceOutboundInterface":"root","DeviceCustomNumber2Label":"policyid","DeviceCustomString1Label":"policytype"}],"Rules":[{"Confidence":"medium","Custom":false,"ID":"4eeda10b-8ef6-4725-846d-62b00bfa7561","Name":"R445_05_Inbound connection from external host via management port","Severity":"medium","Type":""}],"Severity":"low","SourceCreatedAt":"2025-10-11T08:39:15.022Z","SourceID":"8b4134dd-7c0e-4d01-80d2-288fca7da90b","Status":"new","StatusChangedAt":"2025-10-11T08:39:15.094Z","StatusResolution":"","TenantID":"3d6c4203-7328-4fb2-98fa-f37d385ffbde","UpdatedAt":"2025-10-11T08:39:15.094Z"},{"Assets":null,"Assignee":{"ID":"nobody","Name":"Not assigned","Type":""},"CreatedAt":"2025-10-11T14:29:12.923Z","DetectionTechnologies":null,"ExternalRef":"","Extra":null,"FirstEventTime":"2025-10-11T14:29:04.638Z","HistoryRecords":null,"ID":20929,"IncidentID":"","IncidentLinkType":"","InternalID":"5ea40a5f-e058-4792-a095-7f5bc341b8c5","IsCII":false,"LastEventTime":"2025-10-11T14:29:09.401Z","MITRETactics":null,"MITRETechniques":null,"Name":"R445_03_Inbound connection from external host via SMB, RPC port","Observables":[{"Details":"","Type":"ip","Value":"92.46.71.94"},{"Details":"","Type":"hostname","Value":"windu"}],"OriginalEvents":[{"N":{"KL_CorrelationRulePriority":1},"ID":"5ea40a5f-e058-4792-a095-7f5bc341b8c5","Name":"R445_03_Inbound connection from external host via SMB, RPC port","Type":3,"EndTime":1760192949399,"Message":"The external host 92.46.71.94 remotely connected to the internal node 192.168.1.222 on port 445 which is used in SMB, RPC protocols: Microsoft-DS (Directory Services) SMB file sharing","Priority":1,"Severity":"notice","TenantID":"3d6c4203-7328-4fb2-98fa-f37d385ffbde","GroupedBy":["Message","DeviceAddress","DeviceHostName","SourceAddress","SourceHostName","SourceUserName","DestinationAddress","DestinationHostName","DestinationUserName","ApplicationProtocol","TransportProtocol","BytesIn","BytesOut","DeviceAction","DeviceAssetID","DeviceCity","DeviceCountry","DeviceDirection","DeviceDnsDomain","DeviceEventCategory","DeviceEventClassID","DeviceExternalID","DeviceFacility","DeviceHostName","DeviceInboundInterface","DeviceLatitude","DeviceLongitude","DeviceMacAddress","DeviceNtDomain","DeviceOutboundInterface","DevicePayloadID","DeviceProcessID","DeviceProcessName","DeviceReceiptTime","DeviceRegion","DeviceTimeZone","DeviceTranslatedAddress","DeviceVersion","EventOutcome","Reason","Severity","SourceAccountID","SourceAssetID","SourceCity","SourceCountry","SourceDnsDomain","SourceLatitude","SourceLongitude","SourceMacAddress","SourceNtDomain","SourcePort","SourceProcessID","SourceProcessName","SourceRegion","SourceServiceName","SourceTranslatedAddress","SourceTranslatedPort","SourceUserID","SourceUserPrivileges","DestinationAccountID","DestinationAssetID","DestinationCity","DestinationCountry","DestinationDnsDomain","DestinationLatitude","DestinationLongitude","DestinationMacAddress","DestinationNtDomain","DestinationPort","DestinationProcessID","DestinationProcessName","DestinationRegion","DestinationServiceName","DestinationTranslatedAddress","DestinationTranslatedPort","DestinationUserID","DestinationUserPrivileges","RequestClientApplication","RequestContext","RequestCookies","RequestMethod","RequestUrl","FileCreateTime","FileHash","FileID","FileModificationTime","FileName","FilePath","FilePermission","FileSize","FileType","OldFileCreateTime","OldFileHash","OldFileID","OldFileModificationTime","OldFileName","OldFilePath","OldFilePermission","OldFileSize","OldFileType","DeviceCustomDate1","DeviceCustomDate2","DeviceCustomFloatingPoint1","DeviceCustomFloatingPoint2","DeviceCustomFloatingPoint2Label","DeviceCustomFloatingPoint3","DeviceCustomFloatingPoint3Label","DeviceCustomFloatingPoint4","DeviceCustomFloatingPoint4Label","DeviceCustomIPv6Address1","DeviceCustomIPv6Address1Label","DeviceCustomIPv6Address3","DeviceCustomIPv6Address3Label","DeviceCustomIPv6Address4","DeviceCustomIPv6Address4Label","DeviceCustomNumber2","DeviceCustomNumber2Label","DeviceCustomNumber3","DeviceCustomString1","DeviceCustomNumber3Label","DeviceCustomString1Label","DeviceCustomString2","DeviceCustomString2Label","DeviceCustomString3","DeviceCustomString3Label","DeviceCustomString4","DeviceCustomString4Label","DeviceCustomString5","DeviceCustomString5Label","DeviceCustomString6","DeviceCustomString6Label","FlexDate1","FlexDate1Label","FlexNumber1","FlexNumber1Label","FlexNumber2","FlexNumber2Label","FlexString1","FlexString1Label","FlexString2","timestamp_just_added","timestamp_profiling_finished"],"ServiceID":"7a75f41d-313b-4f68-a99d-6427546cc799","StartTime":1760192949399,"Timestamp":1760192949401,"BaseEvents":[{"N":{"KL_CorrelationRulePriority":1},"ID":"06cab171-bc4f-4002-aebd-dc474743f6e2","Name":"Connection. Inbound connection from external host using SMB, RPC ports","Type":3,"EndTime":1760192944638,"Message":"Connection Failed","Priority":1,"Severity":"notice","TenantID":"3d6c4203-7328-4fb2-98fa-f37d385ffbde","GroupedBy":["Message","DeviceAddress","DeviceHostName","SourceAddress","SourceHostName","SourceUserName","DestinationAddress","DestinationHostName","DestinationUserName","ApplicationProtocol","TransportProtocol","BytesIn","BytesOut","DeviceAction","DeviceAssetID","DeviceCity","DeviceCountry","DeviceDirection","DeviceDnsDomain","DeviceEventCategory","DeviceEventClassID","DeviceExternalID","DeviceFacility","DeviceHostName","DeviceInboundInterface","DeviceLatitude","DeviceLongitude","DeviceMacAddress","DeviceNtDomain","DeviceOutboundInterface","DevicePayloadID","DeviceProcessID","DeviceProcessName","DeviceReceiptTime","DeviceRegion","DeviceTimeZone","DeviceTranslatedAddress","DeviceVersion","EventOutcome","Reason","Severity","SourceAccountID","SourceAssetID","SourceCity","SourceCountry","SourceDnsDomain","SourceLatitude","SourceLongitude","SourceMacAddress","SourceNtDomain","SourcePort","SourceProcessID","SourceProcessName","SourceRegion","SourceServiceName","SourceTranslatedAddress","SourceTranslatedPort","SourceUserID","SourceUserPrivileges","DestinationAccountID","DestinationAssetID","DestinationCity","DestinationCountry","DestinationDnsDomain","DestinationLatitude","DestinationLongitude","DestinationMacAddress","DestinationNtDomain","DestinationPort","DestinationProcessID","DestinationProcessName","DestinationRegion","DestinationServiceName","DestinationTranslatedAddress","DestinationTranslatedPort","DestinationUserID","DestinationUserPrivileges","RequestClientApplication","RequestContext","RequestCookies","RequestMethod","RequestUrl","FileCreateTime","FileHash","FileID","FileModificationTime","FileName","FilePath","FilePermission","FileSize","FileType","OldFileCreateTime","OldFileHash","OldFileID","OldFileModificationTime","OldFileName","OldFilePath","OldFilePermission","OldFileSize","OldFileType","DeviceCustomDate1","DeviceCustomDate2","DeviceCustomFloatingPoint1","DeviceCustomFloatingPoint2","DeviceCustomFloatingPoint2Label","DeviceCustomFloatingPoint3","DeviceCustomFloatingPoint3Label","DeviceCustomFloatingPoint4","DeviceCustomFloatingPoint4Label","DeviceCustomIPv6Address1","DeviceCustomIPv6Address1Label","DeviceCustomIPv6Address3","DeviceCustomIPv6Address3Label","DeviceCustomIPv6Address4","DeviceCustomIPv6Address4Label","DeviceCustomNumber2","DeviceCustomNumber2Label","DeviceCustomNumber3","DeviceCustomString1","DeviceCustomNumber3Label","DeviceCustomString1Label","DeviceCustomString2","DeviceCustomString2Label","DeviceCustomString3","DeviceCustomString3Label","DeviceCustomString4","DeviceCustomString4Label","DeviceCustomString5","DeviceCustomString5Label","DeviceCustomString6","DeviceCustomString6Label","FlexDate1","FlexDate1Label","FlexNumber1","FlexNumber1Label","FlexNumber2","FlexNumber2Label","FlexString1","FlexString1Label","FlexString2"],"ServiceID":"7a75f41d-313b-4f68-a99d-6427546cc799","StartTime":1760192944638,"Timestamp":1760192949399,"BaseEvents":[{"ID":"12c847c3-46a8-451a-bc9a-f65aadb8541f","Name":"traffic","Type":1,"EndTime":1760192944638,"Message":"Connection Failed","Priority":0,"Severity":"notice","TenantID":"3d6c4203-7328-4fb2-98fa-f37d385ffbde","ServiceID":"71d3be03-d996-4ec6-a03d-223288e5abc8","Timestamp":1760192944638,"ExternalID":"74760988","SourcePort":51027,"ServiceName":"Fortigate","DeviceAction":"deny","DeviceVendor":"Fortninet","DeviceAddress":"192.168.51.14","DeviceProduct":"Fortigate","SourceAddress":"92.46.71.94","DeviceHostName":"windu","DeviceTimeZone":"+02:00","DestinationPort":445,"DeviceExternalID":"FGT60FTK22032234","DeviceReceiptTime":1760192944638,"TransportProtocol":"6","DestinationAddress":"192.168.1.222","DeviceEventClassID":"local","ApplicationProtocol":"SMB","DeviceCustomString1":"local-in-policy","DeviceEventCategory":"traffic","DeviceInboundInterface":"wan2","DeviceOutboundInterface":"root","DeviceCustomNumber1Label":"duration","DeviceCustomNumber2Label":"policyid","DeviceCustomString1Label":"policytype"}],"SourcePort":51027,"ServiceName":"[OOTB] Correlator","DeviceAction":"deny","DeviceVendor":"Kaspersky","DeviceAddress":"192.168.51.14","DeviceProduct":"KUMA","SourceAddress":"92.46.71.94","BaseEventCount":1,"DeviceHostName":"windu","DeviceTimeZone":"+02:00","DestinationPort":445,"DeviceExternalID":"FGT60FTK22032234","CorrelationRuleID":"e2a20430-e50f-4f70-8970-8c799793a934","DeviceReceiptTime":1760192944638,"TransportProtocol":"6","DestinationAddress":"192.168.1.222","DeviceEventClassID":"local","ApplicationProtocol":"SMB","CorrelationRuleName":"Connection. Inbound connection from external host using SMB, RPC ports","DeviceCustomString1":"local-in-policy","DeviceEventCategory":"traffic","DeviceInboundInterface":"wan2","DeviceOutboundInterface":"root","DeviceCustomNumber2Label":"policyid","DeviceCustomString1Label":"policytype"}],"ExternalID":"R445_03","SourcePort":51027,"ServiceName":"[OOTB] Correlator","DeviceAction":"deny","DeviceVendor":"Kaspersky","DeviceAddress":"192.168.51.14","DeviceProduct":"KUMA","SourceAddress":"92.46.71.94","BaseEventCount":1,"DeviceHostName":"windu","DeviceTimeZone":"+02:00","DestinationPort":445,"DeviceExternalID":"FGT60FTK22032234","CorrelationRuleID":"49182bb8-1dd3-44cd-b561-101a5bd0e58d","DeviceReceiptTime":1760192944638,"TransportProtocol":"6","DestinationAddress":"192.168.1.222","DeviceEventClassID":"local","ApplicationProtocol":"SMB","CorrelationRuleName":"R445_03_Inbound connection from external host via SMB, RPC port","DeviceCustomString1":"local-in-policy","DeviceEventCategory":"traffic","DestinationServiceName":"Microsoft-DS (Directory Services) SMB file sharing","DeviceInboundInterface":"wan2","DeviceOutboundInterface":"root","DeviceCustomNumber2Label":"policyid","DeviceCustomString1Label":"policytype"}],"Rules":[{"Confidence":"medium","Custom":false,"ID":"49182bb8-1dd3-44cd-b561-101a5bd0e58d","Name":"R445_03_Inbound connection from external host via SMB, RPC port","Severity":"medium","Type":""}],"Severity":"low","SourceCreatedAt":"2025-10-11T14:29:09.401Z","SourceID":"5ea40a5f-e058-4792-a095-7f5bc341b8c5","Status":"new","StatusChangedAt":"2025-10-11T14:29:12.923Z","StatusResolution":"","TenantID":"3d6c4203-7328-4fb2-98fa-f37d385ffbde","UpdatedAt":"2025-10-11T14:29:12.923Z"},{"Assets":null,"Assignee":{"ID":"nobody","Name":"Not assigned","Type":""},"CreatedAt":"2025-10-10T02:29:25.334Z","DetectionTechnologies":null,"ExternalRef":"","Extra":null,"FirstEventTime":"2025-10-10T02:29:19.552Z","HistoryRecords":null,"ID":18947,"IncidentID":"","IncidentLinkType":"","InternalID":"fae460fd-e3f6-4cba-a2d6-f1e46eb863ab","IsCII":false,"LastEventTime":"2025-10-10T02:29:20.427Z","MITRETactics":null,"MITRETechniques":null,"Name":"R445_03_Inbound connection from external host via SMB, RPC port","Observables":[{"Details":"","Type":"ip","Value":"156.204.50.229"},{"Details":"","Type":"hostname","Value":"windu"}],"OriginalEvents":[{"N":{"KL_CorrelationRulePriority":1},"ID":"fae460fd-e3f6-4cba-a2d6-f1e46eb863ab","Name":"R445_03_Inbound connection from external host via SMB, RPC port","Type":3,"EndTime":1760063360426,"Message":"The external host 156.204.50.229 remotely connected to the internal node 192.168.1.222 on port 445 which is used in SMB, RPC protocols: Microsoft-DS (Directory Services) SMB file sharing","Priority":1,"Severity":"notice","TenantID":"3d6c4203-7328-4fb2-98fa-f37d385ffbde","GroupedBy":["Message","DeviceAddress","DeviceHostName","SourceAddress","SourceHostName","SourceUserName","DestinationAddress","DestinationHostName","DestinationUserName","ApplicationProtocol","TransportProtocol","BytesIn","BytesOut","DeviceAction","DeviceAssetID","DeviceCity","DeviceCountry","DeviceDirection","DeviceDnsDomain","DeviceEventCategory","DeviceEventClassID","DeviceExternalID","DeviceFacility","DeviceHostName","DeviceInboundInterface","DeviceLatitude","DeviceLongitude","DeviceMacAddress","DeviceNtDomain","DeviceOutboundInterface","DevicePayloadID","DeviceProcessID","DeviceProcessName","DeviceReceiptTime","DeviceRegion","DeviceTimeZone","DeviceTranslatedAddress","DeviceVersion","EventOutcome","Reason","Severity","SourceAccountID","SourceAssetID","SourceCity","SourceCountry","SourceDnsDomain","SourceLatitude","SourceLongitude","SourceMacAddress","SourceNtDomain","SourcePort","SourceProcessID","SourceProcessName","SourceRegion","SourceServiceName","SourceTranslatedAddress","SourceTranslatedPort","SourceUserID","SourceUserPrivileges","DestinationAccountID","DestinationAssetID","DestinationCity","DestinationCountry","DestinationDnsDomain","DestinationLatitude","DestinationLongitude","DestinationMacAddress","DestinationNtDomain","DestinationPort","DestinationProcessID","DestinationProcessName","DestinationRegion","DestinationServiceName","DestinationTranslatedAddress","DestinationTranslatedPort","DestinationUserID","DestinationUserPrivileges","RequestClientApplication","RequestContext","RequestCookies","RequestMethod","RequestUrl","FileCreateTime","FileHash","FileID","FileModificationTime","FileName","FilePath","FilePermission","FileSize","FileType","OldFileCreateTime","OldFileHash","OldFileID","OldFileModificationTime","OldFileName","OldFilePath","OldFilePermission","OldFileSize","OldFileType","DeviceCustomDate1","DeviceCustomDate2","DeviceCustomFloatingPoint1","DeviceCustomFloatingPoint2","DeviceCustomFloatingPoint2Label","DeviceCustomFloatingPoint3","DeviceCustomFloatingPoint3Label","DeviceCustomFloatingPoint4","DeviceCustomFloatingPoint4Label","DeviceCustomIPv6Address1","DeviceCustomIPv6Address1Label","DeviceCustomIPv6Address3","DeviceCustomIPv6Address3Label","DeviceCustomIPv6Address4","DeviceCustomIPv6Address4Label","DeviceCustomNumber2","DeviceCustomNumber2Label","DeviceCustomNumber3","DeviceCustomString1","DeviceCustomNumber3Label","DeviceCustomString1Label","DeviceCustomString2","DeviceCustomString2Label","DeviceCustomString3","DeviceCustomString3Label","DeviceCustomString4","DeviceCustomString4Label","DeviceCustomString5","DeviceCustomString5Label","DeviceCustomString6","DeviceCustomString6Label","FlexDate1","FlexDate1Label","FlexNumber1","FlexNumber1Label","FlexNumber2","FlexNumber2Label","FlexString1","FlexString1Label","FlexString2","timestamp_just_added","timestamp_profiling_finished"],"ServiceID":"7a75f41d-313b-4f68-a99d-6427546cc799","StartTime":1760063360426,"Timestamp":1760063360427,"BaseEvents":[{"N":{"KL_CorrelationRulePriority":1},"ID":"5c8c7128-53e7-4f38-ba31-aa23a586aa83","Name":"Connection. Inbound connection from external host using SMB, RPC ports","Type":3,"EndTime":1760063359553,"Message":"Connection Failed","Priority":1,"Severity":"notice","TenantID":"3d6c4203-7328-4fb2-98fa-f37d385ffbde","GroupedBy":["Message","DeviceAddress","DeviceHostName","SourceAddress","SourceHostName","SourceUserName","DestinationAddress","DestinationHostName","DestinationUserName","ApplicationProtocol","TransportProtocol","BytesIn","BytesOut","DeviceAction","DeviceAssetID","DeviceCity","DeviceCountry","DeviceDirection","DeviceDnsDomain","DeviceEventCategory","DeviceEventClassID","DeviceExternalID","DeviceFacility","DeviceHostName","DeviceInboundInterface","DeviceLatitude","DeviceLongitude","DeviceMacAddress","DeviceNtDomain","DeviceOutboundInterface","DevicePayloadID","DeviceProcessID","DeviceProcessName","DeviceReceiptTime","DeviceRegion","DeviceTimeZone","DeviceTranslatedAddress","DeviceVersion","EventOutcome","Reason","Severity","SourceAccountID","SourceAssetID","SourceCity","SourceCountry","SourceDnsDomain","SourceLatitude","SourceLongitude","SourceMacAddress","SourceNtDomain","SourcePort","SourceProcessID","SourceProcessName","SourceRegion","SourceServiceName","SourceTranslatedAddress","SourceTranslatedPort","SourceUserID","SourceUserPrivileges","DestinationAccountID","DestinationAssetID","DestinationCity","DestinationCountry","DestinationDnsDomain","DestinationLatitude","DestinationLongitude","DestinationMacAddress","DestinationNtDomain","DestinationPort","DestinationProcessID","DestinationProcessName","DestinationRegion","DestinationServiceName","DestinationTranslatedAddress","DestinationTranslatedPort","DestinationUserID","DestinationUserPrivileges","RequestClientApplication","RequestContext","RequestCookies","RequestMethod","RequestUrl","FileCreateTime","FileHash","FileID","FileModificationTime","FileName","FilePath","FilePermission","FileSize","FileType","OldFileCreateTime","OldFileHash","OldFileID","OldFileModificationTime","OldFileName","OldFilePath","OldFilePermission","OldFileSize","OldFileType","DeviceCustomDate1","DeviceCustomDate2","DeviceCustomFloatingPoint1","DeviceCustomFloatingPoint2","DeviceCustomFloatingPoint2Label","DeviceCustomFloatingPoint3","DeviceCustomFloatingPoint3Label","DeviceCustomFloatingPoint4","DeviceCustomFloatingPoint4Label","DeviceCustomIPv6Address1","DeviceCustomIPv6Address1Label","DeviceCustomIPv6Address3","DeviceCustomIPv6Address3Label","DeviceCustomIPv6Address4","DeviceCustomIPv6Address4Label","DeviceCustomNumber2","DeviceCustomNumber2Label","DeviceCustomNumber3","DeviceCustomString1","DeviceCustomNumber3Label","DeviceCustomString1Label","DeviceCustomString2","DeviceCustomString2Label","DeviceCustomString3","DeviceCustomString3Label","DeviceCustomString4","DeviceCustomString4Label","DeviceCustomString5","DeviceCustomString5Label","DeviceCustomString6","DeviceCustomString6Label","FlexDate1","FlexDate1Label","FlexNumber1","FlexNumber1Label","FlexNumber2","FlexNumber2Label","FlexString1","FlexString1Label","FlexString2"],"ServiceID":"7a75f41d-313b-4f68-a99d-6427546cc799","StartTime":1760063359553,"Timestamp":1760063360426,"BaseEvents":[{"ID":"4cad7fa5-0383-44f2-a617-f78efc7f0750","Name":"traffic","Type":1,"EndTime":1760048959000,"Message":"Connection Failed","Priority":0,"Severity":"notice","TenantID":"3d6c4203-7328-4fb2-98fa-f37d385ffbde","ServiceID":"71d3be03-d996-4ec6-a03d-223288e5abc8","Timestamp":1760063359553,"ExternalID":"71862549","SourcePort":55434,"ServiceName":"Fortigate","DeviceAction":"deny","DeviceVendor":"Fortninet","DeviceAddress":"192.168.51.14","DeviceProduct":"Fortigate","SourceAddress":"156.204.50.229","DeviceHostName":"windu","DeviceTimeZone":"+02:00","DestinationPort":445,"DeviceExternalID":"FGT60FTK22032234","DeviceReceiptTime":1760063359553,"TransportProtocol":"6","DestinationAddress":"192.168.1.222","DeviceEventClassID":"local","ApplicationProtocol":"SMB","DeviceCustomString1":"local-in-policy","DeviceEventCategory":"traffic","DeviceInboundInterface":"wan2","DeviceOutboundInterface":"root","DeviceCustomNumber1Label":"duration","DeviceCustomNumber2Label":"policyid","DeviceCustomString1Label":"policytype"}],"SourcePort":55434,"ServiceName":"[OOTB] Correlator","DeviceAction":"deny","DeviceVendor":"Kaspersky","DeviceAddress":"192.168.51.14","DeviceProduct":"KUMA","SourceAddress":"156.204.50.229","BaseEventCount":1,"DeviceHostName":"windu","DeviceTimeZone":"+02:00","DestinationPort":445,"DeviceExternalID":"FGT60FTK22032234","CorrelationRuleID":"e2a20430-e50f-4f70-8970-8c799793a934","DeviceReceiptTime":1760063359553,"TransportProtocol":"6","DestinationAddress":"192.168.1.222","DeviceEventClassID":"local","ApplicationProtocol":"SMB","CorrelationRuleName":"Connection. Inbound connection from external host using SMB, RPC ports","DeviceCustomString1":"local-in-policy","DeviceEventCategory":"traffic","DeviceInboundInterface":"wan2","DeviceOutboundInterface":"root","DeviceCustomNumber2Label":"policyid","DeviceCustomString1Label":"policytype"}],"ExternalID":"R445_03","SourcePort":55434,"ServiceName":"[OOTB] Correlator","DeviceAction":"deny","DeviceVendor":"Kaspersky","DeviceAddress":"192.168.51.14","DeviceProduct":"KUMA","SourceAddress":"156.204.50.229","BaseEventCount":1,"DeviceHostName":"windu","DeviceTimeZone":"+02:00","DestinationPort":445,"DeviceExternalID":"FGT60FTK22032234","CorrelationRuleID":"49182bb8-1dd3-44cd-b561-101a5bd0e58d","DeviceReceiptTime":1760063359553,"TransportProtocol":"6","DestinationAddress":"192.168.1.222","DeviceEventClassID":"local","ApplicationProtocol":"SMB","CorrelationRuleName":"R445_03_Inbound connection from external host via SMB, RPC port","DeviceCustomString1":"local-in-policy","DeviceEventCategory":"traffic","DestinationServiceName":"Microsoft-DS (Directory Services) SMB file sharing","DeviceInboundInterface":"wan2","DeviceOutboundInterface":"root","DeviceCustomNumber2Label":"policyid","DeviceCustomString1Label":"policytype"}],"Rules":[{"Confidence":"medium","Custom":false,"ID":"49182bb8-1dd3-44cd-b561-101a5bd0e58d","Name":"R445_03_Inbound connection from external host via SMB, RPC port","Severity":"medium","Type":""}],"Severity":"low","SourceCreatedAt":"2025-10-10T02:29:20.427Z","SourceID":"fae460fd-e3f6-4cba-a2d6-f1e46eb863ab","Status":"new","StatusChangedAt":"2025-10-10T02:29:25.334Z","StatusResolution":"","TenantID":"3d6c4203-7328-4fb2-98fa-f37d385ffbde","UpdatedAt":"2025-10-10T02:29:25.334Z"},{"Assets":null,"Assignee":{"ID":"nobody","Name":"Not assigned","Type":""},"CreatedAt":"2025-10-10T02:33:40.371Z","DetectionTechnologies":null,"ExternalRef":"","Extra":null,"FirstEventTime":"2025-10-10T02:33:35.381Z","HistoryRecords":null,"ID":18948,"IncidentID":"","IncidentLinkType":"","InternalID":"3d25ae9d-0669-46b4-a3f9-3d6c8f5f0c28","IsCII":false,"LastEventTime":"2025-10-10T02:33:50.49Z","MITRETactics":null,"MITRETechniques":null,"Name":"R445_03_Inbound connection from external host via SMB, RPC port","Observables":[{"Details":"","Type":"ip","Value":"5.201.176.167"},{"Details":"","Type":"hostname","Value":"windu"},{"Details":"","Type":"ip","Value":"176.211.128.58"},{"Details":"","Type":"ip","Value":"85.159.216.250"}],"OriginalEvents":[{"N":{"KL_CorrelationRulePriority":1},"ID":"3d25ae9d-0669-46b4-a3f9-3d6c8f5f0c28","Name":"R445_03_Inbound connection from external host via SMB, RPC port","Type":3,"EndTime":1760063615474,"Message":"The external host 5.201.176.167 remotely connected to the internal node 192.168.1.222 on port 445 which is used in SMB, RPC protocols: Microsoft-DS (Directory Services) SMB file sharing","Priority":1,"Severity":"notice","TenantID":"3d6c4203-7328-4fb2-98fa-f37d385ffbde","GroupedBy":["Message","DeviceAddress","DeviceHostName","SourceAddress","SourceHostName","SourceUserName","DestinationAddress","DestinationHostName","DestinationUserName","ApplicationProtocol","TransportProtocol","BytesIn","BytesOut","DeviceAction","DeviceAssetID","DeviceCity","DeviceCountry","DeviceDirection","DeviceDnsDomain","DeviceEventCategory","DeviceEventClassID","DeviceExternalID","DeviceFacility","DeviceHostName","DeviceInboundInterface","DeviceLatitude","DeviceLongitude","DeviceMacAddress","DeviceNtDomain","DeviceOutboundInterface","DevicePayloadID","DeviceProcessID","DeviceProcessName","DeviceReceiptTime","DeviceRegion","DeviceTimeZone","DeviceTranslatedAddress","DeviceVersion","EventOutcome","Reason","Severity","SourceAccountID","SourceAssetID","SourceCity","SourceCountry","SourceDnsDomain","SourceLatitude","SourceLongitude","SourceMacAddress","SourceNtDomain","SourcePort","SourceProcessID","SourceProcessName","SourceRegion","SourceServiceName","SourceTranslatedAddress","SourceTranslatedPort","SourceUserID","SourceUserPrivileges","DestinationAccountID","DestinationAssetID","DestinationCity","DestinationCountry","DestinationDnsDomain","DestinationLatitude","DestinationLongitude","DestinationMacAddress","DestinationNtDomain","DestinationPort","DestinationProcessID","DestinationProcessName","DestinationRegion","DestinationServiceName","DestinationTranslatedAddress","DestinationTranslatedPort","DestinationUserID","DestinationUserPrivileges","RequestClientApplication","RequestContext","RequestCookies","RequestMethod","RequestUrl","FileCreateTime","FileHash","FileID","FileModificationTime","FileName","FilePath","FilePermission","FileSize","FileType","OldFileCreateTime","OldFileHash","OldFileID","OldFileModificationTime","OldFileName","OldFilePath","OldFilePermission","OldFileSize","OldFileType","DeviceCustomDate1","DeviceCustomDate2","DeviceCustomFloatingPoint1","DeviceCustomFloatingPoint2","DeviceCustomFloatingPoint2Label","DeviceCustomFloatingPoint3","DeviceCustomFloatingPoint3Label","DeviceCustomFloatingPoint4","DeviceCustomFloatingPoint4Label","DeviceCustomIPv6Address1","DeviceCustomIPv6Address1Label","DeviceCustomIPv6Address3","DeviceCustomIPv6Address3Label","DeviceCustomIPv6Address4","DeviceCustomIPv6Address4Label","DeviceCustomNumber2","DeviceCustomNumber2Label","DeviceCustomNumber3","DeviceCustomString1","DeviceCustomNumber3Label","DeviceCustomString1Label","DeviceCustomString2","DeviceCustomString2Label","DeviceCustomString3","DeviceCustomString3Label","DeviceCustomString4","DeviceCustomString4Label","DeviceCustomString5","DeviceCustomString5Label","DeviceCustomString6","DeviceCustomString6Label","FlexDate1","FlexDate1Label","FlexNumber1","FlexNumber1Label","FlexNumber2","FlexNumber2Label","FlexString1","FlexString1Label","FlexString2","timestamp_just_added","timestamp_profiling_finished"],"ServiceID":"7a75f41d-313b-4f68-a99d-6427546cc799","StartTime":1760063615474,"Timestamp":1760063615475,"BaseEvents":[{"N":{"KL_CorrelationRulePriority":1},"ID":"89e7b2a9-74ac-47cb-97f7-3dd94acd5c2d","Name":"Connection. Inbound connection from external host using SMB, RPC ports","Type":3,"EndTime":1760063615381,"Message":"Connection Failed","Priority":1,"Severity":"notice","TenantID":"3d6c4203-7328-4fb2-98fa-f37d385ffbde","GroupedBy":["Message","DeviceAddress","DeviceHostName","SourceAddress","SourceHostName","SourceUserName","DestinationAddress","DestinationHostName","DestinationUserName","ApplicationProtocol","TransportProtocol","BytesIn","BytesOut","DeviceAction","DeviceAssetID","DeviceCity","DeviceCountry","DeviceDirection","DeviceDnsDomain","DeviceEventCategory","DeviceEventClassID","DeviceExternalID","DeviceFacility","DeviceHostName","DeviceInboundInterface","DeviceLatitude","DeviceLongitude","DeviceMacAddress","DeviceNtDomain","DeviceOutboundInterface","DevicePayloadID","DeviceProcessID","DeviceProcessName","DeviceReceiptTime","DeviceRegion","DeviceTimeZone","DeviceTranslatedAddress","DeviceVersion","EventOutcome","Reason","Severity","SourceAccountID","SourceAssetID","SourceCity","SourceCountry","SourceDnsDomain","SourceLatitude","SourceLongitude","SourceMacAddress","SourceNtDomain","SourcePort","SourceProcessID","SourceProcessName","SourceRegion","SourceServiceName","SourceTranslatedAddress","SourceTranslatedPort","SourceUserID","SourceUserPrivileges","DestinationAccountID","DestinationAssetID","DestinationCity","DestinationCountry","DestinationDnsDomain","DestinationLatitude","DestinationLongitude","DestinationMacAddress","DestinationNtDomain","DestinationPort","DestinationProcessID","DestinationProcessName","DestinationRegion","DestinationServiceName","DestinationTranslatedAddress","DestinationTranslatedPort","DestinationUserID","DestinationUserPrivileges","RequestClientApplication","RequestContext","RequestCookies","RequestMethod","RequestUrl","FileCreateTime","FileHash","FileID","FileModificationTime","FileName","FilePath","FilePermission","FileSize","FileType","OldFileCreateTime","OldFileHash","OldFileID","OldFileModificationTime","OldFileName","OldFilePath","OldFilePermission","OldFileSize","OldFileType","DeviceCustomDate1","DeviceCustomDate2","DeviceCustomFloatingPoint1","DeviceCustomFloatingPoint2","DeviceCustomFloatingPoint2Label","DeviceCustomFloatingPoint3","DeviceCustomFloatingPoint3Label","DeviceCustomFloatingPoint4","DeviceCustomFloatingPoint4Label","DeviceCustomIPv6Address1","DeviceCustomIPv6Address1Label","DeviceCustomIPv6Address3","DeviceCustomIPv6Address3Label","DeviceCustomIPv6Address4","DeviceCustomIPv6Address4Label","DeviceCustomNumber2","DeviceCustomNumber2Label","DeviceCustomNumber3","DeviceCustomString1","DeviceCustomNumber3Label","DeviceCustomString1Label","DeviceCustomString2","DeviceCustomString2Label","DeviceCustomString3","DeviceCustomString3Label","DeviceCustomString4","DeviceCustomString4Label","DeviceCustomString5","DeviceCustomString5Label","DeviceCustomString6","DeviceCustomString6Label","FlexDate1","FlexDate1Label","FlexNumber1","FlexNumber1Label","FlexNumber2","FlexNumber2Label","FlexString1","FlexString1Label","FlexString2"],"ServiceID":"7a75f41d-313b-4f68-a99d-6427546cc799","StartTime":1760063615381,"Timestamp":1760063615474,"BaseEvents":[{"ID":"b1fe319a-2c89-473b-bf46-b28b22e8968d","Name":"traffic","Type":1,"EndTime":1760049214000,"Message":"Connection Failed","Priority":0,"Severity":"notice","TenantID":"3d6c4203-7328-4fb2-98fa-f37d385ffbde","ServiceID":"71d3be03-d996-4ec6-a03d-223288e5abc8","Timestamp":1760063615381,"ExternalID":"71867563","SourcePort":61882,"ServiceName":"Fortigate","DeviceAction":"deny","DeviceVendor":"Fortninet","DeviceAddress":"192.168.51.14","DeviceProduct":"Fortigate","SourceAddress":"5.201.176.167","DeviceHostName":"windu","DeviceTimeZone":"+02:00","DestinationPort":445,"DeviceExternalID":"FGT60FTK22032234","DeviceReceiptTime":1760063615381,"TransportProtocol":"6","DestinationAddress":"192.168.1.222","DeviceEventClassID":"local","ApplicationProtocol":"SMB","DeviceCustomString1":"local-in-policy","DeviceEventCategory":"traffic","DeviceInboundInterface":"wan2","DeviceOutboundInterface":"root","DeviceCustomNumber1Label":"duration","DeviceCustomNumber2Label":"policyid","DeviceCustomString1Label":"policytype"}],"SourcePort":61882,"ServiceName":"[OOTB] Correlator","DeviceAction":"deny","DeviceVendor":"Kaspersky","DeviceAddress":"192.168.51.14","DeviceProduct":"KUMA","SourceAddress":"5.201.176.167","BaseEventCount":1,"DeviceHostName":"windu","DeviceTimeZone":"+02:00","DestinationPort":445,"DeviceExternalID":"FGT60FTK22032234","CorrelationRuleID":"e2a20430-e50f-4f70-8970-8c799793a934","DeviceReceiptTime":1760063615381,"TransportProtocol":"6","DestinationAddress":"192.168.1.222","DeviceEventClassID":"local","ApplicationProtocol":"SMB","CorrelationRuleName":"Connection. Inbound connection from external host using SMB, RPC ports","DeviceCustomString1":"local-in-policy","DeviceEventCategory":"traffic","DeviceInboundInterface":"wan2","DeviceOutboundInterface":"root","DeviceCustomNumber2Label":"policyid","DeviceCustomString1Label":"policytype"}],"ExternalID":"R445_03","SourcePort":61882,"ServiceName":"[OOTB] Correlator","DeviceAction":"deny","DeviceVendor":"Kaspersky","DeviceAddress":"192.168.51.14","DeviceProduct":"KUMA","SourceAddress":"5.201.176.167","BaseEventCount":1,"DeviceHostName":"windu","DeviceTimeZone":"+02:00","DestinationPort":445,"DeviceExternalID":"FGT60FTK22032234","CorrelationRuleID":"49182bb8-1dd3-44cd-b561-101a5bd0e58d","DeviceReceiptTime":1760063615381,"TransportProtocol":"6","DestinationAddress":"192.168.1.222","DeviceEventClassID":"local","ApplicationProtocol":"SMB","CorrelationRuleName":"R445_03_Inbound connection from external host via SMB, RPC port","DeviceCustomString1":"local-in-policy","DeviceEventCategory":"traffic","DestinationServiceName":"Microsoft-DS (Directory Services) SMB file sharing","DeviceInboundInterface":"wan2","DeviceOutboundInterface":"root","DeviceCustomNumber2Label":"policyid","DeviceCustomString1Label":"policytype"},{"N":{"KL_CorrelationRulePriority":1},"ID":"d59f539a-60e3-4622-a5af-6a0c6fb1273e","Name":"R445_03_Inbound connection from external host via SMB, RPC port","Type":3,"EndTime":1760063630474,"Message":"The external host 176.211.128.58 remotely connected to the internal node 192.168.1.222 on port 445 which is used in SMB, RPC protocols: Microsoft-DS (Directory Services) SMB file sharing","Priority":1,"Severity":"notice","TenantID":"3d6c4203-7328-4fb2-98fa-f37d385ffbde","GroupedBy":["Message","DeviceAddress","DeviceHostName","SourceAddress","SourceHostName","SourceUserName","DestinationAddress","DestinationHostName","DestinationUserName","ApplicationProtocol","TransportProtocol","BytesIn","BytesOut","DeviceAction","DeviceAssetID","DeviceCity","DeviceCountry","DeviceDirection","DeviceDnsDomain","DeviceEventCategory","DeviceEventClassID","DeviceExternalID","DeviceFacility","DeviceHostName","DeviceInboundInterface","DeviceLatitude","DeviceLongitude","DeviceMacAddress","DeviceNtDomain","DeviceOutboundInterface","DevicePayloadID","DeviceProcessID","DeviceProcessName","DeviceReceiptTime","DeviceRegion","DeviceTimeZone","DeviceTranslatedAddress","DeviceVersion","EventOutcome","Reason","Severity","SourceAccountID","SourceAssetID","SourceCity","SourceCountry","SourceDnsDomain","SourceLatitude","SourceLongitude","SourceMacAddress","SourceNtDomain","SourcePort","SourceProcessID","SourceProcessName","SourceRegion","SourceServiceName","SourceTranslatedAddress","SourceTranslatedPort","SourceUserID","SourceUserPrivileges","DestinationAccountID","DestinationAssetID","DestinationCity","DestinationCountry","DestinationDnsDomain","DestinationLatitude","DestinationLongitude","DestinationMacAddress","DestinationNtDomain","DestinationPort","DestinationProcessID","DestinationProcessName","DestinationRegion","DestinationServiceName","DestinationTranslatedAddress","DestinationTranslatedPort","DestinationUserID","DestinationUserPrivileges","RequestClientApplication","RequestContext","RequestCookies","RequestMethod","RequestUrl","FileCreateTime","FileHash","FileID","FileModificationTime","FileName","FilePath","FilePermission","FileSize","FileType","OldFileCreateTime","OldFileHash","OldFileID","OldFileModificationTime","OldFileName","OldFilePath","OldFilePermission","OldFileSize","OldFileType","DeviceCustomDate1","DeviceCustomDate2","DeviceCustomFloatingPoint1","DeviceCustomFloatingPoint2","DeviceCustomFloatingPoint2Label","DeviceCustomFloatingPoint3","DeviceCustomFloatingPoint3Label","DeviceCustomFloatingPoint4","DeviceCustomFloatingPoint4Label","DeviceCustomIPv6Address1","DeviceCustomIPv6Address1Label","DeviceCustomIPv6Address3","DeviceCustomIPv6Address3Label","DeviceCustomIPv6Address4","DeviceCustomIPv6Address4Label","DeviceCustomNumber2","DeviceCustomNumber2Label","DeviceCustomNumber3","DeviceCustomString1","DeviceCustomNumber3Label","DeviceCustomString1Label","DeviceCustomString2","DeviceCustomString2Label","DeviceCustomString3","DeviceCustomString3Label","DeviceCustomString4","DeviceCustomString4Label","DeviceCustomString5","DeviceCustomString5Label","DeviceCustomString6","DeviceCustomString6Label","FlexDate1","FlexDate1Label","FlexNumber1","FlexNumber1Label","FlexNumber2","FlexNumber2Label","FlexString1","FlexString1Label","FlexString2","timestamp_just_added","timestamp_profiling_finished"],"ServiceID":"7a75f41d-313b-4f68-a99d-6427546cc799","StartTime":1760063630474,"Timestamp":1760063630476,"BaseEvents":[{"N":{"KL_CorrelationRulePriority":1},"ID":"e469c9c6-a0cb-402d-b7da-ec6b7b831d73","Name":"Connection. Inbound connection from external host using SMB, RPC ports","Type":3,"EndTime":1760063626522,"Message":"Connection Failed","Priority":1,"Severity":"notice","TenantID":"3d6c4203-7328-4fb2-98fa-f37d385ffbde","GroupedBy":["Message","DeviceAddress","DeviceHostName","SourceAddress","SourceHostName","SourceUserName","DestinationAddress","DestinationHostName","DestinationUserName","ApplicationProtocol","TransportProtocol","BytesIn","BytesOut","DeviceAction","DeviceAssetID","DeviceCity","DeviceCountry","DeviceDirection","DeviceDnsDomain","DeviceEventCategory","DeviceEventClassID","DeviceExternalID","DeviceFacility","DeviceHostName","DeviceInboundInterface","DeviceLatitude","DeviceLongitude","DeviceMacAddress","DeviceNtDomain","DeviceOutboundInterface","DevicePayloadID","DeviceProcessID","DeviceProcessName","DeviceReceiptTime","DeviceRegion","DeviceTimeZone","DeviceTranslatedAddress","DeviceVersion","EventOutcome","Reason","Severity","SourceAccountID","SourceAssetID","SourceCity","SourceCountry","SourceDnsDomain","SourceLatitude","SourceLongitude","SourceMacAddress","SourceNtDomain","SourcePort","SourceProcessID","SourceProcessName","SourceRegion","SourceServiceName","SourceTranslatedAddress","SourceTranslatedPort","SourceUserID","SourceUserPrivileges","DestinationAccountID","DestinationAssetID","DestinationCity","DestinationCountry","DestinationDnsDomain","DestinationLatitude","DestinationLongitude","DestinationMacAddress","DestinationNtDomain","DestinationPort","DestinationProcessID","DestinationProcessName","DestinationRegion","DestinationServiceName","DestinationTranslatedAddress","DestinationTranslatedPort","DestinationUserID","DestinationUserPrivileges","RequestClientApplication","RequestContext","RequestCookies","RequestMethod","RequestUrl","FileCreateTime","FileHash","FileID","FileModificationTime","FileName","FilePath","FilePermission","FileSize","FileType","OldFileCreateTime","OldFileHash","OldFileID","OldFileModificationTime","OldFileName","OldFilePath","OldFilePermission","OldFileSize","OldFileType","DeviceCustomDate1","DeviceCustomDate2","DeviceCustomFloatingPoint1","DeviceCustomFloatingPoint2","DeviceCustomFloatingPoint2Label","DeviceCustomFloatingPoint3","DeviceCustomFloatingPoint3Label","DeviceCustomFloatingPoint4","DeviceCustomFloatingPoint4Label","DeviceCustomIPv6Address1","DeviceCustomIPv6Address1Label","DeviceCustomIPv6Address3","DeviceCustomIPv6Address3Label","DeviceCustomIPv6Address4","DeviceCustomIPv6Address4Label","DeviceCustomNumber2","DeviceCustomNumber2Label","DeviceCustomNumber3","DeviceCustomString1","DeviceCustomNumber3Label","DeviceCustomString1Label","DeviceCustomString2","DeviceCustomString2Label","DeviceCustomString3","DeviceCustomString3Label","DeviceCustomString4","DeviceCustomString4Label","DeviceCustomString5","DeviceCustomString5Label","DeviceCustomString6","DeviceCustomString6Label","FlexDate1","FlexDate1Label","FlexNumber1","FlexNumber1Label","FlexNumber2","FlexNumber2Label","FlexString1","FlexString1Label","FlexString2"],"ServiceID":"7a75f41d-313b-4f68-a99d-6427546cc799","StartTime":1760063626522,"Timestamp":1760063630474,"BaseEvents":[{"ID":"032c40d2-6b16-475d-b96e-05b4210ce8ab","Name":"traffic","Type":1,"EndTime":1760049226000,"Message":"Connection Failed","Priority":0,"Severity":"notice","TenantID":"3d6c4203-7328-4fb2-98fa-f37d385ffbde","ServiceID":"71d3be03-d996-4ec6-a03d-223288e5abc8","Timestamp":1760063626522,"ExternalID":"71867823","SourcePort":56187,"ServiceName":"Fortigate","DeviceAction":"deny","DeviceVendor":"Fortninet","DeviceAddress":"192.168.51.14","DeviceProduct":"Fortigate","SourceAddress":"176.211.128.58","DeviceHostName":"windu","DeviceTimeZone":"+02:00","DestinationPort":445,"DeviceExternalID":"FGT60FTK22032234","DeviceReceiptTime":1760063626522,"TransportProtocol":"6","DestinationAddress":"192.168.1.222","DeviceEventClassID":"local","ApplicationProtocol":"SMB","DeviceCustomString1":"local-in-policy","DeviceEventCategory":"traffic","DeviceInboundInterface":"wan2","DeviceOutboundInterface":"root","DeviceCustomNumber1Label":"duration","DeviceCustomNumber2Label":"policyid","DeviceCustomString1Label":"policytype"}],"SourcePort":56187,"ServiceName":"[OOTB] Correlator","DeviceAction":"deny","DeviceVendor":"Kaspersky","DeviceAddress":"192.168.51.14","DeviceProduct":"KUMA","SourceAddress":"176.211.128.58","BaseEventCount":1,"DeviceHostName":"windu","DeviceTimeZone":"+02:00","DestinationPort":445,"DeviceExternalID":"FGT60FTK22032234","CorrelationRuleID":"e2a20430-e50f-4f70-8970-8c799793a934","DeviceReceiptTime":1760063626522,"TransportProtocol":"6","DestinationAddress":"192.168.1.222","DeviceEventClassID":"local","ApplicationProtocol":"SMB","CorrelationRuleName":"Connection. Inbound connection from external host using SMB, RPC ports","DeviceCustomString1":"local-in-policy","DeviceEventCategory":"traffic","DeviceInboundInterface":"wan2","DeviceOutboundInterface":"root","DeviceCustomNumber2Label":"policyid","DeviceCustomString1Label":"policytype"}],"ExternalID":"R445_03","SourcePort":56187,"ServiceName":"[OOTB] Correlator","DeviceAction":"deny","DeviceVendor":"Kaspersky","DeviceAddress":"192.168.51.14","DeviceProduct":"KUMA","SourceAddress":"176.211.128.58","BaseEventCount":1,"DeviceHostName":"windu","DeviceTimeZone":"+02:00","DestinationPort":445,"DeviceExternalID":"FGT60FTK22032234","CorrelationRuleID":"49182bb8-1dd3-44cd-b561-101a5bd0e58d","DeviceReceiptTime":1760063626522,"TransportProtocol":"6","DestinationAddress":"192.168.1.222","DeviceEventClassID":"local","ApplicationProtocol":"SMB","CorrelationRuleName":"R445_03_Inbound connection from external host via SMB, RPC port","DeviceCustomString1":"local-in-policy","DeviceEventCategory":"traffic","DestinationServiceName":"Microsoft-DS (Directory Services) SMB file sharing","DeviceInboundInterface":"wan2","DeviceOutboundInterface":"root","DeviceCustomNumber2Label":"policyid","DeviceCustomString1Label":"policytype"},{"N":{"KL_CorrelationRulePriority":1},"ID":"547dca23-c636-4a23-a302-671a539cffb4","Name":"R445_03_Inbound connection from external host via SMB, RPC port","Type":3,"EndTime":1760063630490,"Message":"The external host 85.159.216.250 remotely connected to the internal node 192.168.1.222 on port 445 which is used in SMB, RPC protocols: Microsoft-DS (Directory Services) SMB file sharing","Priority":1,"Severity":"notice","TenantID":"3d6c4203-7328-4fb2-98fa-f37d385ffbde","GroupedBy":["Message","DeviceAddress","DeviceHostName","SourceAddress","SourceHostName","SourceUserName","DestinationAddress","DestinationHostName","DestinationUserName","ApplicationProtocol","TransportProtocol","BytesIn","BytesOut","DeviceAction","DeviceAssetID","DeviceCity","DeviceCountry","DeviceDirection","DeviceDnsDomain","DeviceEventCategory","DeviceEventClassID","DeviceExternalID","DeviceFacility","DeviceHostName","DeviceInboundInterface","DeviceLatitude","DeviceLongitude","DeviceMacAddress","DeviceNtDomain","DeviceOutboundInterface","DevicePayloadID","DeviceProcessID","DeviceProcessName","DeviceReceiptTime","DeviceRegion","DeviceTimeZone","DeviceTranslatedAddress","DeviceVersion","EventOutcome","Reason","Severity","SourceAccountID","SourceAssetID","SourceCity","SourceCountry","SourceDnsDomain","SourceLatitude","SourceLongitude","SourceMacAddress","SourceNtDomain","SourcePort","SourceProcessID","SourceProcessName","SourceRegion","SourceServiceName","SourceTranslatedAddress","SourceTranslatedPort","SourceUserID","SourceUserPrivileges","DestinationAccountID","DestinationAssetID","DestinationCity","DestinationCountry","DestinationDnsDomain","DestinationLatitude","DestinationLongitude","DestinationMacAddress","DestinationNtDomain","DestinationPort","DestinationProcessID","DestinationProcessName","DestinationRegion","DestinationServiceName","DestinationTranslatedAddress","DestinationTranslatedPort","DestinationUserID","DestinationUserPrivileges","RequestClientApplication","RequestContext","RequestCookies","RequestMethod","RequestUrl","FileCreateTime","FileHash","FileID","FileModificationTime","FileName","FilePath","FilePermission","FileSize","FileType","OldFileCreateTime","OldFileHash","OldFileID","OldFileModificationTime","OldFileName","OldFilePath","OldFilePermission","OldFileSize","OldFileType","DeviceCustomDate1","DeviceCustomDate2","DeviceCustomFloatingPoint1","DeviceCustomFloatingPoint2","DeviceCustomFloatingPoint2Label","DeviceCustomFloatingPoint3","DeviceCustomFloatingPoint3Label","DeviceCustomFloatingPoint4","DeviceCustomFloatingPoint4Label","DeviceCustomIPv6Address1","DeviceCustomIPv6Address1Label","DeviceCustomIPv6Address3","DeviceCustomIPv6Address3Label","DeviceCustomIPv6Address4","DeviceCustomIPv6Address4Label","DeviceCustomNumber2","DeviceCustomNumber2Label","DeviceCustomNumber3","DeviceCustomString1","DeviceCustomNumber3Label","DeviceCustomString1Label","DeviceCustomString2","DeviceCustomString2Label","DeviceCustomString3","DeviceCustomString3Label","DeviceCustomString4","DeviceCustomString4Label","DeviceCustomString5","DeviceCustomString5Label","DeviceCustomString6","DeviceCustomString6Label","FlexDate1","FlexDate1Label","FlexNumber1","FlexNumber1Label","FlexNumber2","FlexNumber2Label","FlexString1","FlexString1Label","FlexString2","timestamp_just_added","timestamp_profiling_finished"],"ServiceID":"7a75f41d-313b-4f68-a99d-6427546cc799","StartTime":1760063630490,"Timestamp":1760063630491,"BaseEvents":[{"N":{"KL_CorrelationRulePriority":1},"ID":"c78eabab-bcf2-4240-8def-e3d0ff239445","Name":"Connection. Inbound connection from external host using SMB, RPC ports","Type":3,"EndTime":1760063628571,"Message":"Connection Failed","Priority":1,"Severity":"notice","TenantID":"3d6c4203-7328-4fb2-98fa-f37d385ffbde","GroupedBy":["Message","DeviceAddress","DeviceHostName","SourceAddress","SourceHostName","SourceUserName","DestinationAddress","DestinationHostName","DestinationUserName","ApplicationProtocol","TransportProtocol","BytesIn","BytesOut","DeviceAction","DeviceAssetID","DeviceCity","DeviceCountry","DeviceDirection","DeviceDnsDomain","DeviceEventCategory","DeviceEventClassID","DeviceExternalID","DeviceFacility","DeviceHostName","DeviceInboundInterface","DeviceLatitude","DeviceLongitude","DeviceMacAddress","DeviceNtDomain","DeviceOutboundInterface","DevicePayloadID","DeviceProcessID","DeviceProcessName","DeviceReceiptTime","DeviceRegion","DeviceTimeZone","DeviceTranslatedAddress","DeviceVersion","EventOutcome","Reason","Severity","SourceAccountID","SourceAssetID","SourceCity","SourceCountry","SourceDnsDomain","SourceLatitude","SourceLongitude","SourceMacAddress","SourceNtDomain","SourcePort","SourceProcessID","SourceProcessName","SourceRegion","SourceServiceName","SourceTranslatedAddress","SourceTranslatedPort","SourceUserID","SourceUserPrivileges","DestinationAccountID","DestinationAssetID","DestinationCity","DestinationCountry","DestinationDnsDomain","DestinationLatitude","DestinationLongitude","DestinationMacAddress","DestinationNtDomain","DestinationPort","DestinationProcessID","DestinationProcessName","DestinationRegion","DestinationServiceName","DestinationTranslatedAddress","DestinationTranslatedPort","DestinationUserID","DestinationUserPrivileges","RequestClientApplication","RequestContext","RequestCookies","RequestMethod","RequestUrl","FileCreateTime","FileHash","FileID","FileModificationTime","FileName","FilePath","FilePermission","FileSize","FileType","OldFileCreateTime","OldFileHash","OldFileID","OldFileModificationTime","OldFileName","OldFilePath","OldFilePermission","OldFileSize","OldFileType","DeviceCustomDate1","DeviceCustomDate2","DeviceCustomFloatingPoint1","DeviceCustomFloatingPoint2","DeviceCustomFloatingPoint2Label","DeviceCustomFloatingPoint3","DeviceCustomFloatingPoint3Label","DeviceCustomFloatingPoint4","DeviceCustomFloatingPoint4Label","DeviceCustomIPv6Address1","DeviceCustomIPv6Address1Label","DeviceCustomIPv6Address3","DeviceCustomIPv6Address3Label","DeviceCustomIPv6Address4","DeviceCustomIPv6Address4Label","DeviceCustomNumber2","DeviceCustomNumber2Label","DeviceCustomNumber3","DeviceCustomString1","DeviceCustomNumber3Label","DeviceCustomString1Label","DeviceCustomString2","DeviceCustomString2Label","DeviceCustomString3","DeviceCustomString3Label","DeviceCustomString4","DeviceCustomString4Label","DeviceCustomString5","DeviceCustomString5Label","DeviceCustomString6","DeviceCustomString6Label","FlexDate1","FlexDate1Label","FlexNumber1","FlexNumber1Label","FlexNumber2","FlexNumber2Label","FlexString1","FlexString1Label","FlexString2"],"ServiceID":"7a75f41d-313b-4f68-a99d-6427546cc799","StartTime":1760063628571,"Timestamp":1760063630490,"BaseEvents":[{"ID":"73e066e2-9ccc-43fc-9c2f-e8a1a81cc542","Name":"traffic","Type":1,"EndTime":1760049228000,"Message":"Connection Failed","Priority":0,"Severity":"notice","TenantID":"3d6c4203-7328-4fb2-98fa-f37d385ffbde","ServiceID":"71d3be03-d996-4ec6-a03d-223288e5abc8","Timestamp":1760063628571,"ExternalID":"71867875","SourcePort":50981,"ServiceName":"Fortigate","DeviceAction":"deny","DeviceVendor":"Fortninet","DeviceAddress":"192.168.51.14","DeviceProduct":"Fortigate","SourceAddress":"85.159.216.250","DeviceHostName":"windu","DeviceTimeZone":"+02:00","DestinationPort":445,"DeviceExternalID":"FGT60FTK22032234","DeviceReceiptTime":1760063628571,"TransportProtocol":"6","DestinationAddress":"192.168.1.222","DeviceEventClassID":"local","ApplicationProtocol":"SMB","DeviceCustomString1":"local-in-policy","DeviceEventCategory":"traffic","DeviceInboundInterface":"wan2","DeviceOutboundInterface":"root","DeviceCustomNumber1Label":"duration","DeviceCustomNumber2Label":"policyid","DeviceCustomString1Label":"policytype"}],"SourcePort":50981,"ServiceName":"[OOTB] Correlator","DeviceAction":"deny","DeviceVendor":"Kaspersky","DeviceAddress":"192.168.51.14","DeviceProduct":"KUMA","SourceAddress":"85.159.216.250","BaseEventCount":1,"DeviceHostName":"windu","DeviceTimeZone":"+02:00","DestinationPort":445,"DeviceExternalID":"FGT60FTK22032234","CorrelationRuleID":"e2a20430-e50f-4f70-8970-8c799793a934","DeviceReceiptTime":1760063628571,"TransportProtocol":"6","DestinationAddress":"192.168.1.222","DeviceEventClassID":"local","ApplicationProtocol":"SMB","CorrelationRuleName":"Connection. Inbound connection from external host using SMB, RPC ports","DeviceCustomString1":"local-in-policy","DeviceEventCategory":"traffic","DeviceInboundInterface":"wan2","DeviceOutboundInterface":"root","DeviceCustomNumber2Label":"policyid","DeviceCustomString1Label":"policytype"}],"ExternalID":"R445_03","SourcePort":50981,"ServiceName":"[OOTB] Correlator","DeviceAction":"deny","DeviceVendor":"Kaspersky","DeviceAddress":"192.168.51.14","DeviceProduct":"KUMA","SourceAddress":"85.159.216.250","BaseEventCount":1,"DeviceHostName":"windu","DeviceTimeZone":"+02:00","DestinationPort":445,"DeviceExternalID":"FGT60FTK22032234","CorrelationRuleID":"49182bb8-1dd3-44cd-b561-101a5bd0e58d","DeviceReceiptTime":1760063628571,"TransportProtocol":"6","DestinationAddress":"192.168.1.222","DeviceEventClassID":"local","ApplicationProtocol":"SMB","CorrelationRuleName":"R445_03_Inbound connection from external host via SMB, RPC port","DeviceCustomString1":"local-in-policy","DeviceEventCategory":"traffic","DestinationServiceName":"Microsoft-DS (Directory Services) SMB file sharing","DeviceInboundInterface":"wan2","DeviceOutboundInterface":"root","DeviceCustomNumber2Label":"policyid","DeviceCustomString1Label":"policytype"}],"Rules":[{"Confidence":"medium","Custom":false,"ID":"49182bb8-1dd3-44cd-b561-101a5bd0e58d","Name":"R445_03_Inbound connection from external host via SMB, RPC port","Severity":"medium","Type":""}],"Severity":"low","SourceCreatedAt":"2025-10-10T02:33:35.474Z","SourceID":"3d25ae9d-0669-46b4-a3f9-3d6c8f5f0c28;547dca23-c636-4a23-a302-671a539cffb4;d59f539a-60e3-4622-a5af-6a0c6fb1273e","Status":"new","StatusChangedAt":"2025-10-10T02:33:40.371Z","StatusResolution":"","TenantID":"3d6c4203-7328-4fb2-98fa-f37d385ffbde","UpdatedAt":"2025-10-10T02:33:40.371Z"},{"Assets":null,"Assignee":{"ID":"nobody","Name":"Not assigned","Type":""},"CreatedAt":"2025-10-10T02:34:50.369Z","DetectionTechnologies":null,"ExternalRef":"","Extra":null,"FirstEventTime":"2025-10-10T02:34:43.121Z","HistoryRecords":null,"ID":18949,"IncidentID":"","IncidentLinkType":"","InternalID":"88add474-c755-4f59-b7e4-5d51317734fb","IsCII":false,"LastEventTime":"2025-10-10T02:34:45.509Z","MITRETactics":null,"MITRETechniques":null,"Name":"R204_Use of an external DNS server","Observables":[{"Details":"","Type":"ip","Value":"208.84.5.1"},{"Details":"","Type":"hostname","Value":"windu"},{"Details":"","Type":"ip","Value":"150.171.21.4"},{"Details":"","Type":"ip","Value":"13.107.236.9"},{"Details":"","Type":"ip","Value":"204.14.183.1"},{"Details":"","Type":"ip","Value":"13.107.236.4"},{"Details":"","Type":"ip","Value":"192.48.79.30"},{"Details":"","Type":"ip","Value":"204.14.183.3"},{"Details":"","Type":"ip","Value":"204.14.183.2"},{"Details":"","Type":"ip","Value":"150.171.10.39"},{"Details":"","Type":"ip","Value":"192.5.6.30"},{"Details":"","Type":"ip","Value":"204.14.183.201"},{"Details":"","Type":"ip","Value":"13.107.222.39"},{"Details":"","Type":"ip","Value":"208.84.5.3"},{"Details":"","Type":"ip","Value":"13.107.206.240"},{"Details":"","Type":"ip","Value":"150.171.21.1"},{"Details":"","Type":"ip","Value":"150.171.21.3"},{"Details":"","Type":"ip","Value":"208.84.5.4"}],"OriginalEvents":[{"N":{"KL_CorrelationRulePriority":2},"ID":"88add474-c755-4f59-b7e4-5d51317734fb","Name":"R204_Use of an external DNS server","Type":3,"EndTime":1760063685488,"Priority":2,"TenantID":"3d6c4203-7328-4fb2-98fa-f37d385ffbde","GroupedBy":["DestinationAddress","DestinationAssetID","DestinationHostName","DestinationPort","SourceAddress","SourceAssetID","SourceHostName","SourceNtDomain","TransportProtocol"],"ServiceID":"7a75f41d-313b-4f68-a99d-6427546cc799","StartTime":1760063683122,"Timestamp":1760063685488,"BaseEvents":[{"ID":"cdbbd18f-dc00-4a1d-afa8-f7660dd7020c","Name":"traffic","Type":1,"BytesIn":94,"EndTime":1760049282000,"BytesOut":90,"Priority":0,"Severity":"notice","TenantID":"3d6c4203-7328-4fb2-98fa-f37d385ffbde","ServiceID":"71d3be03-d996-4ec6-a03d-223288e5abc8","Timestamp":1760063683122,"ExternalID":"71865432","SourcePort":40425,"ServiceName":"Fortigate","DeviceAction":"accept","DeviceVendor":"Fortninet","DeviceAddress":"192.168.51.14","DeviceProduct":"Fortigate","SourceAddress":"172.16.210.1","DeviceHostName":"windu","DeviceTimeZone":"+02:00","DestinationPort":53,"DeviceExternalID":"FGT60FTK22032234","DeviceReceiptTime":1760063683122,"TransportProtocol":"17","DestinationAddress":"208.84.5.1","DeviceEventClassID":"forward","ApplicationProtocol":"DNS","DeviceCustomNumber1":180,"DeviceCustomNumber2":35,"DeviceCustomString1":"policy","DeviceEventCategory":"traffic","SourceTranslatedPort":40425,"DeviceInboundInterface":"Susp0Root1_1","DeviceOutboundInterface":"wan2","SourceTranslatedAddress":"192.168.1.222","DeviceCustomNumber1Label":"duration","DeviceCustomNumber2Label":"policyid","DeviceCustomString1Label":"policytype"}],"ExternalID":"R204","ServiceName":"[OOTB] Correlator","DeviceVendor":"Kaspersky","DeviceProduct":"KUMA","SourceAddress":"172.16.210.1","BaseEventCount":1,"DeviceTimeZone":"+02:00","DestinationPort":53,"CorrelationRuleID":"501d865f-6430-4175-9490-62f2e3d203e2","TransportProtocol":"17","DestinationAddress":"208.84.5.1","CorrelationRuleName":"R204_Use of an external DNS server"},{"N":{"KL_CorrelationRulePriority":2},"ID":"066d5582-7023-4433-a814-7ab1b0499d92","Name":"R204_Use of an external DNS server","Type":3,"EndTime":1760063685490,"Priority":2,"TenantID":"3d6c4203-7328-4fb2-98fa-f37d385ffbde","GroupedBy":["DestinationAddress","DestinationAssetID","DestinationHostName","DestinationPort","SourceAddress","SourceAssetID","SourceHostName","SourceNtDomain","TransportProtocol"],"ServiceID":"7a75f41d-313b-4f68-a99d-6427546cc799","StartTime":1760063683122,"Timestamp":1760063685490,"BaseEvents":[{"ID":"285c410e-b3e1-470b-aeb1-36758a62f254","Name":"traffic","Type":1,"BytesIn":92,"EndTime":1760049282000,"BytesOut":88,"Priority":0,"Severity":"notice","TenantID":"3d6c4203-7328-4fb2-98fa-f37d385ffbde","ServiceID":"71d3be03-d996-4ec6-a03d-223288e5abc8","Timestamp":1760063683122,"ExternalID":"71865428","SourcePort":45991,"ServiceName":"Fortigate","DeviceAction":"accept","DeviceVendor":"Fortninet","DeviceAddress":"192.168.51.14","DeviceProduct":"Fortigate","SourceAddress":"172.16.210.1","DeviceHostName":"windu","DeviceTimeZone":"+02:00","DestinationPort":53,"DeviceExternalID":"FGT60FTK22032234","DeviceReceiptTime":1760063683122,"TransportProtocol":"17","DestinationAddress":"150.171.21.4","DeviceEventClassID":"forward","ApplicationProtocol":"DNS","DeviceCustomNumber1":180,"DeviceCustomNumber2":35,"DeviceCustomString1":"policy","DeviceEventCategory":"traffic","SourceTranslatedPort":45991,"DeviceInboundInterface":"Susp0Root1_1","DeviceOutboundInterface":"wan2","SourceTranslatedAddress":"192.168.1.222","DeviceCustomNumber1Label":"duration","DeviceCustomNumber2Label":"policyid","DeviceCustomString1Label":"policytype"}],"ExternalID":"R204","ServiceName":"[OOTB] Correlator","DeviceVendor":"Kaspersky","DeviceProduct":"KUMA","SourceAddress":"172.16.210.1","BaseEventCount":1,"DeviceTimeZone":"+02:00","DestinationPort":53,"CorrelationRuleID":"501d865f-6430-4175-9490-62f2e3d203e2","TransportProtocol":"17","DestinationAddress":"150.171.21.4","CorrelationRuleName":"R204_Use of an external DNS server"},{"N":{"KL_CorrelationRulePriority":2},"ID":"7c76db68-d8c0-498a-97c6-a773d643203b","Name":"R204_Use of an external DNS server","Type":3,"EndTime":1760063685491,"Priority":2,"TenantID":"3d6c4203-7328-4fb2-98fa-f37d385ffbde","GroupedBy":["DestinationAddress","DestinationAssetID","DestinationHostName","DestinationPort","SourceAddress","SourceAssetID","SourceHostName","SourceNtDomain","TransportProtocol"],"ServiceID":"7a75f41d-313b-4f68-a99d-6427546cc799","StartTime":1760063683122,"Timestamp":1760063685491,"BaseEvents":[{"ID":"2563c81a-79a7-4714-97e6-8f0f53b6ca17","Name":"traffic","Type":1,"BytesIn":87,"EndTime":1760049282000,"BytesOut":83,"Priority":0,"Severity":"notice","TenantID":"3d6c4203-7328-4fb2-98fa-f37d385ffbde","ServiceID":"71d3be03-d996-4ec6-a03d-223288e5abc8","Timestamp":1760063683122,"ExternalID":"71865426","SourcePort":60952,"ServiceName":"Fortigate","DeviceAction":"accept","DeviceVendor":"Fortninet","DeviceAddress":"192.168.51.14","DeviceProduct":"Fortigate","SourceAddress":"172.16.210.1","DeviceHostName":"windu","DeviceTimeZone":"+02:00","DestinationPort":53,"DeviceExternalID":"FGT60FTK22032234","DeviceReceiptTime":1760063683122,"TransportProtocol":"17","DestinationAddress":"13.107.236.9","DeviceEventClassID":"forward","ApplicationProtocol":"DNS","DeviceCustomNumber1":180,"DeviceCustomNumber2":35,"DeviceCustomString1":"policy","DeviceEventCategory":"traffic","SourceTranslatedPort":60952,"DeviceInboundInterface":"Susp0Root1_1","DeviceOutboundInterface":"wan2","SourceTranslatedAddress":"192.168.1.222","DeviceCustomNumber1Label":"duration","DeviceCustomNumber2Label":"policyid","DeviceCustomString1Label":"policytype"}],"ExternalID":"R204","ServiceName":"[OOTB] Correlator","DeviceVendor":"Kaspersky","DeviceProduct":"KUMA","SourceAddress":"172.16.210.1","BaseEventCount":1,"DeviceTimeZone":"+02:00","DestinationPort":53,"CorrelationRuleID":"501d865f-6430-4175-9490-62f2e3d203e2","TransportProtocol":"17","DestinationAddress":"13.107.236.9","CorrelationRuleName":"R204_Use of an external DNS server"},{"N":{"KL_CorrelationRulePriority":2},"ID":"1847de5b-80c0-4672-8c26-16f95b649aab","Name":"R204_Use of an external DNS server","Type":3,"EndTime":1760063685491,"Priority":2,"TenantID":"3d6c4203-7328-4fb2-98fa-f37d385ffbde","GroupedBy":["DestinationAddress","DestinationAssetID","DestinationHostName","DestinationPort","SourceAddress","SourceAssetID","SourceHostName","SourceNtDomain","TransportProtocol"],"ServiceID":"7a75f41d-313b-4f68-a99d-6427546cc799","StartTime":1760063683123,"Timestamp":1760063685491,"BaseEvents":[{"ID":"4e0e2758-4515-4ad3-b327-511306416670","Name":"traffic","Type":1,"BytesIn":94,"EndTime":1760049282000,"BytesOut":90,"Priority":0,"Severity":"notice","TenantID":"3d6c4203-7328-4fb2-98fa-f37d385ffbde","ServiceID":"71d3be03-d996-4ec6-a03d-223288e5abc8","Timestamp":1760063683123,"ExternalID":"71865458","SourcePort":47554,"ServiceName":"Fortigate","DeviceAction":"accept","DeviceVendor":"Fortninet","DeviceAddress":"192.168.51.14","DeviceProduct":"Fortigate","SourceAddress":"172.16.210.1","DeviceHostName":"windu","DeviceTimeZone":"+02:00","DestinationPort":53,"DeviceExternalID":"FGT60FTK22032234","DeviceReceiptTime":1760063683123,"TransportProtocol":"17","DestinationAddress":"204.14.183.1","DeviceEventClassID":"forward","ApplicationProtocol":"DNS","DeviceCustomNumber1":180,"DeviceCustomNumber2":35,"DeviceCustomString1":"policy","DeviceEventCategory":"traffic","SourceTranslatedPort":47554,"DeviceInboundInterface":"Susp0Root1_1","DeviceOutboundInterface":"wan2","SourceTranslatedAddress":"192.168.1.222","DeviceCustomNumber1Label":"duration","DeviceCustomNumber2Label":"policyid","DeviceCustomString1Label":"policytype"}],"ExternalID":"R204","ServiceName":"[OOTB] Correlator","DeviceVendor":"Kaspersky","DeviceProduct":"KUMA","SourceAddress":"172.16.210.1","BaseEventCount":1,"DeviceTimeZone":"+02:00","DestinationPort":53,"CorrelationRuleID":"501d865f-6430-4175-9490-62f2e3d203e2","TransportProtocol":"17","DestinationAddress":"204.14.183.1","CorrelationRuleName":"R204_Use of an external DNS server"},{"N":{"KL_CorrelationRulePriority":2},"ID":"4d3631d3-24bf-44f6-8c54-a05df578f2c4","Name":"R204_Use of an external DNS server","Type":3,"EndTime":1760063685492,"Priority":2,"TenantID":"3d6c4203-7328-4fb2-98fa-f37d385ffbde","GroupedBy":["DestinationAddress","DestinationAssetID","DestinationHostName","DestinationPort","SourceAddress","SourceAssetID","SourceHostName","SourceNtDomain","TransportProtocol"],"ServiceID":"7a75f41d-313b-4f68-a99d-6427546cc799","StartTime":1760063683123,"Timestamp":1760063685492,"BaseEvents":[{"ID":"081f8083-fc44-4add-92bb-73e92af6d8f8","Name":"traffic","Type":1,"BytesIn":94,"EndTime":1760049282000,"BytesOut":90,"Priority":0,"Severity":"notice","TenantID":"3d6c4203-7328-4fb2-98fa-f37d385ffbde","ServiceID":"71d3be03-d996-4ec6-a03d-223288e5abc8","Timestamp":1760063683123,"ExternalID":"71865452","SourcePort":37880,"ServiceName":"Fortigate","DeviceAction":"accept","DeviceVendor":"Fortninet","DeviceAddress":"192.168.51.14","DeviceProduct":"Fortigate","SourceAddress":"172.16.210.1","DeviceHostName":"windu","DeviceTimeZone":"+02:00","DestinationPort":53,"DeviceExternalID":"FGT60FTK22032234","DeviceReceiptTime":1760063683123,"TransportProtocol":"17","DestinationAddress":"13.107.236.4","DeviceEventClassID":"forward","ApplicationProtocol":"DNS","DeviceCustomNumber1":180,"DeviceCustomNumber2":13,"DeviceCustomString1":"policy","DeviceEventCategory":"traffic","DeviceInboundInterface":"KSB","DeviceOutboundInterface":"Susp0Root1_0","DeviceCustomNumber1Label":"duration","DeviceCustomNumber2Label":"policyid","DeviceCustomString1Label":"policytype"}],"ExternalID":"R204","ServiceName":"[OOTB] Correlator","DeviceVendor":"Kaspersky","DeviceProduct":"KUMA","SourceAddress":"172.16.210.1","BaseEventCount":1,"DeviceTimeZone":"+02:00","DestinationPort":53,"CorrelationRuleID":"501d865f-6430-4175-9490-62f2e3d203e2","TransportProtocol":"17","DestinationAddress":"13.107.236.4","CorrelationRuleName":"R204_Use of an external DNS server"},{"N":{"KL_CorrelationRulePriority":2},"ID":"4ccd69f4-3ab2-440d-95d2-24f7004705d0","Name":"R204_Use of an external DNS server","Type":3,"EndTime":1760063685493,"Priority":2,"TenantID":"3d6c4203-7328-4fb2-98fa-f37d385ffbde","GroupedBy":["DestinationAddress","DestinationAssetID","DestinationHostName","DestinationPort","SourceAddress","SourceAssetID","SourceHostName","SourceNtDomain","TransportProtocol"],"ServiceID":"7a75f41d-313b-4f68-a99d-6427546cc799","StartTime":1760063683123,"Timestamp":1760063685493,"BaseEvents":[{"ID":"c9dbba40-d2d1-421f-9978-65d377c70a94","Name":"traffic","Type":1,"BytesIn":595,"EndTime":1760049282000,"BytesOut":78,"Priority":0,"Severity":"notice","TenantID":"3d6c4203-7328-4fb2-98fa-f37d385ffbde","ServiceID":"71d3be03-d996-4ec6-a03d-223288e5abc8","Timestamp":1760063683123,"ExternalID":"71865446","SourcePort":58030,"ServiceName":"Fortigate","DeviceAction":"accept","DeviceVendor":"Fortninet","DeviceAddress":"192.168.51.14","DeviceProduct":"Fortigate","SourceAddress":"172.16.210.1","DeviceHostName":"windu","DeviceTimeZone":"+02:00","DestinationPort":53,"DeviceExternalID":"FGT60FTK22032234","DeviceReceiptTime":1760063683123,"TransportProtocol":"17","DestinationAddress":"192.48.79.30","DeviceEventClassID":"forward","ApplicationProtocol":"DNS","DeviceCustomNumber1":180,"DeviceCustomNumber2":35,"DeviceCustomString1":"policy","DeviceEventCategory":"traffic","SourceTranslatedPort":58030,"DeviceInboundInterface":"Susp0Root1_1","DeviceOutboundInterface":"wan2","SourceTranslatedAddress":"192.168.1.222","DeviceCustomNumber1Label":"duration","DeviceCustomNumber2Label":"policyid","DeviceCustomString1Label":"policytype"}],"ExternalID":"R204","ServiceName":"[OOTB] Correlator","DeviceVendor":"Kaspersky","DeviceProduct":"KUMA","SourceAddress":"172.16.210.1","BaseEventCount":1,"DeviceTimeZone":"+02:00","DestinationPort":53,"CorrelationRuleID":"501d865f-6430-4175-9490-62f2e3d203e2","TransportProtocol":"17","DestinationAddress":"192.48.79.30","CorrelationRuleName":"R204_Use of an external DNS server"},{"N":{"KL_CorrelationRulePriority":2},"ID":"17a66d68-e8c4-4920-8fcb-010362e4d0e2","Name":"R204_Use of an external DNS server","Type":3,"EndTime":1760063685493,"Priority":2,"TenantID":"3d6c4203-7328-4fb2-98fa-f37d385ffbde","GroupedBy":["DestinationAddress","DestinationAssetID","DestinationHostName","DestinationPort","SourceAddress","SourceAssetID","SourceHostName","SourceNtDomain","TransportProtocol"],"ServiceID":"7a75f41d-313b-4f68-a99d-6427546cc799","StartTime":1760063683123,"Timestamp":1760063685493,"BaseEvents":[{"ID":"36ec494d-43f3-4e61-b9dc-416376bb9d37","Name":"traffic","Type":1,"BytesIn":93,"EndTime":1760049282000,"BytesOut":89,"Priority":0,"Severity":"notice","TenantID":"3d6c4203-7328-4fb2-98fa-f37d385ffbde","ServiceID":"71d3be03-d996-4ec6-a03d-223288e5abc8","Timestamp":1760063683123,"ExternalID":"71865422","SourcePort":40516,"ServiceName":"Fortigate","DeviceAction":"accept","DeviceVendor":"Fortninet","DeviceAddress":"192.168.51.14","DeviceProduct":"Fortigate","SourceAddress":"172.16.210.1","DeviceHostName":"windu","DeviceTimeZone":"+02:00","DestinationPort":53,"DeviceExternalID":"FGT60FTK22032234","DeviceReceiptTime":1760063683123,"TransportProtocol":"17","DestinationAddress":"204.14.183.3","DeviceEventClassID":"forward","ApplicationProtocol":"DNS","DeviceCustomNumber1":180,"DeviceCustomNumber2":35,"DeviceCustomString1":"policy","DeviceEventCategory":"traffic","SourceTranslatedPort":40516,"DeviceInboundInterface":"Susp0Root1_1","DeviceOutboundInterface":"wan2","SourceTranslatedAddress":"192.168.1.222","DeviceCustomNumber1Label":"duration","DeviceCustomNumber2Label":"policyid","DeviceCustomString1Label":"policytype"}],"ExternalID":"R204","ServiceName":"[OOTB] Correlator","DeviceVendor":"Kaspersky","DeviceProduct":"KUMA","SourceAddress":"172.16.210.1","BaseEventCount":1,"DeviceTimeZone":"+02:00","DestinationPort":53,"CorrelationRuleID":"501d865f-6430-4175-9490-62f2e3d203e2","TransportProtocol":"17","DestinationAddress":"204.14.183.3","CorrelationRuleName":"R204_Use of an external DNS server"},{"N":{"KL_CorrelationRulePriority":2},"ID":"5b8b6ad4-3a9b-4e14-bbe2-6f687a70deed","Name":"R204_Use of an external DNS server","Type":3,"EndTime":1760063685494,"Priority":2,"TenantID":"3d6c4203-7328-4fb2-98fa-f37d385ffbde","GroupedBy":["DestinationAddress","DestinationAssetID","DestinationHostName","DestinationPort","SourceAddress","SourceAssetID","SourceHostName","SourceNtDomain","TransportProtocol"],"ServiceID":"7a75f41d-313b-4f68-a99d-6427546cc799","StartTime":1760063683123,"Timestamp":1760063685494,"BaseEvents":[{"ID":"fdc07a87-c8b6-4ab7-ba5e-babd130e28d5","Name":"traffic","Type":1,"BytesIn":93,"EndTime":1760049282000,"BytesOut":89,"Priority":0,"Severity":"notice","TenantID":"3d6c4203-7328-4fb2-98fa-f37d385ffbde","ServiceID":"71d3be03-d996-4ec6-a03d-223288e5abc8","Timestamp":1760063683123,"ExternalID":"71865438","SourcePort":58528,"ServiceName":"Fortigate","DeviceAction":"accept","DeviceVendor":"Fortninet","DeviceAddress":"192.168.51.14","DeviceProduct":"Fortigate","SourceAddress":"172.16.210.1","DeviceHostName":"windu","DeviceTimeZone":"+02:00","DestinationPort":53,"DeviceExternalID":"FGT60FTK22032234","DeviceReceiptTime":1760063683123,"TransportProtocol":"17","DestinationAddress":"204.14.183.2","DeviceEventClassID":"forward","ApplicationProtocol":"DNS","DeviceCustomNumber1":180,"DeviceCustomNumber2":35,"DeviceCustomString1":"policy","DeviceEventCategory":"traffic","SourceTranslatedPort":58528,"DeviceInboundInterface":"Susp0Root1_1","DeviceOutboundInterface":"wan2","SourceTranslatedAddress":"192.168.1.222","DeviceCustomNumber1Label":"duration","DeviceCustomNumber2Label":"policyid","DeviceCustomString1Label":"policytype"}],"ExternalID":"R204","ServiceName":"[OOTB] Correlator","DeviceVendor":"Kaspersky","DeviceProduct":"KUMA","SourceAddress":"172.16.210.1","BaseEventCount":1,"DeviceTimeZone":"+02:00","DestinationPort":53,"CorrelationRuleID":"501d865f-6430-4175-9490-62f2e3d203e2","TransportProtocol":"17","DestinationAddress":"204.14.183.2","CorrelationRuleName":"R204_Use of an external DNS server"},{"N":{"KL_CorrelationRulePriority":2},"ID":"8b2aed54-198f-49b0-9aea-3849f053f5a6","Name":"R204_Use of an external DNS server","Type":3,"EndTime":1760063685495,"Priority":2,"TenantID":"3d6c4203-7328-4fb2-98fa-f37d385ffbde","GroupedBy":["DestinationAddress","DestinationAssetID","DestinationHostName","DestinationPort","SourceAddress","SourceAssetID","SourceHostName","SourceNtDomain","TransportProtocol"],"ServiceID":"7a75f41d-313b-4f68-a99d-6427546cc799","StartTime":1760063683123,"Timestamp":1760063685495,"BaseEvents":[{"ID":"53366bdf-fbd5-48b9-a08e-25449a27671b","Name":"traffic","Type":1,"BytesIn":158,"EndTime":1760049282000,"BytesOut":87,"Priority":0,"Severity":"notice","TenantID":"3d6c4203-7328-4fb2-98fa-f37d385ffbde","ServiceID":"71d3be03-d996-4ec6-a03d-223288e5abc8","Timestamp":1760063683123,"ExternalID":"71865444","SourcePort":35387,"ServiceName":"Fortigate","DeviceAction":"accept","DeviceVendor":"Fortninet","DeviceAddress":"192.168.51.14","DeviceProduct":"Fortigate","SourceAddress":"172.16.210.1","DeviceHostName":"windu","DeviceTimeZone":"+02:00","DestinationPort":53,"DeviceExternalID":"FGT60FTK22032234","DeviceReceiptTime":1760063683123,"TransportProtocol":"17","DestinationAddress":"150.171.10.39","DeviceEventClassID":"forward","ApplicationProtocol":"DNS","DeviceCustomNumber1":180,"DeviceCustomNumber2":35,"DeviceCustomString1":"policy","DeviceEventCategory":"traffic","SourceTranslatedPort":35387,"DeviceInboundInterface":"Susp0Root1_1","DeviceOutboundInterface":"wan2","SourceTranslatedAddress":"192.168.1.222","DeviceCustomNumber1Label":"duration","DeviceCustomNumber2Label":"policyid","DeviceCustomString1Label":"policytype"}],"ExternalID":"R204","ServiceName":"[OOTB] Correlator","DeviceVendor":"Kaspersky","DeviceProduct":"KUMA","SourceAddress":"172.16.210.1","BaseEventCount":1,"DeviceTimeZone":"+02:00","DestinationPort":53,"CorrelationRuleID":"501d865f-6430-4175-9490-62f2e3d203e2","TransportProtocol":"17","DestinationAddress":"150.171.10.39","CorrelationRuleName":"R204_Use of an external DNS server"},{"N":{"KL_CorrelationRulePriority":2},"ID":"c9409514-4a47-441c-b0ce-a051fa83ef75","Name":"R204_Use of an external DNS server","Type":3,"EndTime":1760063685497,"Priority":2,"TenantID":"3d6c4203-7328-4fb2-98fa-f37d385ffbde","GroupedBy":["DestinationAddress","DestinationAssetID","DestinationHostName","DestinationPort","SourceAddress","SourceAssetID","SourceHostName","SourceNtDomain","TransportProtocol"],"ServiceID":"7a75f41d-313b-4f68-a99d-6427546cc799","StartTime":1760063683123,"Timestamp":1760063685497,"BaseEvents":[{"ID":"943d0d02-357d-4337-bc82-fe7111a8ce52","Name":"traffic","Type":1,"BytesIn":604,"EndTime":1760049282000,"BytesOut":87,"Priority":0,"Severity":"notice","TenantID":"3d6c4203-7328-4fb2-98fa-f37d385ffbde","ServiceID":"71d3be03-d996-4ec6-a03d-223288e5abc8","Timestamp":1760063683123,"ExternalID":"71865436","SourcePort":53944,"ServiceName":"Fortigate","DeviceAction":"accept","DeviceVendor":"Fortninet","DeviceAddress":"192.168.51.14","DeviceProduct":"Fortigate","SourceAddress":"172.16.210.1","DeviceHostName":"windu","DeviceTimeZone":"+02:00","DestinationPort":53,"DeviceExternalID":"FGT60FTK22032234","DeviceReceiptTime":1760063683123,"TransportProtocol":"17","DestinationAddress":"192.5.6.30","DeviceEventClassID":"forward","ApplicationProtocol":"DNS","DeviceCustomNumber1":180,"DeviceCustomNumber2":35,"DeviceCustomString1":"policy","DeviceEventCategory":"traffic","SourceTranslatedPort":53944,"DeviceInboundInterface":"Susp0Root1_1","DeviceOutboundInterface":"wan2","SourceTranslatedAddress":"192.168.1.222","DeviceCustomNumber1Label":"duration","DeviceCustomNumber2Label":"policyid","DeviceCustomString1Label":"policytype"}],"ExternalID":"R204","ServiceName":"[OOTB] Correlator","DeviceVendor":"Kaspersky","DeviceProduct":"KUMA","SourceAddress":"172.16.210.1","BaseEventCount":1,"DeviceTimeZone":"+02:00","DestinationPort":53,"CorrelationRuleID":"501d865f-6430-4175-9490-62f2e3d203e2","TransportProtocol":"17","DestinationAddress":"192.5.6.30","CorrelationRuleName":"R204_Use of an external DNS server"},{"N":{"KL_CorrelationRulePriority":2},"ID":"51631c1a-99d6-4bda-a47d-57bc014893f9","Name":"R204_Use of an external DNS server","Type":3,"EndTime":1760063685497,"Priority":2,"TenantID":"3d6c4203-7328-4fb2-98fa-f37d385ffbde","GroupedBy":["DestinationAddress","DestinationAssetID","DestinationHostName","DestinationPort","SourceAddress","SourceAssetID","SourceHostName","SourceNtDomain","TransportProtocol"],"ServiceID":"7a75f41d-313b-4f68-a99d-6427546cc799","StartTime":1760063683123,"Timestamp":1760063685497,"BaseEvents":[{"ID":"899ac3b4-e176-4c30-8eca-4213937c4099","Name":"traffic","Type":1,"BytesIn":122,"EndTime":1760049282000,"BytesOut":118,"Priority":0,"Severity":"notice","TenantID":"3d6c4203-7328-4fb2-98fa-f37d385ffbde","ServiceID":"71d3be03-d996-4ec6-a03d-223288e5abc8","Timestamp":1760063683123,"ExternalID":"71865460","SourcePort":50081,"ServiceName":"Fortigate","DeviceAction":"accept","DeviceVendor":"Fortninet","DeviceAddress":"192.168.51.14","DeviceProduct":"Fortigate","SourceAddress":"172.16.210.1","DeviceHostName":"windu","DeviceTimeZone":"+02:00","DestinationPort":53,"DeviceExternalID":"FGT60FTK22032234","DeviceReceiptTime":1760063683123,"TransportProtocol":"17","DestinationAddress":"204.14.183.201","DeviceEventClassID":"forward","ApplicationProtocol":"DNS","DeviceCustomNumber1":180,"DeviceCustomNumber2":35,"DeviceCustomString1":"policy","DeviceEventCategory":"traffic","SourceTranslatedPort":50081,"DeviceInboundInterface":"Susp0Root1_1","DeviceOutboundInterface":"wan2","SourceTranslatedAddress":"192.168.1.222","DeviceCustomNumber1Label":"duration","DeviceCustomNumber2Label":"policyid","DeviceCustomString1Label":"policytype"}],"ExternalID":"R204","ServiceName":"[OOTB] Correlator","DeviceVendor":"Kaspersky","DeviceProduct":"KUMA","SourceAddress":"172.16.210.1","BaseEventCount":1,"DeviceTimeZone":"+02:00","DestinationPort":53,"CorrelationRuleID":"501d865f-6430-4175-9490-62f2e3d203e2","TransportProtocol":"17","DestinationAddress":"204.14.183.201","CorrelationRuleName":"R204_Use of an external DNS server"},{"N":{"KL_CorrelationRulePriority":2},"ID":"cbb330f0-c8e6-495b-8e90-c42f77861895","Name":"R204_Use of an external DNS server","Type":3,"EndTime":1760063685498,"Priority":2,"TenantID":"3d6c4203-7328-4fb2-98fa-f37d385ffbde","GroupedBy":["DestinationAddress","DestinationAssetID","DestinationHostName","DestinationPort","SourceAddress","SourceAssetID","SourceHostName","SourceNtDomain","TransportProtocol"],"ServiceID":"7a75f41d-313b-4f68-a99d-6427546cc799","StartTime":1760063683123,"Timestamp":1760063685498,"BaseEvents":[{"ID":"400c248c-e0f3-4ef4-9ba1-4d88613de875","Name":"traffic","Type":1,"BytesIn":244,"EndTime":1760049282000,"BytesOut":118,"Priority":0,"Severity":"notice","TenantID":"3d6c4203-7328-4fb2-98fa-f37d385ffbde","ServiceID":"71d3be03-d996-4ec6-a03d-223288e5abc8","Timestamp":1760063683123,"ExternalID":"71865448","SourcePort":51072,"ServiceName":"Fortigate","DeviceAction":"accept","DeviceVendor":"Fortninet","DeviceAddress":"192.168.51.14","DeviceProduct":"Fortigate","SourceAddress":"172.16.210.1","DeviceHostName":"windu","DeviceTimeZone":"+02:00","DestinationPort":53,"DeviceExternalID":"FGT60FTK22032234","DeviceReceiptTime":1760063683123,"TransportProtocol":"17","DestinationAddress":"13.107.222.39","DeviceEventClassID":"forward","ApplicationProtocol":"DNS","DeviceCustomNumber1":180,"DeviceCustomNumber2":13,"DeviceCustomString1":"policy","DeviceEventCategory":"traffic","DeviceInboundInterface":"KSB","DeviceOutboundInterface":"Susp0Root1_0","DeviceCustomNumber1Label":"duration","DeviceCustomNumber2Label":"policyid","DeviceCustomString1Label":"policytype"}],"ExternalID":"R204","ServiceName":"[OOTB] Correlator","DeviceVendor":"Kaspersky","DeviceProduct":"KUMA","SourceAddress":"172.16.210.1","BaseEventCount":1,"DeviceTimeZone":"+02:00","DestinationPort":53,"CorrelationRuleID":"501d865f-6430-4175-9490-62f2e3d203e2","TransportProtocol":"17","DestinationAddress":"13.107.222.39","CorrelationRuleName":"R204_Use of an external DNS server"},{"N":{"KL_CorrelationRulePriority":2},"ID":"22628bfc-3085-4bdc-b6c1-19d01aa05231","Name":"R204_Use of an external DNS server","Type":3,"EndTime":1760063685499,"Priority":2,"TenantID":"3d6c4203-7328-4fb2-98fa-f37d385ffbde","GroupedBy":["DestinationAddress","DestinationAssetID","DestinationHostName","DestinationPort","SourceAddress","SourceAssetID","SourceHostName","SourceNtDomain","TransportProtocol"],"ServiceID":"7a75f41d-313b-4f68-a99d-6427546cc799","StartTime":1760063683123,"Timestamp":1760063685499,"BaseEvents":[{"ID":"7c145ad5-73ab-4bcc-b546-3754182618a6","Name":"traffic","Type":1,"BytesIn":94,"EndTime":1760049282000,"BytesOut":90,"Priority":0,"Severity":"notice","TenantID":"3d6c4203-7328-4fb2-98fa-f37d385ffbde","ServiceID":"71d3be03-d996-4ec6-a03d-223288e5abc8","Timestamp":1760063683123,"ExternalID":"71865442","SourcePort":33421,"ServiceName":"Fortigate","DeviceAction":"accept","DeviceVendor":"Fortninet","DeviceAddress":"192.168.51.14","DeviceProduct":"Fortigate","SourceAddress":"172.16.210.1","DeviceHostName":"windu","DeviceTimeZone":"+02:00","DestinationPort":53,"DeviceExternalID":"FGT60FTK22032234","DeviceReceiptTime":1760063683123,"TransportProtocol":"17","DestinationAddress":"208.84.5.3","DeviceEventClassID":"forward","ApplicationProtocol":"DNS","DeviceCustomNumber1":180,"DeviceCustomNumber2":35,"DeviceCustomString1":"policy","DeviceEventCategory":"traffic","SourceTranslatedPort":33421,"DeviceInboundInterface":"Susp0Root1_1","DeviceOutboundInterface":"wan2","SourceTranslatedAddress":"192.168.1.222","DeviceCustomNumber1Label":"duration","DeviceCustomNumber2Label":"policyid","DeviceCustomString1Label":"policytype"}],"ExternalID":"R204","ServiceName":"[OOTB] Correlator","DeviceVendor":"Kaspersky","DeviceProduct":"KUMA","SourceAddress":"172.16.210.1","BaseEventCount":1,"DeviceTimeZone":"+02:00","DestinationPort":53,"CorrelationRuleID":"501d865f-6430-4175-9490-62f2e3d203e2","TransportProtocol":"17","DestinationAddress":"208.84.5.3","CorrelationRuleName":"R204_Use of an external DNS server"},{"N":{"KL_CorrelationRulePriority":2},"ID":"e1af8f9d-f325-4733-8ff1-582c43a17fad","Name":"R204_Use of an external DNS server","Type":3,"EndTime":1760063685499,"Priority":2,"TenantID":"3d6c4203-7328-4fb2-98fa-f37d385ffbde","GroupedBy":["DestinationAddress","DestinationAssetID","DestinationHostName","DestinationPort","SourceAddress","SourceAssetID","SourceHostName","SourceNtDomain","TransportProtocol"],"ServiceID":"7a75f41d-313b-4f68-a99d-6427546cc799","StartTime":1760063683123,"Timestamp":1760063685499,"BaseEvents":[{"ID":"1a97340b-22f4-4b0c-a02d-e797b28ad863","Name":"traffic","Type":1,"BytesIn":163,"EndTime":1760049282000,"BytesOut":112,"Priority":0,"Severity":"notice","TenantID":"3d6c4203-7328-4fb2-98fa-f37d385ffbde","ServiceID":"71d3be03-d996-4ec6-a03d-223288e5abc8","Timestamp":1760063683123,"ExternalID":"71865434","SourcePort":57445,"ServiceName":"Fortigate","DeviceAction":"accept","DeviceVendor":"Fortninet","DeviceAddress":"192.168.51.14","DeviceProduct":"Fortigate","SourceAddress":"172.16.210.1","DeviceHostName":"windu","DeviceTimeZone":"+02:00","DestinationPort":53,"DeviceExternalID":"FGT60FTK22032234","DeviceReceiptTime":1760063683123,"TransportProtocol":"17","DestinationAddress":"13.107.206.240","DeviceEventClassID":"forward","ApplicationProtocol":"DNS","DeviceCustomNumber1":180,"DeviceCustomNumber2":35,"DeviceCustomString1":"policy","DeviceEventCategory":"traffic","SourceTranslatedPort":57445,"DeviceInboundInterface":"Susp0Root1_1","DeviceOutboundInterface":"wan2","SourceTranslatedAddress":"192.168.1.222","DeviceCustomNumber1Label":"duration","DeviceCustomNumber2Label":"policyid","DeviceCustomString1Label":"policytype"}],"ExternalID":"R204","ServiceName":"[OOTB] Correlator","DeviceVendor":"Kaspersky","DeviceProduct":"KUMA","SourceAddress":"172.16.210.1","BaseEventCount":1,"DeviceTimeZone":"+02:00","DestinationPort":53,"CorrelationRuleID":"501d865f-6430-4175-9490-62f2e3d203e2","TransportProtocol":"17","DestinationAddress":"13.107.206.240","CorrelationRuleName":"R204_Use of an external DNS server"},{"N":{"KL_CorrelationRulePriority":2},"ID":"ea40da09-37a0-4b98-bc8d-54094771fbbe","Name":"R204_Use of an external DNS server","Type":3,"EndTime":1760063685508,"Priority":2,"TenantID":"3d6c4203-7328-4fb2-98fa-f37d385ffbde","GroupedBy":["DestinationAddress","DestinationAssetID","DestinationHostName","DestinationPort","SourceAddress","SourceAssetID","SourceHostName","SourceNtDomain","TransportProtocol"],"ServiceID":"7a75f41d-313b-4f68-a99d-6427546cc799","StartTime":1760063683373,"Timestamp":1760063685508,"BaseEvents":[{"ID":"05b2da00-d789-4727-8da2-8960567dac69","Name":"traffic","Type":1,"BytesIn":93,"EndTime":1760049282000,"BytesOut":89,"Priority":0,"Severity":"notice","TenantID":"3d6c4203-7328-4fb2-98fa-f37d385ffbde","ServiceID":"71d3be03-d996-4ec6-a03d-223288e5abc8","Timestamp":1760063683373,"ExternalID":"71865439","SourcePort":42133,"ServiceName":"Fortigate","DeviceAction":"accept","DeviceVendor":"Fortninet","DeviceAddress":"192.168.51.14","DeviceProduct":"Fortigate","SourceAddress":"172.16.210.1","DeviceHostName":"windu","DeviceTimeZone":"+02:00","DestinationPort":53,"DeviceExternalID":"FGT60FTK22032234","DeviceReceiptTime":1760063683373,"TransportProtocol":"17","DestinationAddress":"150.171.21.1","DeviceEventClassID":"forward","ApplicationProtocol":"DNS","DeviceCustomNumber1":180,"DeviceCustomNumber2":13,"DeviceCustomString1":"policy","DeviceEventCategory":"traffic","DeviceInboundInterface":"KSB","DeviceOutboundInterface":"Susp0Root1_0","DeviceCustomNumber1Label":"duration","DeviceCustomNumber2Label":"policyid","DeviceCustomString1Label":"policytype"}],"ExternalID":"R204","ServiceName":"[OOTB] Correlator","DeviceVendor":"Kaspersky","DeviceProduct":"KUMA","SourceAddress":"172.16.210.1","BaseEventCount":1,"DeviceTimeZone":"+02:00","DestinationPort":53,"CorrelationRuleID":"501d865f-6430-4175-9490-62f2e3d203e2","TransportProtocol":"17","DestinationAddress":"150.171.21.1","CorrelationRuleName":"R204_Use of an external DNS server"},{"N":{"KL_CorrelationRulePriority":2},"ID":"5480fbd4-7226-4372-a448-a5fe95bf32b6","Name":"R204_Use of an external DNS server","Type":3,"EndTime":1760063685509,"Priority":2,"TenantID":"3d6c4203-7328-4fb2-98fa-f37d385ffbde","GroupedBy":["DestinationAddress","DestinationAssetID","DestinationHostName","DestinationPort","SourceAddress","SourceAssetID","SourceHostName","SourceNtDomain","TransportProtocol"],"ServiceID":"7a75f41d-313b-4f68-a99d-6427546cc799","StartTime":1760063683374,"Timestamp":1760063685509,"BaseEvents":[{"ID":"a93a9d03-9a37-46f6-b7d8-ead19d1f0e23","Name":"traffic","Type":1,"BytesIn":94,"EndTime":1760049282000,"BytesOut":90,"Priority":0,"Severity":"notice","TenantID":"3d6c4203-7328-4fb2-98fa-f37d385ffbde","ServiceID":"71d3be03-d996-4ec6-a03d-223288e5abc8","Timestamp":1760063683374,"ExternalID":"71865451","SourcePort":49432,"ServiceName":"Fortigate","DeviceAction":"accept","DeviceVendor":"Fortninet","DeviceAddress":"192.168.51.14","DeviceProduct":"Fortigate","SourceAddress":"172.16.210.1","DeviceHostName":"windu","DeviceTimeZone":"+02:00","DestinationPort":53,"DeviceExternalID":"FGT60FTK22032234","DeviceReceiptTime":1760063683374,"TransportProtocol":"17","DestinationAddress":"150.171.21.3","DeviceEventClassID":"forward","ApplicationProtocol":"DNS","DeviceCustomNumber1":180,"DeviceCustomNumber2":13,"DeviceCustomString1":"policy","DeviceEventCategory":"traffic","DeviceInboundInterface":"KSB","DeviceOutboundInterface":"Susp0Root1_0","DeviceCustomNumber1Label":"duration","DeviceCustomNumber2Label":"policyid","DeviceCustomString1Label":"policytype"}],"ExternalID":"R204","ServiceName":"[OOTB] Correlator","DeviceVendor":"Kaspersky","DeviceProduct":"KUMA","SourceAddress":"172.16.210.1","BaseEventCount":1,"DeviceTimeZone":"+02:00","DestinationPort":53,"CorrelationRuleID":"501d865f-6430-4175-9490-62f2e3d203e2","TransportProtocol":"17","DestinationAddress":"150.171.21.3","CorrelationRuleName":"R204_Use of an external DNS server"},{"N":{"KL_CorrelationRulePriority":2},"ID":"8fcec848-9c6d-4ebc-a191-e9c98c913f2c","Name":"R204_Use of an external DNS server","Type":3,"EndTime":1760063685510,"Priority":2,"TenantID":"3d6c4203-7328-4fb2-98fa-f37d385ffbde","GroupedBy":["DestinationAddress","DestinationAssetID","DestinationHostName","DestinationPort","SourceAddress","SourceAssetID","SourceHostName","SourceNtDomain","TransportProtocol"],"ServiceID":"7a75f41d-313b-4f68-a99d-6427546cc799","StartTime":1760063683374,"Timestamp":1760063685510,"BaseEvents":[{"ID":"e8f6cdf4-eff4-468d-a120-2252cb370856","Name":"traffic","Type":1,"BytesIn":95,"EndTime":1760049282000,"BytesOut":91,"Priority":0,"Severity":"notice","TenantID":"3d6c4203-7328-4fb2-98fa-f37d385ffbde","ServiceID":"71d3be03-d996-4ec6-a03d-223288e5abc8","Timestamp":1760063683374,"ExternalID":"71865457","SourcePort":44158,"ServiceName":"Fortigate","DeviceAction":"accept","DeviceVendor":"Fortninet","DeviceAddress":"192.168.51.14","DeviceProduct":"Fortigate","SourceAddress":"172.16.210.1","DeviceHostName":"windu","DeviceTimeZone":"+02:00","DestinationPort":53,"DeviceExternalID":"FGT60FTK22032234","DeviceReceiptTime":1760063683374,"TransportProtocol":"17","DestinationAddress":"208.84.5.4","DeviceEventClassID":"forward","ApplicationProtocol":"DNS","DeviceCustomNumber1":180,"DeviceCustomNumber2":35,"DeviceCustomString1":"policy","DeviceEventCategory":"traffic","SourceTranslatedPort":44158,"DeviceInboundInterface":"Susp0Root1_1","DeviceOutboundInterface":"wan2","SourceTranslatedAddress":"192.168.1.222","DeviceCustomNumber1Label":"duration","DeviceCustomNumber2Label":"policyid","DeviceCustomString1Label":"policytype"}],"ExternalID":"R204","ServiceName":"[OOTB] Correlator","DeviceVendor":"Kaspersky","DeviceProduct":"KUMA","SourceAddress":"172.16.210.1","BaseEventCount":1,"DeviceTimeZone":"+02:00","DestinationPort":53,"CorrelationRuleID":"501d865f-6430-4175-9490-62f2e3d203e2","TransportProtocol":"17","DestinationAddress":"208.84.5.4","CorrelationRuleName":"R204_Use of an external DNS server"}],"Rules":[{"Confidence":"medium","Custom":false,"ID":"501d865f-6430-4175-9490-62f2e3d203e2","Name":"R204_Use of an external DNS server","Severity":"high","Type":""}],"Severity":"medium","SourceCreatedAt":"2025-10-10T02:34:45.487Z","SourceID":"066d5582-7023-4433-a814-7ab1b0499d92;17a66d68-e8c4-4920-8fcb-010362e4d0e2;1847de5b-80c0-4672-8c26-16f95b649aab;22628bfc-3085-4bdc-b6c1-19d01aa05231;4ccd69f4-3ab2-440d-95d2-24f7004705d0;4d3631d3-24bf-44f6-8c54-a05df578f2c4;51631c1a-99d6-4bda-a47d-57bc014893f9;5480fbd4-7226-4372-a448-a5fe95bf32b6;5b8b6ad4-3a9b-4e14-bbe2-6f687a70deed;7c76db68-d8c0-498a-97c6-a773d643203b;88add474-c755-4f59-b7e4-5d51317734fb;8b2aed54-198f-49b0-9aea-3849f053f5a6;8fcec848-9c6d-4ebc-a191-e9c98c913f2c;c9409514-4a47-441c-b0ce-a051fa83ef75;cbb330f0-c8e6-495b-8e90-c42f77861895;e1af8f9d-f325-4733-8ff1-582c43a17fad;ea40da09-37a0-4b98-bc8d-54094771fbbe","Status":"new","StatusChangedAt":"2025-10-10T02:34:50.369Z","StatusResolution":"","TenantID":"3d6c4203-7328-4fb2-98fa-f37d385ffbde","UpdatedAt":"2025-10-10T02:34:50.369Z"},{"Assets":null,"Assignee":{"ID":"nobody","Name":"Not assigned","Type":""},"CreatedAt":"2025-10-10T02:35:15.374Z","DetectionTechnologies":null,"ExternalRef":"","Extra":null,"FirstEventTime":"2025-10-10T02:35:09.552Z","HistoryRecords":null,"ID":18950,"IncidentID":"","IncidentLinkType":"","InternalID":"90fc51f7-dc7a-42f3-a968-010e08702b7a","IsCII":false,"LastEventTime":"2025-10-10T02:35:10.515Z","MITRETactics":null,"MITRETechniques":null,"Name":"R445_03_Inbound connection from external host via SMB, RPC port","Observables":[{"Details":"","Type":"ip","Value":"27.79.191.20"},{"Details":"","Type":"hostname","Value":"windu"}],"OriginalEvents":[{"N":{"KL_CorrelationRulePriority":1},"ID":"90fc51f7-dc7a-42f3-a968-010e08702b7a","Name":"R445_03_Inbound connection from external host via SMB, RPC port","Type":3,"EndTime":1760063710513,"Message":"The external host 27.79.191.20 remotely connected to the internal node 192.168.1.222 on port 445 which is used in SMB, RPC protocols: Microsoft-DS (Directory Services) SMB file sharing","Priority":1,"Severity":"notice","TenantID":"3d6c4203-7328-4fb2-98fa-f37d385ffbde","GroupedBy":["Message","DeviceAddress","DeviceHostName","SourceAddress","SourceHostName","SourceUserName","DestinationAddress","DestinationHostName","DestinationUserName","ApplicationProtocol","TransportProtocol","BytesIn","BytesOut","DeviceAction","DeviceAssetID","DeviceCity","DeviceCountry","DeviceDirection","DeviceDnsDomain","DeviceEventCategory","DeviceEventClassID","DeviceExternalID","DeviceFacility","DeviceHostName","DeviceInboundInterface","DeviceLatitude","DeviceLongitude","DeviceMacAddress","DeviceNtDomain","DeviceOutboundInterface","DevicePayloadID","DeviceProcessID","DeviceProcessName","DeviceReceiptTime","DeviceRegion","DeviceTimeZone","DeviceTranslatedAddress","DeviceVersion","EventOutcome","Reason","Severity","SourceAccountID","SourceAssetID","SourceCity","SourceCountry","SourceDnsDomain","SourceLatitude","SourceLongitude","SourceMacAddress","SourceNtDomain","SourcePort","SourceProcessID","SourceProcessName","SourceRegion","SourceServiceName","SourceTranslatedAddress","SourceTranslatedPort","SourceUserID","SourceUserPrivileges","DestinationAccountID","DestinationAssetID","DestinationCity","DestinationCountry","DestinationDnsDomain","DestinationLatitude","DestinationLongitude","DestinationMacAddress","DestinationNtDomain","DestinationPort","DestinationProcessID","DestinationProcessName","DestinationRegion","DestinationServiceName","DestinationTranslatedAddress","DestinationTranslatedPort","DestinationUserID","DestinationUserPrivileges","RequestClientApplication","RequestContext","RequestCookies","RequestMethod","RequestUrl","FileCreateTime","FileHash","FileID","FileModificationTime","FileName","FilePath","FilePermission","FileSize","FileType","OldFileCreateTime","OldFileHash","OldFileID","OldFileModificationTime","OldFileName","OldFilePath","OldFilePermission","OldFileSize","OldFileType","DeviceCustomDate1","DeviceCustomDate2","DeviceCustomFloatingPoint1","DeviceCustomFloatingPoint2","DeviceCustomFloatingPoint2Label","DeviceCustomFloatingPoint3","DeviceCustomFloatingPoint3Label","DeviceCustomFloatingPoint4","DeviceCustomFloatingPoint4Label","DeviceCustomIPv6Address1","DeviceCustomIPv6Address1Label","DeviceCustomIPv6Address3","DeviceCustomIPv6Address3Label","DeviceCustomIPv6Address4","DeviceCustomIPv6Address4Label","DeviceCustomNumber2","DeviceCustomNumber2Label","DeviceCustomNumber3","DeviceCustomString1","DeviceCustomNumber3Label","DeviceCustomString1Label","DeviceCustomString2","DeviceCustomString2Label","DeviceCustomString3","DeviceCustomString3Label","DeviceCustomString4","DeviceCustomString4Label","DeviceCustomString5","DeviceCustomString5Label","DeviceCustomString6","DeviceCustomString6Label","FlexDate1","FlexDate1Label","FlexNumber1","FlexNumber1Label","FlexNumber2","FlexNumber2Label","FlexString1","FlexString1Label","FlexString2","timestamp_just_added","timestamp_profiling_finished"],"ServiceID":"7a75f41d-313b-4f68-a99d-6427546cc799","StartTime":1760063710513,"Timestamp":1760063710515,"BaseEvents":[{"N":{"KL_CorrelationRulePriority":1},"ID":"2cac4120-bbc9-43b4-8277-02c41fbf1e0e","Name":"Connection. Inbound connection from external host using SMB, RPC ports","Type":3,"EndTime":1760063709552,"Message":"Connection Failed","Priority":1,"Severity":"notice","TenantID":"3d6c4203-7328-4fb2-98fa-f37d385ffbde","GroupedBy":["Message","DeviceAddress","DeviceHostName","SourceAddress","SourceHostName","SourceUserName","DestinationAddress","DestinationHostName","DestinationUserName","ApplicationProtocol","TransportProtocol","BytesIn","BytesOut","DeviceAction","DeviceAssetID","DeviceCity","DeviceCountry","DeviceDirection","DeviceDnsDomain","DeviceEventCategory","DeviceEventClassID","DeviceExternalID","DeviceFacility","DeviceHostName","DeviceInboundInterface","DeviceLatitude","DeviceLongitude","DeviceMacAddress","DeviceNtDomain","DeviceOutboundInterface","DevicePayloadID","DeviceProcessID","DeviceProcessName","DeviceReceiptTime","DeviceRegion","DeviceTimeZone","DeviceTranslatedAddress","DeviceVersion","EventOutcome","Reason","Severity","SourceAccountID","SourceAssetID","SourceCity","SourceCountry","SourceDnsDomain","SourceLatitude","SourceLongitude","SourceMacAddress","SourceNtDomain","SourcePort","SourceProcessID","SourceProcessName","SourceRegion","SourceServiceName","SourceTranslatedAddress","SourceTranslatedPort","SourceUserID","SourceUserPrivileges","DestinationAccountID","DestinationAssetID","DestinationCity","DestinationCountry","DestinationDnsDomain","DestinationLatitude","DestinationLongitude","DestinationMacAddress","DestinationNtDomain","DestinationPort","DestinationProcessID","DestinationProcessName","DestinationRegion","DestinationServiceName","DestinationTranslatedAddress","DestinationTranslatedPort","DestinationUserID","DestinationUserPrivileges","RequestClientApplication","RequestContext","RequestCookies","RequestMethod","RequestUrl","FileCreateTime","FileHash","FileID","FileModificationTime","FileName","FilePath","FilePermission","FileSize","FileType","OldFileCreateTime","OldFileHash","OldFileID","OldFileModificationTime","OldFileName","OldFilePath","OldFilePermission","OldFileSize","OldFileType","DeviceCustomDate1","DeviceCustomDate2","DeviceCustomFloatingPoint1","DeviceCustomFloatingPoint2","DeviceCustomFloatingPoint2Label","DeviceCustomFloatingPoint3","DeviceCustomFloatingPoint3Label","DeviceCustomFloatingPoint4","DeviceCustomFloatingPoint4Label","DeviceCustomIPv6Address1","DeviceCustomIPv6Address1Label","DeviceCustomIPv6Address3","DeviceCustomIPv6Address3Label","DeviceCustomIPv6Address4","DeviceCustomIPv6Address4Label","DeviceCustomNumber2","DeviceCustomNumber2Label","DeviceCustomNumber3","DeviceCustomString1","DeviceCustomNumber3Label","DeviceCustomString1Label","DeviceCustomString2","DeviceCustomString2Label","DeviceCustomString3","DeviceCustomString3Label","DeviceCustomString4","DeviceCustomString4Label","DeviceCustomString5","DeviceCustomString5Label","DeviceCustomString6","DeviceCustomString6Label","FlexDate1","FlexDate1Label","FlexNumber1","FlexNumber1Label","FlexNumber2","FlexNumber2Label","FlexString1","FlexString1Label","FlexString2"],"ServiceID":"7a75f41d-313b-4f68-a99d-6427546cc799","StartTime":1760063709552,"Timestamp":1760063710513,"BaseEvents":[{"ID":"c47f86ad-19c1-442b-8cfa-02bc1fd77e6f","Name":"traffic","Type":1,"EndTime":1760049309000,"Message":"Connection Failed","Priority":0,"Severity":"notice","TenantID":"3d6c4203-7328-4fb2-98fa-f37d385ffbde","ServiceID":"71d3be03-d996-4ec6-a03d-223288e5abc8","Timestamp":1760063709552,"ExternalID":"71869340","SourcePort":63208,"ServiceName":"Fortigate","DeviceAction":"deny","DeviceVendor":"Fortninet","DeviceAddress":"192.168.51.14","DeviceProduct":"Fortigate","SourceAddress":"27.79.191.20","DeviceHostName":"windu","DeviceTimeZone":"+02:00","DestinationPort":445,"DeviceExternalID":"FGT60FTK22032234","DeviceReceiptTime":1760063709552,"TransportProtocol":"6","DestinationAddress":"192.168.1.222","DeviceEventClassID":"local","ApplicationProtocol":"SMB","DeviceCustomString1":"local-in-policy","DeviceEventCategory":"traffic","DeviceInboundInterface":"wan2","DeviceOutboundInterface":"root","DeviceCustomNumber1Label":"duration","DeviceCustomNumber2Label":"policyid","DeviceCustomString1Label":"policytype"}],"SourcePort":63208,"ServiceName":"[OOTB] Correlator","DeviceAction":"deny","DeviceVendor":"Kaspersky","DeviceAddress":"192.168.51.14","DeviceProduct":"KUMA","SourceAddress":"27.79.191.20","BaseEventCount":1,"DeviceHostName":"windu","DeviceTimeZone":"+02:00","DestinationPort":445,"DeviceExternalID":"FGT60FTK22032234","CorrelationRuleID":"e2a20430-e50f-4f70-8970-8c799793a934","DeviceReceiptTime":1760063709552,"TransportProtocol":"6","DestinationAddress":"192.168.1.222","DeviceEventClassID":"local","ApplicationProtocol":"SMB","CorrelationRuleName":"Connection. Inbound connection from external host using SMB, RPC ports","DeviceCustomString1":"local-in-policy","DeviceEventCategory":"traffic","DeviceInboundInterface":"wan2","DeviceOutboundInterface":"root","DeviceCustomNumber2Label":"policyid","DeviceCustomString1Label":"policytype"}],"ExternalID":"R445_03","SourcePort":63208,"ServiceName":"[OOTB] Correlator","DeviceAction":"deny","DeviceVendor":"Kaspersky","DeviceAddress":"192.168.51.14","DeviceProduct":"KUMA","SourceAddress":"27.79.191.20","BaseEventCount":1,"DeviceHostName":"windu","DeviceTimeZone":"+02:00","DestinationPort":445,"DeviceExternalID":"FGT60FTK22032234","CorrelationRuleID":"49182bb8-1dd3-44cd-b561-101a5bd0e58d","DeviceReceiptTime":1760063709552,"TransportProtocol":"6","DestinationAddress":"192.168.1.222","DeviceEventClassID":"local","ApplicationProtocol":"SMB","CorrelationRuleName":"R445_03_Inbound connection from external host via SMB, RPC port","DeviceCustomString1":"local-in-policy","DeviceEventCategory":"traffic","DestinationServiceName":"Microsoft-DS (Directory Services) SMB file sharing","DeviceInboundInterface":"wan2","DeviceOutboundInterface":"root","DeviceCustomNumber2Label":"policyid","DeviceCustomString1Label":"policytype"}],"Rules":[{"Confidence":"medium","Custom":false,"ID":"49182bb8-1dd3-44cd-b561-101a5bd0e58d","Name":"R445_03_Inbound connection from external host via SMB, RPC port","Severity":"medium","Type":""}],"Severity":"low","SourceCreatedAt":"2025-10-10T02:35:10.515Z","SourceID":"90fc51f7-dc7a-42f3-a968-010e08702b7a","Status":"new","StatusChangedAt":"2025-10-10T02:35:15.374Z","StatusResolution":"","TenantID":"3d6c4203-7328-4fb2-98fa-f37d385ffbde","UpdatedAt":"2025-10-10T02:35:15.374Z"},{"Assets":null,"Assignee":{"ID":"nobody","Name":"Not assigned","Type":""},"CreatedAt":"2025-10-10T02:35:50.381Z","DetectionTechnologies":null,"ExternalRef":"","Extra":null,"FirstEventTime":"2025-10-04T08:29:08.753Z","HistoryRecords":null,"ID":18951,"IncidentID":"","IncidentLinkType":"","InternalID":"80cbde67-76bc-4197-88d7-298f02ee3686","IsCII":false,"LastEventTime":"2025-10-10T02:35:45.513Z","MITRETactics":null,"MITRETechniques":null,"Name":"R445_03_Inbound connection from external host via SMB, RPC port","Observables":[{"Details":"","Type":"ip","Value":"119.103.150.211"},{"Details":"","Type":"hostname","Value":"windu"}],"OriginalEvents":[{"N":{"KL_CorrelationRulePriority":1},"ID":"80cbde67-76bc-4197-88d7-298f02ee3686","Name":"R445_03_Inbound connection from external host via SMB, RPC port","Type":3,"EndTime":1760063745512,"Message":"The external host 119.103.150.211 remotely connected to the internal node 192.168.1.222 on port 445 which is used in SMB, RPC protocols: Microsoft-DS (Directory Services) SMB file sharing","Priority":1,"Severity":"notice","TenantID":"3d6c4203-7328-4fb2-98fa-f37d385ffbde","GroupedBy":["Message","DeviceAddress","DeviceHostName","SourceAddress","SourceHostName","SourceUserName","DestinationAddress","DestinationHostName","DestinationUserName","ApplicationProtocol","TransportProtocol","BytesIn","BytesOut","DeviceAction","DeviceAssetID","DeviceCity","DeviceCountry","DeviceDirection","DeviceDnsDomain","DeviceEventCategory","DeviceEventClassID","DeviceExternalID","DeviceFacility","DeviceHostName","DeviceInboundInterface","DeviceLatitude","DeviceLongitude","DeviceMacAddress","DeviceNtDomain","DeviceOutboundInterface","DevicePayloadID","DeviceProcessID","DeviceProcessName","DeviceReceiptTime","DeviceRegion","DeviceTimeZone","DeviceTranslatedAddress","DeviceVersion","EventOutcome","Reason","Severity","SourceAccountID","SourceAssetID","SourceCity","SourceCountry","SourceDnsDomain","SourceLatitude","SourceLongitude","SourceMacAddress","SourceNtDomain","SourcePort","SourceProcessID","SourceProcessName","SourceRegion","SourceServiceName","SourceTranslatedAddress","SourceTranslatedPort","SourceUserID","SourceUserPrivileges","DestinationAccountID","DestinationAssetID","DestinationCity","DestinationCountry","DestinationDnsDomain","DestinationLatitude","DestinationLongitude","DestinationMacAddress","DestinationNtDomain","DestinationPort","DestinationProcessID","DestinationProcessName","DestinationRegion","DestinationServiceName","DestinationTranslatedAddress","DestinationTranslatedPort","DestinationUserID","DestinationUserPrivileges","RequestClientApplication","RequestContext","RequestCookies","RequestMethod","RequestUrl","FileCreateTime","FileHash","FileID","FileModificationTime","FileName","FilePath","FilePermission","FileSize","FileType","OldFileCreateTime","OldFileHash","OldFileID","OldFileModificationTime","OldFileName","OldFilePath","OldFilePermission","OldFileSize","OldFileType","DeviceCustomDate1","DeviceCustomDate2","DeviceCustomFloatingPoint1","DeviceCustomFloatingPoint2","DeviceCustomFloatingPoint2Label","DeviceCustomFloatingPoint3","DeviceCustomFloatingPoint3Label","DeviceCustomFloatingPoint4","DeviceCustomFloatingPoint4Label","DeviceCustomIPv6Address1","DeviceCustomIPv6Address1Label","DeviceCustomIPv6Address3","DeviceCustomIPv6Address3Label","DeviceCustomIPv6Address4","DeviceCustomIPv6Address4Label","DeviceCustomNumber2","DeviceCustomNumber2Label","DeviceCustomNumber3","DeviceCustomString1","DeviceCustomNumber3Label","DeviceCustomString1Label","DeviceCustomString2","DeviceCustomString2Label","DeviceCustomString3","DeviceCustomString3Label","DeviceCustomString4","DeviceCustomString4Label","DeviceCustomString5","DeviceCustomString5Label","DeviceCustomString6","DeviceCustomString6Label","FlexDate1","FlexDate1Label","FlexNumber1","FlexNumber1Label","FlexNumber2","FlexNumber2Label","FlexString1","FlexString1Label","FlexString2","timestamp_just_added","timestamp_profiling_finished"],"ServiceID":"7a75f41d-313b-4f68-a99d-6427546cc799","StartTime":1760063745512,"Timestamp":1760063745514,"BaseEvents":[{"N":{"KL_CorrelationRulePriority":1},"ID":"ced637e0-0881-4a4d-acea-1828b9476971","Name":"Connection. Inbound connection from external host using SMB, RPC ports","Type":3,"EndTime":1759566548753,"Message":"Connection Failed","Priority":1,"Severity":"notice","TenantID":"3d6c4203-7328-4fb2-98fa-f37d385ffbde","GroupedBy":["Message","DeviceAddress","DeviceHostName","SourceAddress","SourceHostName","SourceUserName","DestinationAddress","DestinationHostName","DestinationUserName","ApplicationProtocol","TransportProtocol","BytesIn","BytesOut","DeviceAction","DeviceAssetID","DeviceCity","DeviceCountry","DeviceDirection","DeviceDnsDomain","DeviceEventCategory","DeviceEventClassID","DeviceExternalID","DeviceFacility","DeviceHostName","DeviceInboundInterface","DeviceLatitude","DeviceLongitude","DeviceMacAddress","DeviceNtDomain","DeviceOutboundInterface","DevicePayloadID","DeviceProcessID","DeviceProcessName","DeviceReceiptTime","DeviceRegion","DeviceTimeZone","DeviceTranslatedAddress","DeviceVersion","EventOutcome","Reason","Severity","SourceAccountID","SourceAssetID","SourceCity","SourceCountry","SourceDnsDomain","SourceLatitude","SourceLongitude","SourceMacAddress","SourceNtDomain","SourcePort","SourceProcessID","SourceProcessName","SourceRegion","SourceServiceName","SourceTranslatedAddress","SourceTranslatedPort","SourceUserID","SourceUserPrivileges","DestinationAccountID","DestinationAssetID","DestinationCity","DestinationCountry","DestinationDnsDomain","DestinationLatitude","DestinationLongitude","DestinationMacAddress","DestinationNtDomain","DestinationPort","DestinationProcessID","DestinationProcessName","DestinationRegion","DestinationServiceName","DestinationTranslatedAddress","DestinationTranslatedPort","DestinationUserID","DestinationUserPrivileges","RequestClientApplication","RequestContext","RequestCookies","RequestMethod","RequestUrl","FileCreateTime","FileHash","FileID","FileModificationTime","FileName","FilePath","FilePermission","FileSize","FileType","OldFileCreateTime","OldFileHash","OldFileID","OldFileModificationTime","OldFileName","OldFilePath","OldFilePermission","OldFileSize","OldFileType","DeviceCustomDate1","DeviceCustomDate2","DeviceCustomFloatingPoint1","DeviceCustomFloatingPoint2","DeviceCustomFloatingPoint2Label","DeviceCustomFloatingPoint3","DeviceCustomFloatingPoint3Label","DeviceCustomFloatingPoint4","DeviceCustomFloatingPoint4Label","DeviceCustomIPv6Address1","DeviceCustomIPv6Address1Label","DeviceCustomIPv6Address3","DeviceCustomIPv6Address3Label","DeviceCustomIPv6Address4","DeviceCustomIPv6Address4Label","DeviceCustomNumber2","DeviceCustomNumber2Label","DeviceCustomNumber3","DeviceCustomString1","DeviceCustomNumber3Label","DeviceCustomString1Label","DeviceCustomString2","DeviceCustomString2Label","DeviceCustomString3","DeviceCustomString3Label","DeviceCustomString4","DeviceCustomString4Label","DeviceCustomString5","DeviceCustomString5Label","DeviceCustomString6","DeviceCustomString6Label","FlexDate1","FlexDate1Label","FlexNumber1","FlexNumber1Label","FlexNumber2","FlexNumber2Label","FlexString1","FlexString1Label","FlexString2"],"ServiceID":"7a75f41d-313b-4f68-a99d-6427546cc799","StartTime":1759566548753,"Timestamp":1760063745512,"BaseEvents":[{"ID":"515c3f32-161d-4392-89b6-26353a5a2e93","Name":"traffic","Type":1,"EndTime":1759566548753,"Message":"Connection Failed","Priority":0,"Severity":"notice","TenantID":"3d6c4203-7328-4fb2-98fa-f37d385ffbde","ServiceID":"71d3be03-d996-4ec6-a03d-223288e5abc8","Timestamp":1759566548753,"ExternalID":"62847679","SourcePort":55499,"ServiceName":"Fortigate","DeviceAction":"deny","DeviceVendor":"Fortninet","DeviceAddress":"192.168.51.14","DeviceProduct":"Fortigate","SourceAddress":"119.103.150.211","DeviceHostName":"windu","DeviceTimeZone":"+02:00","DestinationPort":445,"DeviceExternalID":"FGT60FTK22032234","DeviceReceiptTime":1759566548753,"TransportProtocol":"6","DestinationAddress":"192.168.1.222","DeviceEventClassID":"local","ApplicationProtocol":"SMB","DeviceCustomString1":"local-in-policy","DeviceEventCategory":"traffic","DeviceInboundInterface":"wan2","DeviceOutboundInterface":"root","DeviceCustomNumber1Label":"duration","DeviceCustomNumber2Label":"policyid","DeviceCustomString1Label":"policytype"}],"SourcePort":55499,"ServiceName":"[OOTB] Correlator","DeviceAction":"deny","DeviceVendor":"Kaspersky","DeviceAddress":"192.168.51.14","DeviceProduct":"KUMA","SourceAddress":"119.103.150.211","BaseEventCount":1,"DeviceHostName":"windu","DeviceTimeZone":"+02:00","DestinationPort":445,"DeviceExternalID":"FGT60FTK22032234","CorrelationRuleID":"e2a20430-e50f-4f70-8970-8c799793a934","DeviceReceiptTime":1759566548753,"TransportProtocol":"6","DestinationAddress":"192.168.1.222","DeviceEventClassID":"local","ApplicationProtocol":"SMB","CorrelationRuleName":"Connection. Inbound connection from external host using SMB, RPC ports","DeviceCustomString1":"local-in-policy","DeviceEventCategory":"traffic","DeviceInboundInterface":"wan2","DeviceOutboundInterface":"root","DeviceCustomNumber2Label":"policyid","DeviceCustomString1Label":"policytype"}],"ExternalID":"R445_03","SourcePort":55499,"ServiceName":"[OOTB] Correlator","DeviceAction":"deny","DeviceVendor":"Kaspersky","DeviceAddress":"192.168.51.14","DeviceProduct":"KUMA","SourceAddress":"119.103.150.211","BaseEventCount":1,"DeviceHostName":"windu","DeviceTimeZone":"+02:00","DestinationPort":445,"DeviceExternalID":"FGT60FTK22032234","CorrelationRuleID":"49182bb8-1dd3-44cd-b561-101a5bd0e58d","DeviceReceiptTime":1759566548753,"TransportProtocol":"6","DestinationAddress":"192.168.1.222","DeviceEventClassID":"local","ApplicationProtocol":"SMB","CorrelationRuleName":"R445_03_Inbound connection from external host via SMB, RPC port","DeviceCustomString1":"local-in-policy","DeviceEventCategory":"traffic","DestinationServiceName":"Microsoft-DS (Directory Services) SMB file sharing","DeviceInboundInterface":"wan2","DeviceOutboundInterface":"root","DeviceCustomNumber2Label":"policyid","DeviceCustomString1Label":"policytype"}],"Rules":[{"Confidence":"medium","Custom":false,"ID":"49182bb8-1dd3-44cd-b561-101a5bd0e58d","Name":"R445_03_Inbound connection from external host via SMB, RPC port","Severity":"medium","Type":""}],"Severity":"low","SourceCreatedAt":"2025-10-10T02:35:45.513Z","SourceID":"80cbde67-76bc-4197-88d7-298f02ee3686","Status":"new","StatusChangedAt":"2025-10-10T02:35:50.381Z","StatusResolution":"","TenantID":"3d6c4203-7328-4fb2-98fa-f37d385ffbde","UpdatedAt":"2025-10-10T02:35:50.381Z"},{"Assets":null,"Assignee":{"ID":"nobody","Name":"Not assigned","Type":""},"CreatedAt":"2025-10-10T02:37:35.398Z","DetectionTechnologies":null,"ExternalRef":"","Extra":null,"FirstEventTime":"2025-10-04T08:30:53.144Z","HistoryRecords":null,"ID":18952,"IncidentID":"","IncidentLinkType":"","InternalID":"352c61d1-f7f8-4d31-8cc6-503dff076798","IsCII":false,"LastEventTime":"2025-10-10T02:38:00.528Z","MITRETactics":null,"MITRETechniques":null,"Name":"R204_Use of an external DNS server","Observables":[{"Details":"","Type":"ip","Value":"13.107.236.205"},{"Details":"","Type":"hostname","Value":"windu"},{"Details":"","Type":"ip","Value":"204.14.183.1"},{"Details":"","Type":"ip","Value":"204.14.183.4"}],"OriginalEvents":[{"N":{"KL_CorrelationRulePriority":2},"ID":"352c61d1-f7f8-4d31-8cc6-503dff076798","Name":"R204_Use of an external DNS server","Type":3,"EndTime":1760063850509,"Priority":2,"TenantID":"3d6c4203-7328-4fb2-98fa-f37d385ffbde","GroupedBy":["DestinationAddress","DestinationAssetID","DestinationHostName","DestinationPort","SourceAddress","SourceAssetID","SourceHostName","SourceNtDomain","TransportProtocol"],"ServiceID":"7a75f41d-313b-4f68-a99d-6427546cc799","StartTime":1759566653144,"Timestamp":1760063850509,"BaseEvents":[{"ID":"8182a73b-0e6f-4447-8fe5-59599d4c10fe","Name":"traffic","Type":1,"BytesIn":157,"EndTime":1759566653144,"BytesOut":85,"Priority":0,"Severity":"notice","TenantID":"3d6c4203-7328-4fb2-98fa-f37d385ffbde","ServiceID":"71d3be03-d996-4ec6-a03d-223288e5abc8","Timestamp":1759566653144,"ExternalID":"62846527","SourcePort":46307,"ServiceName":"Fortigate","DeviceAction":"accept","DeviceVendor":"Fortninet","DeviceAddress":"192.168.51.14","DeviceProduct":"Fortigate","SourceAddress":"172.16.210.1","DeviceHostName":"windu","DeviceTimeZone":"+02:00","DestinationPort":53,"DeviceExternalID":"FGT60FTK22032234","DeviceReceiptTime":1759566653144,"TransportProtocol":"17","DestinationAddress":"13.107.236.205","DeviceEventClassID":"forward","ApplicationProtocol":"DNS","DeviceCustomNumber1":180,"DeviceCustomNumber2":13,"DeviceCustomString1":"policy","DeviceEventCategory":"traffic","DeviceInboundInterface":"KSB","DeviceOutboundInterface":"Susp0Root1_0","DeviceCustomNumber1Label":"duration","DeviceCustomNumber2Label":"policyid","DeviceCustomString1Label":"policytype"}],"ExternalID":"R204","ServiceName":"[OOTB] Correlator","DeviceVendor":"Kaspersky","DeviceProduct":"KUMA","SourceAddress":"172.16.210.1","BaseEventCount":1,"DeviceTimeZone":"+02:00","DestinationPort":53,"CorrelationRuleID":"501d865f-6430-4175-9490-62f2e3d203e2","TransportProtocol":"17","DestinationAddress":"13.107.236.205","CorrelationRuleName":"R204_Use of an external DNS server"},{"N":{"KL_CorrelationRulePriority":2},"ID":"85a754d8-2377-4a15-b9fe-a0405ab1d9e2","Name":"R204_Use of an external DNS server","Type":3,"EndTime":1760063850520,"Priority":2,"TenantID":"3d6c4203-7328-4fb2-98fa-f37d385ffbde","GroupedBy":["DestinationAddress","DestinationAssetID","DestinationHostName","DestinationPort","SourceAddress","SourceAssetID","SourceHostName","SourceNtDomain","TransportProtocol"],"ServiceID":"7a75f41d-313b-4f68-a99d-6427546cc799","StartTime":1759566653144,"Timestamp":1760063850520,"BaseEvents":[{"ID":"e6edb713-7162-47dc-bd87-86f4af6dc349","Name":"traffic","Type":1,"BytesIn":93,"EndTime":1759566653144,"BytesOut":89,"Priority":0,"Severity":"notice","TenantID":"3d6c4203-7328-4fb2-98fa-f37d385ffbde","ServiceID":"71d3be03-d996-4ec6-a03d-223288e5abc8","Timestamp":1759566653144,"ExternalID":"62846507","SourcePort":60293,"ServiceName":"Fortigate","DeviceAction":"accept","DeviceVendor":"Fortninet","DeviceAddress":"192.168.51.14","DeviceProduct":"Fortigate","SourceAddress":"172.16.210.1","DeviceHostName":"windu","DeviceTimeZone":"+02:00","DestinationPort":53,"DeviceExternalID":"FGT60FTK22032234","DeviceReceiptTime":1759566653144,"TransportProtocol":"17","DestinationAddress":"204.14.183.1","DeviceEventClassID":"forward","ApplicationProtocol":"DNS","DeviceCustomNumber1":180,"DeviceCustomNumber2":35,"DeviceCustomString1":"policy","DeviceEventCategory":"traffic","SourceTranslatedPort":60293,"DeviceInboundInterface":"Susp0Root1_1","DeviceOutboundInterface":"wan2","SourceTranslatedAddress":"192.168.1.222","DeviceCustomNumber1Label":"duration","DeviceCustomNumber2Label":"policyid","DeviceCustomString1Label":"policytype"}],"ExternalID":"R204","ServiceName":"[OOTB] Correlator","DeviceVendor":"Kaspersky","DeviceProduct":"KUMA","SourceAddress":"172.16.210.1","BaseEventCount":1,"DeviceTimeZone":"+02:00","DestinationPort":53,"CorrelationRuleID":"501d865f-6430-4175-9490-62f2e3d203e2","TransportProtocol":"17","DestinationAddress":"204.14.183.1","CorrelationRuleName":"R204_Use of an external DNS server"},{"N":{"KL_CorrelationRulePriority":2},"ID":"68d31e59-c2e8-4050-8a32-8bfe36e547ca","Name":"R204_Use of an external DNS server","Type":3,"EndTime":1760063880528,"Priority":2,"TenantID":"3d6c4203-7328-4fb2-98fa-f37d385ffbde","GroupedBy":["DestinationAddress","DestinationAssetID","DestinationHostName","DestinationPort","SourceAddress","SourceAssetID","SourceHostName","SourceNtDomain","TransportProtocol"],"ServiceID":"7a75f41d-313b-4f68-a99d-6427546cc799","StartTime":1759566682525,"Timestamp":1760063880528,"BaseEvents":[{"ID":"9c151980-b6fe-4d60-b69d-dda533529e7d","Name":"traffic","Type":1,"BytesIn":93,"EndTime":1759566682525,"BytesOut":89,"Priority":0,"Severity":"notice","TenantID":"3d6c4203-7328-4fb2-98fa-f37d385ffbde","ServiceID":"71d3be03-d996-4ec6-a03d-223288e5abc8","Timestamp":1759566682525,"ExternalID":"62847026","SourcePort":53579,"ServiceName":"Fortigate","DeviceAction":"accept","DeviceVendor":"Fortninet","DeviceAddress":"192.168.51.14","DeviceProduct":"Fortigate","SourceAddress":"172.16.210.1","DeviceHostName":"windu","DeviceTimeZone":"+02:00","DestinationPort":53,"DeviceExternalID":"FGT60FTK22032234","DeviceReceiptTime":1759566682525,"TransportProtocol":"17","DestinationAddress":"204.14.183.4","DeviceEventClassID":"forward","ApplicationProtocol":"DNS","DeviceCustomNumber1":180,"DeviceCustomNumber2":13,"DeviceCustomString1":"policy","DeviceEventCategory":"traffic","DeviceInboundInterface":"KSB","DeviceOutboundInterface":"Susp0Root1_0","DeviceCustomNumber1Label":"duration","DeviceCustomNumber2Label":"policyid","DeviceCustomString1Label":"policytype"}],"ExternalID":"R204","ServiceName":"[OOTB] Correlator","DeviceVendor":"Kaspersky","DeviceProduct":"KUMA","SourceAddress":"172.16.210.1","BaseEventCount":1,"DeviceTimeZone":"+02:00","DestinationPort":53,"CorrelationRuleID":"501d865f-6430-4175-9490-62f2e3d203e2","TransportProtocol":"17","DestinationAddress":"204.14.183.4","CorrelationRuleName":"R204_Use of an external DNS server"}],"Rules":[{"Confidence":"medium","Custom":false,"ID":"501d865f-6430-4175-9490-62f2e3d203e2","Name":"R204_Use of an external DNS server","Severity":"high","Type":""}],"Severity":"medium","SourceCreatedAt":"2025-10-10T02:37:30.509Z","SourceID":"352c61d1-f7f8-4d31-8cc6-503dff076798;68d31e59-c2e8-4050-8a32-8bfe36e547ca;85a754d8-2377-4a15-b9fe-a0405ab1d9e2","Status":"new","StatusChangedAt":"2025-10-10T02:37:35.398Z","StatusResolution":"","TenantID":"3d6c4203-7328-4fb2-98fa-f37d385ffbde","UpdatedAt":"2025-10-10T02:37:35.398Z"},{"Assets":null,"Assignee":{"ID":"nobody","Name":"Not assigned","Type":""},"CreatedAt":"2025-10-10T02:43:15.438Z","DetectionTechnologies":null,"ExternalRef":"","Extra":null,"FirstEventTime":"2025-10-04T08:36:20.719Z","HistoryRecords":null,"ID":18953,"IncidentID":"","IncidentLinkType":"","InternalID":"bc5cf0d9-5a94-4b95-b7c1-99beb03c0fd7","IsCII":false,"LastEventTime":"2025-10-10T02:43:10.596Z","MITRETactics":null,"MITRETechniques":null,"Name":"R445_03_Inbound connection from external host via SMB, RPC port","Observables":[{"Details":"","Type":"ip","Value":"45.123.2.198"},{"Details":"","Type":"hostname","Value":"windu"}],"OriginalEvents":[{"N":{"KL_CorrelationRulePriority":1},"ID":"bc5cf0d9-5a94-4b95-b7c1-99beb03c0fd7","Name":"R445_03_Inbound connection from external host via SMB, RPC port","Type":3,"EndTime":1760064190595,"Message":"The external host 45.123.2.198 remotely connected to the internal node 192.168.1.222 on port 445 which is used in SMB, RPC protocols: Microsoft-DS (Directory Services) SMB file sharing","Priority":1,"Severity":"notice","TenantID":"3d6c4203-7328-4fb2-98fa-f37d385ffbde","GroupedBy":["Message","DeviceAddress","DeviceHostName","SourceAddress","SourceHostName","SourceUserName","DestinationAddress","DestinationHostName","DestinationUserName","ApplicationProtocol","TransportProtocol","BytesIn","BytesOut","DeviceAction","DeviceAssetID","DeviceCity","DeviceCountry","DeviceDirection","DeviceDnsDomain","DeviceEventCategory","DeviceEventClassID","DeviceExternalID","DeviceFacility","DeviceHostName","DeviceInboundInterface","DeviceLatitude","DeviceLongitude","DeviceMacAddress","DeviceNtDomain","DeviceOutboundInterface","DevicePayloadID","DeviceProcessID","DeviceProcessName","DeviceReceiptTime","DeviceRegion","DeviceTimeZone","DeviceTranslatedAddress","DeviceVersion","EventOutcome","Reason","Severity","SourceAccountID","SourceAssetID","SourceCity","SourceCountry","SourceDnsDomain","SourceLatitude","SourceLongitude","SourceMacAddress","SourceNtDomain","SourcePort","SourceProcessID","SourceProcessName","SourceRegion","SourceServiceName","SourceTranslatedAddress","SourceTranslatedPort","SourceUserID","SourceUserPrivileges","DestinationAccountID","DestinationAssetID","DestinationCity","DestinationCountry","DestinationDnsDomain","DestinationLatitude","DestinationLongitude","DestinationMacAddress","DestinationNtDomain","DestinationPort","DestinationProcessID","DestinationProcessName","DestinationRegion","DestinationServiceName","DestinationTranslatedAddress","DestinationTranslatedPort","DestinationUserID","DestinationUserPrivileges","RequestClientApplication","RequestContext","RequestCookies","RequestMethod","RequestUrl","FileCreateTime","FileHash","FileID","FileModificationTime","FileName","FilePath","FilePermission","FileSize","FileType","OldFileCreateTime","OldFileHash","OldFileID","OldFileModificationTime","OldFileName","OldFilePath","OldFilePermission","OldFileSize","OldFileType","DeviceCustomDate1","DeviceCustomDate2","DeviceCustomFloatingPoint1","DeviceCustomFloatingPoint2","DeviceCustomFloatingPoint2Label","DeviceCustomFloatingPoint3","DeviceCustomFloatingPoint3Label","DeviceCustomFloatingPoint4","DeviceCustomFloatingPoint4Label","DeviceCustomIPv6Address1","DeviceCustomIPv6Address1Label","DeviceCustomIPv6Address3","DeviceCustomIPv6Address3Label","DeviceCustomIPv6Address4","DeviceCustomIPv6Address4Label","DeviceCustomNumber2","DeviceCustomNumber2Label","DeviceCustomNumber3","DeviceCustomString1","DeviceCustomNumber3Label","DeviceCustomString1Label","DeviceCustomString2","DeviceCustomString2Label","DeviceCustomString3","DeviceCustomString3Label","DeviceCustomString4","DeviceCustomString4Label","DeviceCustomString5","DeviceCustomString5Label","DeviceCustomString6","DeviceCustomString6Label","FlexDate1","FlexDate1Label","FlexNumber1","FlexNumber1Label","FlexNumber2","FlexNumber2Label","FlexString1","FlexString1Label","FlexString2","timestamp_just_added","timestamp_profiling_finished"],"ServiceID":"7a75f41d-313b-4f68-a99d-6427546cc799","StartTime":1760064190595,"Timestamp":1760064190597,"BaseEvents":[{"N":{"KL_CorrelationRulePriority":1},"ID":"832c7a2e-f76b-4c8a-b9ed-7320a93fe637","Name":"Connection. Inbound connection from external host using SMB, RPC ports","Type":3,"EndTime":1759566980719,"Message":"Connection Failed","Priority":1,"Severity":"notice","TenantID":"3d6c4203-7328-4fb2-98fa-f37d385ffbde","GroupedBy":["Message","DeviceAddress","DeviceHostName","SourceAddress","SourceHostName","SourceUserName","DestinationAddress","DestinationHostName","DestinationUserName","ApplicationProtocol","TransportProtocol","BytesIn","BytesOut","DeviceAction","DeviceAssetID","DeviceCity","DeviceCountry","DeviceDirection","DeviceDnsDomain","DeviceEventCategory","DeviceEventClassID","DeviceExternalID","DeviceFacility","DeviceHostName","DeviceInboundInterface","DeviceLatitude","DeviceLongitude","DeviceMacAddress","DeviceNtDomain","DeviceOutboundInterface","DevicePayloadID","DeviceProcessID","DeviceProcessName","DeviceReceiptTime","DeviceRegion","DeviceTimeZone","DeviceTranslatedAddress","DeviceVersion","EventOutcome","Reason","Severity","SourceAccountID","SourceAssetID","SourceCity","SourceCountry","SourceDnsDomain","SourceLatitude","SourceLongitude","SourceMacAddress","SourceNtDomain","SourcePort","SourceProcessID","SourceProcessName","SourceRegion","SourceServiceName","SourceTranslatedAddress","SourceTranslatedPort","SourceUserID","SourceUserPrivileges","DestinationAccountID","DestinationAssetID","DestinationCity","DestinationCountry","DestinationDnsDomain","DestinationLatitude","DestinationLongitude","DestinationMacAddress","DestinationNtDomain","DestinationPort","DestinationProcessID","DestinationProcessName","DestinationRegion","DestinationServiceName","DestinationTranslatedAddress","DestinationTranslatedPort","DestinationUserID","DestinationUserPrivileges","RequestClientApplication","RequestContext","RequestCookies","RequestMethod","RequestUrl","FileCreateTime","FileHash","FileID","FileModificationTime","FileName","FilePath","FilePermission","FileSize","FileType","OldFileCreateTime","OldFileHash","OldFileID","OldFileModificationTime","OldFileName","OldFilePath","OldFilePermission","OldFileSize","OldFileType","DeviceCustomDate1","DeviceCustomDate2","DeviceCustomFloatingPoint1","DeviceCustomFloatingPoint2","DeviceCustomFloatingPoint2Label","DeviceCustomFloatingPoint3","DeviceCustomFloatingPoint3Label","DeviceCustomFloatingPoint4","DeviceCustomFloatingPoint4Label","DeviceCustomIPv6Address1","DeviceCustomIPv6Address1Label","DeviceCustomIPv6Address3","DeviceCustomIPv6Address3Label","DeviceCustomIPv6Address4","DeviceCustomIPv6Address4Label","DeviceCustomNumber2","DeviceCustomNumber2Label","DeviceCustomNumber3","DeviceCustomString1","DeviceCustomNumber3Label","DeviceCustomString1Label","DeviceCustomString2","DeviceCustomString2Label","DeviceCustomString3","DeviceCustomString3Label","DeviceCustomString4","DeviceCustomString4Label","DeviceCustomString5","DeviceCustomString5Label","DeviceCustomString6","DeviceCustomString6Label","FlexDate1","FlexDate1Label","FlexNumber1","FlexNumber1Label","FlexNumber2","FlexNumber2Label","FlexString1","FlexString1Label","FlexString2"],"ServiceID":"7a75f41d-313b-4f68-a99d-6427546cc799","StartTime":1759566980719,"Timestamp":1760064190595,"BaseEvents":[{"ID":"d764eb57-32f2-4595-a4d8-b08b4a895f0e","Name":"traffic","Type":1,"EndTime":1759566980719,"Message":"Connection Failed","Priority":0,"Severity":"notice","TenantID":"3d6c4203-7328-4fb2-98fa-f37d385ffbde","ServiceID":"71d3be03-d996-4ec6-a03d-223288e5abc8","Timestamp":1759566980719,"ExternalID":"62853738","SourcePort":61461,"ServiceName":"Fortigate","DeviceAction":"deny","DeviceVendor":"Fortninet","DeviceAddress":"192.168.51.14","DeviceProduct":"Fortigate","SourceAddress":"45.123.2.198","DeviceHostName":"windu","DeviceTimeZone":"+02:00","DestinationPort":445,"DeviceExternalID":"FGT60FTK22032234","DeviceReceiptTime":1759566980719,"TransportProtocol":"6","DestinationAddress":"192.168.1.222","DeviceEventClassID":"local","ApplicationProtocol":"SMB","DeviceCustomString1":"local-in-policy","DeviceEventCategory":"traffic","DeviceInboundInterface":"wan2","DeviceOutboundInterface":"root","DeviceCustomNumber1Label":"duration","DeviceCustomNumber2Label":"policyid","DeviceCustomString1Label":"policytype"}],"SourcePort":61461,"ServiceName":"[OOTB] Correlator","DeviceAction":"deny","DeviceVendor":"Kaspersky","DeviceAddress":"192.168.51.14","DeviceProduct":"KUMA","SourceAddress":"45.123.2.198","BaseEventCount":1,"DeviceHostName":"windu","DeviceTimeZone":"+02:00","DestinationPort":445,"DeviceExternalID":"FGT60FTK22032234","CorrelationRuleID":"e2a20430-e50f-4f70-8970-8c799793a934","DeviceReceiptTime":1759566980719,"TransportProtocol":"6","DestinationAddress":"192.168.1.222","DeviceEventClassID":"local","ApplicationProtocol":"SMB","CorrelationRuleName":"Connection. Inbound connection from external host using SMB, RPC ports","DeviceCustomString1":"local-in-policy","DeviceEventCategory":"traffic","DeviceInboundInterface":"wan2","DeviceOutboundInterface":"root","DeviceCustomNumber2Label":"policyid","DeviceCustomString1Label":"policytype"}],"ExternalID":"R445_03","SourcePort":61461,"ServiceName":"[OOTB] Correlator","DeviceAction":"deny","DeviceVendor":"Kaspersky","DeviceAddress":"192.168.51.14","DeviceProduct":"KUMA","SourceAddress":"45.123.2.198","BaseEventCount":1,"DeviceHostName":"windu","DeviceTimeZone":"+02:00","DestinationPort":445,"DeviceExternalID":"FGT60FTK22032234","CorrelationRuleID":"49182bb8-1dd3-44cd-b561-101a5bd0e58d","DeviceReceiptTime":1759566980719,"TransportProtocol":"6","DestinationAddress":"192.168.1.222","DeviceEventClassID":"local","ApplicationProtocol":"SMB","CorrelationRuleName":"R445_03_Inbound connection from external host via SMB, RPC port","DeviceCustomString1":"local-in-policy","DeviceEventCategory":"traffic","DestinationServiceName":"Microsoft-DS (Directory Services) SMB file sharing","DeviceInboundInterface":"wan2","DeviceOutboundInterface":"root","DeviceCustomNumber2Label":"policyid","DeviceCustomString1Label":"policytype"}],"Rules":[{"Confidence":"medium","Custom":false,"ID":"49182bb8-1dd3-44cd-b561-101a5bd0e58d","Name":"R445_03_Inbound connection from external host via SMB, RPC port","Severity":"medium","Type":""}],"Severity":"low","SourceCreatedAt":"2025-10-10T02:43:10.596Z","SourceID":"bc5cf0d9-5a94-4b95-b7c1-99beb03c0fd7","Status":"new","StatusChangedAt":"2025-10-10T02:43:15.438Z","StatusResolution":"","TenantID":"3d6c4203-7328-4fb2-98fa-f37d385ffbde","UpdatedAt":"2025-10-10T02:43:15.438Z"},{"Assets":null,"Assignee":{"ID":"nobody","Name":"Not assigned","Type":""},"CreatedAt":"2025-10-10T02:43:35.433Z","DetectionTechnologies":null,"ExternalRef":"","Extra":null,"FirstEventTime":"2025-10-10T02:43:27.148Z","HistoryRecords":null,"ID":18954,"IncidentID":"","IncidentLinkType":"","InternalID":"bb5557b3-1311-496a-bc4e-be6271567b17","IsCII":false,"LastEventTime":"2025-10-10T02:43:30.608Z","MITRETactics":null,"MITRETechniques":null,"Name":"R445_05_Inbound connection from external host via management port","Observables":[{"Details":"","Type":"ip","Value":"134.209.234.97"},{"Details":"","Type":"hostname","Value":"windu"}],"OriginalEvents":[{"N":{"KL_CorrelationRulePriority":1},"ID":"bb5557b3-1311-496a-bc4e-be6271567b17","Name":"R445_05_Inbound connection from external host via management port","Type":3,"EndTime":1760064210607,"Message":"The external host 134.209.234.97 remotely connected to the internal node 192.168.1.222 on port 22 using the remote administration tool: SSH","Priority":1,"Severity":"notice","TenantID":"3d6c4203-7328-4fb2-98fa-f37d385ffbde","GroupedBy":["Message","DeviceAddress","DeviceHostName","SourceAddress","SourceHostName","SourceUserName","DestinationAddress","DestinationHostName","DestinationUserName","ApplicationProtocol","TransportProtocol","BytesIn","BytesOut","DeviceAction","DeviceAssetID","DeviceCity","DeviceCountry","DeviceDirection","DeviceDnsDomain","DeviceEventCategory","DeviceEventClassID","DeviceExternalID","DeviceFacility","DeviceHostName","DeviceInboundInterface","DeviceLatitude","DeviceLongitude","DeviceMacAddress","DeviceNtDomain","DeviceOutboundInterface","DevicePayloadID","DeviceProcessID","DeviceProcessName","DeviceReceiptTime","DeviceRegion","DeviceTimeZone","DeviceTranslatedAddress","DeviceVersion","EventOutcome","Reason","Severity","SourceAccountID","SourceAssetID","SourceCity","SourceCountry","SourceDnsDomain","SourceLatitude","SourceLongitude","SourceMacAddress","SourceNtDomain","SourcePort","SourceProcessID","SourceProcessName","SourceRegion","SourceServiceName","SourceTranslatedAddress","SourceTranslatedPort","SourceUserID","SourceUserPrivileges","DestinationAccountID","DestinationAssetID","DestinationCity","DestinationCountry","DestinationDnsDomain","DestinationLatitude","DestinationLongitude","DestinationMacAddress","DestinationNtDomain","DestinationPort","DestinationProcessID","DestinationProcessName","DestinationRegion","DestinationServiceName","DestinationTranslatedAddress","DestinationTranslatedPort","DestinationUserID","DestinationUserPrivileges","RequestClientApplication","RequestContext","RequestCookies","RequestMethod","RequestUrl","FileCreateTime","FileHash","FileID","FileModificationTime","FileName","FilePath","FilePermission","FileSize","FileType","OldFileCreateTime","OldFileHash","OldFileID","OldFileModificationTime","OldFileName","OldFilePath","OldFilePermission","OldFileSize","OldFileType","DeviceCustomDate1","DeviceCustomDate2","DeviceCustomFloatingPoint1","DeviceCustomFloatingPoint2","DeviceCustomFloatingPoint2Label","DeviceCustomFloatingPoint3","DeviceCustomFloatingPoint3Label","DeviceCustomFloatingPoint4","DeviceCustomFloatingPoint4Label","DeviceCustomIPv6Address1","DeviceCustomIPv6Address1Label","DeviceCustomIPv6Address3","DeviceCustomIPv6Address3Label","DeviceCustomIPv6Address4","DeviceCustomIPv6Address4Label","DeviceCustomNumber2","DeviceCustomNumber2Label","DeviceCustomNumber3","DeviceCustomString1","DeviceCustomNumber3Label","DeviceCustomString1Label","DeviceCustomString2","DeviceCustomString2Label","DeviceCustomString3","DeviceCustomString3Label","DeviceCustomString4","DeviceCustomString4Label","DeviceCustomString5","DeviceCustomString5Label","DeviceCustomString6","DeviceCustomString6Label","FlexDate1","FlexDate1Label","FlexNumber1","FlexNumber1Label","FlexNumber2","FlexNumber2Label","FlexString1","FlexString1Label","FlexString2","timestamp_just_added","timestamp_profiling_finished"],"ServiceID":"7a75f41d-313b-4f68-a99d-6427546cc799","StartTime":1760064210607,"Timestamp":1760064210608,"BaseEvents":[{"N":{"KL_CorrelationRulePriority":1},"ID":"ffc3d780-c323-455b-92b7-b1fa8d590cf9","Name":"Connection. Inbound connection from external host using management ports","Type":3,"EndTime":1760064207149,"Message":"Connection Failed","Priority":1,"Severity":"notice","TenantID":"3d6c4203-7328-4fb2-98fa-f37d385ffbde","GroupedBy":["Message","DeviceAddress","DeviceHostName","SourceAddress","SourceHostName","SourceUserName","DestinationAddress","DestinationHostName","DestinationUserName","ApplicationProtocol","TransportProtocol","BytesIn","BytesOut","DeviceAction","DeviceAssetID","DeviceCity","DeviceCountry","DeviceDirection","DeviceDnsDomain","DeviceEventCategory","DeviceEventClassID","DeviceExternalID","DeviceFacility","DeviceHostName","DeviceInboundInterface","DeviceLatitude","DeviceLongitude","DeviceMacAddress","DeviceNtDomain","DeviceOutboundInterface","DevicePayloadID","DeviceProcessID","DeviceProcessName","DeviceReceiptTime","DeviceRegion","DeviceTimeZone","DeviceTranslatedAddress","DeviceVersion","EventOutcome","Reason","Severity","SourceAccountID","SourceAssetID","SourceCity","SourceCountry","SourceDnsDomain","SourceLatitude","SourceLongitude","SourceMacAddress","SourceNtDomain","SourcePort","SourceProcessID","SourceProcessName","SourceRegion","SourceServiceName","SourceTranslatedAddress","SourceTranslatedPort","SourceUserID","SourceUserPrivileges","DestinationAccountID","DestinationAssetID","DestinationCity","DestinationCountry","DestinationDnsDomain","DestinationLatitude","DestinationLongitude","DestinationMacAddress","DestinationNtDomain","DestinationPort","DestinationProcessID","DestinationProcessName","DestinationRegion","DestinationServiceName","DestinationTranslatedAddress","DestinationTranslatedPort","DestinationUserID","DestinationUserPrivileges","RequestClientApplication","RequestContext","RequestCookies","RequestMethod","RequestUrl","FileCreateTime","FileHash","FileID","FileModificationTime","FileName","FilePath","FilePermission","FileSize","FileType","OldFileCreateTime","OldFileHash","OldFileID","OldFileModificationTime","OldFileName","OldFilePath","OldFilePermission","OldFileSize","OldFileType","DeviceCustomDate1","DeviceCustomDate2","DeviceCustomFloatingPoint1","DeviceCustomFloatingPoint2","DeviceCustomFloatingPoint2Label","DeviceCustomFloatingPoint3","DeviceCustomFloatingPoint3Label","DeviceCustomFloatingPoint4","DeviceCustomFloatingPoint4Label","DeviceCustomIPv6Address1","DeviceCustomIPv6Address1Label","DeviceCustomIPv6Address3","DeviceCustomIPv6Address3Label","DeviceCustomIPv6Address4","DeviceCustomIPv6Address4Label","DeviceCustomNumber2","DeviceCustomNumber2Label","DeviceCustomNumber3","DeviceCustomString1","DeviceCustomNumber3Label","DeviceCustomString1Label","DeviceCustomString2","DeviceCustomString2Label","DeviceCustomString3","DeviceCustomString3Label","DeviceCustomString4","DeviceCustomString4Label","DeviceCustomString5","DeviceCustomString5Label","DeviceCustomString6","DeviceCustomString6Label","FlexDate1","FlexDate1Label","FlexNumber1","FlexNumber1Label","FlexNumber2","FlexNumber2Label","FlexString1","FlexString1Label","FlexString2"],"ServiceID":"7a75f41d-313b-4f68-a99d-6427546cc799","StartTime":1760064207149,"Timestamp":1760064210607,"BaseEvents":[{"ID":"ebedbd74-3bc7-464c-9d81-b2d135a8784f","Name":"traffic","Type":1,"EndTime":1760049806000,"Message":"Connection Failed","Priority":0,"Severity":"notice","TenantID":"3d6c4203-7328-4fb2-98fa-f37d385ffbde","ServiceID":"71d3be03-d996-4ec6-a03d-223288e5abc8","Timestamp":1760064207149,"ExternalID":"71879501","SourcePort":44200,"ServiceName":"Fortigate","DeviceAction":"deny","DeviceVendor":"Fortninet","DeviceAddress":"192.168.51.14","DeviceProduct":"Fortigate","SourceAddress":"134.209.234.97","DeviceHostName":"windu","DeviceTimeZone":"+02:00","DestinationPort":22,"DeviceExternalID":"FGT60FTK22032234","DeviceReceiptTime":1760064207149,"TransportProtocol":"6","DestinationAddress":"192.168.1.222","DeviceEventClassID":"local","ApplicationProtocol":"SSH","DeviceCustomString1":"local-in-policy","DeviceEventCategory":"traffic","DeviceInboundInterface":"wan2","DeviceOutboundInterface":"root","DeviceCustomNumber1Label":"duration","DeviceCustomNumber2Label":"policyid","DeviceCustomString1Label":"policytype"}],"SourcePort":44200,"ServiceName":"[OOTB] Correlator","DeviceAction":"deny","DeviceVendor":"Kaspersky","DeviceAddress":"192.168.51.14","DeviceProduct":"KUMA","SourceAddress":"134.209.234.97","BaseEventCount":1,"DeviceHostName":"windu","DeviceTimeZone":"+02:00","DestinationPort":22,"DeviceExternalID":"FGT60FTK22032234","CorrelationRuleID":"83fea516-0ec2-4fd2-96c0-1136c65378bb","DeviceReceiptTime":1760064207149,"TransportProtocol":"6","DestinationAddress":"192.168.1.222","DeviceEventClassID":"local","ApplicationProtocol":"SSH","CorrelationRuleName":"Connection. Inbound connection from external host using management ports","DeviceCustomString1":"local-in-policy","DeviceEventCategory":"traffic","DeviceInboundInterface":"wan2","DeviceOutboundInterface":"root","DeviceCustomNumber2Label":"policyid","DeviceCustomString1Label":"policytype"}],"ExternalID":"R445_05","SourcePort":44200,"ServiceName":"[OOTB] Correlator","DeviceAction":"deny","DeviceVendor":"Kaspersky","DeviceAddress":"192.168.51.14","DeviceProduct":"KUMA","SourceAddress":"134.209.234.97","BaseEventCount":1,"DeviceHostName":"windu","DeviceTimeZone":"+02:00","DestinationPort":22,"DeviceExternalID":"FGT60FTK22032234","CorrelationRuleID":"4eeda10b-8ef6-4725-846d-62b00bfa7561","DeviceReceiptTime":1760064207149,"TransportProtocol":"6","DestinationAddress":"192.168.1.222","DeviceEventClassID":"local","ApplicationProtocol":"SSH","CorrelationRuleName":"R445_05_Inbound connection from external host via management port","DeviceCustomString1":"local-in-policy","DeviceEventCategory":"traffic","DestinationServiceName":"SSH","DeviceInboundInterface":"wan2","DeviceOutboundInterface":"root","DeviceCustomNumber2Label":"policyid","DeviceCustomString1Label":"policytype"}],"Rules":[{"Confidence":"medium","Custom":false,"ID":"4eeda10b-8ef6-4725-846d-62b00bfa7561","Name":"R445_05_Inbound connection from external host via management port","Severity":"medium","Type":""}],"Severity":"low","SourceCreatedAt":"2025-10-10T02:43:30.608Z","SourceID":"bb5557b3-1311-496a-bc4e-be6271567b17","Status":"new","StatusChangedAt":"2025-10-10T02:43:35.433Z","StatusResolution":"","TenantID":"3d6c4203-7328-4fb2-98fa-f37d385ffbde","UpdatedAt":"2025-10-10T02:43:35.433Z"},{"Assets":null,"Assignee":{"ID":"nobody","Name":"Not assigned","Type":""},"CreatedAt":"2025-10-10T02:44:10.435Z","DetectionTechnologies":null,"ExternalRef":"","Extra":null,"FirstEventTime":"2025-10-04T08:37:22.799Z","HistoryRecords":null,"ID":18955,"IncidentID":"","IncidentLinkType":"","InternalID":"6a5fa4f2-bbce-4502-8b77-a1c8b7a85d97","IsCII":false,"LastEventTime":"2025-10-10T02:44:05.621Z","MITRETactics":null,"MITRETechniques":null,"Name":"R445_03_Inbound connection from external host via SMB, RPC port","Observables":[{"Details":"","Type":"ip","Value":"94.229.237.109"},{"Details":"","Type":"hostname","Value":"windu"}],"OriginalEvents":[{"N":{"KL_CorrelationRulePriority":1},"ID":"6a5fa4f2-bbce-4502-8b77-a1c8b7a85d97","Name":"R445_03_Inbound connection from external host via SMB, RPC port","Type":3,"EndTime":1760064245620,"Message":"The external host 94.229.237.109 remotely connected to the internal node 192.168.1.222 on port 445 which is used in SMB, RPC protocols: Microsoft-DS (Directory Services) SMB file sharing","Priority":1,"Severity":"notice","TenantID":"3d6c4203-7328-4fb2-98fa-f37d385ffbde","GroupedBy":["Message","DeviceAddress","DeviceHostName","SourceAddress","SourceHostName","SourceUserName","DestinationAddress","DestinationHostName","DestinationUserName","ApplicationProtocol","TransportProtocol","BytesIn","BytesOut","DeviceAction","DeviceAssetID","DeviceCity","DeviceCountry","DeviceDirection","DeviceDnsDomain","DeviceEventCategory","DeviceEventClassID","DeviceExternalID","DeviceFacility","DeviceHostName","DeviceInboundInterface","DeviceLatitude","DeviceLongitude","DeviceMacAddress","DeviceNtDomain","DeviceOutboundInterface","DevicePayloadID","DeviceProcessID","DeviceProcessName","DeviceReceiptTime","DeviceRegion","DeviceTimeZone","DeviceTranslatedAddress","DeviceVersion","EventOutcome","Reason","Severity","SourceAccountID","SourceAssetID","SourceCity","SourceCountry","SourceDnsDomain","SourceLatitude","SourceLongitude","SourceMacAddress","SourceNtDomain","SourcePort","SourceProcessID","SourceProcessName","SourceRegion","SourceServiceName","SourceTranslatedAddress","SourceTranslatedPort","SourceUserID","SourceUserPrivileges","DestinationAccountID","DestinationAssetID","DestinationCity","DestinationCountry","DestinationDnsDomain","DestinationLatitude","DestinationLongitude","DestinationMacAddress","DestinationNtDomain","DestinationPort","DestinationProcessID","DestinationProcessName","DestinationRegion","DestinationServiceName","DestinationTranslatedAddress","DestinationTranslatedPort","DestinationUserID","DestinationUserPrivileges","RequestClientApplication","RequestContext","RequestCookies","RequestMethod","RequestUrl","FileCreateTime","FileHash","FileID","FileModificationTime","FileName","FilePath","FilePermission","FileSize","FileType","OldFileCreateTime","OldFileHash","OldFileID","OldFileModificationTime","OldFileName","OldFilePath","OldFilePermission","OldFileSize","OldFileType","DeviceCustomDate1","DeviceCustomDate2","DeviceCustomFloatingPoint1","DeviceCustomFloatingPoint2","DeviceCustomFloatingPoint2Label","DeviceCustomFloatingPoint3","DeviceCustomFloatingPoint3Label","DeviceCustomFloatingPoint4","DeviceCustomFloatingPoint4Label","DeviceCustomIPv6Address1","DeviceCustomIPv6Address1Label","DeviceCustomIPv6Address3","DeviceCustomIPv6Address3Label","DeviceCustomIPv6Address4","DeviceCustomIPv6Address4Label","DeviceCustomNumber2","DeviceCustomNumber2Label","DeviceCustomNumber3","DeviceCustomString1","DeviceCustomNumber3Label","DeviceCustomString1Label","DeviceCustomString2","DeviceCustomString2Label","DeviceCustomString3","DeviceCustomString3Label","DeviceCustomString4","DeviceCustomString4Label","DeviceCustomString5","DeviceCustomString5Label","DeviceCustomString6","DeviceCustomString6Label","FlexDate1","FlexDate1Label","FlexNumber1","FlexNumber1Label","FlexNumber2","FlexNumber2Label","FlexString1","FlexString1Label","FlexString2","timestamp_just_added","timestamp_profiling_finished"],"ServiceID":"7a75f41d-313b-4f68-a99d-6427546cc799","StartTime":1760064245620,"Timestamp":1760064245621,"BaseEvents":[{"N":{"KL_CorrelationRulePriority":1},"ID":"aef0c6ee-d76f-4de0-a507-c0795ec928b5","Name":"Connection. Inbound connection from external host using SMB, RPC ports","Type":3,"EndTime":1759567042799,"Message":"Connection Failed","Priority":1,"Severity":"notice","TenantID":"3d6c4203-7328-4fb2-98fa-f37d385ffbde","GroupedBy":["Message","DeviceAddress","DeviceHostName","SourceAddress","SourceHostName","SourceUserName","DestinationAddress","DestinationHostName","DestinationUserName","ApplicationProtocol","TransportProtocol","BytesIn","BytesOut","DeviceAction","DeviceAssetID","DeviceCity","DeviceCountry","DeviceDirection","DeviceDnsDomain","DeviceEventCategory","DeviceEventClassID","DeviceExternalID","DeviceFacility","DeviceHostName","DeviceInboundInterface","DeviceLatitude","DeviceLongitude","DeviceMacAddress","DeviceNtDomain","DeviceOutboundInterface","DevicePayloadID","DeviceProcessID","DeviceProcessName","DeviceReceiptTime","DeviceRegion","DeviceTimeZone","DeviceTranslatedAddress","DeviceVersion","EventOutcome","Reason","Severity","SourceAccountID","SourceAssetID","SourceCity","SourceCountry","SourceDnsDomain","SourceLatitude","SourceLongitude","SourceMacAddress","SourceNtDomain","SourcePort","SourceProcessID","SourceProcessName","SourceRegion","SourceServiceName","SourceTranslatedAddress","SourceTranslatedPort","SourceUserID","SourceUserPrivileges","DestinationAccountID","DestinationAssetID","DestinationCity","DestinationCountry","DestinationDnsDomain","DestinationLatitude","DestinationLongitude","DestinationMacAddress","DestinationNtDomain","DestinationPort","DestinationProcessID","DestinationProcessName","DestinationRegion","DestinationServiceName","DestinationTranslatedAddress","DestinationTranslatedPort","DestinationUserID","DestinationUserPrivileges","RequestClientApplication","RequestContext","RequestCookies","RequestMethod","RequestUrl","FileCreateTime","FileHash","FileID","FileModificationTime","FileName","FilePath","FilePermission","FileSize","FileType","OldFileCreateTime","OldFileHash","OldFileID","OldFileModificationTime","OldFileName","OldFilePath","OldFilePermission","OldFileSize","OldFileType","DeviceCustomDate1","DeviceCustomDate2","DeviceCustomFloatingPoint1","DeviceCustomFloatingPoint2","DeviceCustomFloatingPoint2Label","DeviceCustomFloatingPoint3","DeviceCustomFloatingPoint3Label","DeviceCustomFloatingPoint4","DeviceCustomFloatingPoint4Label","DeviceCustomIPv6Address1","DeviceCustomIPv6Address1Label","DeviceCustomIPv6Address3","DeviceCustomIPv6Address3Label","DeviceCustomIPv6Address4","DeviceCustomIPv6Address4Label","DeviceCustomNumber2","DeviceCustomNumber2Label","DeviceCustomNumber3","DeviceCustomString1","DeviceCustomNumber3Label","DeviceCustomString1Label","DeviceCustomString2","DeviceCustomString2Label","DeviceCustomString3","DeviceCustomString3Label","DeviceCustomString4","DeviceCustomString4Label","DeviceCustomString5","DeviceCustomString5Label","DeviceCustomString6","DeviceCustomString6Label","FlexDate1","FlexDate1Label","FlexNumber1","FlexNumber1Label","FlexNumber2","FlexNumber2Label","FlexString1","FlexString1Label","FlexString2"],"ServiceID":"7a75f41d-313b-4f68-a99d-6427546cc799","StartTime":1759567042799,"Timestamp":1760064245620,"BaseEvents":[{"ID":"5a97d4b1-5d71-4442-b7aa-83933592742d","Name":"traffic","Type":1,"EndTime":1759567042799,"Message":"Connection Failed","Priority":0,"Severity":"notice","TenantID":"3d6c4203-7328-4fb2-98fa-f37d385ffbde","ServiceID":"71d3be03-d996-4ec6-a03d-223288e5abc8","Timestamp":1759567042799,"ExternalID":"62854577","SourcePort":49227,"ServiceName":"Fortigate","DeviceAction":"deny","DeviceVendor":"Fortninet","DeviceAddress":"192.168.51.14","DeviceProduct":"Fortigate","SourceAddress":"94.229.237.109","DeviceHostName":"windu","DeviceTimeZone":"+02:00","DestinationPort":445,"DeviceExternalID":"FGT60FTK22032234","DeviceReceiptTime":1759567042799,"TransportProtocol":"6","DestinationAddress":"192.168.1.222","DeviceEventClassID":"local","ApplicationProtocol":"SMB","DeviceCustomString1":"local-in-policy","DeviceEventCategory":"traffic","DeviceInboundInterface":"wan2","DeviceOutboundInterface":"root","DeviceCustomNumber1Label":"duration","DeviceCustomNumber2Label":"policyid","DeviceCustomString1Label":"policytype"}],"SourcePort":49227,"ServiceName":"[OOTB] Correlator","DeviceAction":"deny","DeviceVendor":"Kaspersky","DeviceAddress":"192.168.51.14","DeviceProduct":"KUMA","SourceAddress":"94.229.237.109","BaseEventCount":1,"DeviceHostName":"windu","DeviceTimeZone":"+02:00","DestinationPort":445,"DeviceExternalID":"FGT60FTK22032234","CorrelationRuleID":"e2a20430-e50f-4f70-8970-8c799793a934","DeviceReceiptTime":1759567042799,"TransportProtocol":"6","DestinationAddress":"192.168.1.222","DeviceEventClassID":"local","ApplicationProtocol":"SMB","CorrelationRuleName":"Connection. Inbound connection from external host using SMB, RPC ports","DeviceCustomString1":"local-in-policy","DeviceEventCategory":"traffic","DeviceInboundInterface":"wan2","DeviceOutboundInterface":"root","DeviceCustomNumber2Label":"policyid","DeviceCustomString1Label":"policytype"}],"ExternalID":"R445_03","SourcePort":49227,"ServiceName":"[OOTB] Correlator","DeviceAction":"deny","DeviceVendor":"Kaspersky","DeviceAddress":"192.168.51.14","DeviceProduct":"KUMA","SourceAddress":"94.229.237.109","BaseEventCount":1,"DeviceHostName":"windu","DeviceTimeZone":"+02:00","DestinationPort":445,"DeviceExternalID":"FGT60FTK22032234","CorrelationRuleID":"49182bb8-1dd3-44cd-b561-101a5bd0e58d","DeviceReceiptTime":1759567042799,"TransportProtocol":"6","DestinationAddress":"192.168.1.222","DeviceEventClassID":"local","ApplicationProtocol":"SMB","CorrelationRuleName":"R445_03_Inbound connection from external host via SMB, RPC port","DeviceCustomString1":"local-in-policy","DeviceEventCategory":"traffic","DestinationServiceName":"Microsoft-DS (Directory Services) SMB file sharing","DeviceInboundInterface":"wan2","DeviceOutboundInterface":"root","DeviceCustomNumber2Label":"policyid","DeviceCustomString1Label":"policytype"}],"Rules":[{"Confidence":"medium","Custom":false,"ID":"49182bb8-1dd3-44cd-b561-101a5bd0e58d","Name":"R445_03_Inbound connection from external host via SMB, RPC port","Severity":"medium","Type":""}],"Severity":"low","SourceCreatedAt":"2025-10-10T02:44:05.621Z","SourceID":"6a5fa4f2-bbce-4502-8b77-a1c8b7a85d97","Status":"new","StatusChangedAt":"2025-10-10T02:44:10.435Z","StatusResolution":"","TenantID":"3d6c4203-7328-4fb2-98fa-f37d385ffbde","UpdatedAt":"2025-10-10T02:44:10.435Z"},{"Assets":null,"Assignee":{"ID":"nobody","Name":"Not assigned","Type":""},"CreatedAt":"2025-10-10T02:44:40.441Z","DetectionTechnologies":null,"ExternalRef":"","Extra":null,"FirstEventTime":"2025-10-10T02:44:32.279Z","HistoryRecords":null,"ID":18956,"IncidentID":"","IncidentLinkType":"","InternalID":"abb42343-e2c2-4ee9-ab35-f64531331796","IsCII":false,"LastEventTime":"2025-10-10T02:44:35.621Z","MITRETactics":null,"MITRETechniques":null,"Name":"R445_03_Inbound connection from external host via SMB, RPC port","Observables":[{"Details":"","Type":"ip","Value":"38.50.61.175"},{"Details":"","Type":"hostname","Value":"windu"}],"OriginalEvents":[{"N":{"KL_CorrelationRulePriority":1},"ID":"abb42343-e2c2-4ee9-ab35-f64531331796","Name":"R445_03_Inbound connection from external host via SMB, RPC port","Type":3,"EndTime":1760064275621,"Message":"The external host 38.50.61.175 remotely connected to the internal node 192.168.1.222 on port 445 which is used in SMB, RPC protocols: Microsoft-DS (Directory Services) SMB file sharing","Priority":1,"Severity":"notice","TenantID":"3d6c4203-7328-4fb2-98fa-f37d385ffbde","GroupedBy":["Message","DeviceAddress","DeviceHostName","SourceAddress","SourceHostName","SourceUserName","DestinationAddress","DestinationHostName","DestinationUserName","ApplicationProtocol","TransportProtocol","BytesIn","BytesOut","DeviceAction","DeviceAssetID","DeviceCity","DeviceCountry","DeviceDirection","DeviceDnsDomain","DeviceEventCategory","DeviceEventClassID","DeviceExternalID","DeviceFacility","DeviceHostName","DeviceInboundInterface","DeviceLatitude","DeviceLongitude","DeviceMacAddress","DeviceNtDomain","DeviceOutboundInterface","DevicePayloadID","DeviceProcessID","DeviceProcessName","DeviceReceiptTime","DeviceRegion","DeviceTimeZone","DeviceTranslatedAddress","DeviceVersion","EventOutcome","Reason","Severity","SourceAccountID","SourceAssetID","SourceCity","SourceCountry","SourceDnsDomain","SourceLatitude","SourceLongitude","SourceMacAddress","SourceNtDomain","SourcePort","SourceProcessID","SourceProcessName","SourceRegion","SourceServiceName","SourceTranslatedAddress","SourceTranslatedPort","SourceUserID","SourceUserPrivileges","DestinationAccountID","DestinationAssetID","DestinationCity","DestinationCountry","DestinationDnsDomain","DestinationLatitude","DestinationLongitude","DestinationMacAddress","DestinationNtDomain","DestinationPort","DestinationProcessID","DestinationProcessName","DestinationRegion","DestinationServiceName","DestinationTranslatedAddress","DestinationTranslatedPort","DestinationUserID","DestinationUserPrivileges","RequestClientApplication","RequestContext","RequestCookies","RequestMethod","RequestUrl","FileCreateTime","FileHash","FileID","FileModificationTime","FileName","FilePath","FilePermission","FileSize","FileType","OldFileCreateTime","OldFileHash","OldFileID","OldFileModificationTime","OldFileName","OldFilePath","OldFilePermission","OldFileSize","OldFileType","DeviceCustomDate1","DeviceCustomDate2","DeviceCustomFloatingPoint1","DeviceCustomFloatingPoint2","DeviceCustomFloatingPoint2Label","DeviceCustomFloatingPoint3","DeviceCustomFloatingPoint3Label","DeviceCustomFloatingPoint4","DeviceCustomFloatingPoint4Label","DeviceCustomIPv6Address1","DeviceCustomIPv6Address1Label","DeviceCustomIPv6Address3","DeviceCustomIPv6Address3Label","DeviceCustomIPv6Address4","DeviceCustomIPv6Address4Label","DeviceCustomNumber2","DeviceCustomNumber2Label","DeviceCustomNumber3","DeviceCustomString1","DeviceCustomNumber3Label","DeviceCustomString1Label","DeviceCustomString2","DeviceCustomString2Label","DeviceCustomString3","DeviceCustomString3Label","DeviceCustomString4","DeviceCustomString4Label","DeviceCustomString5","DeviceCustomString5Label","DeviceCustomString6","DeviceCustomString6Label","FlexDate1","FlexDate1Label","FlexNumber1","FlexNumber1Label","FlexNumber2","FlexNumber2Label","FlexString1","FlexString1Label","FlexString2","timestamp_just_added","timestamp_profiling_finished"],"ServiceID":"7a75f41d-313b-4f68-a99d-6427546cc799","StartTime":1760064275621,"Timestamp":1760064275622,"BaseEvents":[{"N":{"KL_CorrelationRulePriority":1},"ID":"2a5745c0-2376-4cfc-b1f8-67d8637f40d6","Name":"Connection. Inbound connection from external host using SMB, RPC ports","Type":3,"EndTime":1760064272279,"Message":"Connection Failed","Priority":1,"Severity":"notice","TenantID":"3d6c4203-7328-4fb2-98fa-f37d385ffbde","GroupedBy":["Message","DeviceAddress","DeviceHostName","SourceAddress","SourceHostName","SourceUserName","DestinationAddress","DestinationHostName","DestinationUserName","ApplicationProtocol","TransportProtocol","BytesIn","BytesOut","DeviceAction","DeviceAssetID","DeviceCity","DeviceCountry","DeviceDirection","DeviceDnsDomain","DeviceEventCategory","DeviceEventClassID","DeviceExternalID","DeviceFacility","DeviceHostName","DeviceInboundInterface","DeviceLatitude","DeviceLongitude","DeviceMacAddress","DeviceNtDomain","DeviceOutboundInterface","DevicePayloadID","DeviceProcessID","DeviceProcessName","DeviceReceiptTime","DeviceRegion","DeviceTimeZone","DeviceTranslatedAddress","DeviceVersion","EventOutcome","Reason","Severity","SourceAccountID","SourceAssetID","SourceCity","SourceCountry","SourceDnsDomain","SourceLatitude","SourceLongitude","SourceMacAddress","SourceNtDomain","SourcePort","SourceProcessID","SourceProcessName","SourceRegion","SourceServiceName","SourceTranslatedAddress","SourceTranslatedPort","SourceUserID","SourceUserPrivileges","DestinationAccountID","DestinationAssetID","DestinationCity","DestinationCountry","DestinationDnsDomain","DestinationLatitude","DestinationLongitude","DestinationMacAddress","DestinationNtDomain","DestinationPort","DestinationProcessID","DestinationProcessName","DestinationRegion","DestinationServiceName","DestinationTranslatedAddress","DestinationTranslatedPort","DestinationUserID","DestinationUserPrivileges","RequestClientApplication","RequestContext","RequestCookies","RequestMethod","RequestUrl","FileCreateTime","FileHash","FileID","FileModificationTime","FileName","FilePath","FilePermission","FileSize","FileType","OldFileCreateTime","OldFileHash","OldFileID","OldFileModificationTime","OldFileName","OldFilePath","OldFilePermission","OldFileSize","OldFileType","DeviceCustomDate1","DeviceCustomDate2","DeviceCustomFloatingPoint1","DeviceCustomFloatingPoint2","DeviceCustomFloatingPoint2Label","DeviceCustomFloatingPoint3","DeviceCustomFloatingPoint3Label","DeviceCustomFloatingPoint4","DeviceCustomFloatingPoint4Label","DeviceCustomIPv6Address1","DeviceCustomIPv6Address1Label","DeviceCustomIPv6Address3","DeviceCustomIPv6Address3Label","DeviceCustomIPv6Address4","DeviceCustomIPv6Address4Label","DeviceCustomNumber2","DeviceCustomNumber2Label","DeviceCustomNumber3","DeviceCustomString1","DeviceCustomNumber3Label","DeviceCustomString1Label","DeviceCustomString2","DeviceCustomString2Label","DeviceCustomString3","DeviceCustomString3Label","DeviceCustomString4","DeviceCustomString4Label","DeviceCustomString5","DeviceCustomString5Label","DeviceCustomString6","DeviceCustomString6Label","FlexDate1","FlexDate1Label","FlexNumber1","FlexNumber1Label","FlexNumber2","FlexNumber2Label","FlexString1","FlexString1Label","FlexString2"],"ServiceID":"7a75f41d-313b-4f68-a99d-6427546cc799","StartTime":1760064272279,"Timestamp":1760064275621,"BaseEvents":[{"ID":"d6e6d68c-bf1e-42f8-8d04-1ff474d46d97","Name":"traffic","Type":1,"EndTime":1760049871000,"Message":"Connection Failed","Priority":0,"Severity":"notice","TenantID":"3d6c4203-7328-4fb2-98fa-f37d385ffbde","ServiceID":"71d3be03-d996-4ec6-a03d-223288e5abc8","Timestamp":1760064272279,"ExternalID":"71880949","SourcePort":55600,"ServiceName":"Fortigate","DeviceAction":"deny","DeviceVendor":"Fortninet","DeviceAddress":"192.168.51.14","DeviceProduct":"Fortigate","SourceAddress":"38.50.61.175","DeviceHostName":"windu","DeviceTimeZone":"+02:00","DestinationPort":445,"DeviceExternalID":"FGT60FTK22032234","DeviceReceiptTime":1760064272279,"TransportProtocol":"6","DestinationAddress":"192.168.1.222","DeviceEventClassID":"local","ApplicationProtocol":"SMB","DeviceCustomString1":"local-in-policy","DeviceEventCategory":"traffic","DeviceInboundInterface":"wan2","DeviceOutboundInterface":"root","DeviceCustomNumber1Label":"duration","DeviceCustomNumber2Label":"policyid","DeviceCustomString1Label":"policytype"}],"SourcePort":55600,"ServiceName":"[OOTB] Correlator","DeviceAction":"deny","DeviceVendor":"Kaspersky","DeviceAddress":"192.168.51.14","DeviceProduct":"KUMA","SourceAddress":"38.50.61.175","BaseEventCount":1,"DeviceHostName":"windu","DeviceTimeZone":"+02:00","DestinationPort":445,"DeviceExternalID":"FGT60FTK22032234","CorrelationRuleID":"e2a20430-e50f-4f70-8970-8c799793a934","DeviceReceiptTime":1760064272279,"TransportProtocol":"6","DestinationAddress":"192.168.1.222","DeviceEventClassID":"local","ApplicationProtocol":"SMB","CorrelationRuleName":"Connection. Inbound connection from external host using SMB, RPC ports","DeviceCustomString1":"local-in-policy","DeviceEventCategory":"traffic","DeviceInboundInterface":"wan2","DeviceOutboundInterface":"root","DeviceCustomNumber2Label":"policyid","DeviceCustomString1Label":"policytype"}],"ExternalID":"R445_03","SourcePort":55600,"ServiceName":"[OOTB] Correlator","DeviceAction":"deny","DeviceVendor":"Kaspersky","DeviceAddress":"192.168.51.14","DeviceProduct":"KUMA","SourceAddress":"38.50.61.175","BaseEventCount":1,"DeviceHostName":"windu","DeviceTimeZone":"+02:00","DestinationPort":445,"DeviceExternalID":"FGT60FTK22032234","CorrelationRuleID":"49182bb8-1dd3-44cd-b561-101a5bd0e58d","DeviceReceiptTime":1760064272279,"TransportProtocol":"6","DestinationAddress":"192.168.1.222","DeviceEventClassID":"local","ApplicationProtocol":"SMB","CorrelationRuleName":"R445_03_Inbound connection from external host via SMB, RPC port","DeviceCustomString1":"local-in-policy","DeviceEventCategory":"traffic","DestinationServiceName":"Microsoft-DS (Directory Services) SMB file sharing","DeviceInboundInterface":"wan2","DeviceOutboundInterface":"root","DeviceCustomNumber2Label":"policyid","DeviceCustomString1Label":"policytype"}],"Rules":[{"Confidence":"medium","Custom":false,"ID":"49182bb8-1dd3-44cd-b561-101a5bd0e58d","Name":"R445_03_Inbound connection from external host via SMB, RPC port","Severity":"medium","Type":""}],"Severity":"low","SourceCreatedAt":"2025-10-10T02:44:35.621Z","SourceID":"abb42343-e2c2-4ee9-ab35-f64531331796","Status":"new","StatusChangedAt":"2025-10-10T02:44:40.441Z","StatusResolution":"","TenantID":"3d6c4203-7328-4fb2-98fa-f37d385ffbde","UpdatedAt":"2025-10-10T02:44:40.441Z"},{"Assets":null,"Assignee":{"ID":"nobody","Name":"Not assigned","Type":""},"CreatedAt":"2025-10-10T03:06:10.61Z","DetectionTechnologies":null,"ExternalRef":"","Extra":null,"FirstEventTime":"2025-10-04T08:58:07.976Z","HistoryRecords":null,"ID":18965,"IncidentID":"","IncidentLinkType":"","InternalID":"77078483-6551-4e60-9455-290b9a45bce9","IsCII":false,"LastEventTime":"2025-10-10T03:06:05.908Z","MITRETactics":null,"MITRETechniques":null,"Name":"R445_05_Inbound connection from external host via management port","Observables":[{"Details":"","Type":"ip","Value":"77.90.185.47"},{"Details":"","Type":"hostname","Value":"windu"}],"OriginalEvents":[{"N":{"KL_CorrelationRulePriority":1},"ID":"77078483-6551-4e60-9455-290b9a45bce9","Name":"R445_05_Inbound connection from external host via management port","Type":3,"EndTime":1760065565907,"Message":"The external host 77.90.185.47 remotely connected to the internal node 192.168.1.222 on port 22 using the remote administration tool: SSH","Priority":1,"Severity":"notice","TenantID":"3d6c4203-7328-4fb2-98fa-f37d385ffbde","GroupedBy":["Message","DeviceAddress","DeviceHostName","SourceAddress","SourceHostName","SourceUserName","DestinationAddress","DestinationHostName","DestinationUserName","ApplicationProtocol","TransportProtocol","BytesIn","BytesOut","DeviceAction","DeviceAssetID","DeviceCity","DeviceCountry","DeviceDirection","DeviceDnsDomain","DeviceEventCategory","DeviceEventClassID","DeviceExternalID","DeviceFacility","DeviceHostName","DeviceInboundInterface","DeviceLatitude","DeviceLongitude","DeviceMacAddress","DeviceNtDomain","DeviceOutboundInterface","DevicePayloadID","DeviceProcessID","DeviceProcessName","DeviceReceiptTime","DeviceRegion","DeviceTimeZone","DeviceTranslatedAddress","DeviceVersion","EventOutcome","Reason","Severity","SourceAccountID","SourceAssetID","SourceCity","SourceCountry","SourceDnsDomain","SourceLatitude","SourceLongitude","SourceMacAddress","SourceNtDomain","SourcePort","SourceProcessID","SourceProcessName","SourceRegion","SourceServiceName","SourceTranslatedAddress","SourceTranslatedPort","SourceUserID","SourceUserPrivileges","DestinationAccountID","DestinationAssetID","DestinationCity","DestinationCountry","DestinationDnsDomain","DestinationLatitude","DestinationLongitude","DestinationMacAddress","DestinationNtDomain","DestinationPort","DestinationProcessID","DestinationProcessName","DestinationRegion","DestinationServiceName","DestinationTranslatedAddress","DestinationTranslatedPort","DestinationUserID","DestinationUserPrivileges","RequestClientApplication","RequestContext","RequestCookies","RequestMethod","RequestUrl","FileCreateTime","FileHash","FileID","FileModificationTime","FileName","FilePath","FilePermission","FileSize","FileType","OldFileCreateTime","OldFileHash","OldFileID","OldFileModificationTime","OldFileName","OldFilePath","OldFilePermission","OldFileSize","OldFileType","DeviceCustomDate1","DeviceCustomDate2","DeviceCustomFloatingPoint1","DeviceCustomFloatingPoint2","DeviceCustomFloatingPoint2Label","DeviceCustomFloatingPoint3","DeviceCustomFloatingPoint3Label","DeviceCustomFloatingPoint4","DeviceCustomFloatingPoint4Label","DeviceCustomIPv6Address1","DeviceCustomIPv6Address1Label","DeviceCustomIPv6Address3","DeviceCustomIPv6Address3Label","DeviceCustomIPv6Address4","DeviceCustomIPv6Address4Label","DeviceCustomNumber2","DeviceCustomNumber2Label","DeviceCustomNumber3","DeviceCustomString1","DeviceCustomNumber3Label","DeviceCustomString1Label","DeviceCustomString2","DeviceCustomString2Label","DeviceCustomString3","DeviceCustomString3Label","DeviceCustomString4","DeviceCustomString4Label","DeviceCustomString5","DeviceCustomString5Label","DeviceCustomString6","DeviceCustomString6Label","FlexDate1","FlexDate1Label","FlexNumber1","FlexNumber1Label","FlexNumber2","FlexNumber2Label","FlexString1","FlexString1Label","FlexString2","timestamp_just_added","timestamp_profiling_finished"],"ServiceID":"7a75f41d-313b-4f68-a99d-6427546cc799","StartTime":1760065565907,"Timestamp":1760065565909,"BaseEvents":[{"N":{"KL_CorrelationRulePriority":1},"ID":"a41bd25c-26b4-46b5-b522-6109a1b7a5ee","Name":"Connection. Inbound connection from external host using management ports","Type":3,"EndTime":1759568287976,"Message":"Connection Failed","Priority":1,"Severity":"notice","TenantID":"3d6c4203-7328-4fb2-98fa-f37d385ffbde","GroupedBy":["Message","DeviceAddress","DeviceHostName","SourceAddress","SourceHostName","SourceUserName","DestinationAddress","DestinationHostName","DestinationUserName","ApplicationProtocol","TransportProtocol","BytesIn","BytesOut","DeviceAction","DeviceAssetID","DeviceCity","DeviceCountry","DeviceDirection","DeviceDnsDomain","DeviceEventCategory","DeviceEventClassID","DeviceExternalID","DeviceFacility","DeviceHostName","DeviceInboundInterface","DeviceLatitude","DeviceLongitude","DeviceMacAddress","DeviceNtDomain","DeviceOutboundInterface","DevicePayloadID","DeviceProcessID","DeviceProcessName","DeviceReceiptTime","DeviceRegion","DeviceTimeZone","DeviceTranslatedAddress","DeviceVersion","EventOutcome","Reason","Severity","SourceAccountID","SourceAssetID","SourceCity","SourceCountry","SourceDnsDomain","SourceLatitude","SourceLongitude","SourceMacAddress","SourceNtDomain","SourcePort","SourceProcessID","SourceProcessName","SourceRegion","SourceServiceName","SourceTranslatedAddress","SourceTranslatedPort","SourceUserID","SourceUserPrivileges","DestinationAccountID","DestinationAssetID","DestinationCity","DestinationCountry","DestinationDnsDomain","DestinationLatitude","DestinationLongitude","DestinationMacAddress","DestinationNtDomain","DestinationPort","DestinationProcessID","DestinationProcessName","DestinationRegion","DestinationServiceName","DestinationTranslatedAddress","DestinationTranslatedPort","DestinationUserID","DestinationUserPrivileges","RequestClientApplication","RequestContext","RequestCookies","RequestMethod","RequestUrl","FileCreateTime","FileHash","FileID","FileModificationTime","FileName","FilePath","FilePermission","FileSize","FileType","OldFileCreateTime","OldFileHash","OldFileID","OldFileModificationTime","OldFileName","OldFilePath","OldFilePermission","OldFileSize","OldFileType","DeviceCustomDate1","DeviceCustomDate2","DeviceCustomFloatingPoint1","DeviceCustomFloatingPoint2","DeviceCustomFloatingPoint2Label","DeviceCustomFloatingPoint3","DeviceCustomFloatingPoint3Label","DeviceCustomFloatingPoint4","DeviceCustomFloatingPoint4Label","DeviceCustomIPv6Address1","DeviceCustomIPv6Address1Label","DeviceCustomIPv6Address3","DeviceCustomIPv6Address3Label","DeviceCustomIPv6Address4","DeviceCustomIPv6Address4Label","DeviceCustomNumber2","DeviceCustomNumber2Label","DeviceCustomNumber3","DeviceCustomString1","DeviceCustomNumber3Label","DeviceCustomString1Label","DeviceCustomString2","DeviceCustomString2Label","DeviceCustomString3","DeviceCustomString3Label","DeviceCustomString4","DeviceCustomString4Label","DeviceCustomString5","DeviceCustomString5Label","DeviceCustomString6","DeviceCustomString6Label","FlexDate1","FlexDate1Label","FlexNumber1","FlexNumber1Label","FlexNumber2","FlexNumber2Label","FlexString1","FlexString1Label","FlexString2"],"ServiceID":"7a75f41d-313b-4f68-a99d-6427546cc799","StartTime":1759568287976,"Timestamp":1760065565907,"BaseEvents":[{"ID":"9a7b739d-b3ce-4946-ac7e-b28fc8d4857b","Name":"traffic","Type":1,"EndTime":1759568287976,"Message":"Connection Failed","Priority":0,"Severity":"notice","TenantID":"3d6c4203-7328-4fb2-98fa-f37d385ffbde","ServiceID":"71d3be03-d996-4ec6-a03d-223288e5abc8","Timestamp":1759568287976,"ExternalID":"62874358","SourcePort":48289,"ServiceName":"Fortigate","DeviceAction":"deny","DeviceVendor":"Fortninet","DeviceAddress":"192.168.51.14","DeviceProduct":"Fortigate","SourceAddress":"77.90.185.47","DeviceHostName":"windu","DeviceTimeZone":"+02:00","DestinationPort":22,"DeviceExternalID":"FGT60FTK22032234","DeviceReceiptTime":1759568287976,"TransportProtocol":"6","DestinationAddress":"192.168.1.222","DeviceEventClassID":"local","ApplicationProtocol":"SSH","DeviceCustomString1":"local-in-policy","DeviceEventCategory":"traffic","DeviceInboundInterface":"wan2","DeviceOutboundInterface":"root","DeviceCustomNumber1Label":"duration","DeviceCustomNumber2Label":"policyid","DeviceCustomString1Label":"policytype"}],"SourcePort":48289,"ServiceName":"[OOTB] Correlator","DeviceAction":"deny","DeviceVendor":"Kaspersky","DeviceAddress":"192.168.51.14","DeviceProduct":"KUMA","SourceAddress":"77.90.185.47","BaseEventCount":1,"DeviceHostName":"windu","DeviceTimeZone":"+02:00","DestinationPort":22,"DeviceExternalID":"FGT60FTK22032234","CorrelationRuleID":"83fea516-0ec2-4fd2-96c0-1136c65378bb","DeviceReceiptTime":1759568287976,"TransportProtocol":"6","DestinationAddress":"192.168.1.222","DeviceEventClassID":"local","ApplicationProtocol":"SSH","CorrelationRuleName":"Connection. Inbound connection from external host using management ports","DeviceCustomString1":"local-in-policy","DeviceEventCategory":"traffic","DeviceInboundInterface":"wan2","DeviceOutboundInterface":"root","DeviceCustomNumber2Label":"policyid","DeviceCustomString1Label":"policytype"}],"ExternalID":"R445_05","SourcePort":48289,"ServiceName":"[OOTB] Correlator","DeviceAction":"deny","DeviceVendor":"Kaspersky","DeviceAddress":"192.168.51.14","DeviceProduct":"KUMA","SourceAddress":"77.90.185.47","BaseEventCount":1,"DeviceHostName":"windu","DeviceTimeZone":"+02:00","DestinationPort":22,"DeviceExternalID":"FGT60FTK22032234","CorrelationRuleID":"4eeda10b-8ef6-4725-846d-62b00bfa7561","DeviceReceiptTime":1759568287976,"TransportProtocol":"6","DestinationAddress":"192.168.1.222","DeviceEventClassID":"local","ApplicationProtocol":"SSH","CorrelationRuleName":"R445_05_Inbound connection from external host via management port","DeviceCustomString1":"local-in-policy","DeviceEventCategory":"traffic","DestinationServiceName":"SSH","DeviceInboundInterface":"wan2","DeviceOutboundInterface":"root","DeviceCustomNumber2Label":"policyid","DeviceCustomString1Label":"policytype"}],"Rules":[{"Confidence":"medium","Custom":false,"ID":"4eeda10b-8ef6-4725-846d-62b00bfa7561","Name":"R445_05_Inbound connection from external host via management port","Severity":"medium","Type":""}],"Severity":"low","SourceCreatedAt":"2025-10-10T03:06:05.908Z","SourceID":"77078483-6551-4e60-9455-290b9a45bce9","Status":"new","StatusChangedAt":"2025-10-10T03:06:10.61Z","StatusResolution":"","TenantID":"3d6c4203-7328-4fb2-98fa-f37d385ffbde","UpdatedAt":"2025-10-10T03:06:10.61Z"},{"Assets":null,"Assignee":{"ID":"nobody","Name":"Not assigned","Type":""},"CreatedAt":"2025-10-10T02:51:45.49Z","DetectionTechnologies":null,"ExternalRef":"","Extra":null,"FirstEventTime":"2025-10-10T02:51:36.424Z","HistoryRecords":null,"ID":18958,"IncidentID":"","IncidentLinkType":"","InternalID":"5db30b23-b467-4b84-bcad-e6155e181908","IsCII":false,"LastEventTime":"2025-10-10T02:51:40.701Z","MITRETactics":null,"MITRETechniques":null,"Name":"R445_03_Inbound connection from external host via SMB, RPC port","Observables":[{"Details":"","Type":"ip","Value":"113.185.40.172"},{"Details":"","Type":"hostname","Value":"windu"}],"OriginalEvents":[{"N":{"KL_CorrelationRulePriority":1},"ID":"5db30b23-b467-4b84-bcad-e6155e181908","Name":"R445_03_Inbound connection from external host via SMB, RPC port","Type":3,"EndTime":1760064700700,"Message":"The external host 113.185.40.172 remotely connected to the internal node 192.168.1.222 on port 445 which is used in SMB, RPC protocols: Microsoft-DS (Directory Services) SMB file sharing","Priority":1,"Severity":"notice","TenantID":"3d6c4203-7328-4fb2-98fa-f37d385ffbde","GroupedBy":["Message","DeviceAddress","DeviceHostName","SourceAddress","SourceHostName","SourceUserName","DestinationAddress","DestinationHostName","DestinationUserName","ApplicationProtocol","TransportProtocol","BytesIn","BytesOut","DeviceAction","DeviceAssetID","DeviceCity","DeviceCountry","DeviceDirection","DeviceDnsDomain","DeviceEventCategory","DeviceEventClassID","DeviceExternalID","DeviceFacility","DeviceHostName","DeviceInboundInterface","DeviceLatitude","DeviceLongitude","DeviceMacAddress","DeviceNtDomain","DeviceOutboundInterface","DevicePayloadID","DeviceProcessID","DeviceProcessName","DeviceReceiptTime","DeviceRegion","DeviceTimeZone","DeviceTranslatedAddress","DeviceVersion","EventOutcome","Reason","Severity","SourceAccountID","SourceAssetID","SourceCity","SourceCountry","SourceDnsDomain","SourceLatitude","SourceLongitude","SourceMacAddress","SourceNtDomain","SourcePort","SourceProcessID","SourceProcessName","SourceRegion","SourceServiceName","SourceTranslatedAddress","SourceTranslatedPort","SourceUserID","SourceUserPrivileges","DestinationAccountID","DestinationAssetID","DestinationCity","DestinationCountry","DestinationDnsDomain","DestinationLatitude","DestinationLongitude","DestinationMacAddress","DestinationNtDomain","DestinationPort","DestinationProcessID","DestinationProcessName","DestinationRegion","DestinationServiceName","DestinationTranslatedAddress","DestinationTranslatedPort","DestinationUserID","DestinationUserPrivileges","RequestClientApplication","RequestContext","RequestCookies","RequestMethod","RequestUrl","FileCreateTime","FileHash","FileID","FileModificationTime","FileName","FilePath","FilePermission","FileSize","FileType","OldFileCreateTime","OldFileHash","OldFileID","OldFileModificationTime","OldFileName","OldFilePath","OldFilePermission","OldFileSize","OldFileType","DeviceCustomDate1","DeviceCustomDate2","DeviceCustomFloatingPoint1","DeviceCustomFloatingPoint2","DeviceCustomFloatingPoint2Label","DeviceCustomFloatingPoint3","DeviceCustomFloatingPoint3Label","DeviceCustomFloatingPoint4","DeviceCustomFloatingPoint4Label","DeviceCustomIPv6Address1","DeviceCustomIPv6Address1Label","DeviceCustomIPv6Address3","DeviceCustomIPv6Address3Label","DeviceCustomIPv6Address4","DeviceCustomIPv6Address4Label","DeviceCustomNumber2","DeviceCustomNumber2Label","DeviceCustomNumber3","DeviceCustomString1","DeviceCustomNumber3Label","DeviceCustomString1Label","DeviceCustomString2","DeviceCustomString2Label","DeviceCustomString3","DeviceCustomString3Label","DeviceCustomString4","DeviceCustomString4Label","DeviceCustomString5","DeviceCustomString5Label","DeviceCustomString6","DeviceCustomString6Label","FlexDate1","FlexDate1Label","FlexNumber1","FlexNumber1Label","FlexNumber2","FlexNumber2Label","FlexString1","FlexString1Label","FlexString2","timestamp_just_added","timestamp_profiling_finished"],"ServiceID":"7a75f41d-313b-4f68-a99d-6427546cc799","StartTime":1760064700700,"Timestamp":1760064700702,"BaseEvents":[{"N":{"KL_CorrelationRulePriority":1},"ID":"4f48c5a1-2a1e-433e-9cfa-16febfb67cf0","Name":"Connection. Inbound connection from external host using SMB, RPC ports","Type":3,"EndTime":1760064696425,"Message":"Connection Failed","Priority":1,"Severity":"notice","TenantID":"3d6c4203-7328-4fb2-98fa-f37d385ffbde","GroupedBy":["Message","DeviceAddress","DeviceHostName","SourceAddress","SourceHostName","SourceUserName","DestinationAddress","DestinationHostName","DestinationUserName","ApplicationProtocol","TransportProtocol","BytesIn","BytesOut","DeviceAction","DeviceAssetID","DeviceCity","DeviceCountry","DeviceDirection","DeviceDnsDomain","DeviceEventCategory","DeviceEventClassID","DeviceExternalID","DeviceFacility","DeviceHostName","DeviceInboundInterface","DeviceLatitude","DeviceLongitude","DeviceMacAddress","DeviceNtDomain","DeviceOutboundInterface","DevicePayloadID","DeviceProcessID","DeviceProcessName","DeviceReceiptTime","DeviceRegion","DeviceTimeZone","DeviceTranslatedAddress","DeviceVersion","EventOutcome","Reason","Severity","SourceAccountID","SourceAssetID","SourceCity","SourceCountry","SourceDnsDomain","SourceLatitude","SourceLongitude","SourceMacAddress","SourceNtDomain","SourcePort","SourceProcessID","SourceProcessName","SourceRegion","SourceServiceName","SourceTranslatedAddress","SourceTranslatedPort","SourceUserID","SourceUserPrivileges","DestinationAccountID","DestinationAssetID","DestinationCity","DestinationCountry","DestinationDnsDomain","DestinationLatitude","DestinationLongitude","DestinationMacAddress","DestinationNtDomain","DestinationPort","DestinationProcessID","DestinationProcessName","DestinationRegion","DestinationServiceName","DestinationTranslatedAddress","DestinationTranslatedPort","DestinationUserID","DestinationUserPrivileges","RequestClientApplication","RequestContext","RequestCookies","RequestMethod","RequestUrl","FileCreateTime","FileHash","FileID","FileModificationTime","FileName","FilePath","FilePermission","FileSize","FileType","OldFileCreateTime","OldFileHash","OldFileID","OldFileModificationTime","OldFileName","OldFilePath","OldFilePermission","OldFileSize","OldFileType","DeviceCustomDate1","DeviceCustomDate2","DeviceCustomFloatingPoint1","DeviceCustomFloatingPoint2","DeviceCustomFloatingPoint2Label","DeviceCustomFloatingPoint3","DeviceCustomFloatingPoint3Label","DeviceCustomFloatingPoint4","DeviceCustomFloatingPoint4Label","DeviceCustomIPv6Address1","DeviceCustomIPv6Address1Label","DeviceCustomIPv6Address3","DeviceCustomIPv6Address3Label","DeviceCustomIPv6Address4","DeviceCustomIPv6Address4Label","DeviceCustomNumber2","DeviceCustomNumber2Label","DeviceCustomNumber3","DeviceCustomString1","DeviceCustomNumber3Label","DeviceCustomString1Label","DeviceCustomString2","DeviceCustomString2Label","DeviceCustomString3","DeviceCustomString3Label","DeviceCustomString4","DeviceCustomString4Label","DeviceCustomString5","DeviceCustomString5Label","DeviceCustomString6","DeviceCustomString6Label","FlexDate1","FlexDate1Label","FlexNumber1","FlexNumber1Label","FlexNumber2","FlexNumber2Label","FlexString1","FlexString1Label","FlexString2"],"ServiceID":"7a75f41d-313b-4f68-a99d-6427546cc799","StartTime":1760064696425,"Timestamp":1760064700700,"BaseEvents":[{"ID":"abc11a56-e3e0-4000-a5c7-1af68ff7b8a4","Name":"traffic","Type":1,"EndTime":1760050296000,"Message":"Connection Failed","Priority":0,"Severity":"notice","TenantID":"3d6c4203-7328-4fb2-98fa-f37d385ffbde","ServiceID":"71d3be03-d996-4ec6-a03d-223288e5abc8","Timestamp":1760064696425,"ExternalID":"71891131","SourcePort":19260,"ServiceName":"Fortigate","DeviceAction":"deny","DeviceVendor":"Fortninet","DeviceAddress":"192.168.51.14","DeviceProduct":"Fortigate","SourceAddress":"113.185.40.172","DeviceHostName":"windu","DeviceTimeZone":"+02:00","DestinationPort":445,"DeviceExternalID":"FGT60FTK22032234","DeviceReceiptTime":1760064696425,"TransportProtocol":"6","DestinationAddress":"192.168.1.222","DeviceEventClassID":"local","ApplicationProtocol":"SMB","DeviceCustomString1":"local-in-policy","DeviceEventCategory":"traffic","DeviceInboundInterface":"wan2","DeviceOutboundInterface":"root","DeviceCustomNumber1Label":"duration","DeviceCustomNumber2Label":"policyid","DeviceCustomString1Label":"policytype"}],"SourcePort":19260,"ServiceName":"[OOTB] Correlator","DeviceAction":"deny","DeviceVendor":"Kaspersky","DeviceAddress":"192.168.51.14","DeviceProduct":"KUMA","SourceAddress":"113.185.40.172","BaseEventCount":1,"DeviceHostName":"windu","DeviceTimeZone":"+02:00","DestinationPort":445,"DeviceExternalID":"FGT60FTK22032234","CorrelationRuleID":"e2a20430-e50f-4f70-8970-8c799793a934","DeviceReceiptTime":1760064696425,"TransportProtocol":"6","DestinationAddress":"192.168.1.222","DeviceEventClassID":"local","ApplicationProtocol":"SMB","CorrelationRuleName":"Connection. Inbound connection from external host using SMB, RPC ports","DeviceCustomString1":"local-in-policy","DeviceEventCategory":"traffic","DeviceInboundInterface":"wan2","DeviceOutboundInterface":"root","DeviceCustomNumber2Label":"policyid","DeviceCustomString1Label":"policytype"}],"ExternalID":"R445_03","SourcePort":19260,"ServiceName":"[OOTB] Correlator","DeviceAction":"deny","DeviceVendor":"Kaspersky","DeviceAddress":"192.168.51.14","DeviceProduct":"KUMA","SourceAddress":"113.185.40.172","BaseEventCount":1,"DeviceHostName":"windu","DeviceTimeZone":"+02:00","DestinationPort":445,"DeviceExternalID":"FGT60FTK22032234","CorrelationRuleID":"49182bb8-1dd3-44cd-b561-101a5bd0e58d","DeviceReceiptTime":1760064696425,"TransportProtocol":"6","DestinationAddress":"192.168.1.222","DeviceEventClassID":"local","ApplicationProtocol":"SMB","CorrelationRuleName":"R445_03_Inbound connection from external host via SMB, RPC port","DeviceCustomString1":"local-in-policy","DeviceEventCategory":"traffic","DestinationServiceName":"Microsoft-DS (Directory Services) SMB file sharing","DeviceInboundInterface":"wan2","DeviceOutboundInterface":"root","DeviceCustomNumber2Label":"policyid","DeviceCustomString1Label":"policytype"}],"Rules":[{"Confidence":"medium","Custom":false,"ID":"49182bb8-1dd3-44cd-b561-101a5bd0e58d","Name":"R445_03_Inbound connection from external host via SMB, RPC port","Severity":"medium","Type":""}],"Severity":"low","SourceCreatedAt":"2025-10-10T02:51:40.701Z","SourceID":"5db30b23-b467-4b84-bcad-e6155e181908","Status":"new","StatusChangedAt":"2025-10-10T02:51:45.49Z","StatusResolution":"","TenantID":"3d6c4203-7328-4fb2-98fa-f37d385ffbde","UpdatedAt":"2025-10-10T02:51:45.49Z"},{"Assets":null,"Assignee":{"ID":"nobody","Name":"Not assigned","Type":""},"CreatedAt":"2025-10-10T02:53:20.512Z","DetectionTechnologies":null,"ExternalRef":"","Extra":null,"FirstEventTime":"2025-10-10T02:53:14.917Z","HistoryRecords":null,"ID":18959,"IncidentID":"","IncidentLinkType":"","InternalID":"97722d1b-60e6-4f0b-95af-6ed21370ca28","IsCII":false,"LastEventTime":"2025-10-10T02:53:15.799Z","MITRETactics":null,"MITRETechniques":null,"Name":"R445_03_Inbound connection from external host via SMB, RPC port","Observables":[{"Details":"","Type":"ip","Value":"204.76.203.231"},{"Details":"","Type":"hostname","Value":"windu"}],"OriginalEvents":[{"N":{"KL_CorrelationRulePriority":1},"ID":"97722d1b-60e6-4f0b-95af-6ed21370ca28","Name":"R445_03_Inbound connection from external host via SMB, RPC port","Type":3,"EndTime":1760064795799,"Message":"The external host 204.76.203.231 remotely connected to the internal node 192.168.1.222 on port 445 which is used in SMB, RPC protocols: Microsoft-DS (Directory Services) SMB file sharing","Priority":1,"Severity":"notice","TenantID":"3d6c4203-7328-4fb2-98fa-f37d385ffbde","GroupedBy":["Message","DeviceAddress","DeviceHostName","SourceAddress","SourceHostName","SourceUserName","DestinationAddress","DestinationHostName","DestinationUserName","ApplicationProtocol","TransportProtocol","BytesIn","BytesOut","DeviceAction","DeviceAssetID","DeviceCity","DeviceCountry","DeviceDirection","DeviceDnsDomain","DeviceEventCategory","DeviceEventClassID","DeviceExternalID","DeviceFacility","DeviceHostName","DeviceInboundInterface","DeviceLatitude","DeviceLongitude","DeviceMacAddress","DeviceNtDomain","DeviceOutboundInterface","DevicePayloadID","DeviceProcessID","DeviceProcessName","DeviceReceiptTime","DeviceRegion","DeviceTimeZone","DeviceTranslatedAddress","DeviceVersion","EventOutcome","Reason","Severity","SourceAccountID","SourceAssetID","SourceCity","SourceCountry","SourceDnsDomain","SourceLatitude","SourceLongitude","SourceMacAddress","SourceNtDomain","SourcePort","SourceProcessID","SourceProcessName","SourceRegion","SourceServiceName","SourceTranslatedAddress","SourceTranslatedPort","SourceUserID","SourceUserPrivileges","DestinationAccountID","DestinationAssetID","DestinationCity","DestinationCountry","DestinationDnsDomain","DestinationLatitude","DestinationLongitude","DestinationMacAddress","DestinationNtDomain","DestinationPort","DestinationProcessID","DestinationProcessName","DestinationRegion","DestinationServiceName","DestinationTranslatedAddress","DestinationTranslatedPort","DestinationUserID","DestinationUserPrivileges","RequestClientApplication","RequestContext","RequestCookies","RequestMethod","RequestUrl","FileCreateTime","FileHash","FileID","FileModificationTime","FileName","FilePath","FilePermission","FileSize","FileType","OldFileCreateTime","OldFileHash","OldFileID","OldFileModificationTime","OldFileName","OldFilePath","OldFilePermission","OldFileSize","OldFileType","DeviceCustomDate1","DeviceCustomDate2","DeviceCustomFloatingPoint1","DeviceCustomFloatingPoint2","DeviceCustomFloatingPoint2Label","DeviceCustomFloatingPoint3","DeviceCustomFloatingPoint3Label","DeviceCustomFloatingPoint4","DeviceCustomFloatingPoint4Label","DeviceCustomIPv6Address1","DeviceCustomIPv6Address1Label","DeviceCustomIPv6Address3","DeviceCustomIPv6Address3Label","DeviceCustomIPv6Address4","DeviceCustomIPv6Address4Label","DeviceCustomNumber2","DeviceCustomNumber2Label","DeviceCustomNumber3","DeviceCustomString1","DeviceCustomNumber3Label","DeviceCustomString1Label","DeviceCustomString2","DeviceCustomString2Label","DeviceCustomString3","DeviceCustomString3Label","DeviceCustomString4","DeviceCustomString4Label","DeviceCustomString5","DeviceCustomString5Label","DeviceCustomString6","DeviceCustomString6Label","FlexDate1","FlexDate1Label","FlexNumber1","FlexNumber1Label","FlexNumber2","FlexNumber2Label","FlexString1","FlexString1Label","FlexString2","timestamp_just_added","timestamp_profiling_finished"],"ServiceID":"7a75f41d-313b-4f68-a99d-6427546cc799","StartTime":1760064795799,"Timestamp":1760064795799,"BaseEvents":[{"N":{"KL_CorrelationRulePriority":1},"ID":"961183c2-2155-4b11-b3c5-81c12df751e4","Name":"Connection. Inbound connection from external host using SMB, RPC ports","Type":3,"EndTime":1760064794917,"Message":"Connection Failed","Priority":1,"Severity":"notice","TenantID":"3d6c4203-7328-4fb2-98fa-f37d385ffbde","GroupedBy":["Message","DeviceAddress","DeviceHostName","SourceAddress","SourceHostName","SourceUserName","DestinationAddress","DestinationHostName","DestinationUserName","ApplicationProtocol","TransportProtocol","BytesIn","BytesOut","DeviceAction","DeviceAssetID","DeviceCity","DeviceCountry","DeviceDirection","DeviceDnsDomain","DeviceEventCategory","DeviceEventClassID","DeviceExternalID","DeviceFacility","DeviceHostName","DeviceInboundInterface","DeviceLatitude","DeviceLongitude","DeviceMacAddress","DeviceNtDomain","DeviceOutboundInterface","DevicePayloadID","DeviceProcessID","DeviceProcessName","DeviceReceiptTime","DeviceRegion","DeviceTimeZone","DeviceTranslatedAddress","DeviceVersion","EventOutcome","Reason","Severity","SourceAccountID","SourceAssetID","SourceCity","SourceCountry","SourceDnsDomain","SourceLatitude","SourceLongitude","SourceMacAddress","SourceNtDomain","SourcePort","SourceProcessID","SourceProcessName","SourceRegion","SourceServiceName","SourceTranslatedAddress","SourceTranslatedPort","SourceUserID","SourceUserPrivileges","DestinationAccountID","DestinationAssetID","DestinationCity","DestinationCountry","DestinationDnsDomain","DestinationLatitude","DestinationLongitude","DestinationMacAddress","DestinationNtDomain","DestinationPort","DestinationProcessID","DestinationProcessName","DestinationRegion","DestinationServiceName","DestinationTranslatedAddress","DestinationTranslatedPort","DestinationUserID","DestinationUserPrivileges","RequestClientApplication","RequestContext","RequestCookies","RequestMethod","RequestUrl","FileCreateTime","FileHash","FileID","FileModificationTime","FileName","FilePath","FilePermission","FileSize","FileType","OldFileCreateTime","OldFileHash","OldFileID","OldFileModificationTime","OldFileName","OldFilePath","OldFilePermission","OldFileSize","OldFileType","DeviceCustomDate1","DeviceCustomDate2","DeviceCustomFloatingPoint1","DeviceCustomFloatingPoint2","DeviceCustomFloatingPoint2Label","DeviceCustomFloatingPoint3","DeviceCustomFloatingPoint3Label","DeviceCustomFloatingPoint4","DeviceCustomFloatingPoint4Label","DeviceCustomIPv6Address1","DeviceCustomIPv6Address1Label","DeviceCustomIPv6Address3","DeviceCustomIPv6Address3Label","DeviceCustomIPv6Address4","DeviceCustomIPv6Address4Label","DeviceCustomNumber2","DeviceCustomNumber2Label","DeviceCustomNumber3","DeviceCustomString1","DeviceCustomNumber3Label","DeviceCustomString1Label","DeviceCustomString2","DeviceCustomString2Label","DeviceCustomString3","DeviceCustomString3Label","DeviceCustomString4","DeviceCustomString4Label","DeviceCustomString5","DeviceCustomString5Label","DeviceCustomString6","DeviceCustomString6Label","FlexDate1","FlexDate1Label","FlexNumber1","FlexNumber1Label","FlexNumber2","FlexNumber2Label","FlexString1","FlexString1Label","FlexString2"],"ServiceID":"7a75f41d-313b-4f68-a99d-6427546cc799","StartTime":1760064794917,"Timestamp":1760064795799,"BaseEvents":[{"ID":"135b673a-3516-4131-b120-5c681548f245","Name":"traffic","Type":1,"EndTime":1760050394000,"Message":"Connection Failed","Priority":0,"Severity":"notice","TenantID":"3d6c4203-7328-4fb2-98fa-f37d385ffbde","ServiceID":"71d3be03-d996-4ec6-a03d-223288e5abc8","Timestamp":1760064794917,"ExternalID":"71893235","SourcePort":46218,"ServiceName":"Fortigate","DeviceAction":"deny","DeviceVendor":"Fortninet","DeviceAddress":"192.168.51.14","DeviceProduct":"Fortigate","SourceAddress":"204.76.203.231","DeviceHostName":"windu","DeviceTimeZone":"+02:00","DestinationPort":445,"DeviceExternalID":"FGT60FTK22032234","DeviceReceiptTime":1760064794917,"TransportProtocol":"6","DestinationAddress":"192.168.1.222","DeviceEventClassID":"local","ApplicationProtocol":"SMB","DeviceCustomString1":"local-in-policy","DeviceEventCategory":"traffic","DeviceInboundInterface":"wan2","DeviceOutboundInterface":"root","DeviceCustomNumber1Label":"duration","DeviceCustomNumber2Label":"policyid","DeviceCustomString1Label":"policytype"}],"SourcePort":46218,"ServiceName":"[OOTB] Correlator","DeviceAction":"deny","DeviceVendor":"Kaspersky","DeviceAddress":"192.168.51.14","DeviceProduct":"KUMA","SourceAddress":"204.76.203.231","BaseEventCount":1,"DeviceHostName":"windu","DeviceTimeZone":"+02:00","DestinationPort":445,"DeviceExternalID":"FGT60FTK22032234","CorrelationRuleID":"e2a20430-e50f-4f70-8970-8c799793a934","DeviceReceiptTime":1760064794917,"TransportProtocol":"6","DestinationAddress":"192.168.1.222","DeviceEventClassID":"local","ApplicationProtocol":"SMB","CorrelationRuleName":"Connection. Inbound connection from external host using SMB, RPC ports","DeviceCustomString1":"local-in-policy","DeviceEventCategory":"traffic","DeviceInboundInterface":"wan2","DeviceOutboundInterface":"root","DeviceCustomNumber2Label":"policyid","DeviceCustomString1Label":"policytype"}],"ExternalID":"R445_03","SourcePort":46218,"ServiceName":"[OOTB] Correlator","DeviceAction":"deny","DeviceVendor":"Kaspersky","DeviceAddress":"192.168.51.14","DeviceProduct":"KUMA","SourceAddress":"204.76.203.231","BaseEventCount":1,"DeviceHostName":"windu","DeviceTimeZone":"+02:00","DestinationPort":445,"DeviceExternalID":"FGT60FTK22032234","CorrelationRuleID":"49182bb8-1dd3-44cd-b561-101a5bd0e58d","DeviceReceiptTime":1760064794917,"TransportProtocol":"6","DestinationAddress":"192.168.1.222","DeviceEventClassID":"local","ApplicationProtocol":"SMB","CorrelationRuleName":"R445_03_Inbound connection from external host via SMB, RPC port","DeviceCustomString1":"local-in-policy","DeviceEventCategory":"traffic","DestinationServiceName":"Microsoft-DS (Directory Services) SMB file sharing","DeviceInboundInterface":"wan2","DeviceOutboundInterface":"root","DeviceCustomNumber2Label":"policyid","DeviceCustomString1Label":"policytype"}],"Rules":[{"Confidence":"medium","Custom":false,"ID":"49182bb8-1dd3-44cd-b561-101a5bd0e58d","Name":"R445_03_Inbound connection from external host via SMB, RPC port","Severity":"medium","Type":""}],"Severity":"low","SourceCreatedAt":"2025-10-10T02:53:15.799Z","SourceID":"97722d1b-60e6-4f0b-95af-6ed21370ca28","Status":"new","StatusChangedAt":"2025-10-10T02:53:20.512Z","StatusResolution":"","TenantID":"3d6c4203-7328-4fb2-98fa-f37d385ffbde","UpdatedAt":"2025-10-10T02:53:20.512Z"},{"Assets":null,"Assignee":{"ID":"nobody","Name":"Not assigned","Type":""},"CreatedAt":"2025-10-10T02:57:30.551Z","DetectionTechnologies":null,"ExternalRef":"","Extra":null,"FirstEventTime":"2025-10-10T02:57:21.964Z","HistoryRecords":null,"ID":18960,"IncidentID":"","IncidentLinkType":"","InternalID":"9c895c47-636c-4177-882a-22d8b1a6f304","IsCII":false,"LastEventTime":"2025-10-10T02:57:25.793Z","MITRETactics":null,"MITRETechniques":null,"Name":"R445_03_Inbound connection from external host via SMB, RPC port","Observables":[{"Details":"","Type":"ip","Value":"118.232.109.63"},{"Details":"","Type":"hostname","Value":"windu"}],"OriginalEvents":[{"N":{"KL_CorrelationRulePriority":1},"ID":"9c895c47-636c-4177-882a-22d8b1a6f304","Name":"R445_03_Inbound connection from external host via SMB, RPC port","Type":3,"EndTime":1760065045793,"Message":"The external host 118.232.109.63 remotely connected to the internal node 192.168.1.222 on port 445 which is used in SMB, RPC protocols: Microsoft-DS (Directory Services) SMB file sharing","Priority":1,"Severity":"notice","TenantID":"3d6c4203-7328-4fb2-98fa-f37d385ffbde","GroupedBy":["Message","DeviceAddress","DeviceHostName","SourceAddress","SourceHostName","SourceUserName","DestinationAddress","DestinationHostName","DestinationUserName","ApplicationProtocol","TransportProtocol","BytesIn","BytesOut","DeviceAction","DeviceAssetID","DeviceCity","DeviceCountry","DeviceDirection","DeviceDnsDomain","DeviceEventCategory","DeviceEventClassID","DeviceExternalID","DeviceFacility","DeviceHostName","DeviceInboundInterface","DeviceLatitude","DeviceLongitude","DeviceMacAddress","DeviceNtDomain","DeviceOutboundInterface","DevicePayloadID","DeviceProcessID","DeviceProcessName","DeviceReceiptTime","DeviceRegion","DeviceTimeZone","DeviceTranslatedAddress","DeviceVersion","EventOutcome","Reason","Severity","SourceAccountID","SourceAssetID","SourceCity","SourceCountry","SourceDnsDomain","SourceLatitude","SourceLongitude","SourceMacAddress","SourceNtDomain","SourcePort","SourceProcessID","SourceProcessName","SourceRegion","SourceServiceName","SourceTranslatedAddress","SourceTranslatedPort","SourceUserID","SourceUserPrivileges","DestinationAccountID","DestinationAssetID","DestinationCity","DestinationCountry","DestinationDnsDomain","DestinationLatitude","DestinationLongitude","DestinationMacAddress","DestinationNtDomain","DestinationPort","DestinationProcessID","DestinationProcessName","DestinationRegion","DestinationServiceName","DestinationTranslatedAddress","DestinationTranslatedPort","DestinationUserID","DestinationUserPrivileges","RequestClientApplication","RequestContext","RequestCookies","RequestMethod","RequestUrl","FileCreateTime","FileHash","FileID","FileModificationTime","FileName","FilePath","FilePermission","FileSize","FileType","OldFileCreateTime","OldFileHash","OldFileID","OldFileModificationTime","OldFileName","OldFilePath","OldFilePermission","OldFileSize","OldFileType","DeviceCustomDate1","DeviceCustomDate2","DeviceCustomFloatingPoint1","DeviceCustomFloatingPoint2","DeviceCustomFloatingPoint2Label","DeviceCustomFloatingPoint3","DeviceCustomFloatingPoint3Label","DeviceCustomFloatingPoint4","DeviceCustomFloatingPoint4Label","DeviceCustomIPv6Address1","DeviceCustomIPv6Address1Label","DeviceCustomIPv6Address3","DeviceCustomIPv6Address3Label","DeviceCustomIPv6Address4","DeviceCustomIPv6Address4Label","DeviceCustomNumber2","DeviceCustomNumber2Label","DeviceCustomNumber3","DeviceCustomString1","DeviceCustomNumber3Label","DeviceCustomString1Label","DeviceCustomString2","DeviceCustomString2Label","DeviceCustomString3","DeviceCustomString3Label","DeviceCustomString4","DeviceCustomString4Label","DeviceCustomString5","DeviceCustomString5Label","DeviceCustomString6","DeviceCustomString6Label","FlexDate1","FlexDate1Label","FlexNumber1","FlexNumber1Label","FlexNumber2","FlexNumber2Label","FlexString1","FlexString1Label","FlexString2","timestamp_just_added","timestamp_profiling_finished"],"ServiceID":"7a75f41d-313b-4f68-a99d-6427546cc799","StartTime":1760065045793,"Timestamp":1760065045794,"BaseEvents":[{"N":{"KL_CorrelationRulePriority":1},"ID":"b48782f4-3676-4870-acb2-5219f5728273","Name":"Connection. Inbound connection from external host using SMB, RPC ports","Type":3,"EndTime":1760065041965,"Message":"Connection Failed","Priority":1,"Severity":"notice","TenantID":"3d6c4203-7328-4fb2-98fa-f37d385ffbde","GroupedBy":["Message","DeviceAddress","DeviceHostName","SourceAddress","SourceHostName","SourceUserName","DestinationAddress","DestinationHostName","DestinationUserName","ApplicationProtocol","TransportProtocol","BytesIn","BytesOut","DeviceAction","DeviceAssetID","DeviceCity","DeviceCountry","DeviceDirection","DeviceDnsDomain","DeviceEventCategory","DeviceEventClassID","DeviceExternalID","DeviceFacility","DeviceHostName","DeviceInboundInterface","DeviceLatitude","DeviceLongitude","DeviceMacAddress","DeviceNtDomain","DeviceOutboundInterface","DevicePayloadID","DeviceProcessID","DeviceProcessName","DeviceReceiptTime","DeviceRegion","DeviceTimeZone","DeviceTranslatedAddress","DeviceVersion","EventOutcome","Reason","Severity","SourceAccountID","SourceAssetID","SourceCity","SourceCountry","SourceDnsDomain","SourceLatitude","SourceLongitude","SourceMacAddress","SourceNtDomain","SourcePort","SourceProcessID","SourceProcessName","SourceRegion","SourceServiceName","SourceTranslatedAddress","SourceTranslatedPort","SourceUserID","SourceUserPrivileges","DestinationAccountID","DestinationAssetID","DestinationCity","DestinationCountry","DestinationDnsDomain","DestinationLatitude","DestinationLongitude","DestinationMacAddress","DestinationNtDomain","DestinationPort","DestinationProcessID","DestinationProcessName","DestinationRegion","DestinationServiceName","DestinationTranslatedAddress","DestinationTranslatedPort","DestinationUserID","DestinationUserPrivileges","RequestClientApplication","RequestContext","RequestCookies","RequestMethod","RequestUrl","FileCreateTime","FileHash","FileID","FileModificationTime","FileName","FilePath","FilePermission","FileSize","FileType","OldFileCreateTime","OldFileHash","OldFileID","OldFileModificationTime","OldFileName","OldFilePath","OldFilePermission","OldFileSize","OldFileType","DeviceCustomDate1","DeviceCustomDate2","DeviceCustomFloatingPoint1","DeviceCustomFloatingPoint2","DeviceCustomFloatingPoint2Label","DeviceCustomFloatingPoint3","DeviceCustomFloatingPoint3Label","DeviceCustomFloatingPoint4","DeviceCustomFloatingPoint4Label","DeviceCustomIPv6Address1","DeviceCustomIPv6Address1Label","DeviceCustomIPv6Address3","DeviceCustomIPv6Address3Label","DeviceCustomIPv6Address4","DeviceCustomIPv6Address4Label","DeviceCustomNumber2","DeviceCustomNumber2Label","DeviceCustomNumber3","DeviceCustomString1","DeviceCustomNumber3Label","DeviceCustomString1Label","DeviceCustomString2","DeviceCustomString2Label","DeviceCustomString3","DeviceCustomString3Label","DeviceCustomString4","DeviceCustomString4Label","DeviceCustomString5","DeviceCustomString5Label","DeviceCustomString6","DeviceCustomString6Label","FlexDate1","FlexDate1Label","FlexNumber1","FlexNumber1Label","FlexNumber2","FlexNumber2Label","FlexString1","FlexString1Label","FlexString2"],"ServiceID":"7a75f41d-313b-4f68-a99d-6427546cc799","StartTime":1760065041965,"Timestamp":1760065045793,"BaseEvents":[{"ID":"f518eaac-f642-486f-929b-578b05c1d928","Name":"traffic","Type":1,"EndTime":1760050641000,"Message":"Connection Failed","Priority":0,"Severity":"notice","TenantID":"3d6c4203-7328-4fb2-98fa-f37d385ffbde","ServiceID":"71d3be03-d996-4ec6-a03d-223288e5abc8","Timestamp":1760065041965,"ExternalID":"71898032","SourcePort":11548,"ServiceName":"Fortigate","DeviceAction":"deny","DeviceVendor":"Fortninet","DeviceAddress":"192.168.51.14","DeviceProduct":"Fortigate","SourceAddress":"118.232.109.63","DeviceHostName":"windu","DeviceTimeZone":"+02:00","DestinationPort":445,"DeviceExternalID":"FGT60FTK22032234","DeviceReceiptTime":1760065041965,"TransportProtocol":"6","DestinationAddress":"192.168.1.222","DeviceEventClassID":"local","ApplicationProtocol":"SMB","DeviceCustomString1":"local-in-policy","DeviceEventCategory":"traffic","DeviceInboundInterface":"wan2","DeviceOutboundInterface":"root","DeviceCustomNumber1Label":"duration","DeviceCustomNumber2Label":"policyid","DeviceCustomString1Label":"policytype"}],"SourcePort":11548,"ServiceName":"[OOTB] Correlator","DeviceAction":"deny","DeviceVendor":"Kaspersky","DeviceAddress":"192.168.51.14","DeviceProduct":"KUMA","SourceAddress":"118.232.109.63","BaseEventCount":1,"DeviceHostName":"windu","DeviceTimeZone":"+02:00","DestinationPort":445,"DeviceExternalID":"FGT60FTK22032234","CorrelationRuleID":"e2a20430-e50f-4f70-8970-8c799793a934","DeviceReceiptTime":1760065041965,"TransportProtocol":"6","DestinationAddress":"192.168.1.222","DeviceEventClassID":"local","ApplicationProtocol":"SMB","CorrelationRuleName":"Connection. Inbound connection from external host using SMB, RPC ports","DeviceCustomString1":"local-in-policy","DeviceEventCategory":"traffic","DeviceInboundInterface":"wan2","DeviceOutboundInterface":"root","DeviceCustomNumber2Label":"policyid","DeviceCustomString1Label":"policytype"}],"ExternalID":"R445_03","SourcePort":11548,"ServiceName":"[OOTB] Correlator","DeviceAction":"deny","DeviceVendor":"Kaspersky","DeviceAddress":"192.168.51.14","DeviceProduct":"KUMA","SourceAddress":"118.232.109.63","BaseEventCount":1,"DeviceHostName":"windu","DeviceTimeZone":"+02:00","DestinationPort":445,"DeviceExternalID":"FGT60FTK22032234","CorrelationRuleID":"49182bb8-1dd3-44cd-b561-101a5bd0e58d","DeviceReceiptTime":1760065041965,"TransportProtocol":"6","DestinationAddress":"192.168.1.222","DeviceEventClassID":"local","ApplicationProtocol":"SMB","CorrelationRuleName":"R445_03_Inbound connection from external host via SMB, RPC port","DeviceCustomString1":"local-in-policy","DeviceEventCategory":"traffic","DestinationServiceName":"Microsoft-DS (Directory Services) SMB file sharing","DeviceInboundInterface":"wan2","DeviceOutboundInterface":"root","DeviceCustomNumber2Label":"policyid","DeviceCustomString1Label":"policytype"}],"Rules":[{"Confidence":"medium","Custom":false,"ID":"49182bb8-1dd3-44cd-b561-101a5bd0e58d","Name":"R445_03_Inbound connection from external host via SMB, RPC port","Severity":"medium","Type":""}],"Severity":"low","SourceCreatedAt":"2025-10-10T02:57:25.793Z","SourceID":"9c895c47-636c-4177-882a-22d8b1a6f304","Status":"new","StatusChangedAt":"2025-10-10T02:57:30.551Z","StatusResolution":"","TenantID":"3d6c4203-7328-4fb2-98fa-f37d385ffbde","UpdatedAt":"2025-10-10T02:57:30.551Z"},{"Assets":null,"Assignee":{"ID":"nobody","Name":"Not assigned","Type":""},"CreatedAt":"2025-10-10T03:00:50.571Z","DetectionTechnologies":null,"ExternalRef":"","Extra":null,"FirstEventTime":"2025-10-10T03:00:41.653Z","HistoryRecords":null,"ID":18962,"IncidentID":"","IncidentLinkType":"","InternalID":"ce3306ae-1239-4cff-af26-bf49869ee9ba","IsCII":false,"LastEventTime":"2025-10-10T03:00:45.839Z","MITRETactics":null,"MITRETechniques":null,"Name":"R445_05_Inbound connection from external host via management port","Observables":[{"Details":"","Type":"ip","Value":"196.251.80.30"},{"Details":"","Type":"hostname","Value":"windu"}],"OriginalEvents":[{"N":{"KL_CorrelationRulePriority":1},"ID":"ce3306ae-1239-4cff-af26-bf49869ee9ba","Name":"R445_05_Inbound connection from external host via management port","Type":3,"EndTime":1760065245839,"Message":"The external host 196.251.80.30 remotely connected to the internal node 192.168.1.222 on port 22 using the remote administration tool: SSH","Priority":1,"Severity":"notice","TenantID":"3d6c4203-7328-4fb2-98fa-f37d385ffbde","GroupedBy":["Message","DeviceAddress","DeviceHostName","SourceAddress","SourceHostName","SourceUserName","DestinationAddress","DestinationHostName","DestinationUserName","ApplicationProtocol","TransportProtocol","BytesIn","BytesOut","DeviceAction","DeviceAssetID","DeviceCity","DeviceCountry","DeviceDirection","DeviceDnsDomain","DeviceEventCategory","DeviceEventClassID","DeviceExternalID","DeviceFacility","DeviceHostName","DeviceInboundInterface","DeviceLatitude","DeviceLongitude","DeviceMacAddress","DeviceNtDomain","DeviceOutboundInterface","DevicePayloadID","DeviceProcessID","DeviceProcessName","DeviceReceiptTime","DeviceRegion","DeviceTimeZone","DeviceTranslatedAddress","DeviceVersion","EventOutcome","Reason","Severity","SourceAccountID","SourceAssetID","SourceCity","SourceCountry","SourceDnsDomain","SourceLatitude","SourceLongitude","SourceMacAddress","SourceNtDomain","SourcePort","SourceProcessID","SourceProcessName","SourceRegion","SourceServiceName","SourceTranslatedAddress","SourceTranslatedPort","SourceUserID","SourceUserPrivileges","DestinationAccountID","DestinationAssetID","DestinationCity","DestinationCountry","DestinationDnsDomain","DestinationLatitude","DestinationLongitude","DestinationMacAddress","DestinationNtDomain","DestinationPort","DestinationProcessID","DestinationProcessName","DestinationRegion","DestinationServiceName","DestinationTranslatedAddress","DestinationTranslatedPort","DestinationUserID","DestinationUserPrivileges","RequestClientApplication","RequestContext","RequestCookies","RequestMethod","RequestUrl","FileCreateTime","FileHash","FileID","FileModificationTime","FileName","FilePath","FilePermission","FileSize","FileType","OldFileCreateTime","OldFileHash","OldFileID","OldFileModificationTime","OldFileName","OldFilePath","OldFilePermission","OldFileSize","OldFileType","DeviceCustomDate1","DeviceCustomDate2","DeviceCustomFloatingPoint1","DeviceCustomFloatingPoint2","DeviceCustomFloatingPoint2Label","DeviceCustomFloatingPoint3","DeviceCustomFloatingPoint3Label","DeviceCustomFloatingPoint4","DeviceCustomFloatingPoint4Label","DeviceCustomIPv6Address1","DeviceCustomIPv6Address1Label","DeviceCustomIPv6Address3","DeviceCustomIPv6Address3Label","DeviceCustomIPv6Address4","DeviceCustomIPv6Address4Label","DeviceCustomNumber2","DeviceCustomNumber2Label","DeviceCustomNumber3","DeviceCustomString1","DeviceCustomNumber3Label","DeviceCustomString1Label","DeviceCustomString2","DeviceCustomString2Label","DeviceCustomString3","DeviceCustomString3Label","DeviceCustomString4","DeviceCustomString4Label","DeviceCustomString5","DeviceCustomString5Label","DeviceCustomString6","DeviceCustomString6Label","FlexDate1","FlexDate1Label","FlexNumber1","FlexNumber1Label","FlexNumber2","FlexNumber2Label","FlexString1","FlexString1Label","FlexString2","timestamp_just_added","timestamp_profiling_finished"],"ServiceID":"7a75f41d-313b-4f68-a99d-6427546cc799","StartTime":1760065245839,"Timestamp":1760065245840,"BaseEvents":[{"N":{"KL_CorrelationRulePriority":1},"ID":"33ed6118-13ef-45b5-8dac-b83822f2de74","Name":"Connection. Inbound connection from external host using management ports","Type":3,"EndTime":1760065241653,"Message":"Connection Failed","Priority":1,"Severity":"notice","TenantID":"3d6c4203-7328-4fb2-98fa-f37d385ffbde","GroupedBy":["Message","DeviceAddress","DeviceHostName","SourceAddress","SourceHostName","SourceUserName","DestinationAddress","DestinationHostName","DestinationUserName","ApplicationProtocol","TransportProtocol","BytesIn","BytesOut","DeviceAction","DeviceAssetID","DeviceCity","DeviceCountry","DeviceDirection","DeviceDnsDomain","DeviceEventCategory","DeviceEventClassID","DeviceExternalID","DeviceFacility","DeviceHostName","DeviceInboundInterface","DeviceLatitude","DeviceLongitude","DeviceMacAddress","DeviceNtDomain","DeviceOutboundInterface","DevicePayloadID","DeviceProcessID","DeviceProcessName","DeviceReceiptTime","DeviceRegion","DeviceTimeZone","DeviceTranslatedAddress","DeviceVersion","EventOutcome","Reason","Severity","SourceAccountID","SourceAssetID","SourceCity","SourceCountry","SourceDnsDomain","SourceLatitude","SourceLongitude","SourceMacAddress","SourceNtDomain","SourcePort","SourceProcessID","SourceProcessName","SourceRegion","SourceServiceName","SourceTranslatedAddress","SourceTranslatedPort","SourceUserID","SourceUserPrivileges","DestinationAccountID","DestinationAssetID","DestinationCity","DestinationCountry","DestinationDnsDomain","DestinationLatitude","DestinationLongitude","DestinationMacAddress","DestinationNtDomain","DestinationPort","DestinationProcessID","DestinationProcessName","DestinationRegion","DestinationServiceName","DestinationTranslatedAddress","DestinationTranslatedPort","DestinationUserID","DestinationUserPrivileges","RequestClientApplication","RequestContext","RequestCookies","RequestMethod","RequestUrl","FileCreateTime","FileHash","FileID","FileModificationTime","FileName","FilePath","FilePermission","FileSize","FileType","OldFileCreateTime","OldFileHash","OldFileID","OldFileModificationTime","OldFileName","OldFilePath","OldFilePermission","OldFileSize","OldFileType","DeviceCustomDate1","DeviceCustomDate2","DeviceCustomFloatingPoint1","DeviceCustomFloatingPoint2","DeviceCustomFloatingPoint2Label","DeviceCustomFloatingPoint3","DeviceCustomFloatingPoint3Label","DeviceCustomFloatingPoint4","DeviceCustomFloatingPoint4Label","DeviceCustomIPv6Address1","DeviceCustomIPv6Address1Label","DeviceCustomIPv6Address3","DeviceCustomIPv6Address3Label","DeviceCustomIPv6Address4","DeviceCustomIPv6Address4Label","DeviceCustomNumber2","DeviceCustomNumber2Label","DeviceCustomNumber3","DeviceCustomString1","DeviceCustomNumber3Label","DeviceCustomString1Label","DeviceCustomString2","DeviceCustomString2Label","DeviceCustomString3","DeviceCustomString3Label","DeviceCustomString4","DeviceCustomString4Label","DeviceCustomString5","DeviceCustomString5Label","DeviceCustomString6","DeviceCustomString6Label","FlexDate1","FlexDate1Label","FlexNumber1","FlexNumber1Label","FlexNumber2","FlexNumber2Label","FlexString1","FlexString1Label","FlexString2"],"ServiceID":"7a75f41d-313b-4f68-a99d-6427546cc799","StartTime":1760065241653,"Timestamp":1760065245839,"BaseEvents":[{"ID":"0a06fb3b-fe28-481e-ac97-7cff92c338cf","Name":"traffic","Type":1,"EndTime":1760047241000,"Message":"Connection Failed","Priority":0,"Severity":"notice","TenantID":"3d6c4203-7328-4fb2-98fa-f37d385ffbde","ServiceID":"71d3be03-d996-4ec6-a03d-223288e5abc8","Timestamp":1760065241653,"ExternalID":"71902209","SourcePort":34166,"ServiceName":"Fortigate","DeviceAction":"deny","DeviceVendor":"Fortninet","DeviceAddress":"192.168.51.14","DeviceProduct":"Fortigate","SourceAddress":"196.251.80.30","DeviceHostName":"windu","DeviceTimeZone":"+02:00","DestinationPort":22,"DeviceExternalID":"FGT60FTK22032234","DeviceReceiptTime":1760065241653,"TransportProtocol":"6","DestinationAddress":"192.168.1.222","DeviceEventClassID":"local","ApplicationProtocol":"SSH","DeviceCustomString1":"local-in-policy","DeviceEventCategory":"traffic","DeviceInboundInterface":"wan2","DeviceOutboundInterface":"root","DeviceCustomNumber1Label":"duration","DeviceCustomNumber2Label":"policyid","DeviceCustomString1Label":"policytype"}],"SourcePort":34166,"ServiceName":"[OOTB] Correlator","DeviceAction":"deny","DeviceVendor":"Kaspersky","DeviceAddress":"192.168.51.14","DeviceProduct":"KUMA","SourceAddress":"196.251.80.30","BaseEventCount":1,"DeviceHostName":"windu","DeviceTimeZone":"+02:00","DestinationPort":22,"DeviceExternalID":"FGT60FTK22032234","CorrelationRuleID":"83fea516-0ec2-4fd2-96c0-1136c65378bb","DeviceReceiptTime":1760065241653,"TransportProtocol":"6","DestinationAddress":"192.168.1.222","DeviceEventClassID":"local","ApplicationProtocol":"SSH","CorrelationRuleName":"Connection. Inbound connection from external host using management ports","DeviceCustomString1":"local-in-policy","DeviceEventCategory":"traffic","DeviceInboundInterface":"wan2","DeviceOutboundInterface":"root","DeviceCustomNumber2Label":"policyid","DeviceCustomString1Label":"policytype"}],"ExternalID":"R445_05","SourcePort":34166,"ServiceName":"[OOTB] Correlator","DeviceAction":"deny","DeviceVendor":"Kaspersky","DeviceAddress":"192.168.51.14","DeviceProduct":"KUMA","SourceAddress":"196.251.80.30","BaseEventCount":1,"DeviceHostName":"windu","DeviceTimeZone":"+02:00","DestinationPort":22,"DeviceExternalID":"FGT60FTK22032234","CorrelationRuleID":"4eeda10b-8ef6-4725-846d-62b00bfa7561","DeviceReceiptTime":1760065241653,"TransportProtocol":"6","DestinationAddress":"192.168.1.222","DeviceEventClassID":"local","ApplicationProtocol":"SSH","CorrelationRuleName":"R445_05_Inbound connection from external host via management port","DeviceCustomString1":"local-in-policy","DeviceEventCategory":"traffic","DestinationServiceName":"SSH","DeviceInboundInterface":"wan2","DeviceOutboundInterface":"root","DeviceCustomNumber2Label":"policyid","DeviceCustomString1Label":"policytype"}],"Rules":[{"Confidence":"medium","Custom":false,"ID":"4eeda10b-8ef6-4725-846d-62b00bfa7561","Name":"R445_05_Inbound connection from external host via management port","Severity":"medium","Type":""}],"Severity":"low","SourceCreatedAt":"2025-10-10T03:00:45.839Z","SourceID":"ce3306ae-1239-4cff-af26-bf49869ee9ba","Status":"new","StatusChangedAt":"2025-10-10T03:00:50.571Z","StatusResolution":"","TenantID":"3d6c4203-7328-4fb2-98fa-f37d385ffbde","UpdatedAt":"2025-10-10T03:00:50.571Z"},{"Assets":null,"Assignee":{"ID":"nobody","Name":"Not assigned","Type":""},"CreatedAt":"2025-10-10T03:01:05.56Z","DetectionTechnologies":null,"ExternalRef":"","Extra":null,"FirstEventTime":"2025-10-04T08:53:16.953Z","HistoryRecords":null,"ID":18963,"IncidentID":"","IncidentLinkType":"","InternalID":"73c56089-8251-49da-8238-3ad249dcaffc","IsCII":false,"LastEventTime":"2025-10-10T03:01:00.881Z","MITRETactics":null,"MITRETechniques":null,"Name":"R445_03_Inbound connection from external host via SMB, RPC port","Observables":[{"Details":"","Type":"ip","Value":"131.100.212.99"},{"Details":"","Type":"hostname","Value":"windu"}],"OriginalEvents":[{"N":{"KL_CorrelationRulePriority":1},"ID":"73c56089-8251-49da-8238-3ad249dcaffc","Name":"R445_03_Inbound connection from external host via SMB, RPC port","Type":3,"EndTime":1760065260881,"Message":"The external host 131.100.212.99 remotely connected to the internal node 192.168.1.222 on port 445 which is used in SMB, RPC protocols: Microsoft-DS (Directory Services) SMB file sharing","Priority":1,"Severity":"notice","TenantID":"3d6c4203-7328-4fb2-98fa-f37d385ffbde","GroupedBy":["Message","DeviceAddress","DeviceHostName","SourceAddress","SourceHostName","SourceUserName","DestinationAddress","DestinationHostName","DestinationUserName","ApplicationProtocol","TransportProtocol","BytesIn","BytesOut","DeviceAction","DeviceAssetID","DeviceCity","DeviceCountry","DeviceDirection","DeviceDnsDomain","DeviceEventCategory","DeviceEventClassID","DeviceExternalID","DeviceFacility","DeviceHostName","DeviceInboundInterface","DeviceLatitude","DeviceLongitude","DeviceMacAddress","DeviceNtDomain","DeviceOutboundInterface","DevicePayloadID","DeviceProcessID","DeviceProcessName","DeviceReceiptTime","DeviceRegion","DeviceTimeZone","DeviceTranslatedAddress","DeviceVersion","EventOutcome","Reason","Severity","SourceAccountID","SourceAssetID","SourceCity","SourceCountry","SourceDnsDomain","SourceLatitude","SourceLongitude","SourceMacAddress","SourceNtDomain","SourcePort","SourceProcessID","SourceProcessName","SourceRegion","SourceServiceName","SourceTranslatedAddress","SourceTranslatedPort","SourceUserID","SourceUserPrivileges","DestinationAccountID","DestinationAssetID","DestinationCity","DestinationCountry","DestinationDnsDomain","DestinationLatitude","DestinationLongitude","DestinationMacAddress","DestinationNtDomain","DestinationPort","DestinationProcessID","DestinationProcessName","DestinationRegion","DestinationServiceName","DestinationTranslatedAddress","DestinationTranslatedPort","DestinationUserID","DestinationUserPrivileges","RequestClientApplication","RequestContext","RequestCookies","RequestMethod","RequestUrl","FileCreateTime","FileHash","FileID","FileModificationTime","FileName","FilePath","FilePermission","FileSize","FileType","OldFileCreateTime","OldFileHash","OldFileID","OldFileModificationTime","OldFileName","OldFilePath","OldFilePermission","OldFileSize","OldFileType","DeviceCustomDate1","DeviceCustomDate2","DeviceCustomFloatingPoint1","DeviceCustomFloatingPoint2","DeviceCustomFloatingPoint2Label","DeviceCustomFloatingPoint3","DeviceCustomFloatingPoint3Label","DeviceCustomFloatingPoint4","DeviceCustomFloatingPoint4Label","DeviceCustomIPv6Address1","DeviceCustomIPv6Address1Label","DeviceCustomIPv6Address3","DeviceCustomIPv6Address3Label","DeviceCustomIPv6Address4","DeviceCustomIPv6Address4Label","DeviceCustomNumber2","DeviceCustomNumber2Label","DeviceCustomNumber3","DeviceCustomString1","DeviceCustomNumber3Label","DeviceCustomString1Label","DeviceCustomString2","DeviceCustomString2Label","DeviceCustomString3","DeviceCustomString3Label","DeviceCustomString4","DeviceCustomString4Label","DeviceCustomString5","DeviceCustomString5Label","DeviceCustomString6","DeviceCustomString6Label","FlexDate1","FlexDate1Label","FlexNumber1","FlexNumber1Label","FlexNumber2","FlexNumber2Label","FlexString1","FlexString1Label","FlexString2","timestamp_just_added","timestamp_profiling_finished"],"ServiceID":"7a75f41d-313b-4f68-a99d-6427546cc799","StartTime":1760065260881,"Timestamp":1760065260881,"BaseEvents":[{"N":{"KL_CorrelationRulePriority":1},"ID":"1681244c-02f1-4214-a1d6-673acecd0e38","Name":"Connection. Inbound connection from external host using SMB, RPC ports","Type":3,"EndTime":1759567996953,"Message":"Connection Failed","Priority":1,"Severity":"notice","TenantID":"3d6c4203-7328-4fb2-98fa-f37d385ffbde","GroupedBy":["Message","DeviceAddress","DeviceHostName","SourceAddress","SourceHostName","SourceUserName","DestinationAddress","DestinationHostName","DestinationUserName","ApplicationProtocol","TransportProtocol","BytesIn","BytesOut","DeviceAction","DeviceAssetID","DeviceCity","DeviceCountry","DeviceDirection","DeviceDnsDomain","DeviceEventCategory","DeviceEventClassID","DeviceExternalID","DeviceFacility","DeviceHostName","DeviceInboundInterface","DeviceLatitude","DeviceLongitude","DeviceMacAddress","DeviceNtDomain","DeviceOutboundInterface","DevicePayloadID","DeviceProcessID","DeviceProcessName","DeviceReceiptTime","DeviceRegion","DeviceTimeZone","DeviceTranslatedAddress","DeviceVersion","EventOutcome","Reason","Severity","SourceAccountID","SourceAssetID","SourceCity","SourceCountry","SourceDnsDomain","SourceLatitude","SourceLongitude","SourceMacAddress","SourceNtDomain","SourcePort","SourceProcessID","SourceProcessName","SourceRegion","SourceServiceName","SourceTranslatedAddress","SourceTranslatedPort","SourceUserID","SourceUserPrivileges","DestinationAccountID","DestinationAssetID","DestinationCity","DestinationCountry","DestinationDnsDomain","DestinationLatitude","DestinationLongitude","DestinationMacAddress","DestinationNtDomain","DestinationPort","DestinationProcessID","DestinationProcessName","DestinationRegion","DestinationServiceName","DestinationTranslatedAddress","DestinationTranslatedPort","DestinationUserID","DestinationUserPrivileges","RequestClientApplication","RequestContext","RequestCookies","RequestMethod","RequestUrl","FileCreateTime","FileHash","FileID","FileModificationTime","FileName","FilePath","FilePermission","FileSize","FileType","OldFileCreateTime","OldFileHash","OldFileID","OldFileModificationTime","OldFileName","OldFilePath","OldFilePermission","OldFileSize","OldFileType","DeviceCustomDate1","DeviceCustomDate2","DeviceCustomFloatingPoint1","DeviceCustomFloatingPoint2","DeviceCustomFloatingPoint2Label","DeviceCustomFloatingPoint3","DeviceCustomFloatingPoint3Label","DeviceCustomFloatingPoint4","DeviceCustomFloatingPoint4Label","DeviceCustomIPv6Address1","DeviceCustomIPv6Address1Label","DeviceCustomIPv6Address3","DeviceCustomIPv6Address3Label","DeviceCustomIPv6Address4","DeviceCustomIPv6Address4Label","DeviceCustomNumber2","DeviceCustomNumber2Label","DeviceCustomNumber3","DeviceCustomString1","DeviceCustomNumber3Label","DeviceCustomString1Label","DeviceCustomString2","DeviceCustomString2Label","DeviceCustomString3","DeviceCustomString3Label","DeviceCustomString4","DeviceCustomString4Label","DeviceCustomString5","DeviceCustomString5Label","DeviceCustomString6","DeviceCustomString6Label","FlexDate1","FlexDate1Label","FlexNumber1","FlexNumber1Label","FlexNumber2","FlexNumber2Label","FlexString1","FlexString1Label","FlexString2"],"ServiceID":"7a75f41d-313b-4f68-a99d-6427546cc799","StartTime":1759567996953,"Timestamp":1760065260881,"BaseEvents":[{"ID":"228fe20a-ed1b-450f-899b-81cf5f03333c","Name":"traffic","Type":1,"EndTime":1759567996953,"Message":"Connection Failed","Priority":0,"Severity":"notice","TenantID":"3d6c4203-7328-4fb2-98fa-f37d385ffbde","ServiceID":"71d3be03-d996-4ec6-a03d-223288e5abc8","Timestamp":1759567996953,"ExternalID":"62870122","SourcePort":58790,"ServiceName":"Fortigate","DeviceAction":"deny","DeviceVendor":"Fortninet","DeviceAddress":"192.168.51.14","DeviceProduct":"Fortigate","SourceAddress":"131.100.212.99","DeviceHostName":"windu","DeviceTimeZone":"+02:00","DestinationPort":445,"DeviceExternalID":"FGT60FTK22032234","DeviceReceiptTime":1759567996953,"TransportProtocol":"6","DestinationAddress":"192.168.1.222","DeviceEventClassID":"local","ApplicationProtocol":"SMB","DeviceCustomString1":"local-in-policy","DeviceEventCategory":"traffic","DeviceInboundInterface":"wan2","DeviceOutboundInterface":"root","DeviceCustomNumber1Label":"duration","DeviceCustomNumber2Label":"policyid","DeviceCustomString1Label":"policytype"}],"SourcePort":58790,"ServiceName":"[OOTB] Correlator","DeviceAction":"deny","DeviceVendor":"Kaspersky","DeviceAddress":"192.168.51.14","DeviceProduct":"KUMA","SourceAddress":"131.100.212.99","BaseEventCount":1,"DeviceHostName":"windu","DeviceTimeZone":"+02:00","DestinationPort":445,"DeviceExternalID":"FGT60FTK22032234","CorrelationRuleID":"e2a20430-e50f-4f70-8970-8c799793a934","DeviceReceiptTime":1759567996953,"TransportProtocol":"6","DestinationAddress":"192.168.1.222","DeviceEventClassID":"local","ApplicationProtocol":"SMB","CorrelationRuleName":"Connection. Inbound connection from external host using SMB, RPC ports","DeviceCustomString1":"local-in-policy","DeviceEventCategory":"traffic","DeviceInboundInterface":"wan2","DeviceOutboundInterface":"root","DeviceCustomNumber2Label":"policyid","DeviceCustomString1Label":"policytype"}],"ExternalID":"R445_03","SourcePort":58790,"ServiceName":"[OOTB] Correlator","DeviceAction":"deny","DeviceVendor":"Kaspersky","DeviceAddress":"192.168.51.14","DeviceProduct":"KUMA","SourceAddress":"131.100.212.99","BaseEventCount":1,"DeviceHostName":"windu","DeviceTimeZone":"+02:00","DestinationPort":445,"DeviceExternalID":"FGT60FTK22032234","CorrelationRuleID":"49182bb8-1dd3-44cd-b561-101a5bd0e58d","DeviceReceiptTime":1759567996953,"TransportProtocol":"6","DestinationAddress":"192.168.1.222","DeviceEventClassID":"local","ApplicationProtocol":"SMB","CorrelationRuleName":"R445_03_Inbound connection from external host via SMB, RPC port","DeviceCustomString1":"local-in-policy","DeviceEventCategory":"traffic","DestinationServiceName":"Microsoft-DS (Directory Services) SMB file sharing","DeviceInboundInterface":"wan2","DeviceOutboundInterface":"root","DeviceCustomNumber2Label":"policyid","DeviceCustomString1Label":"policytype"}],"Rules":[{"Confidence":"medium","Custom":false,"ID":"49182bb8-1dd3-44cd-b561-101a5bd0e58d","Name":"R445_03_Inbound connection from external host via SMB, RPC port","Severity":"medium","Type":""}],"Severity":"low","SourceCreatedAt":"2025-10-10T03:01:00.881Z","SourceID":"73c56089-8251-49da-8238-3ad249dcaffc","Status":"new","StatusChangedAt":"2025-10-10T03:01:05.56Z","StatusResolution":"","TenantID":"3d6c4203-7328-4fb2-98fa-f37d385ffbde","UpdatedAt":"2025-10-10T03:01:05.56Z"},{"Assets":null,"Assignee":{"ID":"nobody","Name":"Not assigned","Type":""},"CreatedAt":"2025-10-10T03:05:50.605Z","DetectionTechnologies":null,"ExternalRef":"","Extra":null,"FirstEventTime":"2025-10-10T03:05:45.022Z","HistoryRecords":null,"ID":18964,"IncidentID":"","IncidentLinkType":"","InternalID":"ba01ed78-c46a-4998-84a0-726c917ccbd5","IsCII":false,"LastEventTime":"2025-10-10T03:05:45.937Z","MITRETactics":null,"MITRETechniques":null,"Name":"R445_02_Inbound connection from external host via VNC port","Observables":[{"Details":"","Type":"ip","Value":"147.185.132.201"},{"Details":"","Type":"hostname","Value":"windu"}],"OriginalEvents":[{"N":{"KL_CorrelationRulePriority":1},"ID":"ba01ed78-c46a-4998-84a0-726c917ccbd5","Name":"R445_02_Inbound connection from external host via VNC port","Type":3,"EndTime":1760065545936,"Message":"The external host 147.185.132.201 remotely connected to the internal node 192.168.1.222 on port 5902 using the VNC remote administration tool: VNC protocol","Priority":1,"Severity":"notice","TenantID":"3d6c4203-7328-4fb2-98fa-f37d385ffbde","GroupedBy":["Message","DeviceAddress","DeviceHostName","SourceAddress","SourceHostName","SourceUserName","DestinationAddress","DestinationHostName","DestinationUserName","ApplicationProtocol","TransportProtocol","BytesIn","BytesOut","DeviceAction","DeviceAssetID","DeviceCity","DeviceCountry","DeviceDirection","DeviceDnsDomain","DeviceEventCategory","DeviceEventClassID","DeviceExternalID","DeviceFacility","DeviceHostName","DeviceInboundInterface","DeviceLatitude","DeviceLongitude","DeviceMacAddress","DeviceNtDomain","DeviceOutboundInterface","DevicePayloadID","DeviceProcessID","DeviceProcessName","DeviceReceiptTime","DeviceRegion","DeviceTimeZone","DeviceTranslatedAddress","DeviceVersion","EventOutcome","Reason","Severity","SourceAccountID","SourceAssetID","SourceCity","SourceCountry","SourceDnsDomain","SourceLatitude","SourceLongitude","SourceMacAddress","SourceNtDomain","SourcePort","SourceProcessID","SourceProcessName","SourceRegion","SourceServiceName","SourceTranslatedAddress","SourceTranslatedPort","SourceUserID","SourceUserPrivileges","DestinationAccountID","DestinationAssetID","DestinationCity","DestinationCountry","DestinationDnsDomain","DestinationLatitude","DestinationLongitude","DestinationMacAddress","DestinationNtDomain","DestinationPort","DestinationProcessID","DestinationProcessName","DestinationRegion","DestinationServiceName","DestinationTranslatedAddress","DestinationTranslatedPort","DestinationUserID","DestinationUserPrivileges","RequestClientApplication","RequestContext","RequestCookies","RequestMethod","RequestUrl","FileCreateTime","FileHash","FileID","FileModificationTime","FileName","FilePath","FilePermission","FileSize","FileType","OldFileCreateTime","OldFileHash","OldFileID","OldFileModificationTime","OldFileName","OldFilePath","OldFilePermission","OldFileSize","OldFileType","DeviceCustomDate1","DeviceCustomDate2","DeviceCustomFloatingPoint1","DeviceCustomFloatingPoint2","DeviceCustomFloatingPoint2Label","DeviceCustomFloatingPoint3","DeviceCustomFloatingPoint3Label","DeviceCustomFloatingPoint4","DeviceCustomFloatingPoint4Label","DeviceCustomIPv6Address1","DeviceCustomIPv6Address1Label","DeviceCustomIPv6Address3","DeviceCustomIPv6Address3Label","DeviceCustomIPv6Address4","DeviceCustomIPv6Address4Label","DeviceCustomNumber2","DeviceCustomNumber2Label","DeviceCustomNumber3","DeviceCustomString1","DeviceCustomNumber3Label","DeviceCustomString1Label","DeviceCustomString2","DeviceCustomString2Label","DeviceCustomString3","DeviceCustomString3Label","DeviceCustomString4","DeviceCustomString4Label","DeviceCustomString5","DeviceCustomString5Label","DeviceCustomString6","DeviceCustomString6Label","FlexDate1","FlexDate1Label","FlexNumber1","FlexNumber1Label","FlexNumber2","FlexNumber2Label","FlexString1","FlexString1Label","FlexString2","timestamp_just_added","timestamp_profiling_finished"],"ServiceID":"7a75f41d-313b-4f68-a99d-6427546cc799","StartTime":1760065545936,"Timestamp":1760065545937,"BaseEvents":[{"N":{"KL_CorrelationRulePriority":1},"ID":"268d2a0f-e2ce-4c84-ac6c-d7605b7024ad","Name":"Connection. Inbound connection from external host using VNC ports","Type":3,"EndTime":1760065545022,"Message":"Connection Failed","Priority":1,"Severity":"notice","TenantID":"3d6c4203-7328-4fb2-98fa-f37d385ffbde","GroupedBy":["Message","DeviceAddress","DeviceHostName","SourceAddress","SourceHostName","SourceUserName","DestinationAddress","DestinationHostName","DestinationUserName","ApplicationProtocol","TransportProtocol","BytesIn","BytesOut","DeviceAction","DeviceAssetID","DeviceCity","DeviceCountry","DeviceDirection","DeviceDnsDomain","DeviceEventCategory","DeviceEventClassID","DeviceExternalID","DeviceFacility","DeviceHostName","DeviceInboundInterface","DeviceLatitude","DeviceLongitude","DeviceMacAddress","DeviceNtDomain","DeviceOutboundInterface","DevicePayloadID","DeviceProcessID","DeviceProcessName","DeviceReceiptTime","DeviceRegion","DeviceTimeZone","DeviceTranslatedAddress","DeviceVersion","EventOutcome","Reason","Severity","SourceAccountID","SourceAssetID","SourceCity","SourceCountry","SourceDnsDomain","SourceLatitude","SourceLongitude","SourceMacAddress","SourceNtDomain","SourcePort","SourceProcessID","SourceProcessName","SourceRegion","SourceServiceName","SourceTranslatedAddress","SourceTranslatedPort","SourceUserID","SourceUserPrivileges","DestinationAccountID","DestinationAssetID","DestinationCity","DestinationCountry","DestinationDnsDomain","DestinationLatitude","DestinationLongitude","DestinationMacAddress","DestinationNtDomain","DestinationPort","DestinationProcessID","DestinationProcessName","DestinationRegion","DestinationServiceName","DestinationTranslatedAddress","DestinationTranslatedPort","DestinationUserID","DestinationUserPrivileges","RequestClientApplication","RequestContext","RequestCookies","RequestMethod","RequestUrl","FileCreateTime","FileHash","FileID","FileModificationTime","FileName","FilePath","FilePermission","FileSize","FileType","OldFileCreateTime","OldFileHash","OldFileID","OldFileModificationTime","OldFileName","OldFilePath","OldFilePermission","OldFileSize","OldFileType","DeviceCustomDate1","DeviceCustomDate2","DeviceCustomFloatingPoint1","DeviceCustomFloatingPoint2","DeviceCustomFloatingPoint2Label","DeviceCustomFloatingPoint3","DeviceCustomFloatingPoint3Label","DeviceCustomFloatingPoint4","DeviceCustomFloatingPoint4Label","DeviceCustomIPv6Address1","DeviceCustomIPv6Address1Label","DeviceCustomIPv6Address3","DeviceCustomIPv6Address3Label","DeviceCustomIPv6Address4","DeviceCustomIPv6Address4Label","DeviceCustomNumber2","DeviceCustomNumber2Label","DeviceCustomNumber3","DeviceCustomString1","DeviceCustomNumber3Label","DeviceCustomString1Label","DeviceCustomString2","DeviceCustomString2Label","DeviceCustomString3","DeviceCustomString3Label","DeviceCustomString4","DeviceCustomString4Label","DeviceCustomString5","DeviceCustomString5Label","DeviceCustomString6","DeviceCustomString6Label","FlexDate1","FlexDate1Label","FlexNumber1","FlexNumber1Label","FlexNumber2","FlexNumber2Label","FlexString1","FlexString1Label","FlexString2"],"ServiceID":"7a75f41d-313b-4f68-a99d-6427546cc799","StartTime":1760065545022,"Timestamp":1760065545936,"BaseEvents":[{"ID":"bab5b9b9-1678-4213-8918-a5edf34fdda4","Name":"traffic","Type":1,"EndTime":1760047545000,"Message":"Connection Failed","Priority":0,"Severity":"notice","TenantID":"3d6c4203-7328-4fb2-98fa-f37d385ffbde","ServiceID":"71d3be03-d996-4ec6-a03d-223288e5abc8","Timestamp":1760065545022,"ExternalID":"71908593","SourcePort":53207,"ServiceName":"Fortigate","DeviceAction":"deny","DeviceVendor":"Fortninet","DeviceAddress":"192.168.51.14","DeviceProduct":"Fortigate","SourceAddress":"147.185.132.201","DeviceHostName":"windu","DeviceTimeZone":"+02:00","DestinationPort":5902,"DeviceExternalID":"FGT60FTK22032234","DeviceReceiptTime":1760065545022,"TransportProtocol":"6","DestinationAddress":"192.168.1.222","DeviceEventClassID":"local","ApplicationProtocol":"tcp/5902","DeviceCustomString1":"local-in-policy","DeviceEventCategory":"traffic","DeviceInboundInterface":"wan2","DeviceOutboundInterface":"root","DeviceCustomNumber1Label":"duration","DeviceCustomNumber2Label":"policyid","DeviceCustomString1Label":"policytype"}],"SourcePort":53207,"ServiceName":"[OOTB] Correlator","DeviceAction":"deny","DeviceVendor":"Kaspersky","DeviceAddress":"192.168.51.14","DeviceProduct":"KUMA","SourceAddress":"147.185.132.201","BaseEventCount":1,"DeviceHostName":"windu","DeviceTimeZone":"+02:00","DestinationPort":5902,"DeviceExternalID":"FGT60FTK22032234","CorrelationRuleID":"08f0ccfc-b1cf-410b-8ebe-4b53bf8e7c2e","DeviceReceiptTime":1760065545022,"TransportProtocol":"6","DestinationAddress":"192.168.1.222","DeviceEventClassID":"local","ApplicationProtocol":"tcp/5902","CorrelationRuleName":"Connection. Inbound connection from external host using VNC ports","DeviceCustomString1":"local-in-policy","DeviceEventCategory":"traffic","DeviceInboundInterface":"wan2","DeviceOutboundInterface":"root","DeviceCustomNumber2Label":"policyid","DeviceCustomString1Label":"policytype"}],"ExternalID":"R445_02","SourcePort":53207,"ServiceName":"[OOTB] Correlator","DeviceAction":"deny","DeviceVendor":"Kaspersky","DeviceAddress":"192.168.51.14","DeviceProduct":"KUMA","SourceAddress":"147.185.132.201","BaseEventCount":1,"DeviceHostName":"windu","DeviceTimeZone":"+02:00","DestinationPort":5902,"DeviceExternalID":"FGT60FTK22032234","CorrelationRuleID":"c665675a-c82e-4282-b638-d35df0ce9964","DeviceReceiptTime":1760065545022,"TransportProtocol":"6","DestinationAddress":"192.168.1.222","DeviceEventClassID":"local","ApplicationProtocol":"tcp/5902","CorrelationRuleName":"R445_02_Inbound connection from external host via VNC port","DeviceCustomString1":"local-in-policy","DeviceEventCategory":"traffic","DestinationServiceName":"VNC protocol","DeviceInboundInterface":"wan2","DeviceOutboundInterface":"root","DeviceCustomNumber2Label":"policyid","DeviceCustomString1Label":"policytype"}],"Rules":[{"Confidence":"medium","Custom":false,"ID":"c665675a-c82e-4282-b638-d35df0ce9964","Name":"R445_02_Inbound connection from external host via VNC port","Severity":"medium","Type":""}],"Severity":"low","SourceCreatedAt":"2025-10-10T03:05:45.937Z","SourceID":"ba01ed78-c46a-4998-84a0-726c917ccbd5","Status":"new","StatusChangedAt":"2025-10-10T03:05:50.605Z","StatusResolution":"","TenantID":"3d6c4203-7328-4fb2-98fa-f37d385ffbde","UpdatedAt":"2025-10-10T03:05:50.605Z"},{"Assets":null,"Assignee":{"ID":"nobody","Name":"Not assigned","Type":""},"CreatedAt":"2025-10-10T03:07:50.624Z","DetectionTechnologies":null,"ExternalRef":"","Extra":null,"FirstEventTime":"2025-10-10T03:07:41.753Z","HistoryRecords":null,"ID":18966,"IncidentID":"","IncidentLinkType":"","InternalID":"1f0efa46-58ea-4930-b0a1-ceb6d672838a","IsCII":false,"LastEventTime":"2025-10-10T03:07:45.936Z","MITRETactics":null,"MITRETechniques":null,"Name":"R204_Use of an external DNS server","Observables":[{"Details":"","Type":"ip","Value":"199.254.31.1"},{"Details":"","Type":"hostname","Value":"windu"},{"Details":"","Type":"ip","Value":"13.107.236.9"},{"Details":"","Type":"ip","Value":"150.171.10.39"},{"Details":"","Type":"ip","Value":"199.19.54.1"},{"Details":"","Type":"ip","Value":"13.107.222.39"},{"Details":"","Type":"ip","Value":"150.171.16.240"},{"Details":"","Type":"ip","Value":"13.107.236.4"},{"Details":"","Type":"ip","Value":"150.171.21.3"},{"Details":"","Type":"ip","Value":"192.35.51.30"},{"Details":"","Type":"ip","Value":"204.14.183.4"},{"Details":"","Type":"ip","Value":"150.171.21.2"},{"Details":"","Type":"ip","Value":"204.14.183.1"},{"Details":"","Type":"ip","Value":"208.84.5.1"},{"Details":"","Type":"ip","Value":"13.107.236.3"},{"Details":"","Type":"ip","Value":"192.33.14.30"},{"Details":"","Type":"ip","Value":"150.171.21.201"},{"Details":"","Type":"ip","Value":"204.14.183.2"},{"Details":"","Type":"ip","Value":"150.171.21.4"},{"Details":"","Type":"ip","Value":"192.12.94.30"},{"Details":"","Type":"ip","Value":"208.84.5.3"},{"Details":"","Type":"ip","Value":"208.84.5.2"},{"Details":"","Type":"ip","Value":"150.171.16.39"}],"OriginalEvents":[{"N":{"KL_CorrelationRulePriority":2},"ID":"1f0efa46-58ea-4930-b0a1-ceb6d672838a","Name":"R204_Use of an external DNS server","Type":3,"EndTime":1760065665917,"Priority":2,"TenantID":"3d6c4203-7328-4fb2-98fa-f37d385ffbde","GroupedBy":["DestinationAddress","DestinationAssetID","DestinationHostName","DestinationPort","SourceAddress","SourceAssetID","SourceHostName","SourceNtDomain","TransportProtocol"],"ServiceID":"7a75f41d-313b-4f68-a99d-6427546cc799","StartTime":1760065661753,"Timestamp":1760065665917,"BaseEvents":[{"ID":"befb7a9e-5b5b-4560-861a-fd69b0fe4dce","Name":"traffic","Type":1,"BytesIn":742,"EndTime":1760047661000,"BytesOut":88,"Priority":0,"Severity":"notice","TenantID":"3d6c4203-7328-4fb2-98fa-f37d385ffbde","ServiceID":"71d3be03-d996-4ec6-a03d-223288e5abc8","Timestamp":1760065661753,"ExternalID":"71907276","SourcePort":47952,"ServiceName":"Fortigate","DeviceAction":"accept","DeviceVendor":"Fortninet","DeviceAddress":"192.168.51.14","DeviceProduct":"Fortigate","SourceAddress":"172.16.210.1","DeviceHostName":"windu","DeviceTimeZone":"+02:00","DestinationPort":53,"DeviceExternalID":"FGT60FTK22032234","DeviceReceiptTime":1760065661753,"TransportProtocol":"17","DestinationAddress":"199.254.31.1","DeviceEventClassID":"forward","ApplicationProtocol":"DNS","DeviceCustomNumber1":180,"DeviceCustomNumber2":35,"DeviceCustomString1":"policy","DeviceEventCategory":"traffic","SourceTranslatedPort":47952,"DeviceInboundInterface":"Susp0Root1_1","DeviceOutboundInterface":"wan2","SourceTranslatedAddress":"192.168.1.222","DeviceCustomNumber1Label":"duration","DeviceCustomNumber2Label":"policyid","DeviceCustomString1Label":"policytype"}],"ExternalID":"R204","ServiceName":"[OOTB] Correlator","DeviceVendor":"Kaspersky","DeviceProduct":"KUMA","SourceAddress":"172.16.210.1","BaseEventCount":1,"DeviceTimeZone":"+02:00","DestinationPort":53,"CorrelationRuleID":"501d865f-6430-4175-9490-62f2e3d203e2","TransportProtocol":"17","DestinationAddress":"199.254.31.1","CorrelationRuleName":"R204_Use of an external DNS server"},{"N":{"KL_CorrelationRulePriority":2},"ID":"10b9ef70-8ae0-4bd2-8728-590cca7c9935","Name":"R204_Use of an external DNS server","Type":3,"EndTime":1760065665919,"Priority":2,"TenantID":"3d6c4203-7328-4fb2-98fa-f37d385ffbde","GroupedBy":["DestinationAddress","DestinationAssetID","DestinationHostName","DestinationPort","SourceAddress","SourceAssetID","SourceHostName","SourceNtDomain","TransportProtocol"],"ServiceID":"7a75f41d-313b-4f68-a99d-6427546cc799","StartTime":1760065661753,"Timestamp":1760065665919,"BaseEvents":[{"ID":"25d71376-e1e2-47af-b883-39936964482f","Name":"traffic","Type":1,"BytesIn":87,"EndTime":1760047661000,"BytesOut":83,"Priority":0,"Severity":"notice","TenantID":"3d6c4203-7328-4fb2-98fa-f37d385ffbde","ServiceID":"71d3be03-d996-4ec6-a03d-223288e5abc8","Timestamp":1760065661753,"ExternalID":"71907264","SourcePort":38434,"ServiceName":"Fortigate","DeviceAction":"accept","DeviceVendor":"Fortninet","DeviceAddress":"192.168.51.14","DeviceProduct":"Fortigate","SourceAddress":"172.16.210.1","DeviceHostName":"windu","DeviceTimeZone":"+02:00","DestinationPort":53,"DeviceExternalID":"FGT60FTK22032234","DeviceReceiptTime":1760065661753,"TransportProtocol":"17","DestinationAddress":"13.107.236.9","DeviceEventClassID":"forward","ApplicationProtocol":"DNS","DeviceCustomNumber1":180,"DeviceCustomNumber2":35,"DeviceCustomString1":"policy","DeviceEventCategory":"traffic","SourceTranslatedPort":38434,"DeviceInboundInterface":"Susp0Root1_1","DeviceOutboundInterface":"wan2","SourceTranslatedAddress":"192.168.1.222","DeviceCustomNumber1Label":"duration","DeviceCustomNumber2Label":"policyid","DeviceCustomString1Label":"policytype"}],"ExternalID":"R204","ServiceName":"[OOTB] Correlator","DeviceVendor":"Kaspersky","DeviceProduct":"KUMA","SourceAddress":"172.16.210.1","BaseEventCount":1,"DeviceTimeZone":"+02:00","DestinationPort":53,"CorrelationRuleID":"501d865f-6430-4175-9490-62f2e3d203e2","TransportProtocol":"17","DestinationAddress":"13.107.236.9","CorrelationRuleName":"R204_Use of an external DNS server"},{"N":{"KL_CorrelationRulePriority":2},"ID":"9983220f-55c2-4b79-a267-15ce02392c75","Name":"R204_Use of an external DNS server","Type":3,"EndTime":1760065665920,"Priority":2,"TenantID":"3d6c4203-7328-4fb2-98fa-f37d385ffbde","GroupedBy":["DestinationAddress","DestinationAssetID","DestinationHostName","DestinationPort","SourceAddress","SourceAssetID","SourceHostName","SourceNtDomain","TransportProtocol"],"ServiceID":"7a75f41d-313b-4f68-a99d-6427546cc799","StartTime":1760065661753,"Timestamp":1760065665920,"BaseEvents":[{"ID":"fd080973-c5a7-467c-a40c-16299921272c","Name":"traffic","Type":1,"BytesIn":148,"EndTime":1760047661000,"BytesOut":87,"Priority":0,"Severity":"notice","TenantID":"3d6c4203-7328-4fb2-98fa-f37d385ffbde","ServiceID":"71d3be03-d996-4ec6-a03d-223288e5abc8","Timestamp":1760065661753,"ExternalID":"71907254","SourcePort":46636,"ServiceName":"Fortigate","DeviceAction":"accept","DeviceVendor":"Fortninet","DeviceAddress":"192.168.51.14","DeviceProduct":"Fortigate","SourceAddress":"172.16.210.1","DeviceHostName":"windu","DeviceTimeZone":"+02:00","DestinationPort":53,"DeviceExternalID":"FGT60FTK22032234","DeviceReceiptTime":1760065661753,"TransportProtocol":"17","DestinationAddress":"150.171.10.39","DeviceEventClassID":"forward","ApplicationProtocol":"DNS","DeviceCustomNumber1":180,"DeviceCustomNumber2":35,"DeviceCustomString1":"policy","DeviceEventCategory":"traffic","SourceTranslatedPort":46636,"DeviceInboundInterface":"Susp0Root1_1","DeviceOutboundInterface":"wan2","SourceTranslatedAddress":"192.168.1.222","DeviceCustomNumber1Label":"duration","DeviceCustomNumber2Label":"policyid","DeviceCustomString1Label":"policytype"}],"ExternalID":"R204","ServiceName":"[OOTB] Correlator","DeviceVendor":"Kaspersky","DeviceProduct":"KUMA","SourceAddress":"172.16.210.1","BaseEventCount":1,"DeviceTimeZone":"+02:00","DestinationPort":53,"CorrelationRuleID":"501d865f-6430-4175-9490-62f2e3d203e2","TransportProtocol":"17","DestinationAddress":"150.171.10.39","CorrelationRuleName":"R204_Use of an external DNS server"},{"N":{"KL_CorrelationRulePriority":2},"ID":"7f754b1d-ff5e-450a-b314-3971f2c7cab5","Name":"R204_Use of an external DNS server","Type":3,"EndTime":1760065665921,"Priority":2,"TenantID":"3d6c4203-7328-4fb2-98fa-f37d385ffbde","GroupedBy":["DestinationAddress","DestinationAssetID","DestinationHostName","DestinationPort","SourceAddress","SourceAssetID","SourceHostName","SourceNtDomain","TransportProtocol"],"ServiceID":"7a75f41d-313b-4f68-a99d-6427546cc799","StartTime":1760065661753,"Timestamp":1760065665921,"BaseEvents":[{"ID":"04d927f9-d663-4348-ba94-0e437709dca6","Name":"traffic","Type":1,"BytesIn":838,"EndTime":1760047661000,"BytesOut":89,"Priority":0,"Severity":"notice","TenantID":"3d6c4203-7328-4fb2-98fa-f37d385ffbde","ServiceID":"71d3be03-d996-4ec6-a03d-223288e5abc8","Timestamp":1760065661753,"ExternalID":"71907252","SourcePort":53715,"ServiceName":"Fortigate","DeviceAction":"accept","DeviceVendor":"Fortninet","DeviceAddress":"192.168.51.14","DeviceProduct":"Fortigate","SourceAddress":"172.16.210.1","DeviceHostName":"windu","DeviceTimeZone":"+02:00","DestinationPort":53,"DeviceExternalID":"FGT60FTK22032234","DeviceReceiptTime":1760065661753,"TransportProtocol":"17","DestinationAddress":"199.19.54.1","DeviceEventClassID":"forward","ApplicationProtocol":"DNS","DeviceCustomNumber1":180,"DeviceCustomNumber2":35,"DeviceCustomString1":"policy","DeviceEventCategory":"traffic","SourceTranslatedPort":53715,"DeviceInboundInterface":"Susp0Root1_1","DeviceOutboundInterface":"wan2","SourceTranslatedAddress":"192.168.1.222","DeviceCustomNumber1Label":"duration","DeviceCustomNumber2Label":"policyid","DeviceCustomString1Label":"policytype"}],"ExternalID":"R204","ServiceName":"[OOTB] Correlator","DeviceVendor":"Kaspersky","DeviceProduct":"KUMA","SourceAddress":"172.16.210.1","BaseEventCount":1,"DeviceTimeZone":"+02:00","DestinationPort":53,"CorrelationRuleID":"501d865f-6430-4175-9490-62f2e3d203e2","TransportProtocol":"17","DestinationAddress":"199.19.54.1","CorrelationRuleName":"R204_Use of an external DNS server"},{"N":{"KL_CorrelationRulePriority":2},"ID":"f7d8793b-3cba-4cc1-90f6-4be942f34ea3","Name":"R204_Use of an external DNS server","Type":3,"EndTime":1760065665922,"Priority":2,"TenantID":"3d6c4203-7328-4fb2-98fa-f37d385ffbde","GroupedBy":["DestinationAddress","DestinationAssetID","DestinationHostName","DestinationPort","SourceAddress","SourceAssetID","SourceHostName","SourceNtDomain","TransportProtocol"],"ServiceID":"7a75f41d-313b-4f68-a99d-6427546cc799","StartTime":1760065661753,"Timestamp":1760065665922,"BaseEvents":[{"ID":"2bc4c646-58a8-4610-9a1a-6dcdd8b20b79","Name":"traffic","Type":1,"BytesIn":145,"EndTime":1760047661000,"BytesOut":100,"Priority":0,"Severity":"notice","TenantID":"3d6c4203-7328-4fb2-98fa-f37d385ffbde","ServiceID":"71d3be03-d996-4ec6-a03d-223288e5abc8","Timestamp":1760065661753,"ExternalID":"71907262","SourcePort":60033,"ServiceName":"Fortigate","DeviceAction":"accept","DeviceVendor":"Fortninet","DeviceAddress":"192.168.51.14","DeviceProduct":"Fortigate","SourceAddress":"172.16.210.1","DeviceHostName":"windu","DeviceTimeZone":"+02:00","DestinationPort":53,"DeviceExternalID":"FGT60FTK22032234","DeviceReceiptTime":1760065661753,"TransportProtocol":"17","DestinationAddress":"13.107.222.39","DeviceEventClassID":"forward","ApplicationProtocol":"DNS","DeviceCustomNumber1":180,"DeviceCustomNumber2":35,"DeviceCustomString1":"policy","DeviceEventCategory":"traffic","SourceTranslatedPort":60033,"DeviceInboundInterface":"Susp0Root1_1","DeviceOutboundInterface":"wan2","SourceTranslatedAddress":"192.168.1.222","DeviceCustomNumber1Label":"duration","DeviceCustomNumber2Label":"policyid","DeviceCustomString1Label":"policytype"}],"ExternalID":"R204","ServiceName":"[OOTB] Correlator","DeviceVendor":"Kaspersky","DeviceProduct":"KUMA","SourceAddress":"172.16.210.1","BaseEventCount":1,"DeviceTimeZone":"+02:00","DestinationPort":53,"CorrelationRuleID":"501d865f-6430-4175-9490-62f2e3d203e2","TransportProtocol":"17","DestinationAddress":"13.107.222.39","CorrelationRuleName":"R204_Use of an external DNS server"},{"N":{"KL_CorrelationRulePriority":2},"ID":"cf1765d2-9286-4976-b2de-c803b32c453e","Name":"R204_Use of an external DNS server","Type":3,"EndTime":1760065665923,"Priority":2,"TenantID":"3d6c4203-7328-4fb2-98fa-f37d385ffbde","GroupedBy":["DestinationAddress","DestinationAssetID","DestinationHostName","DestinationPort","SourceAddress","SourceAssetID","SourceHostName","SourceNtDomain","TransportProtocol"],"ServiceID":"7a75f41d-313b-4f68-a99d-6427546cc799","StartTime":1760065661753,"Timestamp":1760065665923,"BaseEvents":[{"ID":"84cb14fa-6b15-4d26-9e58-e4ff307a9c73","Name":"traffic","Type":1,"BytesIn":164,"EndTime":1760047661000,"BytesOut":112,"Priority":0,"Severity":"notice","TenantID":"3d6c4203-7328-4fb2-98fa-f37d385ffbde","ServiceID":"71d3be03-d996-4ec6-a03d-223288e5abc8","Timestamp":1760065661753,"ExternalID":"71907278","SourcePort":35622,"ServiceName":"Fortigate","DeviceAction":"accept","DeviceVendor":"Fortninet","DeviceAddress":"192.168.51.14","DeviceProduct":"Fortigate","SourceAddress":"172.16.210.1","DeviceHostName":"windu","DeviceTimeZone":"+02:00","DestinationPort":53,"DeviceExternalID":"FGT60FTK22032234","DeviceReceiptTime":1760065661753,"TransportProtocol":"17","DestinationAddress":"150.171.16.240","DeviceEventClassID":"forward","ApplicationProtocol":"DNS","DeviceCustomNumber1":180,"DeviceCustomNumber2":35,"DeviceCustomString1":"policy","DeviceEventCategory":"traffic","SourceTranslatedPort":35622,"DeviceInboundInterface":"Susp0Root1_1","DeviceOutboundInterface":"wan2","SourceTranslatedAddress":"192.168.1.222","DeviceCustomNumber1Label":"duration","DeviceCustomNumber2Label":"policyid","DeviceCustomString1Label":"policytype"}],"ExternalID":"R204","ServiceName":"[OOTB] Correlator","DeviceVendor":"Kaspersky","DeviceProduct":"KUMA","SourceAddress":"172.16.210.1","BaseEventCount":1,"DeviceTimeZone":"+02:00","DestinationPort":53,"CorrelationRuleID":"501d865f-6430-4175-9490-62f2e3d203e2","TransportProtocol":"17","DestinationAddress":"150.171.16.240","CorrelationRuleName":"R204_Use of an external DNS server"},{"N":{"KL_CorrelationRulePriority":2},"ID":"0c7d4aa1-d9fd-48df-949e-07184b177d1a","Name":"R204_Use of an external DNS server","Type":3,"EndTime":1760065665923,"Priority":2,"TenantID":"3d6c4203-7328-4fb2-98fa-f37d385ffbde","GroupedBy":["DestinationAddress","DestinationAssetID","DestinationHostName","DestinationPort","SourceAddress","SourceAssetID","SourceHostName","SourceNtDomain","TransportProtocol"],"ServiceID":"7a75f41d-313b-4f68-a99d-6427546cc799","StartTime":1760065661753,"Timestamp":1760065665923,"BaseEvents":[{"ID":"2727491e-bb2d-468d-b4de-801cee0336b5","Name":"traffic","Type":1,"BytesIn":92,"EndTime":1760047661000,"BytesOut":88,"Priority":0,"Severity":"notice","TenantID":"3d6c4203-7328-4fb2-98fa-f37d385ffbde","ServiceID":"71d3be03-d996-4ec6-a03d-223288e5abc8","Timestamp":1760065661753,"ExternalID":"71907306","SourcePort":55235,"ServiceName":"Fortigate","DeviceAction":"accept","DeviceVendor":"Fortninet","DeviceAddress":"192.168.51.14","DeviceProduct":"Fortigate","SourceAddress":"172.16.210.1","DeviceHostName":"windu","DeviceTimeZone":"+02:00","DestinationPort":53,"DeviceExternalID":"FGT60FTK22032234","DeviceReceiptTime":1760065661753,"TransportProtocol":"17","DestinationAddress":"13.107.236.4","DeviceEventClassID":"forward","ApplicationProtocol":"DNS","DeviceCustomNumber1":180,"DeviceCustomNumber2":35,"DeviceCustomString1":"policy","DeviceEventCategory":"traffic","SourceTranslatedPort":55235,"DeviceInboundInterface":"Susp0Root1_1","DeviceOutboundInterface":"wan2","SourceTranslatedAddress":"192.168.1.222","DeviceCustomNumber1Label":"duration","DeviceCustomNumber2Label":"policyid","DeviceCustomString1Label":"policytype"}],"ExternalID":"R204","ServiceName":"[OOTB] Correlator","DeviceVendor":"Kaspersky","DeviceProduct":"KUMA","SourceAddress":"172.16.210.1","BaseEventCount":1,"DeviceTimeZone":"+02:00","DestinationPort":53,"CorrelationRuleID":"501d865f-6430-4175-9490-62f2e3d203e2","TransportProtocol":"17","DestinationAddress":"13.107.236.4","CorrelationRuleName":"R204_Use of an external DNS server"},{"N":{"KL_CorrelationRulePriority":2},"ID":"4390eded-35f4-4664-99d3-214c93a0b2b3","Name":"R204_Use of an external DNS server","Type":3,"EndTime":1760065665924,"Priority":2,"TenantID":"3d6c4203-7328-4fb2-98fa-f37d385ffbde","GroupedBy":["DestinationAddress","DestinationAssetID","DestinationHostName","DestinationPort","SourceAddress","SourceAssetID","SourceHostName","SourceNtDomain","TransportProtocol"],"ServiceID":"7a75f41d-313b-4f68-a99d-6427546cc799","StartTime":1760065661753,"Timestamp":1760065665924,"BaseEvents":[{"ID":"3e840ac6-273f-48ac-be02-ec6fa7b22563","Name":"traffic","Type":1,"BytesIn":93,"EndTime":1760047661000,"BytesOut":89,"Priority":0,"Severity":"notice","TenantID":"3d6c4203-7328-4fb2-98fa-f37d385ffbde","ServiceID":"71d3be03-d996-4ec6-a03d-223288e5abc8","Timestamp":1760065661753,"ExternalID":"71907266","SourcePort":54349,"ServiceName":"Fortigate","DeviceAction":"accept","DeviceVendor":"Fortninet","DeviceAddress":"192.168.51.14","DeviceProduct":"Fortigate","SourceAddress":"172.16.210.1","DeviceHostName":"windu","DeviceTimeZone":"+02:00","DestinationPort":53,"DeviceExternalID":"FGT60FTK22032234","DeviceReceiptTime":1760065661753,"TransportProtocol":"17","DestinationAddress":"150.171.21.3","DeviceEventClassID":"forward","ApplicationProtocol":"DNS","DeviceCustomNumber1":180,"DeviceCustomNumber2":35,"DeviceCustomString1":"policy","DeviceEventCategory":"traffic","SourceTranslatedPort":54349,"DeviceInboundInterface":"Susp0Root1_1","DeviceOutboundInterface":"wan2","SourceTranslatedAddress":"192.168.1.222","DeviceCustomNumber1Label":"duration","DeviceCustomNumber2Label":"policyid","DeviceCustomString1Label":"policytype"}],"ExternalID":"R204","ServiceName":"[OOTB] Correlator","DeviceVendor":"Kaspersky","DeviceProduct":"KUMA","SourceAddress":"172.16.210.1","BaseEventCount":1,"DeviceTimeZone":"+02:00","DestinationPort":53,"CorrelationRuleID":"501d865f-6430-4175-9490-62f2e3d203e2","TransportProtocol":"17","DestinationAddress":"150.171.21.3","CorrelationRuleName":"R204_Use of an external DNS server"},{"N":{"KL_CorrelationRulePriority":2},"ID":"4eae8012-84f4-4559-9540-75c9937d0c67","Name":"R204_Use of an external DNS server","Type":3,"EndTime":1760065665924,"Priority":2,"TenantID":"3d6c4203-7328-4fb2-98fa-f37d385ffbde","GroupedBy":["DestinationAddress","DestinationAssetID","DestinationHostName","DestinationPort","SourceAddress","SourceAssetID","SourceHostName","SourceNtDomain","TransportProtocol"],"ServiceID":"7a75f41d-313b-4f68-a99d-6427546cc799","StartTime":1760065661753,"Timestamp":1760065665924,"BaseEvents":[{"ID":"edbd4c5d-eee5-4a6a-bb78-026405d5366d","Name":"traffic","Type":1,"BytesIn":599,"EndTime":1760047661000,"BytesOut":82,"Priority":0,"Severity":"notice","TenantID":"3d6c4203-7328-4fb2-98fa-f37d385ffbde","ServiceID":"71d3be03-d996-4ec6-a03d-223288e5abc8","Timestamp":1760065661753,"ExternalID":"71907260","SourcePort":53375,"ServiceName":"Fortigate","DeviceAction":"accept","DeviceVendor":"Fortninet","DeviceAddress":"192.168.51.14","DeviceProduct":"Fortigate","SourceAddress":"172.16.210.1","DeviceHostName":"windu","DeviceTimeZone":"+02:00","DestinationPort":53,"DeviceExternalID":"FGT60FTK22032234","DeviceReceiptTime":1760065661753,"TransportProtocol":"17","DestinationAddress":"192.35.51.30","DeviceEventClassID":"forward","ApplicationProtocol":"DNS","DeviceCustomNumber1":180,"DeviceCustomNumber2":35,"DeviceCustomString1":"policy","DeviceEventCategory":"traffic","SourceTranslatedPort":53375,"DeviceInboundInterface":"Susp0Root1_1","DeviceOutboundInterface":"wan2","SourceTranslatedAddress":"192.168.1.222","DeviceCustomNumber1Label":"duration","DeviceCustomNumber2Label":"policyid","DeviceCustomString1Label":"policytype"}],"ExternalID":"R204","ServiceName":"[OOTB] Correlator","DeviceVendor":"Kaspersky","DeviceProduct":"KUMA","SourceAddress":"172.16.210.1","BaseEventCount":1,"DeviceTimeZone":"+02:00","DestinationPort":53,"CorrelationRuleID":"501d865f-6430-4175-9490-62f2e3d203e2","TransportProtocol":"17","DestinationAddress":"192.35.51.30","CorrelationRuleName":"R204_Use of an external DNS server"},{"N":{"KL_CorrelationRulePriority":2},"ID":"11440b25-d3bf-4334-9351-0150ea0cb124","Name":"R204_Use of an external DNS server","Type":3,"EndTime":1760065665926,"Priority":2,"TenantID":"3d6c4203-7328-4fb2-98fa-f37d385ffbde","GroupedBy":["DestinationAddress","DestinationAssetID","DestinationHostName","DestinationPort","SourceAddress","SourceAssetID","SourceHostName","SourceNtDomain","TransportProtocol"],"ServiceID":"7a75f41d-313b-4f68-a99d-6427546cc799","StartTime":1760065661753,"Timestamp":1760065665926,"BaseEvents":[{"ID":"db1acfc8-adab-4840-a850-3cf4a22f44c6","Name":"traffic","Type":1,"BytesIn":93,"EndTime":1760047661000,"BytesOut":89,"Priority":0,"Severity":"notice","TenantID":"3d6c4203-7328-4fb2-98fa-f37d385ffbde","ServiceID":"71d3be03-d996-4ec6-a03d-223288e5abc8","Timestamp":1760065661753,"ExternalID":"71907258","SourcePort":39027,"ServiceName":"Fortigate","DeviceAction":"accept","DeviceVendor":"Fortninet","DeviceAddress":"192.168.51.14","DeviceProduct":"Fortigate","SourceAddress":"172.16.210.1","DeviceHostName":"windu","DeviceTimeZone":"+02:00","DestinationPort":53,"DeviceExternalID":"FGT60FTK22032234","DeviceReceiptTime":1760065661753,"TransportProtocol":"17","DestinationAddress":"204.14.183.4","DeviceEventClassID":"forward","ApplicationProtocol":"DNS","DeviceCustomNumber1":180,"DeviceCustomNumber2":35,"DeviceCustomString1":"policy","DeviceEventCategory":"traffic","SourceTranslatedPort":39027,"DeviceInboundInterface":"Susp0Root1_1","DeviceOutboundInterface":"wan2","SourceTranslatedAddress":"192.168.1.222","DeviceCustomNumber1Label":"duration","DeviceCustomNumber2Label":"policyid","DeviceCustomString1Label":"policytype"}],"ExternalID":"R204","ServiceName":"[OOTB] Correlator","DeviceVendor":"Kaspersky","DeviceProduct":"KUMA","SourceAddress":"172.16.210.1","BaseEventCount":1,"DeviceTimeZone":"+02:00","DestinationPort":53,"CorrelationRuleID":"501d865f-6430-4175-9490-62f2e3d203e2","TransportProtocol":"17","DestinationAddress":"204.14.183.4","CorrelationRuleName":"R204_Use of an external DNS server"},{"N":{"KL_CorrelationRulePriority":2},"ID":"35d32ede-9078-4b4b-8532-eb194d36cb6b","Name":"R204_Use of an external DNS server","Type":3,"EndTime":1760065665926,"Priority":2,"TenantID":"3d6c4203-7328-4fb2-98fa-f37d385ffbde","GroupedBy":["DestinationAddress","DestinationAssetID","DestinationHostName","DestinationPort","SourceAddress","SourceAssetID","SourceHostName","SourceNtDomain","TransportProtocol"],"ServiceID":"7a75f41d-313b-4f68-a99d-6427546cc799","StartTime":1760065661753,"Timestamp":1760065665926,"BaseEvents":[{"ID":"b74fc463-b9c8-43cd-bf6c-4df0e1598d0d","Name":"traffic","Type":1,"BytesIn":93,"EndTime":1760047661000,"BytesOut":89,"Priority":0,"Severity":"notice","TenantID":"3d6c4203-7328-4fb2-98fa-f37d385ffbde","ServiceID":"71d3be03-d996-4ec6-a03d-223288e5abc8","Timestamp":1760065661753,"ExternalID":"71907256","SourcePort":36916,"ServiceName":"Fortigate","DeviceAction":"accept","DeviceVendor":"Fortninet","DeviceAddress":"192.168.51.14","DeviceProduct":"Fortigate","SourceAddress":"172.16.210.1","DeviceHostName":"windu","DeviceTimeZone":"+02:00","DestinationPort":53,"DeviceExternalID":"FGT60FTK22032234","DeviceReceiptTime":1760065661753,"TransportProtocol":"17","DestinationAddress":"150.171.21.2","DeviceEventClassID":"forward","ApplicationProtocol":"DNS","DeviceCustomNumber1":180,"DeviceCustomNumber2":35,"DeviceCustomString1":"policy","DeviceEventCategory":"traffic","SourceTranslatedPort":36916,"DeviceInboundInterface":"Susp0Root1_1","DeviceOutboundInterface":"wan2","SourceTranslatedAddress":"192.168.1.222","DeviceCustomNumber1Label":"duration","DeviceCustomNumber2Label":"policyid","DeviceCustomString1Label":"policytype"}],"ExternalID":"R204","ServiceName":"[OOTB] Correlator","DeviceVendor":"Kaspersky","DeviceProduct":"KUMA","SourceAddress":"172.16.210.1","BaseEventCount":1,"DeviceTimeZone":"+02:00","DestinationPort":53,"CorrelationRuleID":"501d865f-6430-4175-9490-62f2e3d203e2","TransportProtocol":"17","DestinationAddress":"150.171.21.2","CorrelationRuleName":"R204_Use of an external DNS server"},{"N":{"KL_CorrelationRulePriority":2},"ID":"17810b89-fb91-4b7b-afe7-781333593be7","Name":"R204_Use of an external DNS server","Type":3,"EndTime":1760065665927,"Priority":2,"TenantID":"3d6c4203-7328-4fb2-98fa-f37d385ffbde","GroupedBy":["DestinationAddress","DestinationAssetID","DestinationHostName","DestinationPort","SourceAddress","SourceAssetID","SourceHostName","SourceNtDomain","TransportProtocol"],"ServiceID":"7a75f41d-313b-4f68-a99d-6427546cc799","StartTime":1760065661753,"Timestamp":1760065665927,"BaseEvents":[{"ID":"3b1e0b1a-5afb-4a47-83a8-f6aad9493c69","Name":"traffic","Type":1,"BytesIn":93,"EndTime":1760047661000,"BytesOut":89,"Priority":0,"Severity":"notice","TenantID":"3d6c4203-7328-4fb2-98fa-f37d385ffbde","ServiceID":"71d3be03-d996-4ec6-a03d-223288e5abc8","Timestamp":1760065661753,"ExternalID":"71907268","SourcePort":36836,"ServiceName":"Fortigate","DeviceAction":"accept","DeviceVendor":"Fortninet","DeviceAddress":"192.168.51.14","DeviceProduct":"Fortigate","SourceAddress":"172.16.210.1","DeviceHostName":"windu","DeviceTimeZone":"+02:00","DestinationPort":53,"DeviceExternalID":"FGT60FTK22032234","DeviceReceiptTime":1760065661753,"TransportProtocol":"17","DestinationAddress":"204.14.183.1","DeviceEventClassID":"forward","ApplicationProtocol":"DNS","DeviceCustomNumber1":180,"DeviceCustomNumber2":35,"DeviceCustomString1":"policy","DeviceEventCategory":"traffic","SourceTranslatedPort":36836,"DeviceInboundInterface":"Susp0Root1_1","DeviceOutboundInterface":"wan2","SourceTranslatedAddress":"192.168.1.222","DeviceCustomNumber1Label":"duration","DeviceCustomNumber2Label":"policyid","DeviceCustomString1Label":"policytype"}],"ExternalID":"R204","ServiceName":"[OOTB] Correlator","DeviceVendor":"Kaspersky","DeviceProduct":"KUMA","SourceAddress":"172.16.210.1","BaseEventCount":1,"DeviceTimeZone":"+02:00","DestinationPort":53,"CorrelationRuleID":"501d865f-6430-4175-9490-62f2e3d203e2","TransportProtocol":"17","DestinationAddress":"204.14.183.1","CorrelationRuleName":"R204_Use of an external DNS server"},{"N":{"KL_CorrelationRulePriority":2},"ID":"bfbaec0c-6eae-4497-80c7-21c4f8a15dff","Name":"R204_Use of an external DNS server","Type":3,"EndTime":1760065665928,"Priority":2,"TenantID":"3d6c4203-7328-4fb2-98fa-f37d385ffbde","GroupedBy":["DestinationAddress","DestinationAssetID","DestinationHostName","DestinationPort","SourceAddress","SourceAssetID","SourceHostName","SourceNtDomain","TransportProtocol"],"ServiceID":"7a75f41d-313b-4f68-a99d-6427546cc799","StartTime":1760065661754,"Timestamp":1760065665928,"BaseEvents":[{"ID":"22e280ea-0932-472f-b0c9-3e404e8f00d1","Name":"traffic","Type":1,"BytesIn":94,"EndTime":1760047661000,"BytesOut":90,"Priority":0,"Severity":"notice","TenantID":"3d6c4203-7328-4fb2-98fa-f37d385ffbde","ServiceID":"71d3be03-d996-4ec6-a03d-223288e5abc8","Timestamp":1760065661754,"ExternalID":"71907302","SourcePort":33778,"ServiceName":"Fortigate","DeviceAction":"accept","DeviceVendor":"Fortninet","DeviceAddress":"192.168.51.14","DeviceProduct":"Fortigate","SourceAddress":"172.16.210.1","DeviceHostName":"windu","DeviceTimeZone":"+02:00","DestinationPort":53,"DeviceExternalID":"FGT60FTK22032234","DeviceReceiptTime":1760065661754,"TransportProtocol":"17","DestinationAddress":"208.84.5.1","DeviceEventClassID":"forward","ApplicationProtocol":"DNS","DeviceCustomNumber1":180,"DeviceCustomNumber2":35,"DeviceCustomString1":"policy","DeviceEventCategory":"traffic","SourceTranslatedPort":33778,"DeviceInboundInterface":"Susp0Root1_1","DeviceOutboundInterface":"wan2","SourceTranslatedAddress":"192.168.1.222","DeviceCustomNumber1Label":"duration","DeviceCustomNumber2Label":"policyid","DeviceCustomString1Label":"policytype"}],"ExternalID":"R204","ServiceName":"[OOTB] Correlator","DeviceVendor":"Kaspersky","DeviceProduct":"KUMA","SourceAddress":"172.16.210.1","BaseEventCount":1,"DeviceTimeZone":"+02:00","DestinationPort":53,"CorrelationRuleID":"501d865f-6430-4175-9490-62f2e3d203e2","TransportProtocol":"17","DestinationAddress":"208.84.5.1","CorrelationRuleName":"R204_Use of an external DNS server"},{"N":{"KL_CorrelationRulePriority":2},"ID":"e210f52c-0d73-431f-9a3d-a4ce5346618c","Name":"R204_Use of an external DNS server","Type":3,"EndTime":1760065665929,"Priority":2,"TenantID":"3d6c4203-7328-4fb2-98fa-f37d385ffbde","GroupedBy":["DestinationAddress","DestinationAssetID","DestinationHostName","DestinationPort","SourceAddress","SourceAssetID","SourceHostName","SourceNtDomain","TransportProtocol"],"ServiceID":"7a75f41d-313b-4f68-a99d-6427546cc799","StartTime":1760065661754,"Timestamp":1760065665929,"BaseEvents":[{"ID":"f0ed5463-de79-4410-bfb0-f311e54a1276","Name":"traffic","Type":1,"BytesIn":94,"EndTime":1760047661000,"BytesOut":90,"Priority":0,"Severity":"notice","TenantID":"3d6c4203-7328-4fb2-98fa-f37d385ffbde","ServiceID":"71d3be03-d996-4ec6-a03d-223288e5abc8","Timestamp":1760065661754,"ExternalID":"71907292","SourcePort":39895,"ServiceName":"Fortigate","DeviceAction":"accept","DeviceVendor":"Fortninet","DeviceAddress":"192.168.51.14","DeviceProduct":"Fortigate","SourceAddress":"172.16.210.1","DeviceHostName":"windu","DeviceTimeZone":"+02:00","DestinationPort":53,"DeviceExternalID":"FGT60FTK22032234","DeviceReceiptTime":1760065661754,"TransportProtocol":"17","DestinationAddress":"13.107.236.3","DeviceEventClassID":"forward","ApplicationProtocol":"DNS","DeviceCustomNumber1":180,"DeviceCustomNumber2":35,"DeviceCustomString1":"policy","DeviceEventCategory":"traffic","SourceTranslatedPort":39895,"DeviceInboundInterface":"Susp0Root1_1","DeviceOutboundInterface":"wan2","SourceTranslatedAddress":"192.168.1.222","DeviceCustomNumber1Label":"duration","DeviceCustomNumber2Label":"policyid","DeviceCustomString1Label":"policytype"}],"ExternalID":"R204","ServiceName":"[OOTB] Correlator","DeviceVendor":"Kaspersky","DeviceProduct":"KUMA","SourceAddress":"172.16.210.1","BaseEventCount":1,"DeviceTimeZone":"+02:00","DestinationPort":53,"CorrelationRuleID":"501d865f-6430-4175-9490-62f2e3d203e2","TransportProtocol":"17","DestinationAddress":"13.107.236.3","CorrelationRuleName":"R204_Use of an external DNS server"},{"N":{"KL_CorrelationRulePriority":2},"ID":"3ada2601-c907-462f-ad23-a52886d649e0","Name":"R204_Use of an external DNS server","Type":3,"EndTime":1760065665930,"Priority":2,"TenantID":"3d6c4203-7328-4fb2-98fa-f37d385ffbde","GroupedBy":["DestinationAddress","DestinationAssetID","DestinationHostName","DestinationPort","SourceAddress","SourceAssetID","SourceHostName","SourceNtDomain","TransportProtocol"],"ServiceID":"7a75f41d-313b-4f68-a99d-6427546cc799","StartTime":1760065661754,"Timestamp":1760065665930,"BaseEvents":[{"ID":"0b853f68-552b-43eb-b14a-d8269fb8cc83","Name":"traffic","Type":1,"BytesIn":604,"EndTime":1760047661000,"BytesOut":87,"Priority":0,"Severity":"notice","TenantID":"3d6c4203-7328-4fb2-98fa-f37d385ffbde","ServiceID":"71d3be03-d996-4ec6-a03d-223288e5abc8","Timestamp":1760065661754,"ExternalID":"71907280","SourcePort":39070,"ServiceName":"Fortigate","DeviceAction":"accept","DeviceVendor":"Fortninet","DeviceAddress":"192.168.51.14","DeviceProduct":"Fortigate","SourceAddress":"172.16.210.1","DeviceHostName":"windu","DeviceTimeZone":"+02:00","DestinationPort":53,"DeviceExternalID":"FGT60FTK22032234","DeviceReceiptTime":1760065661754,"TransportProtocol":"17","DestinationAddress":"192.33.14.30","DeviceEventClassID":"forward","ApplicationProtocol":"DNS","DeviceCustomNumber1":180,"DeviceCustomNumber2":35,"DeviceCustomString1":"policy","DeviceEventCategory":"traffic","SourceTranslatedPort":39070,"DeviceInboundInterface":"Susp0Root1_1","DeviceOutboundInterface":"wan2","SourceTranslatedAddress":"192.168.1.222","DeviceCustomNumber1Label":"duration","DeviceCustomNumber2Label":"policyid","DeviceCustomString1Label":"policytype"}],"ExternalID":"R204","ServiceName":"[OOTB] Correlator","DeviceVendor":"Kaspersky","DeviceProduct":"KUMA","SourceAddress":"172.16.210.1","BaseEventCount":1,"DeviceTimeZone":"+02:00","DestinationPort":53,"CorrelationRuleID":"501d865f-6430-4175-9490-62f2e3d203e2","TransportProtocol":"17","DestinationAddress":"192.33.14.30","CorrelationRuleName":"R204_Use of an external DNS server"},{"N":{"KL_CorrelationRulePriority":2},"ID":"2346a440-5182-469a-bf18-83f199d9aad0","Name":"R204_Use of an external DNS server","Type":3,"EndTime":1760065665931,"Priority":2,"TenantID":"3d6c4203-7328-4fb2-98fa-f37d385ffbde","GroupedBy":["DestinationAddress","DestinationAssetID","DestinationHostName","DestinationPort","SourceAddress","SourceAssetID","SourceHostName","SourceNtDomain","TransportProtocol"],"ServiceID":"7a75f41d-313b-4f68-a99d-6427546cc799","StartTime":1760065661754,"Timestamp":1760065665931,"BaseEvents":[{"ID":"3b604c7a-18bc-499f-9250-07ed52fc8963","Name":"traffic","Type":1,"BytesIn":123,"EndTime":1760047661000,"BytesOut":119,"Priority":0,"Severity":"notice","TenantID":"3d6c4203-7328-4fb2-98fa-f37d385ffbde","ServiceID":"71d3be03-d996-4ec6-a03d-223288e5abc8","Timestamp":1760065661754,"ExternalID":"71907300","SourcePort":56198,"ServiceName":"Fortigate","DeviceAction":"accept","DeviceVendor":"Fortninet","DeviceAddress":"192.168.51.14","DeviceProduct":"Fortigate","SourceAddress":"172.16.210.1","DeviceHostName":"windu","DeviceTimeZone":"+02:00","DestinationPort":53,"DeviceExternalID":"FGT60FTK22032234","DeviceReceiptTime":1760065661754,"TransportProtocol":"17","DestinationAddress":"150.171.21.201","DeviceEventClassID":"forward","ApplicationProtocol":"DNS","DeviceCustomNumber1":180,"DeviceCustomNumber2":35,"DeviceCustomString1":"policy","DeviceEventCategory":"traffic","SourceTranslatedPort":56198,"DeviceInboundInterface":"Susp0Root1_1","DeviceOutboundInterface":"wan2","SourceTranslatedAddress":"192.168.1.222","DeviceCustomNumber1Label":"duration","DeviceCustomNumber2Label":"policyid","DeviceCustomString1Label":"policytype"}],"ExternalID":"R204","ServiceName":"[OOTB] Correlator","DeviceVendor":"Kaspersky","DeviceProduct":"KUMA","SourceAddress":"172.16.210.1","BaseEventCount":1,"DeviceTimeZone":"+02:00","DestinationPort":53,"CorrelationRuleID":"501d865f-6430-4175-9490-62f2e3d203e2","TransportProtocol":"17","DestinationAddress":"150.171.21.201","CorrelationRuleName":"R204_Use of an external DNS server"},{"N":{"KL_CorrelationRulePriority":2},"ID":"dce1e34f-019c-480f-b416-a6d0b1603360","Name":"R204_Use of an external DNS server","Type":3,"EndTime":1760065665933,"Priority":2,"TenantID":"3d6c4203-7328-4fb2-98fa-f37d385ffbde","GroupedBy":["DestinationAddress","DestinationAssetID","DestinationHostName","DestinationPort","SourceAddress","SourceAssetID","SourceHostName","SourceNtDomain","TransportProtocol"],"ServiceID":"7a75f41d-313b-4f68-a99d-6427546cc799","StartTime":1760065661754,"Timestamp":1760065665933,"BaseEvents":[{"ID":"a0dcc3f0-7195-420a-acba-e2fe63ecfb69","Name":"traffic","Type":1,"BytesIn":94,"EndTime":1760047661000,"BytesOut":90,"Priority":0,"Severity":"notice","TenantID":"3d6c4203-7328-4fb2-98fa-f37d385ffbde","ServiceID":"71d3be03-d996-4ec6-a03d-223288e5abc8","Timestamp":1760065661754,"ExternalID":"71907294","SourcePort":59213,"ServiceName":"Fortigate","DeviceAction":"accept","DeviceVendor":"Fortninet","DeviceAddress":"192.168.51.14","DeviceProduct":"Fortigate","SourceAddress":"172.16.210.1","DeviceHostName":"windu","DeviceTimeZone":"+02:00","DestinationPort":53,"DeviceExternalID":"FGT60FTK22032234","DeviceReceiptTime":1760065661754,"TransportProtocol":"17","DestinationAddress":"204.14.183.2","DeviceEventClassID":"forward","ApplicationProtocol":"DNS","DeviceCustomNumber1":180,"DeviceCustomNumber2":35,"DeviceCustomString1":"policy","DeviceEventCategory":"traffic","SourceTranslatedPort":59213,"DeviceInboundInterface":"Susp0Root1_1","DeviceOutboundInterface":"wan2","SourceTranslatedAddress":"192.168.1.222","DeviceCustomNumber1Label":"duration","DeviceCustomNumber2Label":"policyid","DeviceCustomString1Label":"policytype"}],"ExternalID":"R204","ServiceName":"[OOTB] Correlator","DeviceVendor":"Kaspersky","DeviceProduct":"KUMA","SourceAddress":"172.16.210.1","BaseEventCount":1,"DeviceTimeZone":"+02:00","DestinationPort":53,"CorrelationRuleID":"501d865f-6430-4175-9490-62f2e3d203e2","TransportProtocol":"17","DestinationAddress":"204.14.183.2","CorrelationRuleName":"R204_Use of an external DNS server"},{"N":{"KL_CorrelationRulePriority":2},"ID":"3c421f46-2360-4152-ac2e-02ec99e1584f","Name":"R204_Use of an external DNS server","Type":3,"EndTime":1760065665934,"Priority":2,"TenantID":"3d6c4203-7328-4fb2-98fa-f37d385ffbde","GroupedBy":["DestinationAddress","DestinationAssetID","DestinationHostName","DestinationPort","SourceAddress","SourceAssetID","SourceHostName","SourceNtDomain","TransportProtocol"],"ServiceID":"7a75f41d-313b-4f68-a99d-6427546cc799","StartTime":1760065661754,"Timestamp":1760065665934,"BaseEvents":[{"ID":"04e5fa4a-70e8-4f55-aa8e-46340830cbae","Name":"traffic","Type":1,"BytesIn":94,"EndTime":1760047661000,"BytesOut":90,"Priority":0,"Severity":"notice","TenantID":"3d6c4203-7328-4fb2-98fa-f37d385ffbde","ServiceID":"71d3be03-d996-4ec6-a03d-223288e5abc8","Timestamp":1760065661754,"ExternalID":"71907290","SourcePort":50734,"ServiceName":"Fortigate","DeviceAction":"accept","DeviceVendor":"Fortninet","DeviceAddress":"192.168.51.14","DeviceProduct":"Fortigate","SourceAddress":"172.16.210.1","DeviceHostName":"windu","DeviceTimeZone":"+02:00","DestinationPort":53,"DeviceExternalID":"FGT60FTK22032234","DeviceReceiptTime":1760065661754,"TransportProtocol":"17","DestinationAddress":"150.171.21.4","DeviceEventClassID":"forward","ApplicationProtocol":"DNS","DeviceCustomNumber1":180,"DeviceCustomNumber2":35,"DeviceCustomString1":"policy","DeviceEventCategory":"traffic","SourceTranslatedPort":50734,"DeviceInboundInterface":"Susp0Root1_1","DeviceOutboundInterface":"wan2","SourceTranslatedAddress":"192.168.1.222","DeviceCustomNumber1Label":"duration","DeviceCustomNumber2Label":"policyid","DeviceCustomString1Label":"policytype"}],"ExternalID":"R204","ServiceName":"[OOTB] Correlator","DeviceVendor":"Kaspersky","DeviceProduct":"KUMA","SourceAddress":"172.16.210.1","BaseEventCount":1,"DeviceTimeZone":"+02:00","DestinationPort":53,"CorrelationRuleID":"501d865f-6430-4175-9490-62f2e3d203e2","TransportProtocol":"17","DestinationAddress":"150.171.21.4","CorrelationRuleName":"R204_Use of an external DNS server"},{"N":{"KL_CorrelationRulePriority":2},"ID":"5c7b9614-ba4f-49de-a58c-b37bd120511f","Name":"R204_Use of an external DNS server","Type":3,"EndTime":1760065665935,"Priority":2,"TenantID":"3d6c4203-7328-4fb2-98fa-f37d385ffbde","GroupedBy":["DestinationAddress","DestinationAssetID","DestinationHostName","DestinationPort","SourceAddress","SourceAssetID","SourceHostName","SourceNtDomain","TransportProtocol"],"ServiceID":"7a75f41d-313b-4f68-a99d-6427546cc799","StartTime":1760065661754,"Timestamp":1760065665935,"BaseEvents":[{"ID":"aaa8b39b-6f44-4212-9705-add942f49959","Name":"traffic","Type":1,"BytesIn":595,"EndTime":1760047661000,"BytesOut":78,"Priority":0,"Severity":"notice","TenantID":"3d6c4203-7328-4fb2-98fa-f37d385ffbde","ServiceID":"71d3be03-d996-4ec6-a03d-223288e5abc8","Timestamp":1760065661754,"ExternalID":"71907286","SourcePort":35681,"ServiceName":"Fortigate","DeviceAction":"accept","DeviceVendor":"Fortninet","DeviceAddress":"192.168.51.14","DeviceProduct":"Fortigate","SourceAddress":"172.16.210.1","DeviceHostName":"windu","DeviceTimeZone":"+02:00","DestinationPort":53,"DeviceExternalID":"FGT60FTK22032234","DeviceReceiptTime":1760065661754,"TransportProtocol":"17","DestinationAddress":"192.12.94.30","DeviceEventClassID":"forward","ApplicationProtocol":"DNS","DeviceCustomNumber1":180,"DeviceCustomNumber2":35,"DeviceCustomString1":"policy","DeviceEventCategory":"traffic","SourceTranslatedPort":35681,"DeviceInboundInterface":"Susp0Root1_1","DeviceOutboundInterface":"wan2","SourceTranslatedAddress":"192.168.1.222","DeviceCustomNumber1Label":"duration","DeviceCustomNumber2Label":"policyid","DeviceCustomString1Label":"policytype"}],"ExternalID":"R204","ServiceName":"[OOTB] Correlator","DeviceVendor":"Kaspersky","DeviceProduct":"KUMA","SourceAddress":"172.16.210.1","BaseEventCount":1,"DeviceTimeZone":"+02:00","DestinationPort":53,"CorrelationRuleID":"501d865f-6430-4175-9490-62f2e3d203e2","TransportProtocol":"17","DestinationAddress":"192.12.94.30","CorrelationRuleName":"R204_Use of an external DNS server"},{"N":{"KL_CorrelationRulePriority":2},"ID":"442fb420-7582-47fd-ad29-cbae82ed53f5","Name":"R204_Use of an external DNS server","Type":3,"EndTime":1760065665935,"Priority":2,"TenantID":"3d6c4203-7328-4fb2-98fa-f37d385ffbde","GroupedBy":["DestinationAddress","DestinationAssetID","DestinationHostName","DestinationPort","SourceAddress","SourceAssetID","SourceHostName","SourceNtDomain","TransportProtocol"],"ServiceID":"7a75f41d-313b-4f68-a99d-6427546cc799","StartTime":1760065661754,"Timestamp":1760065665935,"BaseEvents":[{"ID":"18cdcf90-ed81-4ce7-9802-2062214f771f","Name":"traffic","Type":1,"BytesIn":95,"EndTime":1760047661000,"BytesOut":91,"Priority":0,"Severity":"notice","TenantID":"3d6c4203-7328-4fb2-98fa-f37d385ffbde","ServiceID":"71d3be03-d996-4ec6-a03d-223288e5abc8","Timestamp":1760065661754,"ExternalID":"71907310","SourcePort":48473,"ServiceName":"Fortigate","DeviceAction":"accept","DeviceVendor":"Fortninet","DeviceAddress":"192.168.51.14","DeviceProduct":"Fortigate","SourceAddress":"172.16.210.1","DeviceHostName":"windu","DeviceTimeZone":"+02:00","DestinationPort":53,"DeviceExternalID":"FGT60FTK22032234","DeviceReceiptTime":1760065661754,"TransportProtocol":"17","DestinationAddress":"208.84.5.3","DeviceEventClassID":"forward","ApplicationProtocol":"DNS","DeviceCustomNumber1":180,"DeviceCustomNumber2":13,"DeviceCustomString1":"policy","DeviceEventCategory":"traffic","DeviceInboundInterface":"KSB","DeviceOutboundInterface":"Susp0Root1_0","DeviceCustomNumber1Label":"duration","DeviceCustomNumber2Label":"policyid","DeviceCustomString1Label":"policytype"}],"ExternalID":"R204","ServiceName":"[OOTB] Correlator","DeviceVendor":"Kaspersky","DeviceProduct":"KUMA","SourceAddress":"172.16.210.1","BaseEventCount":1,"DeviceTimeZone":"+02:00","DestinationPort":53,"CorrelationRuleID":"501d865f-6430-4175-9490-62f2e3d203e2","TransportProtocol":"17","DestinationAddress":"208.84.5.3","CorrelationRuleName":"R204_Use of an external DNS server"},{"N":{"KL_CorrelationRulePriority":2},"ID":"a1d5e1d2-7364-47e1-9a43-6fc73da5e537","Name":"R204_Use of an external DNS server","Type":3,"EndTime":1760065665936,"Priority":2,"TenantID":"3d6c4203-7328-4fb2-98fa-f37d385ffbde","GroupedBy":["DestinationAddress","DestinationAssetID","DestinationHostName","DestinationPort","SourceAddress","SourceAssetID","SourceHostName","SourceNtDomain","TransportProtocol"],"ServiceID":"7a75f41d-313b-4f68-a99d-6427546cc799","StartTime":1760065661754,"Timestamp":1760065665936,"BaseEvents":[{"ID":"dddca2ec-ee2a-477a-9d77-bf87dba95d6a","Name":"traffic","Type":1,"BytesIn":94,"EndTime":1760047661000,"BytesOut":90,"Priority":0,"Severity":"notice","TenantID":"3d6c4203-7328-4fb2-98fa-f37d385ffbde","ServiceID":"71d3be03-d996-4ec6-a03d-223288e5abc8","Timestamp":1760065661754,"ExternalID":"71907308","SourcePort":50116,"ServiceName":"Fortigate","DeviceAction":"accept","DeviceVendor":"Fortninet","DeviceAddress":"192.168.51.14","DeviceProduct":"Fortigate","SourceAddress":"172.16.210.1","DeviceHostName":"windu","DeviceTimeZone":"+02:00","DestinationPort":53,"DeviceExternalID":"FGT60FTK22032234","DeviceReceiptTime":1760065661754,"TransportProtocol":"17","DestinationAddress":"208.84.5.2","DeviceEventClassID":"forward","ApplicationProtocol":"DNS","DeviceCustomNumber1":180,"DeviceCustomNumber2":35,"DeviceCustomString1":"policy","DeviceEventCategory":"traffic","SourceTranslatedPort":50116,"DeviceInboundInterface":"Susp0Root1_1","DeviceOutboundInterface":"wan2","SourceTranslatedAddress":"192.168.1.222","DeviceCustomNumber1Label":"duration","DeviceCustomNumber2Label":"policyid","DeviceCustomString1Label":"policytype"}],"ExternalID":"R204","ServiceName":"[OOTB] Correlator","DeviceVendor":"Kaspersky","DeviceProduct":"KUMA","SourceAddress":"172.16.210.1","BaseEventCount":1,"DeviceTimeZone":"+02:00","DestinationPort":53,"CorrelationRuleID":"501d865f-6430-4175-9490-62f2e3d203e2","TransportProtocol":"17","DestinationAddress":"208.84.5.2","CorrelationRuleName":"R204_Use of an external DNS server"},{"N":{"KL_CorrelationRulePriority":2},"ID":"6f1722eb-0524-4adf-b91e-6f84daa92804","Name":"R204_Use of an external DNS server","Type":3,"EndTime":1760065665936,"Priority":2,"TenantID":"3d6c4203-7328-4fb2-98fa-f37d385ffbde","GroupedBy":["DestinationAddress","DestinationAssetID","DestinationHostName","DestinationPort","SourceAddress","SourceAssetID","SourceHostName","SourceNtDomain","TransportProtocol"],"ServiceID":"7a75f41d-313b-4f68-a99d-6427546cc799","StartTime":1760065661754,"Timestamp":1760065665936,"BaseEvents":[{"ID":"31176bd1-02cd-4f9d-a162-70eaed54b442","Name":"traffic","Type":1,"BytesIn":158,"EndTime":1760047661000,"BytesOut":87,"Priority":0,"Severity":"notice","TenantID":"3d6c4203-7328-4fb2-98fa-f37d385ffbde","ServiceID":"71d3be03-d996-4ec6-a03d-223288e5abc8","Timestamp":1760065661754,"ExternalID":"71907284","SourcePort":53530,"ServiceName":"Fortigate","DeviceAction":"accept","DeviceVendor":"Fortninet","DeviceAddress":"192.168.51.14","DeviceProduct":"Fortigate","SourceAddress":"172.16.210.1","DeviceHostName":"windu","DeviceTimeZone":"+02:00","DestinationPort":53,"DeviceExternalID":"FGT60FTK22032234","DeviceReceiptTime":1760065661754,"TransportProtocol":"17","DestinationAddress":"150.171.16.39","DeviceEventClassID":"forward","ApplicationProtocol":"DNS","DeviceCustomNumber1":180,"DeviceCustomNumber2":35,"DeviceCustomString1":"policy","DeviceEventCategory":"traffic","SourceTranslatedPort":53530,"DeviceInboundInterface":"Susp0Root1_1","DeviceOutboundInterface":"wan2","SourceTranslatedAddress":"192.168.1.222","DeviceCustomNumber1Label":"duration","DeviceCustomNumber2Label":"policyid","DeviceCustomString1Label":"policytype"}],"ExternalID":"R204","ServiceName":"[OOTB] Correlator","DeviceVendor":"Kaspersky","DeviceProduct":"KUMA","SourceAddress":"172.16.210.1","BaseEventCount":1,"DeviceTimeZone":"+02:00","DestinationPort":53,"CorrelationRuleID":"501d865f-6430-4175-9490-62f2e3d203e2","TransportProtocol":"17","DestinationAddress":"150.171.16.39","CorrelationRuleName":"R204_Use of an external DNS server"}],"Rules":[{"Confidence":"medium","Custom":false,"ID":"501d865f-6430-4175-9490-62f2e3d203e2","Name":"R204_Use of an external DNS server","Severity":"high","Type":""}],"Severity":"medium","SourceCreatedAt":"2025-10-10T03:07:45.917Z","SourceID":"0c7d4aa1-d9fd-48df-949e-07184b177d1a;10b9ef70-8ae0-4bd2-8728-590cca7c9935;11440b25-d3bf-4334-9351-0150ea0cb124;17810b89-fb91-4b7b-afe7-781333593be7;1f0efa46-58ea-4930-b0a1-ceb6d672838a;2346a440-5182-469a-bf18-83f199d9aad0;35d32ede-9078-4b4b-8532-eb194d36cb6b;3ada2601-c907-462f-ad23-a52886d649e0;3c421f46-2360-4152-ac2e-02ec99e1584f;4390eded-35f4-4664-99d3-214c93a0b2b3;442fb420-7582-47fd-ad29-cbae82ed53f5;4eae8012-84f4-4559-9540-75c9937d0c67;5c7b9614-ba4f-49de-a58c-b37bd120511f;6f1722eb-0524-4adf-b91e-6f84daa92804;7f754b1d-ff5e-450a-b314-3971f2c7cab5;9983220f-55c2-4b79-a267-15ce02392c75;a1d5e1d2-7364-47e1-9a43-6fc73da5e537;bfbaec0c-6eae-4497-80c7-21c4f8a15dff;cf1765d2-9286-4976-b2de-c803b32c453e;dce1e34f-019c-480f-b416-a6d0b1603360;e210f52c-0d73-431f-9a3d-a4ce5346618c;f7d8793b-3cba-4cc1-90f6-4be942f34ea3","Status":"new","StatusChangedAt":"2025-10-10T03:07:50.624Z","StatusResolution":"","TenantID":"3d6c4203-7328-4fb2-98fa-f37d385ffbde","UpdatedAt":"2025-10-10T03:07:50.624Z"},{"Assets":null,"Assignee":{"ID":"nobody","Name":"Not assigned","Type":""},"CreatedAt":"2025-10-10T03:09:20.626Z","DetectionTechnologies":null,"ExternalRef":"","Extra":null,"FirstEventTime":"2025-10-10T03:09:12.144Z","HistoryRecords":null,"ID":18967,"IncidentID":"","IncidentLinkType":"","InternalID":"1c14f0a2-f547-4c08-875e-fd0a5d2c190d","IsCII":false,"LastEventTime":"2025-10-10T03:09:15.951Z","MITRETactics":null,"MITRETechniques":null,"Name":"R445_05_Inbound connection from external host via management port","Observables":[{"Details":"","Type":"ip","Value":"36.224.53.32"},{"Details":"","Type":"hostname","Value":"windu"}],"OriginalEvents":[{"N":{"KL_CorrelationRulePriority":1},"ID":"1c14f0a2-f547-4c08-875e-fd0a5d2c190d","Name":"R445_05_Inbound connection from external host via management port","Type":3,"EndTime":1760065755950,"Message":"The external host 36.224.53.32 remotely connected to the internal node 192.168.1.222 on port 22 using the remote administration tool: SSH","Priority":1,"Severity":"notice","TenantID":"3d6c4203-7328-4fb2-98fa-f37d385ffbde","GroupedBy":["Message","DeviceAddress","DeviceHostName","SourceAddress","SourceHostName","SourceUserName","DestinationAddress","DestinationHostName","DestinationUserName","ApplicationProtocol","TransportProtocol","BytesIn","BytesOut","DeviceAction","DeviceAssetID","DeviceCity","DeviceCountry","DeviceDirection","DeviceDnsDomain","DeviceEventCategory","DeviceEventClassID","DeviceExternalID","DeviceFacility","DeviceHostName","DeviceInboundInterface","DeviceLatitude","DeviceLongitude","DeviceMacAddress","DeviceNtDomain","DeviceOutboundInterface","DevicePayloadID","DeviceProcessID","DeviceProcessName","DeviceReceiptTime","DeviceRegion","DeviceTimeZone","DeviceTranslatedAddress","DeviceVersion","EventOutcome","Reason","Severity","SourceAccountID","SourceAssetID","SourceCity","SourceCountry","SourceDnsDomain","SourceLatitude","SourceLongitude","SourceMacAddress","SourceNtDomain","SourcePort","SourceProcessID","SourceProcessName","SourceRegion","SourceServiceName","SourceTranslatedAddress","SourceTranslatedPort","SourceUserID","SourceUserPrivileges","DestinationAccountID","DestinationAssetID","DestinationCity","DestinationCountry","DestinationDnsDomain","DestinationLatitude","DestinationLongitude","DestinationMacAddress","DestinationNtDomain","DestinationPort","DestinationProcessID","DestinationProcessName","DestinationRegion","DestinationServiceName","DestinationTranslatedAddress","DestinationTranslatedPort","DestinationUserID","DestinationUserPrivileges","RequestClientApplication","RequestContext","RequestCookies","RequestMethod","RequestUrl","FileCreateTime","FileHash","FileID","FileModificationTime","FileName","FilePath","FilePermission","FileSize","FileType","OldFileCreateTime","OldFileHash","OldFileID","OldFileModificationTime","OldFileName","OldFilePath","OldFilePermission","OldFileSize","OldFileType","DeviceCustomDate1","DeviceCustomDate2","DeviceCustomFloatingPoint1","DeviceCustomFloatingPoint2","DeviceCustomFloatingPoint2Label","DeviceCustomFloatingPoint3","DeviceCustomFloatingPoint3Label","DeviceCustomFloatingPoint4","DeviceCustomFloatingPoint4Label","DeviceCustomIPv6Address1","DeviceCustomIPv6Address1Label","DeviceCustomIPv6Address3","DeviceCustomIPv6Address3Label","DeviceCustomIPv6Address4","DeviceCustomIPv6Address4Label","DeviceCustomNumber2","DeviceCustomNumber2Label","DeviceCustomNumber3","DeviceCustomString1","DeviceCustomNumber3Label","DeviceCustomString1Label","DeviceCustomString2","DeviceCustomString2Label","DeviceCustomString3","DeviceCustomString3Label","DeviceCustomString4","DeviceCustomString4Label","DeviceCustomString5","DeviceCustomString5Label","DeviceCustomString6","DeviceCustomString6Label","FlexDate1","FlexDate1Label","FlexNumber1","FlexNumber1Label","FlexNumber2","FlexNumber2Label","FlexString1","FlexString1Label","FlexString2","timestamp_just_added","timestamp_profiling_finished"],"ServiceID":"7a75f41d-313b-4f68-a99d-6427546cc799","StartTime":1760065755950,"Timestamp":1760065755952,"BaseEvents":[{"N":{"KL_CorrelationRulePriority":1},"ID":"acef6c97-06ad-459a-9221-85a60bcbbdf6","Name":"Connection. Inbound connection from external host using management ports","Type":3,"EndTime":1760065752144,"Message":"Connection Failed","Priority":1,"Severity":"notice","TenantID":"3d6c4203-7328-4fb2-98fa-f37d385ffbde","GroupedBy":["Message","DeviceAddress","DeviceHostName","SourceAddress","SourceHostName","SourceUserName","DestinationAddress","DestinationHostName","DestinationUserName","ApplicationProtocol","TransportProtocol","BytesIn","BytesOut","DeviceAction","DeviceAssetID","DeviceCity","DeviceCountry","DeviceDirection","DeviceDnsDomain","DeviceEventCategory","DeviceEventClassID","DeviceExternalID","DeviceFacility","DeviceHostName","DeviceInboundInterface","DeviceLatitude","DeviceLongitude","DeviceMacAddress","DeviceNtDomain","DeviceOutboundInterface","DevicePayloadID","DeviceProcessID","DeviceProcessName","DeviceReceiptTime","DeviceRegion","DeviceTimeZone","DeviceTranslatedAddress","DeviceVersion","EventOutcome","Reason","Severity","SourceAccountID","SourceAssetID","SourceCity","SourceCountry","SourceDnsDomain","SourceLatitude","SourceLongitude","SourceMacAddress","SourceNtDomain","SourcePort","SourceProcessID","SourceProcessName","SourceRegion","SourceServiceName","SourceTranslatedAddress","SourceTranslatedPort","SourceUserID","SourceUserPrivileges","DestinationAccountID","DestinationAssetID","DestinationCity","DestinationCountry","DestinationDnsDomain","DestinationLatitude","DestinationLongitude","DestinationMacAddress","DestinationNtDomain","DestinationPort","DestinationProcessID","DestinationProcessName","DestinationRegion","DestinationServiceName","DestinationTranslatedAddress","DestinationTranslatedPort","DestinationUserID","DestinationUserPrivileges","RequestClientApplication","RequestContext","RequestCookies","RequestMethod","RequestUrl","FileCreateTime","FileHash","FileID","FileModificationTime","FileName","FilePath","FilePermission","FileSize","FileType","OldFileCreateTime","OldFileHash","OldFileID","OldFileModificationTime","OldFileName","OldFilePath","OldFilePermission","OldFileSize","OldFileType","DeviceCustomDate1","DeviceCustomDate2","DeviceCustomFloatingPoint1","DeviceCustomFloatingPoint2","DeviceCustomFloatingPoint2Label","DeviceCustomFloatingPoint3","DeviceCustomFloatingPoint3Label","DeviceCustomFloatingPoint4","DeviceCustomFloatingPoint4Label","DeviceCustomIPv6Address1","DeviceCustomIPv6Address1Label","DeviceCustomIPv6Address3","DeviceCustomIPv6Address3Label","DeviceCustomIPv6Address4","DeviceCustomIPv6Address4Label","DeviceCustomNumber2","DeviceCustomNumber2Label","DeviceCustomNumber3","DeviceCustomString1","DeviceCustomNumber3Label","DeviceCustomString1Label","DeviceCustomString2","DeviceCustomString2Label","DeviceCustomString3","DeviceCustomString3Label","DeviceCustomString4","DeviceCustomString4Label","DeviceCustomString5","DeviceCustomString5Label","DeviceCustomString6","DeviceCustomString6Label","FlexDate1","FlexDate1Label","FlexNumber1","FlexNumber1Label","FlexNumber2","FlexNumber2Label","FlexString1","FlexString1Label","FlexString2"],"ServiceID":"7a75f41d-313b-4f68-a99d-6427546cc799","StartTime":1760065752144,"Timestamp":1760065755950,"BaseEvents":[{"ID":"9f447798-d2cd-43f6-be95-5756112a4d0e","Name":"traffic","Type":1,"EndTime":1760047751000,"Message":"Connection Failed","Priority":0,"Severity":"notice","TenantID":"3d6c4203-7328-4fb2-98fa-f37d385ffbde","ServiceID":"71d3be03-d996-4ec6-a03d-223288e5abc8","Timestamp":1760065752144,"ExternalID":"71912451","SourcePort":39200,"ServiceName":"Fortigate","DeviceAction":"deny","DeviceVendor":"Fortninet","DeviceAddress":"192.168.51.14","DeviceProduct":"Fortigate","SourceAddress":"36.224.53.32","DeviceHostName":"windu","DeviceTimeZone":"+02:00","DestinationPort":22,"DeviceExternalID":"FGT60FTK22032234","DeviceReceiptTime":1760065752144,"TransportProtocol":"6","DestinationAddress":"192.168.1.222","DeviceEventClassID":"local","ApplicationProtocol":"SSH","DeviceCustomString1":"local-in-policy","DeviceEventCategory":"traffic","DeviceInboundInterface":"wan2","DeviceOutboundInterface":"root","DeviceCustomNumber1Label":"duration","DeviceCustomNumber2Label":"policyid","DeviceCustomString1Label":"policytype"}],"SourcePort":39200,"ServiceName":"[OOTB] Correlator","DeviceAction":"deny","DeviceVendor":"Kaspersky","DeviceAddress":"192.168.51.14","DeviceProduct":"KUMA","SourceAddress":"36.224.53.32","BaseEventCount":1,"DeviceHostName":"windu","DeviceTimeZone":"+02:00","DestinationPort":22,"DeviceExternalID":"FGT60FTK22032234","CorrelationRuleID":"83fea516-0ec2-4fd2-96c0-1136c65378bb","DeviceReceiptTime":1760065752144,"TransportProtocol":"6","DestinationAddress":"192.168.1.222","DeviceEventClassID":"local","ApplicationProtocol":"SSH","CorrelationRuleName":"Connection. Inbound connection from external host using management ports","DeviceCustomString1":"local-in-policy","DeviceEventCategory":"traffic","DeviceInboundInterface":"wan2","DeviceOutboundInterface":"root","DeviceCustomNumber2Label":"policyid","DeviceCustomString1Label":"policytype"}],"ExternalID":"R445_05","SourcePort":39200,"ServiceName":"[OOTB] Correlator","DeviceAction":"deny","DeviceVendor":"Kaspersky","DeviceAddress":"192.168.51.14","DeviceProduct":"KUMA","SourceAddress":"36.224.53.32","BaseEventCount":1,"DeviceHostName":"windu","DeviceTimeZone":"+02:00","DestinationPort":22,"DeviceExternalID":"FGT60FTK22032234","CorrelationRuleID":"4eeda10b-8ef6-4725-846d-62b00bfa7561","DeviceReceiptTime":1760065752144,"TransportProtocol":"6","DestinationAddress":"192.168.1.222","DeviceEventClassID":"local","ApplicationProtocol":"SSH","CorrelationRuleName":"R445_05_Inbound connection from external host via management port","DeviceCustomString1":"local-in-policy","DeviceEventCategory":"traffic","DestinationServiceName":"SSH","DeviceInboundInterface":"wan2","DeviceOutboundInterface":"root","DeviceCustomNumber2Label":"policyid","DeviceCustomString1Label":"policytype"}],"Rules":[{"Confidence":"medium","Custom":false,"ID":"4eeda10b-8ef6-4725-846d-62b00bfa7561","Name":"R445_05_Inbound connection from external host via management port","Severity":"medium","Type":""}],"Severity":"low","SourceCreatedAt":"2025-10-10T03:09:15.951Z","SourceID":"1c14f0a2-f547-4c08-875e-fd0a5d2c190d","Status":"new","StatusChangedAt":"2025-10-10T03:09:20.626Z","StatusResolution":"","TenantID":"3d6c4203-7328-4fb2-98fa-f37d385ffbde","UpdatedAt":"2025-10-10T03:09:20.626Z"},{"Assets":null,"Assignee":{"ID":"nobody","Name":"Not assigned","Type":""},"CreatedAt":"2025-10-10T03:15:00.688Z","DetectionTechnologies":null,"ExternalRef":"","Extra":null,"FirstEventTime":"2025-10-10T03:14:55.707Z","HistoryRecords":null,"ID":18971,"IncidentID":"","IncidentLinkType":"","InternalID":"c0e3c2f1-7093-4781-b2fb-b29030191af2","IsCII":false,"LastEventTime":"2025-10-10T03:14:56.042Z","MITRETactics":null,"MITRETechniques":null,"Name":"R445_03_Inbound connection from external host via SMB, RPC port","Observables":[{"Details":"","Type":"ip","Value":"202.57.30.210"},{"Details":"","Type":"hostname","Value":"windu"}],"OriginalEvents":[{"N":{"KL_CorrelationRulePriority":1},"ID":"c0e3c2f1-7093-4781-b2fb-b29030191af2","Name":"R445_03_Inbound connection from external host via SMB, RPC port","Type":3,"EndTime":1760066096041,"Message":"The external host 202.57.30.210 remotely connected to the internal node 192.168.1.222 on port 445 which is used in SMB, RPC protocols: Microsoft-DS (Directory Services) SMB file sharing","Priority":1,"Severity":"notice","TenantID":"3d6c4203-7328-4fb2-98fa-f37d385ffbde","GroupedBy":["Message","DeviceAddress","DeviceHostName","SourceAddress","SourceHostName","SourceUserName","DestinationAddress","DestinationHostName","DestinationUserName","ApplicationProtocol","TransportProtocol","BytesIn","BytesOut","DeviceAction","DeviceAssetID","DeviceCity","DeviceCountry","DeviceDirection","DeviceDnsDomain","DeviceEventCategory","DeviceEventClassID","DeviceExternalID","DeviceFacility","DeviceHostName","DeviceInboundInterface","DeviceLatitude","DeviceLongitude","DeviceMacAddress","DeviceNtDomain","DeviceOutboundInterface","DevicePayloadID","DeviceProcessID","DeviceProcessName","DeviceReceiptTime","DeviceRegion","DeviceTimeZone","DeviceTranslatedAddress","DeviceVersion","EventOutcome","Reason","Severity","SourceAccountID","SourceAssetID","SourceCity","SourceCountry","SourceDnsDomain","SourceLatitude","SourceLongitude","SourceMacAddress","SourceNtDomain","SourcePort","SourceProcessID","SourceProcessName","SourceRegion","SourceServiceName","SourceTranslatedAddress","SourceTranslatedPort","SourceUserID","SourceUserPrivileges","DestinationAccountID","DestinationAssetID","DestinationCity","DestinationCountry","DestinationDnsDomain","DestinationLatitude","DestinationLongitude","DestinationMacAddress","DestinationNtDomain","DestinationPort","DestinationProcessID","DestinationProcessName","DestinationRegion","DestinationServiceName","DestinationTranslatedAddress","DestinationTranslatedPort","DestinationUserID","DestinationUserPrivileges","RequestClientApplication","RequestContext","RequestCookies","RequestMethod","RequestUrl","FileCreateTime","FileHash","FileID","FileModificationTime","FileName","FilePath","FilePermission","FileSize","FileType","OldFileCreateTime","OldFileHash","OldFileID","OldFileModificationTime","OldFileName","OldFilePath","OldFilePermission","OldFileSize","OldFileType","DeviceCustomDate1","DeviceCustomDate2","DeviceCustomFloatingPoint1","DeviceCustomFloatingPoint2","DeviceCustomFloatingPoint2Label","DeviceCustomFloatingPoint3","DeviceCustomFloatingPoint3Label","DeviceCustomFloatingPoint4","DeviceCustomFloatingPoint4Label","DeviceCustomIPv6Address1","DeviceCustomIPv6Address1Label","DeviceCustomIPv6Address3","DeviceCustomIPv6Address3Label","DeviceCustomIPv6Address4","DeviceCustomIPv6Address4Label","DeviceCustomNumber2","DeviceCustomNumber2Label","DeviceCustomNumber3","DeviceCustomString1","DeviceCustomNumber3Label","DeviceCustomString1Label","DeviceCustomString2","DeviceCustomString2Label","DeviceCustomString3","DeviceCustomString3Label","DeviceCustomString4","DeviceCustomString4Label","DeviceCustomString5","DeviceCustomString5Label","DeviceCustomString6","DeviceCustomString6Label","FlexDate1","FlexDate1Label","FlexNumber1","FlexNumber1Label","FlexNumber2","FlexNumber2Label","FlexString1","FlexString1Label","FlexString2","timestamp_just_added","timestamp_profiling_finished"],"ServiceID":"7a75f41d-313b-4f68-a99d-6427546cc799","StartTime":1760066096041,"Timestamp":1760066096042,"BaseEvents":[{"N":{"KL_CorrelationRulePriority":1},"ID":"f955de84-748a-49e0-9090-a1501a07b16d","Name":"Connection. Inbound connection from external host using SMB, RPC ports","Type":3,"EndTime":1760066095708,"Message":"Connection Failed","Priority":1,"Severity":"notice","TenantID":"3d6c4203-7328-4fb2-98fa-f37d385ffbde","GroupedBy":["Message","DeviceAddress","DeviceHostName","SourceAddress","SourceHostName","SourceUserName","DestinationAddress","DestinationHostName","DestinationUserName","ApplicationProtocol","TransportProtocol","BytesIn","BytesOut","DeviceAction","DeviceAssetID","DeviceCity","DeviceCountry","DeviceDirection","DeviceDnsDomain","DeviceEventCategory","DeviceEventClassID","DeviceExternalID","DeviceFacility","DeviceHostName","DeviceInboundInterface","DeviceLatitude","DeviceLongitude","DeviceMacAddress","DeviceNtDomain","DeviceOutboundInterface","DevicePayloadID","DeviceProcessID","DeviceProcessName","DeviceReceiptTime","DeviceRegion","DeviceTimeZone","DeviceTranslatedAddress","DeviceVersion","EventOutcome","Reason","Severity","SourceAccountID","SourceAssetID","SourceCity","SourceCountry","SourceDnsDomain","SourceLatitude","SourceLongitude","SourceMacAddress","SourceNtDomain","SourcePort","SourceProcessID","SourceProcessName","SourceRegion","SourceServiceName","SourceTranslatedAddress","SourceTranslatedPort","SourceUserID","SourceUserPrivileges","DestinationAccountID","DestinationAssetID","DestinationCity","DestinationCountry","DestinationDnsDomain","DestinationLatitude","DestinationLongitude","DestinationMacAddress","DestinationNtDomain","DestinationPort","DestinationProcessID","DestinationProcessName","DestinationRegion","DestinationServiceName","DestinationTranslatedAddress","DestinationTranslatedPort","DestinationUserID","DestinationUserPrivileges","RequestClientApplication","RequestContext","RequestCookies","RequestMethod","RequestUrl","FileCreateTime","FileHash","FileID","FileModificationTime","FileName","FilePath","FilePermission","FileSize","FileType","OldFileCreateTime","OldFileHash","OldFileID","OldFileModificationTime","OldFileName","OldFilePath","OldFilePermission","OldFileSize","OldFileType","DeviceCustomDate1","DeviceCustomDate2","DeviceCustomFloatingPoint1","DeviceCustomFloatingPoint2","DeviceCustomFloatingPoint2Label","DeviceCustomFloatingPoint3","DeviceCustomFloatingPoint3Label","DeviceCustomFloatingPoint4","DeviceCustomFloatingPoint4Label","DeviceCustomIPv6Address1","DeviceCustomIPv6Address1Label","DeviceCustomIPv6Address3","DeviceCustomIPv6Address3Label","DeviceCustomIPv6Address4","DeviceCustomIPv6Address4Label","DeviceCustomNumber2","DeviceCustomNumber2Label","DeviceCustomNumber3","DeviceCustomString1","DeviceCustomNumber3Label","DeviceCustomString1Label","DeviceCustomString2","DeviceCustomString2Label","DeviceCustomString3","DeviceCustomString3Label","DeviceCustomString4","DeviceCustomString4Label","DeviceCustomString5","DeviceCustomString5Label","DeviceCustomString6","DeviceCustomString6Label","FlexDate1","FlexDate1Label","FlexNumber1","FlexNumber1Label","FlexNumber2","FlexNumber2Label","FlexString1","FlexString1Label","FlexString2"],"ServiceID":"7a75f41d-313b-4f68-a99d-6427546cc799","StartTime":1760066095708,"Timestamp":1760066096041,"BaseEvents":[{"ID":"dcb17deb-ecc4-461c-b2ea-a93ad11eca2c","Name":"traffic","Type":1,"EndTime":1760048095000,"Message":"Connection Failed","Priority":0,"Severity":"notice","TenantID":"3d6c4203-7328-4fb2-98fa-f37d385ffbde","ServiceID":"71d3be03-d996-4ec6-a03d-223288e5abc8","Timestamp":1760066095708,"ExternalID":"71919150","SourcePort":60228,"ServiceName":"Fortigate","DeviceAction":"deny","DeviceVendor":"Fortninet","DeviceAddress":"192.168.51.14","DeviceProduct":"Fortigate","SourceAddress":"202.57.30.210","DeviceHostName":"windu","DeviceTimeZone":"+02:00","DestinationPort":445,"DeviceExternalID":"FGT60FTK22032234","DeviceReceiptTime":1760066095708,"TransportProtocol":"6","DestinationAddress":"192.168.1.222","DeviceEventClassID":"local","ApplicationProtocol":"SMB","DeviceCustomString1":"local-in-policy","DeviceEventCategory":"traffic","DeviceInboundInterface":"wan2","DeviceOutboundInterface":"root","DeviceCustomNumber1Label":"duration","DeviceCustomNumber2Label":"policyid","DeviceCustomString1Label":"policytype"}],"SourcePort":60228,"ServiceName":"[OOTB] Correlator","DeviceAction":"deny","DeviceVendor":"Kaspersky","DeviceAddress":"192.168.51.14","DeviceProduct":"KUMA","SourceAddress":"202.57.30.210","BaseEventCount":1,"DeviceHostName":"windu","DeviceTimeZone":"+02:00","DestinationPort":445,"DeviceExternalID":"FGT60FTK22032234","CorrelationRuleID":"e2a20430-e50f-4f70-8970-8c799793a934","DeviceReceiptTime":1760066095708,"TransportProtocol":"6","DestinationAddress":"192.168.1.222","DeviceEventClassID":"local","ApplicationProtocol":"SMB","CorrelationRuleName":"Connection. Inbound connection from external host using SMB, RPC ports","DeviceCustomString1":"local-in-policy","DeviceEventCategory":"traffic","DeviceInboundInterface":"wan2","DeviceOutboundInterface":"root","DeviceCustomNumber2Label":"policyid","DeviceCustomString1Label":"policytype"}],"ExternalID":"R445_03","SourcePort":60228,"ServiceName":"[OOTB] Correlator","DeviceAction":"deny","DeviceVendor":"Kaspersky","DeviceAddress":"192.168.51.14","DeviceProduct":"KUMA","SourceAddress":"202.57.30.210","BaseEventCount":1,"DeviceHostName":"windu","DeviceTimeZone":"+02:00","DestinationPort":445,"DeviceExternalID":"FGT60FTK22032234","CorrelationRuleID":"49182bb8-1dd3-44cd-b561-101a5bd0e58d","DeviceReceiptTime":1760066095708,"TransportProtocol":"6","DestinationAddress":"192.168.1.222","DeviceEventClassID":"local","ApplicationProtocol":"SMB","CorrelationRuleName":"R445_03_Inbound connection from external host via SMB, RPC port","DeviceCustomString1":"local-in-policy","DeviceEventCategory":"traffic","DestinationServiceName":"Microsoft-DS (Directory Services) SMB file sharing","DeviceInboundInterface":"wan2","DeviceOutboundInterface":"root","DeviceCustomNumber2Label":"policyid","DeviceCustomString1Label":"policytype"}],"Rules":[{"Confidence":"medium","Custom":false,"ID":"49182bb8-1dd3-44cd-b561-101a5bd0e58d","Name":"R445_03_Inbound connection from external host via SMB, RPC port","Severity":"medium","Type":""}],"Severity":"low","SourceCreatedAt":"2025-10-10T03:14:56.042Z","SourceID":"c0e3c2f1-7093-4781-b2fb-b29030191af2","Status":"new","StatusChangedAt":"2025-10-10T03:15:00.688Z","StatusResolution":"","TenantID":"3d6c4203-7328-4fb2-98fa-f37d385ffbde","UpdatedAt":"2025-10-10T03:15:00.688Z"},{"Assets":null,"Assignee":{"ID":"nobody","Name":"Not assigned","Type":""},"CreatedAt":"2025-10-10T03:16:05.686Z","DetectionTechnologies":null,"ExternalRef":"","Extra":null,"FirstEventTime":"2025-10-10T03:15:58.838Z","HistoryRecords":null,"ID":18972,"IncidentID":"","IncidentLinkType":"","InternalID":"abcf1940-ecb9-46c0-a70b-d3a8425e7223","IsCII":false,"LastEventTime":"2025-10-10T03:16:01.042Z","MITRETactics":null,"MITRETechniques":null,"Name":"R445_03_Inbound connection from external host via SMB, RPC port","Observables":[{"Details":"","Type":"ip","Value":"113.160.185.58"},{"Details":"","Type":"hostname","Value":"windu"}],"OriginalEvents":[{"N":{"KL_CorrelationRulePriority":1},"ID":"abcf1940-ecb9-46c0-a70b-d3a8425e7223","Name":"R445_03_Inbound connection from external host via SMB, RPC port","Type":3,"EndTime":1760066161041,"Message":"The external host 113.160.185.58 remotely connected to the internal node 192.168.1.222 on port 445 which is used in SMB, RPC protocols: Microsoft-DS (Directory Services) SMB file sharing","Priority":1,"Severity":"notice","TenantID":"3d6c4203-7328-4fb2-98fa-f37d385ffbde","GroupedBy":["Message","DeviceAddress","DeviceHostName","SourceAddress","SourceHostName","SourceUserName","DestinationAddress","DestinationHostName","DestinationUserName","ApplicationProtocol","TransportProtocol","BytesIn","BytesOut","DeviceAction","DeviceAssetID","DeviceCity","DeviceCountry","DeviceDirection","DeviceDnsDomain","DeviceEventCategory","DeviceEventClassID","DeviceExternalID","DeviceFacility","DeviceHostName","DeviceInboundInterface","DeviceLatitude","DeviceLongitude","DeviceMacAddress","DeviceNtDomain","DeviceOutboundInterface","DevicePayloadID","DeviceProcessID","DeviceProcessName","DeviceReceiptTime","DeviceRegion","DeviceTimeZone","DeviceTranslatedAddress","DeviceVersion","EventOutcome","Reason","Severity","SourceAccountID","SourceAssetID","SourceCity","SourceCountry","SourceDnsDomain","SourceLatitude","SourceLongitude","SourceMacAddress","SourceNtDomain","SourcePort","SourceProcessID","SourceProcessName","SourceRegion","SourceServiceName","SourceTranslatedAddress","SourceTranslatedPort","SourceUserID","SourceUserPrivileges","DestinationAccountID","DestinationAssetID","DestinationCity","DestinationCountry","DestinationDnsDomain","DestinationLatitude","DestinationLongitude","DestinationMacAddress","DestinationNtDomain","DestinationPort","DestinationProcessID","DestinationProcessName","DestinationRegion","DestinationServiceName","DestinationTranslatedAddress","DestinationTranslatedPort","DestinationUserID","DestinationUserPrivileges","RequestClientApplication","RequestContext","RequestCookies","RequestMethod","RequestUrl","FileCreateTime","FileHash","FileID","FileModificationTime","FileName","FilePath","FilePermission","FileSize","FileType","OldFileCreateTime","OldFileHash","OldFileID","OldFileModificationTime","OldFileName","OldFilePath","OldFilePermission","OldFileSize","OldFileType","DeviceCustomDate1","DeviceCustomDate2","DeviceCustomFloatingPoint1","DeviceCustomFloatingPoint2","DeviceCustomFloatingPoint2Label","DeviceCustomFloatingPoint3","DeviceCustomFloatingPoint3Label","DeviceCustomFloatingPoint4","DeviceCustomFloatingPoint4Label","DeviceCustomIPv6Address1","DeviceCustomIPv6Address1Label","DeviceCustomIPv6Address3","DeviceCustomIPv6Address3Label","DeviceCustomIPv6Address4","DeviceCustomIPv6Address4Label","DeviceCustomNumber2","DeviceCustomNumber2Label","DeviceCustomNumber3","DeviceCustomString1","DeviceCustomNumber3Label","DeviceCustomString1Label","DeviceCustomString2","DeviceCustomString2Label","DeviceCustomString3","DeviceCustomString3Label","DeviceCustomString4","DeviceCustomString4Label","DeviceCustomString5","DeviceCustomString5Label","DeviceCustomString6","DeviceCustomString6Label","FlexDate1","FlexDate1Label","FlexNumber1","FlexNumber1Label","FlexNumber2","FlexNumber2Label","FlexString1","FlexString1Label","FlexString2","timestamp_just_added","timestamp_profiling_finished"],"ServiceID":"7a75f41d-313b-4f68-a99d-6427546cc799","StartTime":1760066161041,"Timestamp":1760066161043,"BaseEvents":[{"N":{"KL_CorrelationRulePriority":1},"ID":"8d1585af-d7ce-4d0b-8ae9-d3c87e4f28d5","Name":"Connection. Inbound connection from external host using SMB, RPC ports","Type":3,"EndTime":1760066158839,"Message":"Connection Failed","Priority":1,"Severity":"notice","TenantID":"3d6c4203-7328-4fb2-98fa-f37d385ffbde","GroupedBy":["Message","DeviceAddress","DeviceHostName","SourceAddress","SourceHostName","SourceUserName","DestinationAddress","DestinationHostName","DestinationUserName","ApplicationProtocol","TransportProtocol","BytesIn","BytesOut","DeviceAction","DeviceAssetID","DeviceCity","DeviceCountry","DeviceDirection","DeviceDnsDomain","DeviceEventCategory","DeviceEventClassID","DeviceExternalID","DeviceFacility","DeviceHostName","DeviceInboundInterface","DeviceLatitude","DeviceLongitude","DeviceMacAddress","DeviceNtDomain","DeviceOutboundInterface","DevicePayloadID","DeviceProcessID","DeviceProcessName","DeviceReceiptTime","DeviceRegion","DeviceTimeZone","DeviceTranslatedAddress","DeviceVersion","EventOutcome","Reason","Severity","SourceAccountID","SourceAssetID","SourceCity","SourceCountry","SourceDnsDomain","SourceLatitude","SourceLongitude","SourceMacAddress","SourceNtDomain","SourcePort","SourceProcessID","SourceProcessName","SourceRegion","SourceServiceName","SourceTranslatedAddress","SourceTranslatedPort","SourceUserID","SourceUserPrivileges","DestinationAccountID","DestinationAssetID","DestinationCity","DestinationCountry","DestinationDnsDomain","DestinationLatitude","DestinationLongitude","DestinationMacAddress","DestinationNtDomain","DestinationPort","DestinationProcessID","DestinationProcessName","DestinationRegion","DestinationServiceName","DestinationTranslatedAddress","DestinationTranslatedPort","DestinationUserID","DestinationUserPrivileges","RequestClientApplication","RequestContext","RequestCookies","RequestMethod","RequestUrl","FileCreateTime","FileHash","FileID","FileModificationTime","FileName","FilePath","FilePermission","FileSize","FileType","OldFileCreateTime","OldFileHash","OldFileID","OldFileModificationTime","OldFileName","OldFilePath","OldFilePermission","OldFileSize","OldFileType","DeviceCustomDate1","DeviceCustomDate2","DeviceCustomFloatingPoint1","DeviceCustomFloatingPoint2","DeviceCustomFloatingPoint2Label","DeviceCustomFloatingPoint3","DeviceCustomFloatingPoint3Label","DeviceCustomFloatingPoint4","DeviceCustomFloatingPoint4Label","DeviceCustomIPv6Address1","DeviceCustomIPv6Address1Label","DeviceCustomIPv6Address3","DeviceCustomIPv6Address3Label","DeviceCustomIPv6Address4","DeviceCustomIPv6Address4Label","DeviceCustomNumber2","DeviceCustomNumber2Label","DeviceCustomNumber3","DeviceCustomString1","DeviceCustomNumber3Label","DeviceCustomString1Label","DeviceCustomString2","DeviceCustomString2Label","DeviceCustomString3","DeviceCustomString3Label","DeviceCustomString4","DeviceCustomString4Label","DeviceCustomString5","DeviceCustomString5Label","DeviceCustomString6","DeviceCustomString6Label","FlexDate1","FlexDate1Label","FlexNumber1","FlexNumber1Label","FlexNumber2","FlexNumber2Label","FlexString1","FlexString1Label","FlexString2"],"ServiceID":"7a75f41d-313b-4f68-a99d-6427546cc799","StartTime":1760066158839,"Timestamp":1760066161041,"BaseEvents":[{"ID":"f5e0feca-cf9d-4e56-a728-8be11e4e9bf5","Name":"traffic","Type":1,"EndTime":1760048158000,"Message":"Connection Failed","Priority":0,"Severity":"notice","TenantID":"3d6c4203-7328-4fb2-98fa-f37d385ffbde","ServiceID":"71d3be03-d996-4ec6-a03d-223288e5abc8","Timestamp":1760066158839,"ExternalID":"71920467","SourcePort":49536,"ServiceName":"Fortigate","DeviceAction":"deny","DeviceVendor":"Fortninet","DeviceAddress":"192.168.51.14","DeviceProduct":"Fortigate","SourceAddress":"113.160.185.58","DeviceHostName":"windu","DeviceTimeZone":"+02:00","DestinationPort":445,"DeviceExternalID":"FGT60FTK22032234","DeviceReceiptTime":1760066158839,"TransportProtocol":"6","DestinationAddress":"192.168.1.222","DeviceEventClassID":"local","ApplicationProtocol":"SMB","DeviceCustomString1":"local-in-policy","DeviceEventCategory":"traffic","DeviceInboundInterface":"wan2","DeviceOutboundInterface":"root","DeviceCustomNumber1Label":"duration","DeviceCustomNumber2Label":"policyid","DeviceCustomString1Label":"policytype"}],"SourcePort":49536,"ServiceName":"[OOTB] Correlator","DeviceAction":"deny","DeviceVendor":"Kaspersky","DeviceAddress":"192.168.51.14","DeviceProduct":"KUMA","SourceAddress":"113.160.185.58","BaseEventCount":1,"DeviceHostName":"windu","DeviceTimeZone":"+02:00","DestinationPort":445,"DeviceExternalID":"FGT60FTK22032234","CorrelationRuleID":"e2a20430-e50f-4f70-8970-8c799793a934","DeviceReceiptTime":1760066158839,"TransportProtocol":"6","DestinationAddress":"192.168.1.222","DeviceEventClassID":"local","ApplicationProtocol":"SMB","CorrelationRuleName":"Connection. Inbound connection from external host using SMB, RPC ports","DeviceCustomString1":"local-in-policy","DeviceEventCategory":"traffic","DeviceInboundInterface":"wan2","DeviceOutboundInterface":"root","DeviceCustomNumber2Label":"policyid","DeviceCustomString1Label":"policytype"}],"ExternalID":"R445_03","SourcePort":49536,"ServiceName":"[OOTB] Correlator","DeviceAction":"deny","DeviceVendor":"Kaspersky","DeviceAddress":"192.168.51.14","DeviceProduct":"KUMA","SourceAddress":"113.160.185.58","BaseEventCount":1,"DeviceHostName":"windu","DeviceTimeZone":"+02:00","DestinationPort":445,"DeviceExternalID":"FGT60FTK22032234","CorrelationRuleID":"49182bb8-1dd3-44cd-b561-101a5bd0e58d","DeviceReceiptTime":1760066158839,"TransportProtocol":"6","DestinationAddress":"192.168.1.222","DeviceEventClassID":"local","ApplicationProtocol":"SMB","CorrelationRuleName":"R445_03_Inbound connection from external host via SMB, RPC port","DeviceCustomString1":"local-in-policy","DeviceEventCategory":"traffic","DestinationServiceName":"Microsoft-DS (Directory Services) SMB file sharing","DeviceInboundInterface":"wan2","DeviceOutboundInterface":"root","DeviceCustomNumber2Label":"policyid","DeviceCustomString1Label":"policytype"}],"Rules":[{"Confidence":"medium","Custom":false,"ID":"49182bb8-1dd3-44cd-b561-101a5bd0e58d","Name":"R445_03_Inbound connection from external host via SMB, RPC port","Severity":"medium","Type":""}],"Severity":"low","SourceCreatedAt":"2025-10-10T03:16:01.042Z","SourceID":"abcf1940-ecb9-46c0-a70b-d3a8425e7223","Status":"new","StatusChangedAt":"2025-10-10T03:16:05.686Z","StatusResolution":"","TenantID":"3d6c4203-7328-4fb2-98fa-f37d385ffbde","UpdatedAt":"2025-10-10T03:16:05.686Z"},{"Assets":null,"Assignee":{"ID":"nobody","Name":"Not assigned","Type":""},"CreatedAt":"2025-10-10T03:22:50.752Z","DetectionTechnologies":null,"ExternalRef":"","Extra":null,"FirstEventTime":"2025-10-10T03:22:43.674Z","HistoryRecords":null,"ID":18975,"IncidentID":"","IncidentLinkType":"","InternalID":"f07938b5-a308-4418-9d3a-f3436ba65a9f","IsCII":false,"LastEventTime":"2025-10-10T03:22:46.153Z","MITRETactics":null,"MITRETechniques":null,"Name":"R445_03_Inbound connection from external host via SMB, RPC port","Observables":[{"Details":"","Type":"ip","Value":"103.99.27.11"},{"Details":"","Type":"hostname","Value":"windu"}],"OriginalEvents":[{"N":{"KL_CorrelationRulePriority":1},"ID":"f07938b5-a308-4418-9d3a-f3436ba65a9f","Name":"R445_03_Inbound connection from external host via SMB, RPC port","Type":3,"EndTime":1760066566151,"Message":"The external host 103.99.27.11 remotely connected to the internal node 192.168.1.222 on port 445 which is used in SMB, RPC protocols: Microsoft-DS (Directory Services) SMB file sharing","Priority":1,"Severity":"notice","TenantID":"3d6c4203-7328-4fb2-98fa-f37d385ffbde","GroupedBy":["Message","DeviceAddress","DeviceHostName","SourceAddress","SourceHostName","SourceUserName","DestinationAddress","DestinationHostName","DestinationUserName","ApplicationProtocol","TransportProtocol","BytesIn","BytesOut","DeviceAction","DeviceAssetID","DeviceCity","DeviceCountry","DeviceDirection","DeviceDnsDomain","DeviceEventCategory","DeviceEventClassID","DeviceExternalID","DeviceFacility","DeviceHostName","DeviceInboundInterface","DeviceLatitude","DeviceLongitude","DeviceMacAddress","DeviceNtDomain","DeviceOutboundInterface","DevicePayloadID","DeviceProcessID","DeviceProcessName","DeviceReceiptTime","DeviceRegion","DeviceTimeZone","DeviceTranslatedAddress","DeviceVersion","EventOutcome","Reason","Severity","SourceAccountID","SourceAssetID","SourceCity","SourceCountry","SourceDnsDomain","SourceLatitude","SourceLongitude","SourceMacAddress","SourceNtDomain","SourcePort","SourceProcessID","SourceProcessName","SourceRegion","SourceServiceName","SourceTranslatedAddress","SourceTranslatedPort","SourceUserID","SourceUserPrivileges","DestinationAccountID","DestinationAssetID","DestinationCity","DestinationCountry","DestinationDnsDomain","DestinationLatitude","DestinationLongitude","DestinationMacAddress","DestinationNtDomain","DestinationPort","DestinationProcessID","DestinationProcessName","DestinationRegion","DestinationServiceName","DestinationTranslatedAddress","DestinationTranslatedPort","DestinationUserID","DestinationUserPrivileges","RequestClientApplication","RequestContext","RequestCookies","RequestMethod","RequestUrl","FileCreateTime","FileHash","FileID","FileModificationTime","FileName","FilePath","FilePermission","FileSize","FileType","OldFileCreateTime","OldFileHash","OldFileID","OldFileModificationTime","OldFileName","OldFilePath","OldFilePermission","OldFileSize","OldFileType","DeviceCustomDate1","DeviceCustomDate2","DeviceCustomFloatingPoint1","DeviceCustomFloatingPoint2","DeviceCustomFloatingPoint2Label","DeviceCustomFloatingPoint3","DeviceCustomFloatingPoint3Label","DeviceCustomFloatingPoint4","DeviceCustomFloatingPoint4Label","DeviceCustomIPv6Address1","DeviceCustomIPv6Address1Label","DeviceCustomIPv6Address3","DeviceCustomIPv6Address3Label","DeviceCustomIPv6Address4","DeviceCustomIPv6Address4Label","DeviceCustomNumber2","DeviceCustomNumber2Label","DeviceCustomNumber3","DeviceCustomString1","DeviceCustomNumber3Label","DeviceCustomString1Label","DeviceCustomString2","DeviceCustomString2Label","DeviceCustomString3","DeviceCustomString3Label","DeviceCustomString4","DeviceCustomString4Label","DeviceCustomString5","DeviceCustomString5Label","DeviceCustomString6","DeviceCustomString6Label","FlexDate1","FlexDate1Label","FlexNumber1","FlexNumber1Label","FlexNumber2","FlexNumber2Label","FlexString1","FlexString1Label","FlexString2","timestamp_just_added","timestamp_profiling_finished"],"ServiceID":"7a75f41d-313b-4f68-a99d-6427546cc799","StartTime":1760066566151,"Timestamp":1760066566153,"BaseEvents":[{"N":{"KL_CorrelationRulePriority":1},"ID":"d299c28c-352e-4887-a620-8c9a20b9b049","Name":"Connection. Inbound connection from external host using SMB, RPC ports","Type":3,"EndTime":1760066563674,"Message":"Connection Failed","Priority":1,"Severity":"notice","TenantID":"3d6c4203-7328-4fb2-98fa-f37d385ffbde","GroupedBy":["Message","DeviceAddress","DeviceHostName","SourceAddress","SourceHostName","SourceUserName","DestinationAddress","DestinationHostName","DestinationUserName","ApplicationProtocol","TransportProtocol","BytesIn","BytesOut","DeviceAction","DeviceAssetID","DeviceCity","DeviceCountry","DeviceDirection","DeviceDnsDomain","DeviceEventCategory","DeviceEventClassID","DeviceExternalID","DeviceFacility","DeviceHostName","DeviceInboundInterface","DeviceLatitude","DeviceLongitude","DeviceMacAddress","DeviceNtDomain","DeviceOutboundInterface","DevicePayloadID","DeviceProcessID","DeviceProcessName","DeviceReceiptTime","DeviceRegion","DeviceTimeZone","DeviceTranslatedAddress","DeviceVersion","EventOutcome","Reason","Severity","SourceAccountID","SourceAssetID","SourceCity","SourceCountry","SourceDnsDomain","SourceLatitude","SourceLongitude","SourceMacAddress","SourceNtDomain","SourcePort","SourceProcessID","SourceProcessName","SourceRegion","SourceServiceName","SourceTranslatedAddress","SourceTranslatedPort","SourceUserID","SourceUserPrivileges","DestinationAccountID","DestinationAssetID","DestinationCity","DestinationCountry","DestinationDnsDomain","DestinationLatitude","DestinationLongitude","DestinationMacAddress","DestinationNtDomain","DestinationPort","DestinationProcessID","DestinationProcessName","DestinationRegion","DestinationServiceName","DestinationTranslatedAddress","DestinationTranslatedPort","DestinationUserID","DestinationUserPrivileges","RequestClientApplication","RequestContext","RequestCookies","RequestMethod","RequestUrl","FileCreateTime","FileHash","FileID","FileModificationTime","FileName","FilePath","FilePermission","FileSize","FileType","OldFileCreateTime","OldFileHash","OldFileID","OldFileModificationTime","OldFileName","OldFilePath","OldFilePermission","OldFileSize","OldFileType","DeviceCustomDate1","DeviceCustomDate2","DeviceCustomFloatingPoint1","DeviceCustomFloatingPoint2","DeviceCustomFloatingPoint2Label","DeviceCustomFloatingPoint3","DeviceCustomFloatingPoint3Label","DeviceCustomFloatingPoint4","DeviceCustomFloatingPoint4Label","DeviceCustomIPv6Address1","DeviceCustomIPv6Address1Label","DeviceCustomIPv6Address3","DeviceCustomIPv6Address3Label","DeviceCustomIPv6Address4","DeviceCustomIPv6Address4Label","DeviceCustomNumber2","DeviceCustomNumber2Label","DeviceCustomNumber3","DeviceCustomString1","DeviceCustomNumber3Label","DeviceCustomString1Label","DeviceCustomString2","DeviceCustomString2Label","DeviceCustomString3","DeviceCustomString3Label","DeviceCustomString4","DeviceCustomString4Label","DeviceCustomString5","DeviceCustomString5Label","DeviceCustomString6","DeviceCustomString6Label","FlexDate1","FlexDate1Label","FlexNumber1","FlexNumber1Label","FlexNumber2","FlexNumber2Label","FlexString1","FlexString1Label","FlexString2"],"ServiceID":"7a75f41d-313b-4f68-a99d-6427546cc799","StartTime":1760066563674,"Timestamp":1760066566151,"BaseEvents":[{"ID":"20230420-2e9d-4c3e-9e3d-9dee4e012258","Name":"traffic","Type":1,"EndTime":1760048563000,"Message":"Connection Failed","Priority":0,"Severity":"notice","TenantID":"3d6c4203-7328-4fb2-98fa-f37d385ffbde","ServiceID":"71d3be03-d996-4ec6-a03d-223288e5abc8","Timestamp":1760066563674,"ExternalID":"71928811","SourcePort":50517,"ServiceName":"Fortigate","DeviceAction":"deny","DeviceVendor":"Fortninet","DeviceAddress":"192.168.51.14","DeviceProduct":"Fortigate","SourceAddress":"103.99.27.11","DeviceHostName":"windu","DeviceTimeZone":"+02:00","DestinationPort":445,"DeviceExternalID":"FGT60FTK22032234","DeviceReceiptTime":1760066563674,"TransportProtocol":"6","DestinationAddress":"192.168.1.222","DeviceEventClassID":"local","ApplicationProtocol":"SMB","DeviceCustomString1":"local-in-policy","DeviceEventCategory":"traffic","DeviceInboundInterface":"wan2","DeviceOutboundInterface":"root","DeviceCustomNumber1Label":"duration","DeviceCustomNumber2Label":"policyid","DeviceCustomString1Label":"policytype"}],"SourcePort":50517,"ServiceName":"[OOTB] Correlator","DeviceAction":"deny","DeviceVendor":"Kaspersky","DeviceAddress":"192.168.51.14","DeviceProduct":"KUMA","SourceAddress":"103.99.27.11","BaseEventCount":1,"DeviceHostName":"windu","DeviceTimeZone":"+02:00","DestinationPort":445,"DeviceExternalID":"FGT60FTK22032234","CorrelationRuleID":"e2a20430-e50f-4f70-8970-8c799793a934","DeviceReceiptTime":1760066563674,"TransportProtocol":"6","DestinationAddress":"192.168.1.222","DeviceEventClassID":"local","ApplicationProtocol":"SMB","CorrelationRuleName":"Connection. Inbound connection from external host using SMB, RPC ports","DeviceCustomString1":"local-in-policy","DeviceEventCategory":"traffic","DeviceInboundInterface":"wan2","DeviceOutboundInterface":"root","DeviceCustomNumber2Label":"policyid","DeviceCustomString1Label":"policytype"}],"ExternalID":"R445_03","SourcePort":50517,"ServiceName":"[OOTB] Correlator","DeviceAction":"deny","DeviceVendor":"Kaspersky","DeviceAddress":"192.168.51.14","DeviceProduct":"KUMA","SourceAddress":"103.99.27.11","BaseEventCount":1,"DeviceHostName":"windu","DeviceTimeZone":"+02:00","DestinationPort":445,"DeviceExternalID":"FGT60FTK22032234","CorrelationRuleID":"49182bb8-1dd3-44cd-b561-101a5bd0e58d","DeviceReceiptTime":1760066563674,"TransportProtocol":"6","DestinationAddress":"192.168.1.222","DeviceEventClassID":"local","ApplicationProtocol":"SMB","CorrelationRuleName":"R445_03_Inbound connection from external host via SMB, RPC port","DeviceCustomString1":"local-in-policy","DeviceEventCategory":"traffic","DestinationServiceName":"Microsoft-DS (Directory Services) SMB file sharing","DeviceInboundInterface":"wan2","DeviceOutboundInterface":"root","DeviceCustomNumber2Label":"policyid","DeviceCustomString1Label":"policytype"}],"Rules":[{"Confidence":"medium","Custom":false,"ID":"49182bb8-1dd3-44cd-b561-101a5bd0e58d","Name":"R445_03_Inbound connection from external host via SMB, RPC port","Severity":"medium","Type":""}],"Severity":"low","SourceCreatedAt":"2025-10-10T03:22:46.153Z","SourceID":"f07938b5-a308-4418-9d3a-f3436ba65a9f","Status":"new","StatusChangedAt":"2025-10-10T03:22:50.752Z","StatusResolution":"","TenantID":"3d6c4203-7328-4fb2-98fa-f37d385ffbde","UpdatedAt":"2025-10-10T03:22:50.752Z"},{"Assets":null,"Assignee":{"ID":"nobody","Name":"Not assigned","Type":""},"CreatedAt":"2025-10-10T03:28:45.806Z","DetectionTechnologies":null,"ExternalRef":"","Extra":null,"FirstEventTime":"2025-10-10T03:28:38.608Z","HistoryRecords":null,"ID":18977,"IncidentID":"","IncidentLinkType":"","InternalID":"c6ce3cbc-2c8a-4639-8db3-7e042a5886b4","IsCII":false,"LastEventTime":"2025-10-10T03:28:41.236Z","MITRETactics":null,"MITRETechniques":null,"Name":"R445_03_Inbound connection from external host via SMB, RPC port","Observables":[{"Details":"","Type":"ip","Value":"58.35.86.116"},{"Details":"","Type":"hostname","Value":"windu"}],"OriginalEvents":[{"N":{"KL_CorrelationRulePriority":1},"ID":"c6ce3cbc-2c8a-4639-8db3-7e042a5886b4","Name":"R445_03_Inbound connection from external host via SMB, RPC port","Type":3,"EndTime":1760066921235,"Message":"The external host 58.35.86.116 remotely connected to the internal node 192.168.1.222 on port 445 which is used in SMB, RPC protocols: Microsoft-DS (Directory Services) SMB file sharing","Priority":1,"Severity":"notice","TenantID":"3d6c4203-7328-4fb2-98fa-f37d385ffbde","GroupedBy":["Message","DeviceAddress","DeviceHostName","SourceAddress","SourceHostName","SourceUserName","DestinationAddress","DestinationHostName","DestinationUserName","ApplicationProtocol","TransportProtocol","BytesIn","BytesOut","DeviceAction","DeviceAssetID","DeviceCity","DeviceCountry","DeviceDirection","DeviceDnsDomain","DeviceEventCategory","DeviceEventClassID","DeviceExternalID","DeviceFacility","DeviceHostName","DeviceInboundInterface","DeviceLatitude","DeviceLongitude","DeviceMacAddress","DeviceNtDomain","DeviceOutboundInterface","DevicePayloadID","DeviceProcessID","DeviceProcessName","DeviceReceiptTime","DeviceRegion","DeviceTimeZone","DeviceTranslatedAddress","DeviceVersion","EventOutcome","Reason","Severity","SourceAccountID","SourceAssetID","SourceCity","SourceCountry","SourceDnsDomain","SourceLatitude","SourceLongitude","SourceMacAddress","SourceNtDomain","SourcePort","SourceProcessID","SourceProcessName","SourceRegion","SourceServiceName","SourceTranslatedAddress","SourceTranslatedPort","SourceUserID","SourceUserPrivileges","DestinationAccountID","DestinationAssetID","DestinationCity","DestinationCountry","DestinationDnsDomain","DestinationLatitude","DestinationLongitude","DestinationMacAddress","DestinationNtDomain","DestinationPort","DestinationProcessID","DestinationProcessName","DestinationRegion","DestinationServiceName","DestinationTranslatedAddress","DestinationTranslatedPort","DestinationUserID","DestinationUserPrivileges","RequestClientApplication","RequestContext","RequestCookies","RequestMethod","RequestUrl","FileCreateTime","FileHash","FileID","FileModificationTime","FileName","FilePath","FilePermission","FileSize","FileType","OldFileCreateTime","OldFileHash","OldFileID","OldFileModificationTime","OldFileName","OldFilePath","OldFilePermission","OldFileSize","OldFileType","DeviceCustomDate1","DeviceCustomDate2","DeviceCustomFloatingPoint1","DeviceCustomFloatingPoint2","DeviceCustomFloatingPoint2Label","DeviceCustomFloatingPoint3","DeviceCustomFloatingPoint3Label","DeviceCustomFloatingPoint4","DeviceCustomFloatingPoint4Label","DeviceCustomIPv6Address1","DeviceCustomIPv6Address1Label","DeviceCustomIPv6Address3","DeviceCustomIPv6Address3Label","DeviceCustomIPv6Address4","DeviceCustomIPv6Address4Label","DeviceCustomNumber2","DeviceCustomNumber2Label","DeviceCustomNumber3","DeviceCustomString1","DeviceCustomNumber3Label","DeviceCustomString1Label","DeviceCustomString2","DeviceCustomString2Label","DeviceCustomString3","DeviceCustomString3Label","DeviceCustomString4","DeviceCustomString4Label","DeviceCustomString5","DeviceCustomString5Label","DeviceCustomString6","DeviceCustomString6Label","FlexDate1","FlexDate1Label","FlexNumber1","FlexNumber1Label","FlexNumber2","FlexNumber2Label","FlexString1","FlexString1Label","FlexString2","timestamp_just_added","timestamp_profiling_finished"],"ServiceID":"7a75f41d-313b-4f68-a99d-6427546cc799","StartTime":1760066921235,"Timestamp":1760066921236,"BaseEvents":[{"N":{"KL_CorrelationRulePriority":1},"ID":"7586cc6c-607c-458d-9be2-b637aaa445dc","Name":"Connection. Inbound connection from external host using SMB, RPC ports","Type":3,"EndTime":1760066918609,"Message":"Connection Failed","Priority":1,"Severity":"notice","TenantID":"3d6c4203-7328-4fb2-98fa-f37d385ffbde","GroupedBy":["Message","DeviceAddress","DeviceHostName","SourceAddress","SourceHostName","SourceUserName","DestinationAddress","DestinationHostName","DestinationUserName","ApplicationProtocol","TransportProtocol","BytesIn","BytesOut","DeviceAction","DeviceAssetID","DeviceCity","DeviceCountry","DeviceDirection","DeviceDnsDomain","DeviceEventCategory","DeviceEventClassID","DeviceExternalID","DeviceFacility","DeviceHostName","DeviceInboundInterface","DeviceLatitude","DeviceLongitude","DeviceMacAddress","DeviceNtDomain","DeviceOutboundInterface","DevicePayloadID","DeviceProcessID","DeviceProcessName","DeviceReceiptTime","DeviceRegion","DeviceTimeZone","DeviceTranslatedAddress","DeviceVersion","EventOutcome","Reason","Severity","SourceAccountID","SourceAssetID","SourceCity","SourceCountry","SourceDnsDomain","SourceLatitude","SourceLongitude","SourceMacAddress","SourceNtDomain","SourcePort","SourceProcessID","SourceProcessName","SourceRegion","SourceServiceName","SourceTranslatedAddress","SourceTranslatedPort","SourceUserID","SourceUserPrivileges","DestinationAccountID","DestinationAssetID","DestinationCity","DestinationCountry","DestinationDnsDomain","DestinationLatitude","DestinationLongitude","DestinationMacAddress","DestinationNtDomain","DestinationPort","DestinationProcessID","DestinationProcessName","DestinationRegion","DestinationServiceName","DestinationTranslatedAddress","DestinationTranslatedPort","DestinationUserID","DestinationUserPrivileges","RequestClientApplication","RequestContext","RequestCookies","RequestMethod","RequestUrl","FileCreateTime","FileHash","FileID","FileModificationTime","FileName","FilePath","FilePermission","FileSize","FileType","OldFileCreateTime","OldFileHash","OldFileID","OldFileModificationTime","OldFileName","OldFilePath","OldFilePermission","OldFileSize","OldFileType","DeviceCustomDate1","DeviceCustomDate2","DeviceCustomFloatingPoint1","DeviceCustomFloatingPoint2","DeviceCustomFloatingPoint2Label","DeviceCustomFloatingPoint3","DeviceCustomFloatingPoint3Label","DeviceCustomFloatingPoint4","DeviceCustomFloatingPoint4Label","DeviceCustomIPv6Address1","DeviceCustomIPv6Address1Label","DeviceCustomIPv6Address3","DeviceCustomIPv6Address3Label","DeviceCustomIPv6Address4","DeviceCustomIPv6Address4Label","DeviceCustomNumber2","DeviceCustomNumber2Label","DeviceCustomNumber3","DeviceCustomString1","DeviceCustomNumber3Label","DeviceCustomString1Label","DeviceCustomString2","DeviceCustomString2Label","DeviceCustomString3","DeviceCustomString3Label","DeviceCustomString4","DeviceCustomString4Label","DeviceCustomString5","DeviceCustomString5Label","DeviceCustomString6","DeviceCustomString6Label","FlexDate1","FlexDate1Label","FlexNumber1","FlexNumber1Label","FlexNumber2","FlexNumber2Label","FlexString1","FlexString1Label","FlexString2"],"ServiceID":"7a75f41d-313b-4f68-a99d-6427546cc799","StartTime":1760066918609,"Timestamp":1760066921235,"BaseEvents":[{"ID":"8d21b1c4-9219-4bb1-a36a-1c99c57830ab","Name":"traffic","Type":1,"EndTime":1760048918000,"Message":"Connection Failed","Priority":0,"Severity":"notice","TenantID":"3d6c4203-7328-4fb2-98fa-f37d385ffbde","ServiceID":"71d3be03-d996-4ec6-a03d-223288e5abc8","Timestamp":1760066918609,"ExternalID":"71935417","SourcePort":56728,"ServiceName":"Fortigate","DeviceAction":"deny","DeviceVendor":"Fortninet","DeviceAddress":"192.168.51.14","DeviceProduct":"Fortigate","SourceAddress":"58.35.86.116","DeviceHostName":"windu","DeviceTimeZone":"+02:00","DestinationPort":445,"DeviceExternalID":"FGT60FTK22032234","DeviceReceiptTime":1760066918609,"TransportProtocol":"6","DestinationAddress":"192.168.1.222","DeviceEventClassID":"local","ApplicationProtocol":"SMB","DeviceCustomString1":"local-in-policy","DeviceEventCategory":"traffic","DeviceInboundInterface":"wan2","DeviceOutboundInterface":"root","DeviceCustomNumber1Label":"duration","DeviceCustomNumber2Label":"policyid","DeviceCustomString1Label":"policytype"}],"SourcePort":56728,"ServiceName":"[OOTB] Correlator","DeviceAction":"deny","DeviceVendor":"Kaspersky","DeviceAddress":"192.168.51.14","DeviceProduct":"KUMA","SourceAddress":"58.35.86.116","BaseEventCount":1,"DeviceHostName":"windu","DeviceTimeZone":"+02:00","DestinationPort":445,"DeviceExternalID":"FGT60FTK22032234","CorrelationRuleID":"e2a20430-e50f-4f70-8970-8c799793a934","DeviceReceiptTime":1760066918609,"TransportProtocol":"6","DestinationAddress":"192.168.1.222","DeviceEventClassID":"local","ApplicationProtocol":"SMB","CorrelationRuleName":"Connection. Inbound connection from external host using SMB, RPC ports","DeviceCustomString1":"local-in-policy","DeviceEventCategory":"traffic","DeviceInboundInterface":"wan2","DeviceOutboundInterface":"root","DeviceCustomNumber2Label":"policyid","DeviceCustomString1Label":"policytype"}],"ExternalID":"R445_03","SourcePort":56728,"ServiceName":"[OOTB] Correlator","DeviceAction":"deny","DeviceVendor":"Kaspersky","DeviceAddress":"192.168.51.14","DeviceProduct":"KUMA","SourceAddress":"58.35.86.116","BaseEventCount":1,"DeviceHostName":"windu","DeviceTimeZone":"+02:00","DestinationPort":445,"DeviceExternalID":"FGT60FTK22032234","CorrelationRuleID":"49182bb8-1dd3-44cd-b561-101a5bd0e58d","DeviceReceiptTime":1760066918609,"TransportProtocol":"6","DestinationAddress":"192.168.1.222","DeviceEventClassID":"local","ApplicationProtocol":"SMB","CorrelationRuleName":"R445_03_Inbound connection from external host via SMB, RPC port","DeviceCustomString1":"local-in-policy","DeviceEventCategory":"traffic","DestinationServiceName":"Microsoft-DS (Directory Services) SMB file sharing","DeviceInboundInterface":"wan2","DeviceOutboundInterface":"root","DeviceCustomNumber2Label":"policyid","DeviceCustomString1Label":"policytype"}],"Rules":[{"Confidence":"medium","Custom":false,"ID":"49182bb8-1dd3-44cd-b561-101a5bd0e58d","Name":"R445_03_Inbound connection from external host via SMB, RPC port","Severity":"medium","Type":""}],"Severity":"low","SourceCreatedAt":"2025-10-10T03:28:41.236Z","SourceID":"c6ce3cbc-2c8a-4639-8db3-7e042a5886b4","Status":"new","StatusChangedAt":"2025-10-10T03:28:45.806Z","StatusResolution":"","TenantID":"3d6c4203-7328-4fb2-98fa-f37d385ffbde","UpdatedAt":"2025-10-10T03:28:45.806Z"},{"Assets":null,"Assignee":{"ID":"nobody","Name":"Not assigned","Type":""},"CreatedAt":"2025-10-10T03:29:35.795Z","DetectionTechnologies":null,"ExternalRef":"","Extra":null,"FirstEventTime":"2025-10-04T09:21:24.144Z","HistoryRecords":null,"ID":18978,"IncidentID":"","IncidentLinkType":"","InternalID":"93c1945a-84c6-4392-b948-12dbca8be76d","IsCII":false,"LastEventTime":"2025-10-10T03:29:31.243Z","MITRETactics":null,"MITRETechniques":null,"Name":"R445_03_Inbound connection from external host via SMB, RPC port","Observables":[{"Details":"","Type":"ip","Value":"12.231.69.10"},{"Details":"","Type":"hostname","Value":"windu"}],"OriginalEvents":[{"N":{"KL_CorrelationRulePriority":1},"ID":"93c1945a-84c6-4392-b948-12dbca8be76d","Name":"R445_03_Inbound connection from external host via SMB, RPC port","Type":3,"EndTime":1760066971242,"Message":"The external host 12.231.69.10 remotely connected to the internal node 192.168.1.222 on port 445 which is used in SMB, RPC protocols: Microsoft-DS (Directory Services) SMB file sharing","Priority":1,"Severity":"notice","TenantID":"3d6c4203-7328-4fb2-98fa-f37d385ffbde","GroupedBy":["Message","DeviceAddress","DeviceHostName","SourceAddress","SourceHostName","SourceUserName","DestinationAddress","DestinationHostName","DestinationUserName","ApplicationProtocol","TransportProtocol","BytesIn","BytesOut","DeviceAction","DeviceAssetID","DeviceCity","DeviceCountry","DeviceDirection","DeviceDnsDomain","DeviceEventCategory","DeviceEventClassID","DeviceExternalID","DeviceFacility","DeviceHostName","DeviceInboundInterface","DeviceLatitude","DeviceLongitude","DeviceMacAddress","DeviceNtDomain","DeviceOutboundInterface","DevicePayloadID","DeviceProcessID","DeviceProcessName","DeviceReceiptTime","DeviceRegion","DeviceTimeZone","DeviceTranslatedAddress","DeviceVersion","EventOutcome","Reason","Severity","SourceAccountID","SourceAssetID","SourceCity","SourceCountry","SourceDnsDomain","SourceLatitude","SourceLongitude","SourceMacAddress","SourceNtDomain","SourcePort","SourceProcessID","SourceProcessName","SourceRegion","SourceServiceName","SourceTranslatedAddress","SourceTranslatedPort","SourceUserID","SourceUserPrivileges","DestinationAccountID","DestinationAssetID","DestinationCity","DestinationCountry","DestinationDnsDomain","DestinationLatitude","DestinationLongitude","DestinationMacAddress","DestinationNtDomain","DestinationPort","DestinationProcessID","DestinationProcessName","DestinationRegion","DestinationServiceName","DestinationTranslatedAddress","DestinationTranslatedPort","DestinationUserID","DestinationUserPrivileges","RequestClientApplication","RequestContext","RequestCookies","RequestMethod","RequestUrl","FileCreateTime","FileHash","FileID","FileModificationTime","FileName","FilePath","FilePermission","FileSize","FileType","OldFileCreateTime","OldFileHash","OldFileID","OldFileModificationTime","OldFileName","OldFilePath","OldFilePermission","OldFileSize","OldFileType","DeviceCustomDate1","DeviceCustomDate2","DeviceCustomFloatingPoint1","DeviceCustomFloatingPoint2","DeviceCustomFloatingPoint2Label","DeviceCustomFloatingPoint3","DeviceCustomFloatingPoint3Label","DeviceCustomFloatingPoint4","DeviceCustomFloatingPoint4Label","DeviceCustomIPv6Address1","DeviceCustomIPv6Address1Label","DeviceCustomIPv6Address3","DeviceCustomIPv6Address3Label","DeviceCustomIPv6Address4","DeviceCustomIPv6Address4Label","DeviceCustomNumber2","DeviceCustomNumber2Label","DeviceCustomNumber3","DeviceCustomString1","DeviceCustomNumber3Label","DeviceCustomString1Label","DeviceCustomString2","DeviceCustomString2Label","DeviceCustomString3","DeviceCustomString3Label","DeviceCustomString4","DeviceCustomString4Label","DeviceCustomString5","DeviceCustomString5Label","DeviceCustomString6","DeviceCustomString6Label","FlexDate1","FlexDate1Label","FlexNumber1","FlexNumber1Label","FlexNumber2","FlexNumber2Label","FlexString1","FlexString1Label","FlexString2","timestamp_just_added","timestamp_profiling_finished"],"ServiceID":"7a75f41d-313b-4f68-a99d-6427546cc799","StartTime":1760066971242,"Timestamp":1760066971243,"BaseEvents":[{"N":{"KL_CorrelationRulePriority":1},"ID":"261c06d9-f00e-4f75-a94a-4f52d2f4a11f","Name":"Connection. Inbound connection from external host using SMB, RPC ports","Type":3,"EndTime":1759569684145,"Message":"Connection Failed","Priority":1,"Severity":"notice","TenantID":"3d6c4203-7328-4fb2-98fa-f37d385ffbde","GroupedBy":["Message","DeviceAddress","DeviceHostName","SourceAddress","SourceHostName","SourceUserName","DestinationAddress","DestinationHostName","DestinationUserName","ApplicationProtocol","TransportProtocol","BytesIn","BytesOut","DeviceAction","DeviceAssetID","DeviceCity","DeviceCountry","DeviceDirection","DeviceDnsDomain","DeviceEventCategory","DeviceEventClassID","DeviceExternalID","DeviceFacility","DeviceHostName","DeviceInboundInterface","DeviceLatitude","DeviceLongitude","DeviceMacAddress","DeviceNtDomain","DeviceOutboundInterface","DevicePayloadID","DeviceProcessID","DeviceProcessName","DeviceReceiptTime","DeviceRegion","DeviceTimeZone","DeviceTranslatedAddress","DeviceVersion","EventOutcome","Reason","Severity","SourceAccountID","SourceAssetID","SourceCity","SourceCountry","SourceDnsDomain","SourceLatitude","SourceLongitude","SourceMacAddress","SourceNtDomain","SourcePort","SourceProcessID","SourceProcessName","SourceRegion","SourceServiceName","SourceTranslatedAddress","SourceTranslatedPort","SourceUserID","SourceUserPrivileges","DestinationAccountID","DestinationAssetID","DestinationCity","DestinationCountry","DestinationDnsDomain","DestinationLatitude","DestinationLongitude","DestinationMacAddress","DestinationNtDomain","DestinationPort","DestinationProcessID","DestinationProcessName","DestinationRegion","DestinationServiceName","DestinationTranslatedAddress","DestinationTranslatedPort","DestinationUserID","DestinationUserPrivileges","RequestClientApplication","RequestContext","RequestCookies","RequestMethod","RequestUrl","FileCreateTime","FileHash","FileID","FileModificationTime","FileName","FilePath","FilePermission","FileSize","FileType","OldFileCreateTime","OldFileHash","OldFileID","OldFileModificationTime","OldFileName","OldFilePath","OldFilePermission","OldFileSize","OldFileType","DeviceCustomDate1","DeviceCustomDate2","DeviceCustomFloatingPoint1","DeviceCustomFloatingPoint2","DeviceCustomFloatingPoint2Label","DeviceCustomFloatingPoint3","DeviceCustomFloatingPoint3Label","DeviceCustomFloatingPoint4","DeviceCustomFloatingPoint4Label","DeviceCustomIPv6Address1","DeviceCustomIPv6Address1Label","DeviceCustomIPv6Address3","DeviceCustomIPv6Address3Label","DeviceCustomIPv6Address4","DeviceCustomIPv6Address4Label","DeviceCustomNumber2","DeviceCustomNumber2Label","DeviceCustomNumber3","DeviceCustomString1","DeviceCustomNumber3Label","DeviceCustomString1Label","DeviceCustomString2","DeviceCustomString2Label","DeviceCustomString3","DeviceCustomString3Label","DeviceCustomString4","DeviceCustomString4Label","DeviceCustomString5","DeviceCustomString5Label","DeviceCustomString6","DeviceCustomString6Label","FlexDate1","FlexDate1Label","FlexNumber1","FlexNumber1Label","FlexNumber2","FlexNumber2Label","FlexString1","FlexString1Label","FlexString2"],"ServiceID":"7a75f41d-313b-4f68-a99d-6427546cc799","StartTime":1759569684145,"Timestamp":1760066971242,"BaseEvents":[{"ID":"0b59b86f-83dc-42cd-a5f9-f2d5c59663b9","Name":"traffic","Type":1,"EndTime":1759569684145,"Message":"Connection Failed","Priority":0,"Severity":"notice","TenantID":"3d6c4203-7328-4fb2-98fa-f37d385ffbde","ServiceID":"71d3be03-d996-4ec6-a03d-223288e5abc8","Timestamp":1759569684145,"ExternalID":"62895412","SourcePort":29658,"ServiceName":"Fortigate","DeviceAction":"deny","DeviceVendor":"Fortninet","DeviceAddress":"192.168.51.14","DeviceProduct":"Fortigate","SourceAddress":"12.231.69.10","DeviceHostName":"windu","DeviceTimeZone":"+02:00","DestinationPort":445,"DeviceExternalID":"FGT60FTK22032234","DeviceReceiptTime":1759569684145,"TransportProtocol":"6","DestinationAddress":"192.168.1.222","DeviceEventClassID":"local","ApplicationProtocol":"SMB","DeviceCustomString1":"local-in-policy","DeviceEventCategory":"traffic","DeviceInboundInterface":"wan2","DeviceOutboundInterface":"root","DeviceCustomNumber1Label":"duration","DeviceCustomNumber2Label":"policyid","DeviceCustomString1Label":"policytype"}],"SourcePort":29658,"ServiceName":"[OOTB] Correlator","DeviceAction":"deny","DeviceVendor":"Kaspersky","DeviceAddress":"192.168.51.14","DeviceProduct":"KUMA","SourceAddress":"12.231.69.10","BaseEventCount":1,"DeviceHostName":"windu","DeviceTimeZone":"+02:00","DestinationPort":445,"DeviceExternalID":"FGT60FTK22032234","CorrelationRuleID":"e2a20430-e50f-4f70-8970-8c799793a934","DeviceReceiptTime":1759569684145,"TransportProtocol":"6","DestinationAddress":"192.168.1.222","DeviceEventClassID":"local","ApplicationProtocol":"SMB","CorrelationRuleName":"Connection. Inbound connection from external host using SMB, RPC ports","DeviceCustomString1":"local-in-policy","DeviceEventCategory":"traffic","DeviceInboundInterface":"wan2","DeviceOutboundInterface":"root","DeviceCustomNumber2Label":"policyid","DeviceCustomString1Label":"policytype"}],"ExternalID":"R445_03","SourcePort":29658,"ServiceName":"[OOTB] Correlator","DeviceAction":"deny","DeviceVendor":"Kaspersky","DeviceAddress":"192.168.51.14","DeviceProduct":"KUMA","SourceAddress":"12.231.69.10","BaseEventCount":1,"DeviceHostName":"windu","DeviceTimeZone":"+02:00","DestinationPort":445,"DeviceExternalID":"FGT60FTK22032234","CorrelationRuleID":"49182bb8-1dd3-44cd-b561-101a5bd0e58d","DeviceReceiptTime":1759569684145,"TransportProtocol":"6","DestinationAddress":"192.168.1.222","DeviceEventClassID":"local","ApplicationProtocol":"SMB","CorrelationRuleName":"R445_03_Inbound connection from external host via SMB, RPC port","DeviceCustomString1":"local-in-policy","DeviceEventCategory":"traffic","DestinationServiceName":"Microsoft-DS (Directory Services) SMB file sharing","DeviceInboundInterface":"wan2","DeviceOutboundInterface":"root","DeviceCustomNumber2Label":"policyid","DeviceCustomString1Label":"policytype"}],"Rules":[{"Confidence":"medium","Custom":false,"ID":"49182bb8-1dd3-44cd-b561-101a5bd0e58d","Name":"R445_03_Inbound connection from external host via SMB, RPC port","Severity":"medium","Type":""}],"Severity":"low","SourceCreatedAt":"2025-10-10T03:29:31.243Z","SourceID":"93c1945a-84c6-4392-b948-12dbca8be76d","Status":"new","StatusChangedAt":"2025-10-10T03:29:35.795Z","StatusResolution":"","TenantID":"3d6c4203-7328-4fb2-98fa-f37d385ffbde","UpdatedAt":"2025-10-10T03:29:35.795Z"},{"Assets":null,"Assignee":{"ID":"nobody","Name":"Not assigned","Type":""},"CreatedAt":"2025-10-10T03:33:25.838Z","DetectionTechnologies":null,"ExternalRef":"","Extra":null,"FirstEventTime":"2025-10-10T03:33:19.512Z","HistoryRecords":null,"ID":18980,"IncidentID":"","IncidentLinkType":"","InternalID":"6ffe6372-5b61-4bb2-9321-a20091856bf8","IsCII":false,"LastEventTime":"2025-10-10T03:33:21.282Z","MITRETactics":null,"MITRETechniques":null,"Name":"R445_05_Inbound connection from external host via management port","Observables":[{"Details":"","Type":"ip","Value":"119.28.73.141"},{"Details":"","Type":"hostname","Value":"windu"}],"OriginalEvents":[{"N":{"KL_CorrelationRulePriority":1},"ID":"6ffe6372-5b61-4bb2-9321-a20091856bf8","Name":"R445_05_Inbound connection from external host via management port","Type":3,"EndTime":1760067201283,"Message":"The external host 119.28.73.141 remotely connected to the internal node 192.168.1.222 on port 22 using the remote administration tool: SSH","Priority":1,"Severity":"notice","TenantID":"3d6c4203-7328-4fb2-98fa-f37d385ffbde","GroupedBy":["Message","DeviceAddress","DeviceHostName","SourceAddress","SourceHostName","SourceUserName","DestinationAddress","DestinationHostName","DestinationUserName","ApplicationProtocol","TransportProtocol","BytesIn","BytesOut","DeviceAction","DeviceAssetID","DeviceCity","DeviceCountry","DeviceDirection","DeviceDnsDomain","DeviceEventCategory","DeviceEventClassID","DeviceExternalID","DeviceFacility","DeviceHostName","DeviceInboundInterface","DeviceLatitude","DeviceLongitude","DeviceMacAddress","DeviceNtDomain","DeviceOutboundInterface","DevicePayloadID","DeviceProcessID","DeviceProcessName","DeviceReceiptTime","DeviceRegion","DeviceTimeZone","DeviceTranslatedAddress","DeviceVersion","EventOutcome","Reason","Severity","SourceAccountID","SourceAssetID","SourceCity","SourceCountry","SourceDnsDomain","SourceLatitude","SourceLongitude","SourceMacAddress","SourceNtDomain","SourcePort","SourceProcessID","SourceProcessName","SourceRegion","SourceServiceName","SourceTranslatedAddress","SourceTranslatedPort","SourceUserID","SourceUserPrivileges","DestinationAccountID","DestinationAssetID","DestinationCity","DestinationCountry","DestinationDnsDomain","DestinationLatitude","DestinationLongitude","DestinationMacAddress","DestinationNtDomain","DestinationPort","DestinationProcessID","DestinationProcessName","DestinationRegion","DestinationServiceName","DestinationTranslatedAddress","DestinationTranslatedPort","DestinationUserID","DestinationUserPrivileges","RequestClientApplication","RequestContext","RequestCookies","RequestMethod","RequestUrl","FileCreateTime","FileHash","FileID","FileModificationTime","FileName","FilePath","FilePermission","FileSize","FileType","OldFileCreateTime","OldFileHash","OldFileID","OldFileModificationTime","OldFileName","OldFilePath","OldFilePermission","OldFileSize","OldFileType","DeviceCustomDate1","DeviceCustomDate2","DeviceCustomFloatingPoint1","DeviceCustomFloatingPoint2","DeviceCustomFloatingPoint2Label","DeviceCustomFloatingPoint3","DeviceCustomFloatingPoint3Label","DeviceCustomFloatingPoint4","DeviceCustomFloatingPoint4Label","DeviceCustomIPv6Address1","DeviceCustomIPv6Address1Label","DeviceCustomIPv6Address3","DeviceCustomIPv6Address3Label","DeviceCustomIPv6Address4","DeviceCustomIPv6Address4Label","DeviceCustomNumber2","DeviceCustomNumber2Label","DeviceCustomNumber3","DeviceCustomString1","DeviceCustomNumber3Label","DeviceCustomString1Label","DeviceCustomString2","DeviceCustomString2Label","DeviceCustomString3","DeviceCustomString3Label","DeviceCustomString4","DeviceCustomString4Label","DeviceCustomString5","DeviceCustomString5Label","DeviceCustomString6","DeviceCustomString6Label","FlexDate1","FlexDate1Label","FlexNumber1","FlexNumber1Label","FlexNumber2","FlexNumber2Label","FlexString1","FlexString1Label","FlexString2","timestamp_just_added","timestamp_profiling_finished"],"ServiceID":"7a75f41d-313b-4f68-a99d-6427546cc799","StartTime":1760067201283,"Timestamp":1760067201283,"BaseEvents":[{"N":{"KL_CorrelationRulePriority":1},"ID":"3f09c67e-0027-4b81-8c45-b756722df3b8","Name":"Connection. Inbound connection from external host using management ports","Type":3,"EndTime":1760067199512,"Message":"Connection Failed","Priority":1,"Severity":"notice","TenantID":"3d6c4203-7328-4fb2-98fa-f37d385ffbde","GroupedBy":["Message","DeviceAddress","DeviceHostName","SourceAddress","SourceHostName","SourceUserName","DestinationAddress","DestinationHostName","DestinationUserName","ApplicationProtocol","TransportProtocol","BytesIn","BytesOut","DeviceAction","DeviceAssetID","DeviceCity","DeviceCountry","DeviceDirection","DeviceDnsDomain","DeviceEventCategory","DeviceEventClassID","DeviceExternalID","DeviceFacility","DeviceHostName","DeviceInboundInterface","DeviceLatitude","DeviceLongitude","DeviceMacAddress","DeviceNtDomain","DeviceOutboundInterface","DevicePayloadID","DeviceProcessID","DeviceProcessName","DeviceReceiptTime","DeviceRegion","DeviceTimeZone","DeviceTranslatedAddress","DeviceVersion","EventOutcome","Reason","Severity","SourceAccountID","SourceAssetID","SourceCity","SourceCountry","SourceDnsDomain","SourceLatitude","SourceLongitude","SourceMacAddress","SourceNtDomain","SourcePort","SourceProcessID","SourceProcessName","SourceRegion","SourceServiceName","SourceTranslatedAddress","SourceTranslatedPort","SourceUserID","SourceUserPrivileges","DestinationAccountID","DestinationAssetID","DestinationCity","DestinationCountry","DestinationDnsDomain","DestinationLatitude","DestinationLongitude","DestinationMacAddress","DestinationNtDomain","DestinationPort","DestinationProcessID","DestinationProcessName","DestinationRegion","DestinationServiceName","DestinationTranslatedAddress","DestinationTranslatedPort","DestinationUserID","DestinationUserPrivileges","RequestClientApplication","RequestContext","RequestCookies","RequestMethod","RequestUrl","FileCreateTime","FileHash","FileID","FileModificationTime","FileName","FilePath","FilePermission","FileSize","FileType","OldFileCreateTime","OldFileHash","OldFileID","OldFileModificationTime","OldFileName","OldFilePath","OldFilePermission","OldFileSize","OldFileType","DeviceCustomDate1","DeviceCustomDate2","DeviceCustomFloatingPoint1","DeviceCustomFloatingPoint2","DeviceCustomFloatingPoint2Label","DeviceCustomFloatingPoint3","DeviceCustomFloatingPoint3Label","DeviceCustomFloatingPoint4","DeviceCustomFloatingPoint4Label","DeviceCustomIPv6Address1","DeviceCustomIPv6Address1Label","DeviceCustomIPv6Address3","DeviceCustomIPv6Address3Label","DeviceCustomIPv6Address4","DeviceCustomIPv6Address4Label","DeviceCustomNumber2","DeviceCustomNumber2Label","DeviceCustomNumber3","DeviceCustomString1","DeviceCustomNumber3Label","DeviceCustomString1Label","DeviceCustomString2","DeviceCustomString2Label","DeviceCustomString3","DeviceCustomString3Label","DeviceCustomString4","DeviceCustomString4Label","DeviceCustomString5","DeviceCustomString5Label","DeviceCustomString6","DeviceCustomString6Label","FlexDate1","FlexDate1Label","FlexNumber1","FlexNumber1Label","FlexNumber2","FlexNumber2Label","FlexString1","FlexString1Label","FlexString2"],"ServiceID":"7a75f41d-313b-4f68-a99d-6427546cc799","StartTime":1760067199512,"Timestamp":1760067201283,"BaseEvents":[{"ID":"7438b679-97a6-48c4-8b12-1333c49797c2","Name":"traffic","Type":1,"EndTime":1760049199000,"Message":"Connection Failed","Priority":0,"Severity":"notice","TenantID":"3d6c4203-7328-4fb2-98fa-f37d385ffbde","ServiceID":"71d3be03-d996-4ec6-a03d-223288e5abc8","Timestamp":1760067199512,"ExternalID":"71941217","SourcePort":12345,"ServiceName":"Fortigate","DeviceAction":"deny","DeviceVendor":"Fortninet","DeviceAddress":"192.168.51.14","DeviceProduct":"Fortigate","SourceAddress":"119.28.73.141","DeviceHostName":"windu","DeviceTimeZone":"+02:00","DestinationPort":22,"DeviceExternalID":"FGT60FTK22032234","DeviceReceiptTime":1760067199512,"TransportProtocol":"6","DestinationAddress":"192.168.1.222","DeviceEventClassID":"local","ApplicationProtocol":"SSH","DeviceCustomString1":"local-in-policy","DeviceEventCategory":"traffic","DeviceInboundInterface":"wan2","DeviceOutboundInterface":"root","DeviceCustomNumber1Label":"duration","DeviceCustomNumber2Label":"policyid","DeviceCustomString1Label":"policytype"}],"SourcePort":12345,"ServiceName":"[OOTB] Correlator","DeviceAction":"deny","DeviceVendor":"Kaspersky","DeviceAddress":"192.168.51.14","DeviceProduct":"KUMA","SourceAddress":"119.28.73.141","BaseEventCount":1,"DeviceHostName":"windu","DeviceTimeZone":"+02:00","DestinationPort":22,"DeviceExternalID":"FGT60FTK22032234","CorrelationRuleID":"83fea516-0ec2-4fd2-96c0-1136c65378bb","DeviceReceiptTime":1760067199512,"TransportProtocol":"6","DestinationAddress":"192.168.1.222","DeviceEventClassID":"local","ApplicationProtocol":"SSH","CorrelationRuleName":"Connection. Inbound connection from external host using management ports","DeviceCustomString1":"local-in-policy","DeviceEventCategory":"traffic","DeviceInboundInterface":"wan2","DeviceOutboundInterface":"root","DeviceCustomNumber2Label":"policyid","DeviceCustomString1Label":"policytype"}],"ExternalID":"R445_05","SourcePort":12345,"ServiceName":"[OOTB] Correlator","DeviceAction":"deny","DeviceVendor":"Kaspersky","DeviceAddress":"192.168.51.14","DeviceProduct":"KUMA","SourceAddress":"119.28.73.141","BaseEventCount":1,"DeviceHostName":"windu","DeviceTimeZone":"+02:00","DestinationPort":22,"DeviceExternalID":"FGT60FTK22032234","CorrelationRuleID":"4eeda10b-8ef6-4725-846d-62b00bfa7561","DeviceReceiptTime":1760067199512,"TransportProtocol":"6","DestinationAddress":"192.168.1.222","DeviceEventClassID":"local","ApplicationProtocol":"SSH","CorrelationRuleName":"R445_05_Inbound connection from external host via management port","DeviceCustomString1":"local-in-policy","DeviceEventCategory":"traffic","DestinationServiceName":"SSH","DeviceInboundInterface":"wan2","DeviceOutboundInterface":"root","DeviceCustomNumber2Label":"policyid","DeviceCustomString1Label":"policytype"}],"Rules":[{"Confidence":"medium","Custom":false,"ID":"4eeda10b-8ef6-4725-846d-62b00bfa7561","Name":"R445_05_Inbound connection from external host via management port","Severity":"medium","Type":""}],"Severity":"low","SourceCreatedAt":"2025-10-10T03:33:21.282Z","SourceID":"6ffe6372-5b61-4bb2-9321-a20091856bf8","Status":"new","StatusChangedAt":"2025-10-10T03:33:25.838Z","StatusResolution":"","TenantID":"3d6c4203-7328-4fb2-98fa-f37d385ffbde","UpdatedAt":"2025-10-10T03:33:25.838Z"},{"Assets":null,"Assignee":{"ID":"nobody","Name":"Not assigned","Type":""},"CreatedAt":"2025-10-10T03:36:00.865Z","DetectionTechnologies":null,"ExternalRef":"","Extra":null,"FirstEventTime":"2025-10-04T09:27:54.658Z","HistoryRecords":null,"ID":18981,"IncidentID":"","IncidentLinkType":"","InternalID":"631e112b-085e-46ad-af6c-5a1ac049bd16","IsCII":false,"LastEventTime":"2025-10-10T03:36:06.302Z","MITRETactics":null,"MITRETechniques":null,"Name":"R445_03_Inbound connection from external host via SMB, RPC port","Observables":[{"Details":"","Type":"ip","Value":"222.208.211.134"},{"Details":"","Type":"hostname","Value":"windu"},{"Details":"","Type":"ip","Value":"103.216.239.168"}],"OriginalEvents":[{"N":{"KL_CorrelationRulePriority":1},"ID":"631e112b-085e-46ad-af6c-5a1ac049bd16","Name":"R445_03_Inbound connection from external host via SMB, RPC port","Type":3,"EndTime":1760067356306,"Message":"The external host 222.208.211.134 remotely connected to the internal node 192.168.1.222 on port 445 which is used in SMB, RPC protocols: Microsoft-DS (Directory Services) SMB file sharing","Priority":1,"Severity":"notice","TenantID":"3d6c4203-7328-4fb2-98fa-f37d385ffbde","GroupedBy":["Message","DeviceAddress","DeviceHostName","SourceAddress","SourceHostName","SourceUserName","DestinationAddress","DestinationHostName","DestinationUserName","ApplicationProtocol","TransportProtocol","BytesIn","BytesOut","DeviceAction","DeviceAssetID","DeviceCity","DeviceCountry","DeviceDirection","DeviceDnsDomain","DeviceEventCategory","DeviceEventClassID","DeviceExternalID","DeviceFacility","DeviceHostName","DeviceInboundInterface","DeviceLatitude","DeviceLongitude","DeviceMacAddress","DeviceNtDomain","DeviceOutboundInterface","DevicePayloadID","DeviceProcessID","DeviceProcessName","DeviceReceiptTime","DeviceRegion","DeviceTimeZone","DeviceTranslatedAddress","DeviceVersion","EventOutcome","Reason","Severity","SourceAccountID","SourceAssetID","SourceCity","SourceCountry","SourceDnsDomain","SourceLatitude","SourceLongitude","SourceMacAddress","SourceNtDomain","SourcePort","SourceProcessID","SourceProcessName","SourceRegion","SourceServiceName","SourceTranslatedAddress","SourceTranslatedPort","SourceUserID","SourceUserPrivileges","DestinationAccountID","DestinationAssetID","DestinationCity","DestinationCountry","DestinationDnsDomain","DestinationLatitude","DestinationLongitude","DestinationMacAddress","DestinationNtDomain","DestinationPort","DestinationProcessID","DestinationProcessName","DestinationRegion","DestinationServiceName","DestinationTranslatedAddress","DestinationTranslatedPort","DestinationUserID","DestinationUserPrivileges","RequestClientApplication","RequestContext","RequestCookies","RequestMethod","RequestUrl","FileCreateTime","FileHash","FileID","FileModificationTime","FileName","FilePath","FilePermission","FileSize","FileType","OldFileCreateTime","OldFileHash","OldFileID","OldFileModificationTime","OldFileName","OldFilePath","OldFilePermission","OldFileSize","OldFileType","DeviceCustomDate1","DeviceCustomDate2","DeviceCustomFloatingPoint1","DeviceCustomFloatingPoint2","DeviceCustomFloatingPoint2Label","DeviceCustomFloatingPoint3","DeviceCustomFloatingPoint3Label","DeviceCustomFloatingPoint4","DeviceCustomFloatingPoint4Label","DeviceCustomIPv6Address1","DeviceCustomIPv6Address1Label","DeviceCustomIPv6Address3","DeviceCustomIPv6Address3Label","DeviceCustomIPv6Address4","DeviceCustomIPv6Address4Label","DeviceCustomNumber2","DeviceCustomNumber2Label","DeviceCustomNumber3","DeviceCustomString1","DeviceCustomNumber3Label","DeviceCustomString1Label","DeviceCustomString2","DeviceCustomString2Label","DeviceCustomString3","DeviceCustomString3Label","DeviceCustomString4","DeviceCustomString4Label","DeviceCustomString5","DeviceCustomString5Label","DeviceCustomString6","DeviceCustomString6Label","FlexDate1","FlexDate1Label","FlexNumber1","FlexNumber1Label","FlexNumber2","FlexNumber2Label","FlexString1","FlexString1Label","FlexString2","timestamp_just_added","timestamp_profiling_finished"],"ServiceID":"7a75f41d-313b-4f68-a99d-6427546cc799","StartTime":1760067356306,"Timestamp":1760067356307,"BaseEvents":[{"N":{"KL_CorrelationRulePriority":1},"ID":"75495abb-78ea-44f2-b388-3188bae76a94","Name":"Connection. Inbound connection from external host using SMB, RPC ports","Type":3,"EndTime":1760067354054,"Message":"Connection Failed","Priority":1,"Severity":"notice","TenantID":"3d6c4203-7328-4fb2-98fa-f37d385ffbde","GroupedBy":["Message","DeviceAddress","DeviceHostName","SourceAddress","SourceHostName","SourceUserName","DestinationAddress","DestinationHostName","DestinationUserName","ApplicationProtocol","TransportProtocol","BytesIn","BytesOut","DeviceAction","DeviceAssetID","DeviceCity","DeviceCountry","DeviceDirection","DeviceDnsDomain","DeviceEventCategory","DeviceEventClassID","DeviceExternalID","DeviceFacility","DeviceHostName","DeviceInboundInterface","DeviceLatitude","DeviceLongitude","DeviceMacAddress","DeviceNtDomain","DeviceOutboundInterface","DevicePayloadID","DeviceProcessID","DeviceProcessName","DeviceReceiptTime","DeviceRegion","DeviceTimeZone","DeviceTranslatedAddress","DeviceVersion","EventOutcome","Reason","Severity","SourceAccountID","SourceAssetID","SourceCity","SourceCountry","SourceDnsDomain","SourceLatitude","SourceLongitude","SourceMacAddress","SourceNtDomain","SourcePort","SourceProcessID","SourceProcessName","SourceRegion","SourceServiceName","SourceTranslatedAddress","SourceTranslatedPort","SourceUserID","SourceUserPrivileges","DestinationAccountID","DestinationAssetID","DestinationCity","DestinationCountry","DestinationDnsDomain","DestinationLatitude","DestinationLongitude","DestinationMacAddress","DestinationNtDomain","DestinationPort","DestinationProcessID","DestinationProcessName","DestinationRegion","DestinationServiceName","DestinationTranslatedAddress","DestinationTranslatedPort","DestinationUserID","DestinationUserPrivileges","RequestClientApplication","RequestContext","RequestCookies","RequestMethod","RequestUrl","FileCreateTime","FileHash","FileID","FileModificationTime","FileName","FilePath","FilePermission","FileSize","FileType","OldFileCreateTime","OldFileHash","OldFileID","OldFileModificationTime","OldFileName","OldFilePath","OldFilePermission","OldFileSize","OldFileType","DeviceCustomDate1","DeviceCustomDate2","DeviceCustomFloatingPoint1","DeviceCustomFloatingPoint2","DeviceCustomFloatingPoint2Label","DeviceCustomFloatingPoint3","DeviceCustomFloatingPoint3Label","DeviceCustomFloatingPoint4","DeviceCustomFloatingPoint4Label","DeviceCustomIPv6Address1","DeviceCustomIPv6Address1Label","DeviceCustomIPv6Address3","DeviceCustomIPv6Address3Label","DeviceCustomIPv6Address4","DeviceCustomIPv6Address4Label","DeviceCustomNumber2","DeviceCustomNumber2Label","DeviceCustomNumber3","DeviceCustomString1","DeviceCustomNumber3Label","DeviceCustomString1Label","DeviceCustomString2","DeviceCustomString2Label","DeviceCustomString3","DeviceCustomString3Label","DeviceCustomString4","DeviceCustomString4Label","DeviceCustomString5","DeviceCustomString5Label","DeviceCustomString6","DeviceCustomString6Label","FlexDate1","FlexDate1Label","FlexNumber1","FlexNumber1Label","FlexNumber2","FlexNumber2Label","FlexString1","FlexString1Label","FlexString2"],"ServiceID":"7a75f41d-313b-4f68-a99d-6427546cc799","StartTime":1760067354054,"Timestamp":1760067356306,"BaseEvents":[{"ID":"9f7c69a2-8669-4c78-a707-f305056513d5","Name":"traffic","Type":1,"EndTime":1760049353000,"Message":"Connection Failed","Priority":0,"Severity":"notice","TenantID":"3d6c4203-7328-4fb2-98fa-f37d385ffbde","ServiceID":"71d3be03-d996-4ec6-a03d-223288e5abc8","Timestamp":1760067354054,"ExternalID":"71944086","SourcePort":2134,"ServiceName":"Fortigate","DeviceAction":"deny","DeviceVendor":"Fortninet","DeviceAddress":"192.168.51.14","DeviceProduct":"Fortigate","SourceAddress":"222.208.211.134","DeviceHostName":"windu","DeviceTimeZone":"+02:00","DestinationPort":445,"DeviceExternalID":"FGT60FTK22032234","DeviceReceiptTime":1760067354054,"TransportProtocol":"6","DestinationAddress":"192.168.1.222","DeviceEventClassID":"local","ApplicationProtocol":"SMB","DeviceCustomString1":"local-in-policy","DeviceEventCategory":"traffic","DeviceInboundInterface":"wan2","DeviceOutboundInterface":"root","DeviceCustomNumber1Label":"duration","DeviceCustomNumber2Label":"policyid","DeviceCustomString1Label":"policytype"}],"SourcePort":2134,"ServiceName":"[OOTB] Correlator","DeviceAction":"deny","DeviceVendor":"Kaspersky","DeviceAddress":"192.168.51.14","DeviceProduct":"KUMA","SourceAddress":"222.208.211.134","BaseEventCount":1,"DeviceHostName":"windu","DeviceTimeZone":"+02:00","DestinationPort":445,"DeviceExternalID":"FGT60FTK22032234","CorrelationRuleID":"e2a20430-e50f-4f70-8970-8c799793a934","DeviceReceiptTime":1760067354054,"TransportProtocol":"6","DestinationAddress":"192.168.1.222","DeviceEventClassID":"local","ApplicationProtocol":"SMB","CorrelationRuleName":"Connection. Inbound connection from external host using SMB, RPC ports","DeviceCustomString1":"local-in-policy","DeviceEventCategory":"traffic","DeviceInboundInterface":"wan2","DeviceOutboundInterface":"root","DeviceCustomNumber2Label":"policyid","DeviceCustomString1Label":"policytype"}],"ExternalID":"R445_03","SourcePort":2134,"ServiceName":"[OOTB] Correlator","DeviceAction":"deny","DeviceVendor":"Kaspersky","DeviceAddress":"192.168.51.14","DeviceProduct":"KUMA","SourceAddress":"222.208.211.134","BaseEventCount":1,"DeviceHostName":"windu","DeviceTimeZone":"+02:00","DestinationPort":445,"DeviceExternalID":"FGT60FTK22032234","CorrelationRuleID":"49182bb8-1dd3-44cd-b561-101a5bd0e58d","DeviceReceiptTime":1760067354054,"TransportProtocol":"6","DestinationAddress":"192.168.1.222","DeviceEventClassID":"local","ApplicationProtocol":"SMB","CorrelationRuleName":"R445_03_Inbound connection from external host via SMB, RPC port","DeviceCustomString1":"local-in-policy","DeviceEventCategory":"traffic","DestinationServiceName":"Microsoft-DS (Directory Services) SMB file sharing","DeviceInboundInterface":"wan2","DeviceOutboundInterface":"root","DeviceCustomNumber2Label":"policyid","DeviceCustomString1Label":"policytype"},{"N":{"KL_CorrelationRulePriority":1},"ID":"c824f700-e1aa-4e59-855a-14a483ab3075","Name":"R445_03_Inbound connection from external host via SMB, RPC port","Type":3,"EndTime":1760067366301,"Message":"The external host 103.216.239.168 remotely connected to the internal node 192.168.1.222 on port 445 which is used in SMB, RPC protocols: Microsoft-DS (Directory Services) SMB file sharing","Priority":1,"Severity":"notice","TenantID":"3d6c4203-7328-4fb2-98fa-f37d385ffbde","GroupedBy":["Message","DeviceAddress","DeviceHostName","SourceAddress","SourceHostName","SourceUserName","DestinationAddress","DestinationHostName","DestinationUserName","ApplicationProtocol","TransportProtocol","BytesIn","BytesOut","DeviceAction","DeviceAssetID","DeviceCity","DeviceCountry","DeviceDirection","DeviceDnsDomain","DeviceEventCategory","DeviceEventClassID","DeviceExternalID","DeviceFacility","DeviceHostName","DeviceInboundInterface","DeviceLatitude","DeviceLongitude","DeviceMacAddress","DeviceNtDomain","DeviceOutboundInterface","DevicePayloadID","DeviceProcessID","DeviceProcessName","DeviceReceiptTime","DeviceRegion","DeviceTimeZone","DeviceTranslatedAddress","DeviceVersion","EventOutcome","Reason","Severity","SourceAccountID","SourceAssetID","SourceCity","SourceCountry","SourceDnsDomain","SourceLatitude","SourceLongitude","SourceMacAddress","SourceNtDomain","SourcePort","SourceProcessID","SourceProcessName","SourceRegion","SourceServiceName","SourceTranslatedAddress","SourceTranslatedPort","SourceUserID","SourceUserPrivileges","DestinationAccountID","DestinationAssetID","DestinationCity","DestinationCountry","DestinationDnsDomain","DestinationLatitude","DestinationLongitude","DestinationMacAddress","DestinationNtDomain","DestinationPort","DestinationProcessID","DestinationProcessName","DestinationRegion","DestinationServiceName","DestinationTranslatedAddress","DestinationTranslatedPort","DestinationUserID","DestinationUserPrivileges","RequestClientApplication","RequestContext","RequestCookies","RequestMethod","RequestUrl","FileCreateTime","FileHash","FileID","FileModificationTime","FileName","FilePath","FilePermission","FileSize","FileType","OldFileCreateTime","OldFileHash","OldFileID","OldFileModificationTime","OldFileName","OldFilePath","OldFilePermission","OldFileSize","OldFileType","DeviceCustomDate1","DeviceCustomDate2","DeviceCustomFloatingPoint1","DeviceCustomFloatingPoint2","DeviceCustomFloatingPoint2Label","DeviceCustomFloatingPoint3","DeviceCustomFloatingPoint3Label","DeviceCustomFloatingPoint4","DeviceCustomFloatingPoint4Label","DeviceCustomIPv6Address1","DeviceCustomIPv6Address1Label","DeviceCustomIPv6Address3","DeviceCustomIPv6Address3Label","DeviceCustomIPv6Address4","DeviceCustomIPv6Address4Label","DeviceCustomNumber2","DeviceCustomNumber2Label","DeviceCustomNumber3","DeviceCustomString1","DeviceCustomNumber3Label","DeviceCustomString1Label","DeviceCustomString2","DeviceCustomString2Label","DeviceCustomString3","DeviceCustomString3Label","DeviceCustomString4","DeviceCustomString4Label","DeviceCustomString5","DeviceCustomString5Label","DeviceCustomString6","DeviceCustomString6Label","FlexDate1","FlexDate1Label","FlexNumber1","FlexNumber1Label","FlexNumber2","FlexNumber2Label","FlexString1","FlexString1Label","FlexString2","timestamp_just_added","timestamp_profiling_finished"],"ServiceID":"7a75f41d-313b-4f68-a99d-6427546cc799","StartTime":1760067366301,"Timestamp":1760067366302,"BaseEvents":[{"N":{"KL_CorrelationRulePriority":1},"ID":"9a3707b9-e410-4d30-9263-1d9891091506","Name":"Connection. Inbound connection from external host using SMB, RPC ports","Type":3,"EndTime":1759570074659,"Message":"Connection Failed","Priority":1,"Severity":"notice","TenantID":"3d6c4203-7328-4fb2-98fa-f37d385ffbde","GroupedBy":["Message","DeviceAddress","DeviceHostName","SourceAddress","SourceHostName","SourceUserName","DestinationAddress","DestinationHostName","DestinationUserName","ApplicationProtocol","TransportProtocol","BytesIn","BytesOut","DeviceAction","DeviceAssetID","DeviceCity","DeviceCountry","DeviceDirection","DeviceDnsDomain","DeviceEventCategory","DeviceEventClassID","DeviceExternalID","DeviceFacility","DeviceHostName","DeviceInboundInterface","DeviceLatitude","DeviceLongitude","DeviceMacAddress","DeviceNtDomain","DeviceOutboundInterface","DevicePayloadID","DeviceProcessID","DeviceProcessName","DeviceReceiptTime","DeviceRegion","DeviceTimeZone","DeviceTranslatedAddress","DeviceVersion","EventOutcome","Reason","Severity","SourceAccountID","SourceAssetID","SourceCity","SourceCountry","SourceDnsDomain","SourceLatitude","SourceLongitude","SourceMacAddress","SourceNtDomain","SourcePort","SourceProcessID","SourceProcessName","SourceRegion","SourceServiceName","SourceTranslatedAddress","SourceTranslatedPort","SourceUserID","SourceUserPrivileges","DestinationAccountID","DestinationAssetID","DestinationCity","DestinationCountry","DestinationDnsDomain","DestinationLatitude","DestinationLongitude","DestinationMacAddress","DestinationNtDomain","DestinationPort","DestinationProcessID","DestinationProcessName","DestinationRegion","DestinationServiceName","DestinationTranslatedAddress","DestinationTranslatedPort","DestinationUserID","DestinationUserPrivileges","RequestClientApplication","RequestContext","RequestCookies","RequestMethod","RequestUrl","FileCreateTime","FileHash","FileID","FileModificationTime","FileName","FilePath","FilePermission","FileSize","FileType","OldFileCreateTime","OldFileHash","OldFileID","OldFileModificationTime","OldFileName","OldFilePath","OldFilePermission","OldFileSize","OldFileType","DeviceCustomDate1","DeviceCustomDate2","DeviceCustomFloatingPoint1","DeviceCustomFloatingPoint2","DeviceCustomFloatingPoint2Label","DeviceCustomFloatingPoint3","DeviceCustomFloatingPoint3Label","DeviceCustomFloatingPoint4","DeviceCustomFloatingPoint4Label","DeviceCustomIPv6Address1","DeviceCustomIPv6Address1Label","DeviceCustomIPv6Address3","DeviceCustomIPv6Address3Label","DeviceCustomIPv6Address4","DeviceCustomIPv6Address4Label","DeviceCustomNumber2","DeviceCustomNumber2Label","DeviceCustomNumber3","DeviceCustomString1","DeviceCustomNumber3Label","DeviceCustomString1Label","DeviceCustomString2","DeviceCustomString2Label","DeviceCustomString3","DeviceCustomString3Label","DeviceCustomString4","DeviceCustomString4Label","DeviceCustomString5","DeviceCustomString5Label","DeviceCustomString6","DeviceCustomString6Label","FlexDate1","FlexDate1Label","FlexNumber1","FlexNumber1Label","FlexNumber2","FlexNumber2Label","FlexString1","FlexString1Label","FlexString2"],"ServiceID":"7a75f41d-313b-4f68-a99d-6427546cc799","StartTime":1759570074659,"Timestamp":1760067366301,"BaseEvents":[{"ID":"ceab06fb-d149-4a1a-872e-4c3789155fe5","Name":"traffic","Type":1,"EndTime":1759570074659,"Message":"Connection Failed","Priority":0,"Severity":"notice","TenantID":"3d6c4203-7328-4fb2-98fa-f37d385ffbde","ServiceID":"71d3be03-d996-4ec6-a03d-223288e5abc8","Timestamp":1759570074659,"ExternalID":"62901066","SourcePort":58890,"ServiceName":"Fortigate","DeviceAction":"deny","DeviceVendor":"Fortninet","DeviceAddress":"192.168.51.14","DeviceProduct":"Fortigate","SourceAddress":"103.216.239.168","DeviceHostName":"windu","DeviceTimeZone":"+02:00","DestinationPort":445,"DeviceExternalID":"FGT60FTK22032234","DeviceReceiptTime":1759570074659,"TransportProtocol":"6","DestinationAddress":"192.168.1.222","DeviceEventClassID":"local","ApplicationProtocol":"SMB","DeviceCustomString1":"local-in-policy","DeviceEventCategory":"traffic","DeviceInboundInterface":"wan2","DeviceOutboundInterface":"root","DeviceCustomNumber1Label":"duration","DeviceCustomNumber2Label":"policyid","DeviceCustomString1Label":"policytype"}],"SourcePort":58890,"ServiceName":"[OOTB] Correlator","DeviceAction":"deny","DeviceVendor":"Kaspersky","DeviceAddress":"192.168.51.14","DeviceProduct":"KUMA","SourceAddress":"103.216.239.168","BaseEventCount":1,"DeviceHostName":"windu","DeviceTimeZone":"+02:00","DestinationPort":445,"DeviceExternalID":"FGT60FTK22032234","CorrelationRuleID":"e2a20430-e50f-4f70-8970-8c799793a934","DeviceReceiptTime":1759570074659,"TransportProtocol":"6","DestinationAddress":"192.168.1.222","DeviceEventClassID":"local","ApplicationProtocol":"SMB","CorrelationRuleName":"Connection. Inbound connection from external host using SMB, RPC ports","DeviceCustomString1":"local-in-policy","DeviceEventCategory":"traffic","DeviceInboundInterface":"wan2","DeviceOutboundInterface":"root","DeviceCustomNumber2Label":"policyid","DeviceCustomString1Label":"policytype"}],"ExternalID":"R445_03","SourcePort":58890,"ServiceName":"[OOTB] Correlator","DeviceAction":"deny","DeviceVendor":"Kaspersky","DeviceAddress":"192.168.51.14","DeviceProduct":"KUMA","SourceAddress":"103.216.239.168","BaseEventCount":1,"DeviceHostName":"windu","DeviceTimeZone":"+02:00","DestinationPort":445,"DeviceExternalID":"FGT60FTK22032234","CorrelationRuleID":"49182bb8-1dd3-44cd-b561-101a5bd0e58d","DeviceReceiptTime":1759570074659,"TransportProtocol":"6","DestinationAddress":"192.168.1.222","DeviceEventClassID":"local","ApplicationProtocol":"SMB","CorrelationRuleName":"R445_03_Inbound connection from external host via SMB, RPC port","DeviceCustomString1":"local-in-policy","DeviceEventCategory":"traffic","DestinationServiceName":"Microsoft-DS (Directory Services) SMB file sharing","DeviceInboundInterface":"wan2","DeviceOutboundInterface":"root","DeviceCustomNumber2Label":"policyid","DeviceCustomString1Label":"policytype"}],"Rules":[{"Confidence":"medium","Custom":false,"ID":"49182bb8-1dd3-44cd-b561-101a5bd0e58d","Name":"R445_03_Inbound connection from external host via SMB, RPC port","Severity":"medium","Type":""}],"Severity":"low","SourceCreatedAt":"2025-10-10T03:35:56.306Z","SourceID":"631e112b-085e-46ad-af6c-5a1ac049bd16;c824f700-e1aa-4e59-855a-14a483ab3075","Status":"new","StatusChangedAt":"2025-10-10T03:36:00.865Z","StatusResolution":"","TenantID":"3d6c4203-7328-4fb2-98fa-f37d385ffbde","UpdatedAt":"2025-10-10T03:36:00.865Z"},{"Assets":null,"Assignee":{"ID":"nobody","Name":"Not assigned","Type":""},"CreatedAt":"2025-10-10T03:37:10.868Z","DetectionTechnologies":null,"ExternalRef":"","Extra":null,"FirstEventTime":"2025-10-04T09:28:49.42Z","HistoryRecords":null,"ID":18983,"IncidentID":"","IncidentLinkType":"","InternalID":"c8ebba71-1e10-4b1e-bd6a-764d253e4353","IsCII":false,"LastEventTime":"2025-10-10T03:37:06.313Z","MITRETactics":null,"MITRETechniques":null,"Name":"R445_03_Inbound connection from external host via SMB, RPC port","Observables":[{"Details":"","Type":"ip","Value":"103.90.99.18"},{"Details":"","Type":"hostname","Value":"windu"}],"OriginalEvents":[{"N":{"KL_CorrelationRulePriority":1},"ID":"c8ebba71-1e10-4b1e-bd6a-764d253e4353","Name":"R445_03_Inbound connection from external host via SMB, RPC port","Type":3,"EndTime":1760067426312,"Message":"The external host 103.90.99.18 remotely connected to the internal node 192.168.1.222 on port 445 which is used in SMB, RPC protocols: Microsoft-DS (Directory Services) SMB file sharing","Priority":1,"Severity":"notice","TenantID":"3d6c4203-7328-4fb2-98fa-f37d385ffbde","GroupedBy":["Message","DeviceAddress","DeviceHostName","SourceAddress","SourceHostName","SourceUserName","DestinationAddress","DestinationHostName","DestinationUserName","ApplicationProtocol","TransportProtocol","BytesIn","BytesOut","DeviceAction","DeviceAssetID","DeviceCity","DeviceCountry","DeviceDirection","DeviceDnsDomain","DeviceEventCategory","DeviceEventClassID","DeviceExternalID","DeviceFacility","DeviceHostName","DeviceInboundInterface","DeviceLatitude","DeviceLongitude","DeviceMacAddress","DeviceNtDomain","DeviceOutboundInterface","DevicePayloadID","DeviceProcessID","DeviceProcessName","DeviceReceiptTime","DeviceRegion","DeviceTimeZone","DeviceTranslatedAddress","DeviceVersion","EventOutcome","Reason","Severity","SourceAccountID","SourceAssetID","SourceCity","SourceCountry","SourceDnsDomain","SourceLatitude","SourceLongitude","SourceMacAddress","SourceNtDomain","SourcePort","SourceProcessID","SourceProcessName","SourceRegion","SourceServiceName","SourceTranslatedAddress","SourceTranslatedPort","SourceUserID","SourceUserPrivileges","DestinationAccountID","DestinationAssetID","DestinationCity","DestinationCountry","DestinationDnsDomain","DestinationLatitude","DestinationLongitude","DestinationMacAddress","DestinationNtDomain","DestinationPort","DestinationProcessID","DestinationProcessName","DestinationRegion","DestinationServiceName","DestinationTranslatedAddress","DestinationTranslatedPort","DestinationUserID","DestinationUserPrivileges","RequestClientApplication","RequestContext","RequestCookies","RequestMethod","RequestUrl","FileCreateTime","FileHash","FileID","FileModificationTime","FileName","FilePath","FilePermission","FileSize","FileType","OldFileCreateTime","OldFileHash","OldFileID","OldFileModificationTime","OldFileName","OldFilePath","OldFilePermission","OldFileSize","OldFileType","DeviceCustomDate1","DeviceCustomDate2","DeviceCustomFloatingPoint1","DeviceCustomFloatingPoint2","DeviceCustomFloatingPoint2Label","DeviceCustomFloatingPoint3","DeviceCustomFloatingPoint3Label","DeviceCustomFloatingPoint4","DeviceCustomFloatingPoint4Label","DeviceCustomIPv6Address1","DeviceCustomIPv6Address1Label","DeviceCustomIPv6Address3","DeviceCustomIPv6Address3Label","DeviceCustomIPv6Address4","DeviceCustomIPv6Address4Label","DeviceCustomNumber2","DeviceCustomNumber2Label","DeviceCustomNumber3","DeviceCustomString1","DeviceCustomNumber3Label","DeviceCustomString1Label","DeviceCustomString2","DeviceCustomString2Label","DeviceCustomString3","DeviceCustomString3Label","DeviceCustomString4","DeviceCustomString4Label","DeviceCustomString5","DeviceCustomString5Label","DeviceCustomString6","DeviceCustomString6Label","FlexDate1","FlexDate1Label","FlexNumber1","FlexNumber1Label","FlexNumber2","FlexNumber2Label","FlexString1","FlexString1Label","FlexString2","timestamp_just_added","timestamp_profiling_finished"],"ServiceID":"7a75f41d-313b-4f68-a99d-6427546cc799","StartTime":1760067426312,"Timestamp":1760067426314,"BaseEvents":[{"N":{"KL_CorrelationRulePriority":1},"ID":"2b018b29-0bb8-4827-8039-412a7d63f49f","Name":"Connection. Inbound connection from external host using SMB, RPC ports","Type":3,"EndTime":1759570129420,"Message":"Connection Failed","Priority":1,"Severity":"notice","TenantID":"3d6c4203-7328-4fb2-98fa-f37d385ffbde","GroupedBy":["Message","DeviceAddress","DeviceHostName","SourceAddress","SourceHostName","SourceUserName","DestinationAddress","DestinationHostName","DestinationUserName","ApplicationProtocol","TransportProtocol","BytesIn","BytesOut","DeviceAction","DeviceAssetID","DeviceCity","DeviceCountry","DeviceDirection","DeviceDnsDomain","DeviceEventCategory","DeviceEventClassID","DeviceExternalID","DeviceFacility","DeviceHostName","DeviceInboundInterface","DeviceLatitude","DeviceLongitude","DeviceMacAddress","DeviceNtDomain","DeviceOutboundInterface","DevicePayloadID","DeviceProcessID","DeviceProcessName","DeviceReceiptTime","DeviceRegion","DeviceTimeZone","DeviceTranslatedAddress","DeviceVersion","EventOutcome","Reason","Severity","SourceAccountID","SourceAssetID","SourceCity","SourceCountry","SourceDnsDomain","SourceLatitude","SourceLongitude","SourceMacAddress","SourceNtDomain","SourcePort","SourceProcessID","SourceProcessName","SourceRegion","SourceServiceName","SourceTranslatedAddress","SourceTranslatedPort","SourceUserID","SourceUserPrivileges","DestinationAccountID","DestinationAssetID","DestinationCity","DestinationCountry","DestinationDnsDomain","DestinationLatitude","DestinationLongitude","DestinationMacAddress","DestinationNtDomain","DestinationPort","DestinationProcessID","DestinationProcessName","DestinationRegion","DestinationServiceName","DestinationTranslatedAddress","DestinationTranslatedPort","DestinationUserID","DestinationUserPrivileges","RequestClientApplication","RequestContext","RequestCookies","RequestMethod","RequestUrl","FileCreateTime","FileHash","FileID","FileModificationTime","FileName","FilePath","FilePermission","FileSize","FileType","OldFileCreateTime","OldFileHash","OldFileID","OldFileModificationTime","OldFileName","OldFilePath","OldFilePermission","OldFileSize","OldFileType","DeviceCustomDate1","DeviceCustomDate2","DeviceCustomFloatingPoint1","DeviceCustomFloatingPoint2","DeviceCustomFloatingPoint2Label","DeviceCustomFloatingPoint3","DeviceCustomFloatingPoint3Label","DeviceCustomFloatingPoint4","DeviceCustomFloatingPoint4Label","DeviceCustomIPv6Address1","DeviceCustomIPv6Address1Label","DeviceCustomIPv6Address3","DeviceCustomIPv6Address3Label","DeviceCustomIPv6Address4","DeviceCustomIPv6Address4Label","DeviceCustomNumber2","DeviceCustomNumber2Label","DeviceCustomNumber3","DeviceCustomString1","DeviceCustomNumber3Label","DeviceCustomString1Label","DeviceCustomString2","DeviceCustomString2Label","DeviceCustomString3","DeviceCustomString3Label","DeviceCustomString4","DeviceCustomString4Label","DeviceCustomString5","DeviceCustomString5Label","DeviceCustomString6","DeviceCustomString6Label","FlexDate1","FlexDate1Label","FlexNumber1","FlexNumber1Label","FlexNumber2","FlexNumber2Label","FlexString1","FlexString1Label","FlexString2"],"ServiceID":"7a75f41d-313b-4f68-a99d-6427546cc799","StartTime":1759570129420,"Timestamp":1760067426312,"BaseEvents":[{"ID":"f8b6f840-dc19-4c9c-99e7-aeab703b2c66","Name":"traffic","Type":1,"EndTime":1759570129420,"Message":"Connection Failed","Priority":0,"Severity":"notice","TenantID":"3d6c4203-7328-4fb2-98fa-f37d385ffbde","ServiceID":"71d3be03-d996-4ec6-a03d-223288e5abc8","Timestamp":1759570129420,"ExternalID":"62901816","SourcePort":53379,"ServiceName":"Fortigate","DeviceAction":"deny","DeviceVendor":"Fortninet","DeviceAddress":"192.168.51.14","DeviceProduct":"Fortigate","SourceAddress":"103.90.99.18","DeviceHostName":"windu","DeviceTimeZone":"+02:00","DestinationPort":445,"DeviceExternalID":"FGT60FTK22032234","DeviceReceiptTime":1759570129420,"TransportProtocol":"6","DestinationAddress":"192.168.1.222","DeviceEventClassID":"local","ApplicationProtocol":"SMB","DeviceCustomString1":"local-in-policy","DeviceEventCategory":"traffic","DeviceInboundInterface":"wan2","DeviceOutboundInterface":"root","DeviceCustomNumber1Label":"duration","DeviceCustomNumber2Label":"policyid","DeviceCustomString1Label":"policytype"}],"SourcePort":53379,"ServiceName":"[OOTB] Correlator","DeviceAction":"deny","DeviceVendor":"Kaspersky","DeviceAddress":"192.168.51.14","DeviceProduct":"KUMA","SourceAddress":"103.90.99.18","BaseEventCount":1,"DeviceHostName":"windu","DeviceTimeZone":"+02:00","DestinationPort":445,"DeviceExternalID":"FGT60FTK22032234","CorrelationRuleID":"e2a20430-e50f-4f70-8970-8c799793a934","DeviceReceiptTime":1759570129420,"TransportProtocol":"6","DestinationAddress":"192.168.1.222","DeviceEventClassID":"local","ApplicationProtocol":"SMB","CorrelationRuleName":"Connection. Inbound connection from external host using SMB, RPC ports","DeviceCustomString1":"local-in-policy","DeviceEventCategory":"traffic","DeviceInboundInterface":"wan2","DeviceOutboundInterface":"root","DeviceCustomNumber2Label":"policyid","DeviceCustomString1Label":"policytype"}],"ExternalID":"R445_03","SourcePort":53379,"ServiceName":"[OOTB] Correlator","DeviceAction":"deny","DeviceVendor":"Kaspersky","DeviceAddress":"192.168.51.14","DeviceProduct":"KUMA","SourceAddress":"103.90.99.18","BaseEventCount":1,"DeviceHostName":"windu","DeviceTimeZone":"+02:00","DestinationPort":445,"DeviceExternalID":"FGT60FTK22032234","CorrelationRuleID":"49182bb8-1dd3-44cd-b561-101a5bd0e58d","DeviceReceiptTime":1759570129420,"TransportProtocol":"6","DestinationAddress":"192.168.1.222","DeviceEventClassID":"local","ApplicationProtocol":"SMB","CorrelationRuleName":"R445_03_Inbound connection from external host via SMB, RPC port","DeviceCustomString1":"local-in-policy","DeviceEventCategory":"traffic","DestinationServiceName":"Microsoft-DS (Directory Services) SMB file sharing","DeviceInboundInterface":"wan2","DeviceOutboundInterface":"root","DeviceCustomNumber2Label":"policyid","DeviceCustomString1Label":"policytype"}],"Rules":[{"Confidence":"medium","Custom":false,"ID":"49182bb8-1dd3-44cd-b561-101a5bd0e58d","Name":"R445_03_Inbound connection from external host via SMB, RPC port","Severity":"medium","Type":""}],"Severity":"low","SourceCreatedAt":"2025-10-10T03:37:06.313Z","SourceID":"c8ebba71-1e10-4b1e-bd6a-764d253e4353","Status":"new","StatusChangedAt":"2025-10-10T03:37:10.868Z","StatusResolution":"","TenantID":"3d6c4203-7328-4fb2-98fa-f37d385ffbde","UpdatedAt":"2025-10-10T03:37:10.868Z"},{"Assets":null,"Assignee":{"ID":"nobody","Name":"Not assigned","Type":""},"CreatedAt":"2025-10-10T03:10:40.642Z","DetectionTechnologies":null,"ExternalRef":"","Extra":null,"FirstEventTime":"2025-10-10T03:10:35.104Z","HistoryRecords":null,"ID":18968,"IncidentID":"","IncidentLinkType":"","InternalID":"6b51c069-4ced-4f35-9e1b-64b1244cdc29","IsCII":false,"LastEventTime":"2025-10-10T03:10:35.976Z","MITRETactics":null,"MITRETechniques":null,"Name":"R445_03_Inbound connection from external host via SMB, RPC port","Observables":[{"Details":"","Type":"ip","Value":"36.77.65.109"},{"Details":"","Type":"hostname","Value":"windu"}],"OriginalEvents":[{"N":{"KL_CorrelationRulePriority":1},"ID":"6b51c069-4ced-4f35-9e1b-64b1244cdc29","Name":"R445_03_Inbound connection from external host via SMB, RPC port","Type":3,"EndTime":1760065835975,"Message":"The external host 36.77.65.109 remotely connected to the internal node 192.168.1.222 on port 445 which is used in SMB, RPC protocols: Microsoft-DS (Directory Services) SMB file sharing","Priority":1,"Severity":"notice","TenantID":"3d6c4203-7328-4fb2-98fa-f37d385ffbde","GroupedBy":["Message","DeviceAddress","DeviceHostName","SourceAddress","SourceHostName","SourceUserName","DestinationAddress","DestinationHostName","DestinationUserName","ApplicationProtocol","TransportProtocol","BytesIn","BytesOut","DeviceAction","DeviceAssetID","DeviceCity","DeviceCountry","DeviceDirection","DeviceDnsDomain","DeviceEventCategory","DeviceEventClassID","DeviceExternalID","DeviceFacility","DeviceHostName","DeviceInboundInterface","DeviceLatitude","DeviceLongitude","DeviceMacAddress","DeviceNtDomain","DeviceOutboundInterface","DevicePayloadID","DeviceProcessID","DeviceProcessName","DeviceReceiptTime","DeviceRegion","DeviceTimeZone","DeviceTranslatedAddress","DeviceVersion","EventOutcome","Reason","Severity","SourceAccountID","SourceAssetID","SourceCity","SourceCountry","SourceDnsDomain","SourceLatitude","SourceLongitude","SourceMacAddress","SourceNtDomain","SourcePort","SourceProcessID","SourceProcessName","SourceRegion","SourceServiceName","SourceTranslatedAddress","SourceTranslatedPort","SourceUserID","SourceUserPrivileges","DestinationAccountID","DestinationAssetID","DestinationCity","DestinationCountry","DestinationDnsDomain","DestinationLatitude","DestinationLongitude","DestinationMacAddress","DestinationNtDomain","DestinationPort","DestinationProcessID","DestinationProcessName","DestinationRegion","DestinationServiceName","DestinationTranslatedAddress","DestinationTranslatedPort","DestinationUserID","DestinationUserPrivileges","RequestClientApplication","RequestContext","RequestCookies","RequestMethod","RequestUrl","FileCreateTime","FileHash","FileID","FileModificationTime","FileName","FilePath","FilePermission","FileSize","FileType","OldFileCreateTime","OldFileHash","OldFileID","OldFileModificationTime","OldFileName","OldFilePath","OldFilePermission","OldFileSize","OldFileType","DeviceCustomDate1","DeviceCustomDate2","DeviceCustomFloatingPoint1","DeviceCustomFloatingPoint2","DeviceCustomFloatingPoint2Label","DeviceCustomFloatingPoint3","DeviceCustomFloatingPoint3Label","DeviceCustomFloatingPoint4","DeviceCustomFloatingPoint4Label","DeviceCustomIPv6Address1","DeviceCustomIPv6Address1Label","DeviceCustomIPv6Address3","DeviceCustomIPv6Address3Label","DeviceCustomIPv6Address4","DeviceCustomIPv6Address4Label","DeviceCustomNumber2","DeviceCustomNumber2Label","DeviceCustomNumber3","DeviceCustomString1","DeviceCustomNumber3Label","DeviceCustomString1Label","DeviceCustomString2","DeviceCustomString2Label","DeviceCustomString3","DeviceCustomString3Label","DeviceCustomString4","DeviceCustomString4Label","DeviceCustomString5","DeviceCustomString5Label","DeviceCustomString6","DeviceCustomString6Label","FlexDate1","FlexDate1Label","FlexNumber1","FlexNumber1Label","FlexNumber2","FlexNumber2Label","FlexString1","FlexString1Label","FlexString2","timestamp_just_added","timestamp_profiling_finished"],"ServiceID":"7a75f41d-313b-4f68-a99d-6427546cc799","StartTime":1760065835975,"Timestamp":1760065835977,"BaseEvents":[{"N":{"KL_CorrelationRulePriority":1},"ID":"be04637e-c683-4bc9-b36a-bfab29831e34","Name":"Connection. Inbound connection from external host using SMB, RPC ports","Type":3,"EndTime":1760065835104,"Message":"Connection Failed","Priority":1,"Severity":"notice","TenantID":"3d6c4203-7328-4fb2-98fa-f37d385ffbde","GroupedBy":["Message","DeviceAddress","DeviceHostName","SourceAddress","SourceHostName","SourceUserName","DestinationAddress","DestinationHostName","DestinationUserName","ApplicationProtocol","TransportProtocol","BytesIn","BytesOut","DeviceAction","DeviceAssetID","DeviceCity","DeviceCountry","DeviceDirection","DeviceDnsDomain","DeviceEventCategory","DeviceEventClassID","DeviceExternalID","DeviceFacility","DeviceHostName","DeviceInboundInterface","DeviceLatitude","DeviceLongitude","DeviceMacAddress","DeviceNtDomain","DeviceOutboundInterface","DevicePayloadID","DeviceProcessID","DeviceProcessName","DeviceReceiptTime","DeviceRegion","DeviceTimeZone","DeviceTranslatedAddress","DeviceVersion","EventOutcome","Reason","Severity","SourceAccountID","SourceAssetID","SourceCity","SourceCountry","SourceDnsDomain","SourceLatitude","SourceLongitude","SourceMacAddress","SourceNtDomain","SourcePort","SourceProcessID","SourceProcessName","SourceRegion","SourceServiceName","SourceTranslatedAddress","SourceTranslatedPort","SourceUserID","SourceUserPrivileges","DestinationAccountID","DestinationAssetID","DestinationCity","DestinationCountry","DestinationDnsDomain","DestinationLatitude","DestinationLongitude","DestinationMacAddress","DestinationNtDomain","DestinationPort","DestinationProcessID","DestinationProcessName","DestinationRegion","DestinationServiceName","DestinationTranslatedAddress","DestinationTranslatedPort","DestinationUserID","DestinationUserPrivileges","RequestClientApplication","RequestContext","RequestCookies","RequestMethod","RequestUrl","FileCreateTime","FileHash","FileID","FileModificationTime","FileName","FilePath","FilePermission","FileSize","FileType","OldFileCreateTime","OldFileHash","OldFileID","OldFileModificationTime","OldFileName","OldFilePath","OldFilePermission","OldFileSize","OldFileType","DeviceCustomDate1","DeviceCustomDate2","DeviceCustomFloatingPoint1","DeviceCustomFloatingPoint2","DeviceCustomFloatingPoint2Label","DeviceCustomFloatingPoint3","DeviceCustomFloatingPoint3Label","DeviceCustomFloatingPoint4","DeviceCustomFloatingPoint4Label","DeviceCustomIPv6Address1","DeviceCustomIPv6Address1Label","DeviceCustomIPv6Address3","DeviceCustomIPv6Address3Label","DeviceCustomIPv6Address4","DeviceCustomIPv6Address4Label","DeviceCustomNumber2","DeviceCustomNumber2Label","DeviceCustomNumber3","DeviceCustomString1","DeviceCustomNumber3Label","DeviceCustomString1Label","DeviceCustomString2","DeviceCustomString2Label","DeviceCustomString3","DeviceCustomString3Label","DeviceCustomString4","DeviceCustomString4Label","DeviceCustomString5","DeviceCustomString5Label","DeviceCustomString6","DeviceCustomString6Label","FlexDate1","FlexDate1Label","FlexNumber1","FlexNumber1Label","FlexNumber2","FlexNumber2Label","FlexString1","FlexString1Label","FlexString2"],"ServiceID":"7a75f41d-313b-4f68-a99d-6427546cc799","StartTime":1760065835104,"Timestamp":1760065835975,"BaseEvents":[{"ID":"3b547fd0-3c8f-4c7b-afd8-2653f859c84c","Name":"traffic","Type":1,"EndTime":1760047835000,"Message":"Connection Failed","Priority":0,"Severity":"notice","TenantID":"3d6c4203-7328-4fb2-98fa-f37d385ffbde","ServiceID":"71d3be03-d996-4ec6-a03d-223288e5abc8","Timestamp":1760065835104,"ExternalID":"71914018","SourcePort":45316,"ServiceName":"Fortigate","DeviceAction":"deny","DeviceVendor":"Fortninet","DeviceAddress":"192.168.51.14","DeviceProduct":"Fortigate","SourceAddress":"36.77.65.109","DeviceHostName":"windu","DeviceTimeZone":"+02:00","DestinationPort":445,"DeviceExternalID":"FGT60FTK22032234","DeviceReceiptTime":1760065835104,"TransportProtocol":"6","DestinationAddress":"192.168.1.222","DeviceEventClassID":"local","ApplicationProtocol":"SMB","DeviceCustomString1":"local-in-policy","DeviceEventCategory":"traffic","DeviceInboundInterface":"wan2","DeviceOutboundInterface":"root","DeviceCustomNumber1Label":"duration","DeviceCustomNumber2Label":"policyid","DeviceCustomString1Label":"policytype"}],"SourcePort":45316,"ServiceName":"[OOTB] Correlator","DeviceAction":"deny","DeviceVendor":"Kaspersky","DeviceAddress":"192.168.51.14","DeviceProduct":"KUMA","SourceAddress":"36.77.65.109","BaseEventCount":1,"DeviceHostName":"windu","DeviceTimeZone":"+02:00","DestinationPort":445,"DeviceExternalID":"FGT60FTK22032234","CorrelationRuleID":"e2a20430-e50f-4f70-8970-8c799793a934","DeviceReceiptTime":1760065835104,"TransportProtocol":"6","DestinationAddress":"192.168.1.222","DeviceEventClassID":"local","ApplicationProtocol":"SMB","CorrelationRuleName":"Connection. Inbound connection from external host using SMB, RPC ports","DeviceCustomString1":"local-in-policy","DeviceEventCategory":"traffic","DeviceInboundInterface":"wan2","DeviceOutboundInterface":"root","DeviceCustomNumber2Label":"policyid","DeviceCustomString1Label":"policytype"}],"ExternalID":"R445_03","SourcePort":45316,"ServiceName":"[OOTB] Correlator","DeviceAction":"deny","DeviceVendor":"Kaspersky","DeviceAddress":"192.168.51.14","DeviceProduct":"KUMA","SourceAddress":"36.77.65.109","BaseEventCount":1,"DeviceHostName":"windu","DeviceTimeZone":"+02:00","DestinationPort":445,"DeviceExternalID":"FGT60FTK22032234","CorrelationRuleID":"49182bb8-1dd3-44cd-b561-101a5bd0e58d","DeviceReceiptTime":1760065835104,"TransportProtocol":"6","DestinationAddress":"192.168.1.222","DeviceEventClassID":"local","ApplicationProtocol":"SMB","CorrelationRuleName":"R445_03_Inbound connection from external host via SMB, RPC port","DeviceCustomString1":"local-in-policy","DeviceEventCategory":"traffic","DestinationServiceName":"Microsoft-DS (Directory Services) SMB file sharing","DeviceInboundInterface":"wan2","DeviceOutboundInterface":"root","DeviceCustomNumber2Label":"policyid","DeviceCustomString1Label":"policytype"}],"Rules":[{"Confidence":"medium","Custom":false,"ID":"49182bb8-1dd3-44cd-b561-101a5bd0e58d","Name":"R445_03_Inbound connection from external host via SMB, RPC port","Severity":"medium","Type":""}],"Severity":"low","SourceCreatedAt":"2025-10-10T03:10:35.976Z","SourceID":"6b51c069-4ced-4f35-9e1b-64b1244cdc29","Status":"new","StatusChangedAt":"2025-10-10T03:10:40.642Z","StatusResolution":"","TenantID":"3d6c4203-7328-4fb2-98fa-f37d385ffbde","UpdatedAt":"2025-10-10T03:10:40.642Z"},{"Assets":null,"Assignee":{"ID":"nobody","Name":"Not assigned","Type":""},"CreatedAt":"2025-10-10T03:12:00.655Z","DetectionTechnologies":null,"ExternalRef":"","Extra":null,"FirstEventTime":"2025-10-04T09:03:56.851Z","HistoryRecords":null,"ID":18969,"IncidentID":"","IncidentLinkType":"","InternalID":"a888e52c-fe33-4fb2-a217-f3f079377642","IsCII":false,"LastEventTime":"2025-10-10T03:11:55.996Z","MITRETactics":null,"MITRETechniques":null,"Name":"R204_Use of an external DNS server","Observables":[{"Details":"","Type":"ip","Value":"208.84.5.2"},{"Details":"","Type":"hostname","Value":"windu"},{"Details":"","Type":"ip","Value":"192.5.6.30"}],"OriginalEvents":[{"N":{"KL_CorrelationRulePriority":2},"ID":"a888e52c-fe33-4fb2-a217-f3f079377642","Name":"R204_Use of an external DNS server","Type":3,"EndTime":1760065915986,"Priority":2,"TenantID":"3d6c4203-7328-4fb2-98fa-f37d385ffbde","GroupedBy":["DestinationAddress","DestinationAssetID","DestinationHostName","DestinationPort","SourceAddress","SourceAssetID","SourceHostName","SourceNtDomain","TransportProtocol"],"ServiceID":"7a75f41d-313b-4f68-a99d-6427546cc799","StartTime":1759568636851,"Timestamp":1760065915986,"BaseEvents":[{"ID":"2885b1e0-8786-4fe5-96d7-8ed719097614","Name":"traffic","Type":1,"BytesIn":94,"EndTime":1759568636851,"BytesOut":90,"Priority":0,"Severity":"notice","TenantID":"3d6c4203-7328-4fb2-98fa-f37d385ffbde","ServiceID":"71d3be03-d996-4ec6-a03d-223288e5abc8","Timestamp":1759568636851,"ExternalID":"62876884","SourcePort":42755,"ServiceName":"Fortigate","DeviceAction":"accept","DeviceVendor":"Fortninet","DeviceAddress":"192.168.51.14","DeviceProduct":"Fortigate","SourceAddress":"172.16.210.1","DeviceHostName":"windu","DeviceTimeZone":"+02:00","DestinationPort":53,"DeviceExternalID":"FGT60FTK22032234","DeviceReceiptTime":1759568636851,"TransportProtocol":"17","DestinationAddress":"208.84.5.2","DeviceEventClassID":"forward","ApplicationProtocol":"DNS","DeviceCustomNumber1":180,"DeviceCustomNumber2":35,"DeviceCustomString1":"policy","DeviceEventCategory":"traffic","SourceTranslatedPort":42755,"DeviceInboundInterface":"Susp0Root1_1","DeviceOutboundInterface":"wan2","SourceTranslatedAddress":"192.168.1.222","DeviceCustomNumber1Label":"duration","DeviceCustomNumber2Label":"policyid","DeviceCustomString1Label":"policytype"}],"ExternalID":"R204","ServiceName":"[OOTB] Correlator","DeviceVendor":"Kaspersky","DeviceProduct":"KUMA","SourceAddress":"172.16.210.1","BaseEventCount":1,"DeviceTimeZone":"+02:00","DestinationPort":53,"CorrelationRuleID":"501d865f-6430-4175-9490-62f2e3d203e2","TransportProtocol":"17","DestinationAddress":"208.84.5.2","CorrelationRuleName":"R204_Use of an external DNS server"},{"N":{"KL_CorrelationRulePriority":2},"ID":"23c86eb0-a537-484e-b239-dba3035ad2a0","Name":"R204_Use of an external DNS server","Type":3,"EndTime":1760065915997,"Priority":2,"TenantID":"3d6c4203-7328-4fb2-98fa-f37d385ffbde","GroupedBy":["DestinationAddress","DestinationAssetID","DestinationHostName","DestinationPort","SourceAddress","SourceAssetID","SourceHostName","SourceNtDomain","TransportProtocol"],"ServiceID":"7a75f41d-313b-4f68-a99d-6427546cc799","StartTime":1759568636851,"Timestamp":1760065915997,"BaseEvents":[{"ID":"ecc676ca-6b95-4f61-8ec0-991612d580bc","Name":"traffic","Type":1,"BytesIn":599,"EndTime":1759568636851,"BytesOut":82,"Priority":0,"Severity":"notice","TenantID":"3d6c4203-7328-4fb2-98fa-f37d385ffbde","ServiceID":"71d3be03-d996-4ec6-a03d-223288e5abc8","Timestamp":1759568636851,"ExternalID":"62876906","SourcePort":57508,"ServiceName":"Fortigate","DeviceAction":"accept","DeviceVendor":"Fortninet","DeviceAddress":"192.168.51.14","DeviceProduct":"Fortigate","SourceAddress":"172.16.210.1","DeviceHostName":"windu","DeviceTimeZone":"+02:00","DestinationPort":53,"DeviceExternalID":"FGT60FTK22032234","DeviceReceiptTime":1759568636851,"TransportProtocol":"17","DestinationAddress":"192.5.6.30","DeviceEventClassID":"forward","ApplicationProtocol":"DNS","DeviceCustomNumber1":180,"DeviceCustomNumber2":35,"DeviceCustomString1":"policy","DeviceEventCategory":"traffic","SourceTranslatedPort":57508,"DeviceInboundInterface":"Susp0Root1_1","DeviceOutboundInterface":"wan2","SourceTranslatedAddress":"192.168.1.222","DeviceCustomNumber1Label":"duration","DeviceCustomNumber2Label":"policyid","DeviceCustomString1Label":"policytype"}],"ExternalID":"R204","ServiceName":"[OOTB] Correlator","DeviceVendor":"Kaspersky","DeviceProduct":"KUMA","SourceAddress":"172.16.210.1","BaseEventCount":1,"DeviceTimeZone":"+02:00","DestinationPort":53,"CorrelationRuleID":"501d865f-6430-4175-9490-62f2e3d203e2","TransportProtocol":"17","DestinationAddress":"192.5.6.30","CorrelationRuleName":"R204_Use of an external DNS server"}],"Rules":[{"Confidence":"medium","Custom":false,"ID":"501d865f-6430-4175-9490-62f2e3d203e2","Name":"R204_Use of an external DNS server","Severity":"high","Type":""}],"Severity":"medium","SourceCreatedAt":"2025-10-10T03:11:55.986Z","SourceID":"23c86eb0-a537-484e-b239-dba3035ad2a0;a888e52c-fe33-4fb2-a217-f3f079377642","Status":"new","StatusChangedAt":"2025-10-10T03:12:00.655Z","StatusResolution":"","TenantID":"3d6c4203-7328-4fb2-98fa-f37d385ffbde","UpdatedAt":"2025-10-10T03:12:00.655Z"},{"Assets":null,"Assignee":{"ID":"nobody","Name":"Not assigned","Type":""},"CreatedAt":"2025-10-10T03:12:30.663Z","DetectionTechnologies":null,"ExternalRef":"","Extra":null,"FirstEventTime":"2025-10-04T09:04:29.7Z","HistoryRecords":null,"ID":18970,"IncidentID":"","IncidentLinkType":"","InternalID":"58674f33-378c-4dda-a023-619798306b43","IsCII":false,"LastEventTime":"2025-10-10T03:12:25.996Z","MITRETactics":null,"MITRETechniques":null,"Name":"R204_Use of an external DNS server","Observables":[{"Details":"","Type":"ip","Value":"150.171.10.39"},{"Details":"","Type":"hostname","Value":"windu"},{"Details":"","Type":"ip","Value":"150.171.21.4"},{"Details":"","Type":"ip","Value":"192.26.92.30"}],"OriginalEvents":[{"N":{"KL_CorrelationRulePriority":2},"ID":"58674f33-378c-4dda-a023-619798306b43","Name":"R204_Use of an external DNS server","Type":3,"EndTime":1760065945984,"Priority":2,"TenantID":"3d6c4203-7328-4fb2-98fa-f37d385ffbde","GroupedBy":["DestinationAddress","DestinationAssetID","DestinationHostName","DestinationPort","SourceAddress","SourceAssetID","SourceHostName","SourceNtDomain","TransportProtocol"],"ServiceID":"7a75f41d-313b-4f68-a99d-6427546cc799","StartTime":1759568669701,"Timestamp":1760065945984,"BaseEvents":[{"ID":"ff525c7f-59da-4b7e-81e3-78646d184098","Name":"traffic","Type":1,"BytesIn":148,"EndTime":1759568669701,"BytesOut":87,"Priority":0,"Severity":"notice","TenantID":"3d6c4203-7328-4fb2-98fa-f37d385ffbde","ServiceID":"71d3be03-d996-4ec6-a03d-223288e5abc8","Timestamp":1759568669701,"ExternalID":"62877449","SourcePort":48204,"ServiceName":"Fortigate","DeviceAction":"accept","DeviceVendor":"Fortninet","DeviceAddress":"192.168.51.14","DeviceProduct":"Fortigate","SourceAddress":"172.16.210.1","DeviceHostName":"windu","DeviceTimeZone":"+02:00","DestinationPort":53,"DeviceExternalID":"FGT60FTK22032234","DeviceReceiptTime":1759568669701,"TransportProtocol":"17","DestinationAddress":"150.171.10.39","DeviceEventClassID":"forward","ApplicationProtocol":"DNS","DeviceCustomNumber1":180,"DeviceCustomNumber2":13,"DeviceCustomString1":"policy","DeviceEventCategory":"traffic","DeviceInboundInterface":"KSB","DeviceOutboundInterface":"Susp0Root1_0","DeviceCustomNumber1Label":"duration","DeviceCustomNumber2Label":"policyid","DeviceCustomString1Label":"policytype"}],"ExternalID":"R204","ServiceName":"[OOTB] Correlator","DeviceVendor":"Kaspersky","DeviceProduct":"KUMA","SourceAddress":"172.16.210.1","BaseEventCount":1,"DeviceTimeZone":"+02:00","DestinationPort":53,"CorrelationRuleID":"501d865f-6430-4175-9490-62f2e3d203e2","TransportProtocol":"17","DestinationAddress":"150.171.10.39","CorrelationRuleName":"R204_Use of an external DNS server"},{"N":{"KL_CorrelationRulePriority":2},"ID":"d56f2421-4710-42ba-8a09-84bcd93841dc","Name":"R204_Use of an external DNS server","Type":3,"EndTime":1760065945996,"Priority":2,"TenantID":"3d6c4203-7328-4fb2-98fa-f37d385ffbde","GroupedBy":["DestinationAddress","DestinationAssetID","DestinationHostName","DestinationPort","SourceAddress","SourceAssetID","SourceHostName","SourceNtDomain","TransportProtocol"],"ServiceID":"7a75f41d-313b-4f68-a99d-6427546cc799","StartTime":1759568670311,"Timestamp":1760065945996,"BaseEvents":[{"ID":"5c560a2d-efc8-45aa-a09e-758d332c3ad5","Name":"traffic","Type":1,"BytesIn":93,"EndTime":1759568670311,"BytesOut":89,"Priority":0,"Severity":"notice","TenantID":"3d6c4203-7328-4fb2-98fa-f37d385ffbde","ServiceID":"71d3be03-d996-4ec6-a03d-223288e5abc8","Timestamp":1759568670311,"ExternalID":"62877450","SourcePort":39469,"ServiceName":"Fortigate","DeviceAction":"accept","DeviceVendor":"Fortninet","DeviceAddress":"192.168.51.14","DeviceProduct":"Fortigate","SourceAddress":"172.16.210.1","DeviceHostName":"windu","DeviceTimeZone":"+02:00","DestinationPort":53,"DeviceExternalID":"FGT60FTK22032234","DeviceReceiptTime":1759568670311,"TransportProtocol":"17","DestinationAddress":"150.171.21.4","DeviceEventClassID":"forward","ApplicationProtocol":"DNS","DeviceCustomNumber1":180,"DeviceCustomNumber2":35,"DeviceCustomString1":"policy","DeviceEventCategory":"traffic","SourceTranslatedPort":39469,"DeviceInboundInterface":"Susp0Root1_1","DeviceOutboundInterface":"wan2","SourceTranslatedAddress":"192.168.1.222","DeviceCustomNumber1Label":"duration","DeviceCustomNumber2Label":"policyid","DeviceCustomString1Label":"policytype"}],"ExternalID":"R204","ServiceName":"[OOTB] Correlator","DeviceVendor":"Kaspersky","DeviceProduct":"KUMA","SourceAddress":"172.16.210.1","BaseEventCount":1,"DeviceTimeZone":"+02:00","DestinationPort":53,"CorrelationRuleID":"501d865f-6430-4175-9490-62f2e3d203e2","TransportProtocol":"17","DestinationAddress":"150.171.21.4","CorrelationRuleName":"R204_Use of an external DNS server"},{"N":{"KL_CorrelationRulePriority":2},"ID":"0663976f-4694-49de-a425-536f0995d930","Name":"R204_Use of an external DNS server","Type":3,"EndTime":1760065945996,"Priority":2,"TenantID":"3d6c4203-7328-4fb2-98fa-f37d385ffbde","GroupedBy":["DestinationAddress","DestinationAssetID","DestinationHostName","DestinationPort","SourceAddress","SourceAssetID","SourceHostName","SourceNtDomain","TransportProtocol"],"ServiceID":"7a75f41d-313b-4f68-a99d-6427546cc799","StartTime":1759568670311,"Timestamp":1760065945996,"BaseEvents":[{"ID":"ec218d82-80b1-4773-9a67-13916b2c0e1a","Name":"traffic","Type":1,"BytesIn":595,"EndTime":1759568670311,"BytesOut":78,"Priority":0,"Severity":"notice","TenantID":"3d6c4203-7328-4fb2-98fa-f37d385ffbde","ServiceID":"71d3be03-d996-4ec6-a03d-223288e5abc8","Timestamp":1759568670311,"ExternalID":"62877464","SourcePort":56271,"ServiceName":"Fortigate","DeviceAction":"accept","DeviceVendor":"Fortninet","DeviceAddress":"192.168.51.14","DeviceProduct":"Fortigate","SourceAddress":"172.16.210.1","DeviceHostName":"windu","DeviceTimeZone":"+02:00","DestinationPort":53,"DeviceExternalID":"FGT60FTK22032234","DeviceReceiptTime":1759568670311,"TransportProtocol":"17","DestinationAddress":"192.26.92.30","DeviceEventClassID":"forward","ApplicationProtocol":"DNS","DeviceCustomNumber1":180,"DeviceCustomNumber2":35,"DeviceCustomString1":"policy","DeviceEventCategory":"traffic","SourceTranslatedPort":56271,"DeviceInboundInterface":"Susp0Root1_1","DeviceOutboundInterface":"wan2","SourceTranslatedAddress":"192.168.1.222","DeviceCustomNumber1Label":"duration","DeviceCustomNumber2Label":"policyid","DeviceCustomString1Label":"policytype"}],"ExternalID":"R204","ServiceName":"[OOTB] Correlator","DeviceVendor":"Kaspersky","DeviceProduct":"KUMA","SourceAddress":"172.16.210.1","BaseEventCount":1,"DeviceTimeZone":"+02:00","DestinationPort":53,"CorrelationRuleID":"501d865f-6430-4175-9490-62f2e3d203e2","TransportProtocol":"17","DestinationAddress":"192.26.92.30","CorrelationRuleName":"R204_Use of an external DNS server"}],"Rules":[{"Confidence":"medium","Custom":false,"ID":"501d865f-6430-4175-9490-62f2e3d203e2","Name":"R204_Use of an external DNS server","Severity":"high","Type":""}],"Severity":"medium","SourceCreatedAt":"2025-10-10T03:12:25.983Z","SourceID":"0663976f-4694-49de-a425-536f0995d930;58674f33-378c-4dda-a023-619798306b43;d56f2421-4710-42ba-8a09-84bcd93841dc","Status":"new","StatusChangedAt":"2025-10-10T03:12:30.663Z","StatusResolution":"","TenantID":"3d6c4203-7328-4fb2-98fa-f37d385ffbde","UpdatedAt":"2025-10-10T03:12:30.663Z"},{"Assets":null,"Assignee":{"ID":"nobody","Name":"Not assigned","Type":""},"CreatedAt":"2025-10-10T03:18:45.714Z","DetectionTechnologies":null,"ExternalRef":"","Extra":null,"FirstEventTime":"2025-10-10T03:18:38.861Z","HistoryRecords":null,"ID":18973,"IncidentID":"","IncidentLinkType":"","InternalID":"b643da74-b82e-486e-b62a-7bc3a136752c","IsCII":false,"LastEventTime":"2025-10-10T03:18:41.092Z","MITRETactics":null,"MITRETechniques":null,"Name":"R445_04_Inbound connection from external host via WinRM port","Observables":[{"Details":"","Type":"ip","Value":"205.210.31.65"},{"Details":"","Type":"hostname","Value":"windu"}],"OriginalEvents":[{"N":{"KL_CorrelationRulePriority":1},"ID":"b643da74-b82e-486e-b62a-7bc3a136752c","Name":"R445_04_Inbound connection from external host via WinRM port","Type":3,"EndTime":1760066321092,"Message":"The external host 205.210.31.65 remotely connected to the internal node 192.168.1.222 on port 5986 using the WinRM remote administration tool: Windows Remote Management Service (WinRM-HTTPS)","Priority":1,"Severity":"notice","TenantID":"3d6c4203-7328-4fb2-98fa-f37d385ffbde","GroupedBy":["Message","DeviceAddress","DeviceHostName","SourceAddress","SourceHostName","SourceUserName","DestinationAddress","DestinationHostName","DestinationUserName","ApplicationProtocol","TransportProtocol","BytesIn","BytesOut","DeviceAction","DeviceAssetID","DeviceCity","DeviceCountry","DeviceDirection","DeviceDnsDomain","DeviceEventCategory","DeviceEventClassID","DeviceExternalID","DeviceFacility","DeviceHostName","DeviceInboundInterface","DeviceLatitude","DeviceLongitude","DeviceMacAddress","DeviceNtDomain","DeviceOutboundInterface","DevicePayloadID","DeviceProcessID","DeviceProcessName","DeviceReceiptTime","DeviceRegion","DeviceTimeZone","DeviceTranslatedAddress","DeviceVersion","EventOutcome","Reason","Severity","SourceAccountID","SourceAssetID","SourceCity","SourceCountry","SourceDnsDomain","SourceLatitude","SourceLongitude","SourceMacAddress","SourceNtDomain","SourcePort","SourceProcessID","SourceProcessName","SourceRegion","SourceServiceName","SourceTranslatedAddress","SourceTranslatedPort","SourceUserID","SourceUserPrivileges","DestinationAccountID","DestinationAssetID","DestinationCity","DestinationCountry","DestinationDnsDomain","DestinationLatitude","DestinationLongitude","DestinationMacAddress","DestinationNtDomain","DestinationPort","DestinationProcessID","DestinationProcessName","DestinationRegion","DestinationServiceName","DestinationTranslatedAddress","DestinationTranslatedPort","DestinationUserID","DestinationUserPrivileges","RequestClientApplication","RequestContext","RequestCookies","RequestMethod","RequestUrl","FileCreateTime","FileHash","FileID","FileModificationTime","FileName","FilePath","FilePermission","FileSize","FileType","OldFileCreateTime","OldFileHash","OldFileID","OldFileModificationTime","OldFileName","OldFilePath","OldFilePermission","OldFileSize","OldFileType","DeviceCustomDate1","DeviceCustomDate2","DeviceCustomFloatingPoint1","DeviceCustomFloatingPoint2","DeviceCustomFloatingPoint2Label","DeviceCustomFloatingPoint3","DeviceCustomFloatingPoint3Label","DeviceCustomFloatingPoint4","DeviceCustomFloatingPoint4Label","DeviceCustomIPv6Address1","DeviceCustomIPv6Address1Label","DeviceCustomIPv6Address3","DeviceCustomIPv6Address3Label","DeviceCustomIPv6Address4","DeviceCustomIPv6Address4Label","DeviceCustomNumber2","DeviceCustomNumber2Label","DeviceCustomNumber3","DeviceCustomString1","DeviceCustomNumber3Label","DeviceCustomString1Label","DeviceCustomString2","DeviceCustomString2Label","DeviceCustomString3","DeviceCustomString3Label","DeviceCustomString4","DeviceCustomString4Label","DeviceCustomString5","DeviceCustomString5Label","DeviceCustomString6","DeviceCustomString6Label","FlexDate1","FlexDate1Label","FlexNumber1","FlexNumber1Label","FlexNumber2","FlexNumber2Label","FlexString1","FlexString1Label","FlexString2","timestamp_just_added","timestamp_profiling_finished"],"ServiceID":"7a75f41d-313b-4f68-a99d-6427546cc799","StartTime":1760066321092,"Timestamp":1760066321093,"BaseEvents":[{"N":{"KL_CorrelationRulePriority":1},"ID":"6fb50f62-8639-4a46-888f-f035629f662c","Name":"Connection. Inbound connection from external host using WinRM ports","Type":3,"EndTime":1760066318861,"Message":"Connection Failed","Priority":1,"Severity":"notice","TenantID":"3d6c4203-7328-4fb2-98fa-f37d385ffbde","GroupedBy":["Message","DeviceAddress","DeviceHostName","SourceAddress","SourceHostName","SourceUserName","DestinationAddress","DestinationHostName","DestinationUserName","ApplicationProtocol","TransportProtocol","BytesIn","BytesOut","DeviceAction","DeviceAssetID","DeviceCity","DeviceCountry","DeviceDirection","DeviceDnsDomain","DeviceEventCategory","DeviceEventClassID","DeviceExternalID","DeviceFacility","DeviceHostName","DeviceInboundInterface","DeviceLatitude","DeviceLongitude","DeviceMacAddress","DeviceNtDomain","DeviceOutboundInterface","DevicePayloadID","DeviceProcessID","DeviceProcessName","DeviceReceiptTime","DeviceRegion","DeviceTimeZone","DeviceTranslatedAddress","DeviceVersion","EventOutcome","Reason","Severity","SourceAccountID","SourceAssetID","SourceCity","SourceCountry","SourceDnsDomain","SourceLatitude","SourceLongitude","SourceMacAddress","SourceNtDomain","SourcePort","SourceProcessID","SourceProcessName","SourceRegion","SourceServiceName","SourceTranslatedAddress","SourceTranslatedPort","SourceUserID","SourceUserPrivileges","DestinationAccountID","DestinationAssetID","DestinationCity","DestinationCountry","DestinationDnsDomain","DestinationLatitude","DestinationLongitude","DestinationMacAddress","DestinationNtDomain","DestinationPort","DestinationProcessID","DestinationProcessName","DestinationRegion","DestinationServiceName","DestinationTranslatedAddress","DestinationTranslatedPort","DestinationUserID","DestinationUserPrivileges","RequestClientApplication","RequestContext","RequestCookies","RequestMethod","RequestUrl","FileCreateTime","FileHash","FileID","FileModificationTime","FileName","FilePath","FilePermission","FileSize","FileType","OldFileCreateTime","OldFileHash","OldFileID","OldFileModificationTime","OldFileName","OldFilePath","OldFilePermission","OldFileSize","OldFileType","DeviceCustomDate1","DeviceCustomDate2","DeviceCustomFloatingPoint1","DeviceCustomFloatingPoint2","DeviceCustomFloatingPoint2Label","DeviceCustomFloatingPoint3","DeviceCustomFloatingPoint3Label","DeviceCustomFloatingPoint4","DeviceCustomFloatingPoint4Label","DeviceCustomIPv6Address1","DeviceCustomIPv6Address1Label","DeviceCustomIPv6Address3","DeviceCustomIPv6Address3Label","DeviceCustomIPv6Address4","DeviceCustomIPv6Address4Label","DeviceCustomNumber2","DeviceCustomNumber2Label","DeviceCustomNumber3","DeviceCustomString1","DeviceCustomNumber3Label","DeviceCustomString1Label","DeviceCustomString2","DeviceCustomString2Label","DeviceCustomString3","DeviceCustomString3Label","DeviceCustomString4","DeviceCustomString4Label","DeviceCustomString5","DeviceCustomString5Label","DeviceCustomString6","DeviceCustomString6Label","FlexDate1","FlexDate1Label","FlexNumber1","FlexNumber1Label","FlexNumber2","FlexNumber2Label","FlexString1","FlexString1Label","FlexString2"],"ServiceID":"7a75f41d-313b-4f68-a99d-6427546cc799","StartTime":1760066318861,"Timestamp":1760066321092,"BaseEvents":[{"ID":"8a39fe81-d11b-4d8b-bf9a-258c93df5e07","Name":"traffic","Type":1,"EndTime":1760048318000,"Message":"Connection Failed","Priority":0,"Severity":"notice","TenantID":"3d6c4203-7328-4fb2-98fa-f37d385ffbde","ServiceID":"71d3be03-d996-4ec6-a03d-223288e5abc8","Timestamp":1760066318861,"ExternalID":"71923446","SourcePort":49828,"ServiceName":"Fortigate","DeviceAction":"deny","DeviceVendor":"Fortninet","DeviceAddress":"192.168.51.14","DeviceProduct":"Fortigate","SourceAddress":"205.210.31.65","DeviceHostName":"windu","DeviceTimeZone":"+02:00","DestinationPort":5986,"DeviceExternalID":"FGT60FTK22032234","DeviceReceiptTime":1760066318861,"TransportProtocol":"6","DestinationAddress":"192.168.1.222","DeviceEventClassID":"local","ApplicationProtocol":"tcp/5986","DeviceCustomString1":"local-in-policy","DeviceEventCategory":"traffic","DeviceInboundInterface":"wan2","DeviceOutboundInterface":"root","DeviceCustomNumber1Label":"duration","DeviceCustomNumber2Label":"policyid","DeviceCustomString1Label":"policytype"}],"SourcePort":49828,"ServiceName":"[OOTB] Correlator","DeviceAction":"deny","DeviceVendor":"Kaspersky","DeviceAddress":"192.168.51.14","DeviceProduct":"KUMA","SourceAddress":"205.210.31.65","BaseEventCount":1,"DeviceHostName":"windu","DeviceTimeZone":"+02:00","DestinationPort":5986,"DeviceExternalID":"FGT60FTK22032234","CorrelationRuleID":"974f0504-81d9-43fc-b3b1-53368954f37d","DeviceReceiptTime":1760066318861,"TransportProtocol":"6","DestinationAddress":"192.168.1.222","DeviceEventClassID":"local","ApplicationProtocol":"tcp/5986","CorrelationRuleName":"Connection. Inbound connection from external host using WinRM ports","DeviceCustomString1":"local-in-policy","DeviceEventCategory":"traffic","DeviceInboundInterface":"wan2","DeviceOutboundInterface":"root","DeviceCustomNumber2Label":"policyid","DeviceCustomString1Label":"policytype"}],"ExternalID":"R445_04","SourcePort":49828,"ServiceName":"[OOTB] Correlator","DeviceAction":"deny","DeviceVendor":"Kaspersky","DeviceAddress":"192.168.51.14","DeviceProduct":"KUMA","SourceAddress":"205.210.31.65","BaseEventCount":1,"DeviceHostName":"windu","DeviceTimeZone":"+02:00","DestinationPort":5986,"DeviceExternalID":"FGT60FTK22032234","CorrelationRuleID":"06253d5d-3d7e-432c-8c5f-5b31888ec8a1","DeviceReceiptTime":1760066318861,"TransportProtocol":"6","DestinationAddress":"192.168.1.222","DeviceEventClassID":"local","ApplicationProtocol":"tcp/5986","CorrelationRuleName":"R445_04_Inbound connection from external host via WinRM port","DeviceCustomString1":"local-in-policy","DeviceEventCategory":"traffic","DestinationServiceName":"Windows Remote Management Service (WinRM-HTTPS)","DeviceInboundInterface":"wan2","DeviceOutboundInterface":"root","DeviceCustomNumber2Label":"policyid","DeviceCustomString1Label":"policytype"}],"Rules":[{"Confidence":"medium","Custom":false,"ID":"06253d5d-3d7e-432c-8c5f-5b31888ec8a1","Name":"R445_04_Inbound connection from external host via WinRM port","Severity":"medium","Type":""}],"Severity":"low","SourceCreatedAt":"2025-10-10T03:18:41.092Z","SourceID":"b643da74-b82e-486e-b62a-7bc3a136752c","Status":"new","StatusChangedAt":"2025-10-10T03:18:45.714Z","StatusResolution":"","TenantID":"3d6c4203-7328-4fb2-98fa-f37d385ffbde","UpdatedAt":"2025-10-10T03:18:45.714Z"},{"Assets":null,"Assignee":{"ID":"nobody","Name":"Not assigned","Type":""},"CreatedAt":"2025-10-10T03:19:20.707Z","DetectionTechnologies":null,"ExternalRef":"","Extra":null,"FirstEventTime":"2025-10-10T03:19:13.26Z","HistoryRecords":null,"ID":18974,"IncidentID":"","IncidentLinkType":"","InternalID":"279eb421-6f2f-43a8-b230-9c0bfd30aaff","IsCII":false,"LastEventTime":"2025-10-10T03:19:16.085Z","MITRETactics":null,"MITRETechniques":null,"Name":"R445_05_Inbound connection from external host via management port","Observables":[{"Details":"","Type":"ip","Value":"185.200.118.37"},{"Details":"","Type":"hostname","Value":"windu"}],"OriginalEvents":[{"N":{"KL_CorrelationRulePriority":1},"ID":"279eb421-6f2f-43a8-b230-9c0bfd30aaff","Name":"R445_05_Inbound connection from external host via management port","Type":3,"EndTime":1760066356085,"Message":"The external host 185.200.118.37 remotely connected to the internal node 192.168.1.222 on port 3389 using the remote administration tool: RDP","Priority":1,"Severity":"notice","TenantID":"3d6c4203-7328-4fb2-98fa-f37d385ffbde","GroupedBy":["Message","DeviceAddress","DeviceHostName","SourceAddress","SourceHostName","SourceUserName","DestinationAddress","DestinationHostName","DestinationUserName","ApplicationProtocol","TransportProtocol","BytesIn","BytesOut","DeviceAction","DeviceAssetID","DeviceCity","DeviceCountry","DeviceDirection","DeviceDnsDomain","DeviceEventCategory","DeviceEventClassID","DeviceExternalID","DeviceFacility","DeviceHostName","DeviceInboundInterface","DeviceLatitude","DeviceLongitude","DeviceMacAddress","DeviceNtDomain","DeviceOutboundInterface","DevicePayloadID","DeviceProcessID","DeviceProcessName","DeviceReceiptTime","DeviceRegion","DeviceTimeZone","DeviceTranslatedAddress","DeviceVersion","EventOutcome","Reason","Severity","SourceAccountID","SourceAssetID","SourceCity","SourceCountry","SourceDnsDomain","SourceLatitude","SourceLongitude","SourceMacAddress","SourceNtDomain","SourcePort","SourceProcessID","SourceProcessName","SourceRegion","SourceServiceName","SourceTranslatedAddress","SourceTranslatedPort","SourceUserID","SourceUserPrivileges","DestinationAccountID","DestinationAssetID","DestinationCity","DestinationCountry","DestinationDnsDomain","DestinationLatitude","DestinationLongitude","DestinationMacAddress","DestinationNtDomain","DestinationPort","DestinationProcessID","DestinationProcessName","DestinationRegion","DestinationServiceName","DestinationTranslatedAddress","DestinationTranslatedPort","DestinationUserID","DestinationUserPrivileges","RequestClientApplication","RequestContext","RequestCookies","RequestMethod","RequestUrl","FileCreateTime","FileHash","FileID","FileModificationTime","FileName","FilePath","FilePermission","FileSize","FileType","OldFileCreateTime","OldFileHash","OldFileID","OldFileModificationTime","OldFileName","OldFilePath","OldFilePermission","OldFileSize","OldFileType","DeviceCustomDate1","DeviceCustomDate2","DeviceCustomFloatingPoint1","DeviceCustomFloatingPoint2","DeviceCustomFloatingPoint2Label","DeviceCustomFloatingPoint3","DeviceCustomFloatingPoint3Label","DeviceCustomFloatingPoint4","DeviceCustomFloatingPoint4Label","DeviceCustomIPv6Address1","DeviceCustomIPv6Address1Label","DeviceCustomIPv6Address3","DeviceCustomIPv6Address3Label","DeviceCustomIPv6Address4","DeviceCustomIPv6Address4Label","DeviceCustomNumber2","DeviceCustomNumber2Label","DeviceCustomNumber3","DeviceCustomString1","DeviceCustomNumber3Label","DeviceCustomString1Label","DeviceCustomString2","DeviceCustomString2Label","DeviceCustomString3","DeviceCustomString3Label","DeviceCustomString4","DeviceCustomString4Label","DeviceCustomString5","DeviceCustomString5Label","DeviceCustomString6","DeviceCustomString6Label","FlexDate1","FlexDate1Label","FlexNumber1","FlexNumber1Label","FlexNumber2","FlexNumber2Label","FlexString1","FlexString1Label","FlexString2","timestamp_just_added","timestamp_profiling_finished"],"ServiceID":"7a75f41d-313b-4f68-a99d-6427546cc799","StartTime":1760066356085,"Timestamp":1760066356086,"BaseEvents":[{"N":{"KL_CorrelationRulePriority":1},"ID":"dd846464-4e60-484a-8ae4-eab3dfbba7b6","Name":"Connection. Inbound connection from external host using management ports","Type":3,"EndTime":1760066353261,"Message":"Connection Failed","Priority":1,"Severity":"notice","TenantID":"3d6c4203-7328-4fb2-98fa-f37d385ffbde","GroupedBy":["Message","DeviceAddress","DeviceHostName","SourceAddress","SourceHostName","SourceUserName","DestinationAddress","DestinationHostName","DestinationUserName","ApplicationProtocol","TransportProtocol","BytesIn","BytesOut","DeviceAction","DeviceAssetID","DeviceCity","DeviceCountry","DeviceDirection","DeviceDnsDomain","DeviceEventCategory","DeviceEventClassID","DeviceExternalID","DeviceFacility","DeviceHostName","DeviceInboundInterface","DeviceLatitude","DeviceLongitude","DeviceMacAddress","DeviceNtDomain","DeviceOutboundInterface","DevicePayloadID","DeviceProcessID","DeviceProcessName","DeviceReceiptTime","DeviceRegion","DeviceTimeZone","DeviceTranslatedAddress","DeviceVersion","EventOutcome","Reason","Severity","SourceAccountID","SourceAssetID","SourceCity","SourceCountry","SourceDnsDomain","SourceLatitude","SourceLongitude","SourceMacAddress","SourceNtDomain","SourcePort","SourceProcessID","SourceProcessName","SourceRegion","SourceServiceName","SourceTranslatedAddress","SourceTranslatedPort","SourceUserID","SourceUserPrivileges","DestinationAccountID","DestinationAssetID","DestinationCity","DestinationCountry","DestinationDnsDomain","DestinationLatitude","DestinationLongitude","DestinationMacAddress","DestinationNtDomain","DestinationPort","DestinationProcessID","DestinationProcessName","DestinationRegion","DestinationServiceName","DestinationTranslatedAddress","DestinationTranslatedPort","DestinationUserID","DestinationUserPrivileges","RequestClientApplication","RequestContext","RequestCookies","RequestMethod","RequestUrl","FileCreateTime","FileHash","FileID","FileModificationTime","FileName","FilePath","FilePermission","FileSize","FileType","OldFileCreateTime","OldFileHash","OldFileID","OldFileModificationTime","OldFileName","OldFilePath","OldFilePermission","OldFileSize","OldFileType","DeviceCustomDate1","DeviceCustomDate2","DeviceCustomFloatingPoint1","DeviceCustomFloatingPoint2","DeviceCustomFloatingPoint2Label","DeviceCustomFloatingPoint3","DeviceCustomFloatingPoint3Label","DeviceCustomFloatingPoint4","DeviceCustomFloatingPoint4Label","DeviceCustomIPv6Address1","DeviceCustomIPv6Address1Label","DeviceCustomIPv6Address3","DeviceCustomIPv6Address3Label","DeviceCustomIPv6Address4","DeviceCustomIPv6Address4Label","DeviceCustomNumber2","DeviceCustomNumber2Label","DeviceCustomNumber3","DeviceCustomString1","DeviceCustomNumber3Label","DeviceCustomString1Label","DeviceCustomString2","DeviceCustomString2Label","DeviceCustomString3","DeviceCustomString3Label","DeviceCustomString4","DeviceCustomString4Label","DeviceCustomString5","DeviceCustomString5Label","DeviceCustomString6","DeviceCustomString6Label","FlexDate1","FlexDate1Label","FlexNumber1","FlexNumber1Label","FlexNumber2","FlexNumber2Label","FlexString1","FlexString1Label","FlexString2"],"ServiceID":"7a75f41d-313b-4f68-a99d-6427546cc799","StartTime":1760066353261,"Timestamp":1760066356085,"BaseEvents":[{"ID":"ec622d27-e7c9-4043-b514-626e08c31dac","Name":"traffic","Type":1,"EndTime":1760048353000,"Message":"Connection Failed","Priority":0,"Severity":"notice","TenantID":"3d6c4203-7328-4fb2-98fa-f37d385ffbde","ServiceID":"71d3be03-d996-4ec6-a03d-223288e5abc8","Timestamp":1760066353261,"ExternalID":"71924094","SourcePort":49462,"ServiceName":"Fortigate","DeviceAction":"deny","DeviceVendor":"Fortninet","DeviceAddress":"192.168.51.14","DeviceProduct":"Fortigate","SourceAddress":"185.200.118.37","DeviceHostName":"windu","DeviceTimeZone":"+02:00","DestinationPort":3389,"DeviceExternalID":"FGT60FTK22032234","DeviceReceiptTime":1760066353261,"TransportProtocol":"6","DestinationAddress":"192.168.1.222","DeviceEventClassID":"local","ApplicationProtocol":"RDP","DeviceCustomString1":"local-in-policy","DeviceEventCategory":"traffic","DeviceInboundInterface":"wan2","DeviceOutboundInterface":"root","DeviceCustomNumber1Label":"duration","DeviceCustomNumber2Label":"policyid","DeviceCustomString1Label":"policytype"}],"SourcePort":49462,"ServiceName":"[OOTB] Correlator","DeviceAction":"deny","DeviceVendor":"Kaspersky","DeviceAddress":"192.168.51.14","DeviceProduct":"KUMA","SourceAddress":"185.200.118.37","BaseEventCount":1,"DeviceHostName":"windu","DeviceTimeZone":"+02:00","DestinationPort":3389,"DeviceExternalID":"FGT60FTK22032234","CorrelationRuleID":"83fea516-0ec2-4fd2-96c0-1136c65378bb","DeviceReceiptTime":1760066353261,"TransportProtocol":"6","DestinationAddress":"192.168.1.222","DeviceEventClassID":"local","ApplicationProtocol":"RDP","CorrelationRuleName":"Connection. Inbound connection from external host using management ports","DeviceCustomString1":"local-in-policy","DeviceEventCategory":"traffic","DeviceInboundInterface":"wan2","DeviceOutboundInterface":"root","DeviceCustomNumber2Label":"policyid","DeviceCustomString1Label":"policytype"}],"ExternalID":"R445_05","SourcePort":49462,"ServiceName":"[OOTB] Correlator","DeviceAction":"deny","DeviceVendor":"Kaspersky","DeviceAddress":"192.168.51.14","DeviceProduct":"KUMA","SourceAddress":"185.200.118.37","BaseEventCount":1,"DeviceHostName":"windu","DeviceTimeZone":"+02:00","DestinationPort":3389,"DeviceExternalID":"FGT60FTK22032234","CorrelationRuleID":"4eeda10b-8ef6-4725-846d-62b00bfa7561","DeviceReceiptTime":1760066353261,"TransportProtocol":"6","DestinationAddress":"192.168.1.222","DeviceEventClassID":"local","ApplicationProtocol":"RDP","CorrelationRuleName":"R445_05_Inbound connection from external host via management port","DeviceCustomString1":"local-in-policy","DeviceEventCategory":"traffic","DestinationServiceName":"RDP","DeviceInboundInterface":"wan2","DeviceOutboundInterface":"root","DeviceCustomNumber2Label":"policyid","DeviceCustomString1Label":"policytype"}],"Rules":[{"Confidence":"medium","Custom":false,"ID":"4eeda10b-8ef6-4725-846d-62b00bfa7561","Name":"R445_05_Inbound connection from external host via management port","Severity":"medium","Type":""}],"Severity":"low","SourceCreatedAt":"2025-10-10T03:19:16.085Z","SourceID":"279eb421-6f2f-43a8-b230-9c0bfd30aaff","Status":"new","StatusChangedAt":"2025-10-10T03:19:20.707Z","StatusResolution":"","TenantID":"3d6c4203-7328-4fb2-98fa-f37d385ffbde","UpdatedAt":"2025-10-10T03:19:20.707Z"}],"Total":67735}
